TFORM 5.0.0 (Jan 27 2026, v5.0.0) 6 workers      Run: Thu Mar 19 14:42:05 2026
    *diagram from 2 4-point LO interactions
    *                                   
    *            ________               
    *           /        \              
    *  ---------x---------x-----------  
    * ext1      \________/     ext2     
    * p1ext                    p2ext    
    * <---                       --->   
    *                                   
    
    Off Statistics;
    
    #include symbols.hf
    * symbols etc needed for the SU(4)/SO(4) and SU(4)/Sp(4) case
    #define MAXINDEX "20"
    s dim;
    dimension dim;
    s sqrt2,aa,aa1,...,aa10;
    index mu,nu,al,be,ro;
    set lorentz:mu,nu,al,be,ro;
    cfunction tr;
    cfunction M,Chi,a,sext,M1,...,M10;
    set matrixfields:M,Chi,a,sext;
    cfunction phi,phiV,phiA,phiS,phiP;
    set phiset:phi,phiV,phiA,phiS,phiP;
    
    index <f1=4>,...,<f`MAXINDEX'=4>;
    set quarkindex:f1,...,f`MAXINDEX';
    symbol, <b1>,...,<b`MAXINDEX'>;
    set flavour:<b1>,...,<b`MAXINDEX'>;
    symbol i1,...,i15;
    
    s F,B0,muu,mdd,mp2,mk2,me2;
    symbol eps,epsb,epsb2,epsb1,lambda2,lambda1,log4pi,
        pi,pi16,pi162;
    cfunction delt,deltm,prop;
    vector qext,q1ext,q2ext,q3ext,q4ext,q5ext,p1ext,p2ext,p3ext,p4ext;
    vector aext1,aext2,vext1,vext2,vext3;
    vector PP,QQ,RR,SS;
    vector PPM,QQM,RRM,SSM;* (only used in procedure so beware)
    vector p0,...,p8;
    set pp:p0,...,p8;
    vector q0,...,q8;
    set qq:q0,...,q8;
    vector r0,...,r8;
    set rr:r0,...,r8;
    vector v0,v1,v2,v3;
    set vvv:v0,v1,v2,v3;
    vector w0,w1,w2,w3;
    set www:w0,w1,w2,w3;
    vector a0,a1,a2,a3;
    set aaa:a0,a1,a2,a3;
    
    symbol KK1,...,KK115;
    symbol L0,L1,L2,L3,L4,L5,L6,L7,L8,L9,L10,H1,H2;
    set Li:L0,L1,L2,L3,L4,L5,L6,L7,L8,L9,L10,H1,H2;
    vector QQP,QRS,QRS1,QRS2,QRS3;* dummy vectors, use only in procedures
    cfunction A,B,B1,B21,B22,B31,B32,C,C12,C22,C24,H,HH1,H21,H22,H23,H24,VV;
    set INTEGRALS:A,B,B1,B21,B22,B31,B32,C,C12,C22,C24,H,HH1,H21,H22,H23,H24,VV;#inc
    lude setexternal.hf
    #define ext1 "5"
    #define ext2 "5"
    #define SX4 "SO4"
    #include setdiagram.hf  
    #define diagram "4Mp2"
    
    *#define ext1 "1"
    *#define ext2 "1"
    *#define SX4 "SP4"
    
    *we just take the LO 4-point diagram
    #define diagram "4Mp2" 
    
    
    
    load ../../../Expanded_Lagrangians/Saved_Lagrangians/vertex`diagram'`SX4'.sav;
 vertex4Mp2SO4 loaded
    
    *2 vertices, 3 propagators, 2 integrals
    G ComplexUnitFactor = i_^2 * i_^3 * i_^2;  
    
    * modify it!!!!!
    G SymmetryMM7 =1; 
    
    
    *we now create two copies of the same vertex
    G MM7x`ext1'`ext2'`SX4'`diagram'Left = vertex`diagram'`SX4';
    G MM7x`ext1'`ext2'`SX4'`diagram'Right = vertex`diagram'`SX4';
    
    .sort
    
    
    *there are 4 fields in the Lagrangian! We want to use different letters for mome
    nta
    skip; 
    nskip MM7x`ext1'`ext2'`SX4'`diagram'Left;
    #call setmom(q,4)
    .sort
    
    skip; 
    nskip MM7x`ext1'`ext2'`SX4'`diagram'Right;
    #call setmom(p,4)
    .sort 
    
    
    #include takederiv.hf
    *all momenta in the terms are outgoing
    
    repeat;
    * just takes derivative 
      id phi?{phi,phiP,phiS}(mu?lorentz,?a,p1?)= i_*p1(mu)*phi(?a,p1);
    * it can happen that p1(mu)phi(mu,p3) is rewritten as phi(p1,p3). then we want t
    o restore the normal form
      id phi?{phi,phiP,phiS}(p3?,?a,p1?)= i_*p1.p3*phi(?a,p1);
    endrepeat;
    
    *this is for vectors;
    #do ii={V|A}
    
    repeat;
      id phi`ii'(mu?lorentz,?a,nu?lorentz,b1?,v1?,p1?)=
                                        i_*p1(mu)*phi`ii'(?a,nu,b1,v1,p1);
      id phi`ii'(p2?,?a,nu?lorentz,b1?,v1?,p1?)=
                                         i_*p1.p2*phi`ii'(?a,nu,b1,v1,p1);
      id phi`ii'(mu?lorentz,?a,p3?,b1?,v1?,p1?)= 
                                         i_*p1(mu)*phi`ii'(?a,p3,b1,v1,p1);
      id phi`ii'(p2?,?a,p3?,b1?,v1?,p1?)= i_*p1.p2*phi`ii'(?a,p3,b1,v1,p1);
    endrepeat;
    id phi`ii'(mu?lorentz,b1?,v1?,p1?) = v1(mu)*phi`ii'(b1,v1,p1);
    id phi`ii'(p2?,b1?,v1?,p1?) = v1.p2*phi`ii'(b1,v1,p1);
    #enddo
    
    .sort
    
    *1) Now we do 2 pickouts for Left and Right diagrams
    #call pickout(`ext1',p1ext,q,qq,4,MM7x`ext1'`ext2'`SX4'`diagram'Left)
    #call pickout(`ext2',p2ext,p,pp,4,MM7x`ext1'`ext2'`SX4'`diagram'Right)
    
    
    *2) Now we do connect vertices
    G product = SymmetryMM7 * ComplexUnitFactor * MM7x`ext1'`ext2'`SX4'`diagram'Left
     *  MM7x`ext1'`ext2'`SX4'`diagram'Right;
    .sort
    #call connectvertex(RR,p,pp,3,q,qq,3, product)
    #call connectvertex(PP,p,pp,3,q,qq,3, product)
    #call connectvertex(QQ,p,pp,3,q,qq,3, product)
    
    *3) Now we do the integrals
    
    #include setprop.hf
    #if `SX4'==SP4
    id prop(i1?{1,2,3,4,5},PP?) = prop(mp2,PP);
    #elseif `SX4'==SO4
    id prop(i1?{1,2,3,4,5},PP?) = prop(mp2,PP);
    id prop(i1?{6,7},PP?) = prop(muu,PP);
    id prop(i1?{8,9},PP?) = prop(mdd,PP);
    #endif
    .sort
    #call dointH(RR,PP,QQ,p2ext,product)
    .sort
    
    *4) final refinements and save
    
    G MM7x`ext1'`ext2'`SX4'`diagram' = product;
    
    id p2ext = -p1ext;
    b i_,F,A,B, H;
    print +s;
    
    .store

   ComplexUnitFactor =

       + i_ * (
          - 1
          );

   SymmetryMM7 =
       + 1
         ;

   MM7x55SO44Mp2Left =

       + F^-2 * (
          + 1/16*phi(1,q1)*phi(1,q2)*phi(5,q3)*mdd
          + 1/16*phi(1,q1)*phi(1,q2)*phi(5,q3)*muu
          + 1/16*phi(1,q1)*phi(1,q2)*phi(5,q4)*mdd
          + 1/16*phi(1,q1)*phi(1,q2)*phi(5,q4)*muu
          + 1/6*phi(1,q1)*phi(3,q2)*phi(7,q4)*sqrt2^-1*muu
          - 1/6*phi(1,q1)*phi(3,q2)*phi(7,q4)*p1ext.q4*sqrt2^-1
          - 1/6*phi(1,q1)*phi(3,q2)*phi(9,q4)*sqrt2^-1*mdd
          + 1/6*phi(1,q1)*phi(3,q2)*phi(9,q4)*p1ext.q4*sqrt2^-1
          - 1/6*phi(1,q1)*phi(3,q3)*phi(7,q2)*p1ext.q3*sqrt2^-1
          + 1/3*phi(1,q1)*phi(3,q3)*phi(7,q4)*q3.q4*sqrt2^-1
          + 1/6*phi(1,q1)*phi(3,q3)*phi(9,q2)*p1ext.q3*sqrt2^-1
          - 1/3*phi(1,q1)*phi(3,q3)*phi(9,q4)*q3.q4*sqrt2^-1
          + 1/3*phi(1,q3)*phi(3,q1)*phi(7,q2)*p1ext.q3*sqrt2^-1
          - 1/6*phi(1,q3)*phi(3,q1)*phi(7,q4)*q3.q4*sqrt2^-1
          - 1/3*phi(1,q3)*phi(3,q1)*phi(9,q2)*p1ext.q3*sqrt2^-1
          + 1/6*phi(1,q3)*phi(3,q1)*phi(9,q4)*q3.q4*sqrt2^-1
          - 1/6*phi(1,q3)*phi(3,q4)*phi(7,q2)*q3.q4*sqrt2^-1
          + 1/6*phi(1,q3)*phi(3,q4)*phi(9,q2)*q3.q4*sqrt2^-1
          + 1/16*phi(2,q1)*phi(2,q2)*phi(5,q3)*mdd
          + 1/16*phi(2,q1)*phi(2,q2)*phi(5,q3)*muu
          + 1/16*phi(2,q1)*phi(2,q2)*phi(5,q4)*mdd
          + 1/16*phi(2,q1)*phi(2,q2)*phi(5,q4)*muu
          + 1/6*phi(2,q1)*phi(3,q2)*phi(6,q4)*sqrt2^-1*muu
          - 1/6*phi(2,q1)*phi(3,q2)*phi(6,q4)*p1ext.q4*sqrt2^-1
          + 1/6*phi(2,q1)*phi(3,q2)*phi(8,q4)*sqrt2^-1*mdd
          - 1/6*phi(2,q1)*phi(3,q2)*phi(8,q4)*p1ext.q4*sqrt2^-1
          - 1/6*phi(2,q1)*phi(3,q3)*phi(6,q2)*p1ext.q3*sqrt2^-1
          + 1/3*phi(2,q1)*phi(3,q3)*phi(6,q4)*q3.q4*sqrt2^-1
          - 1/6*phi(2,q1)*phi(3,q3)*phi(8,q2)*p1ext.q3*sqrt2^-1
          + 1/3*phi(2,q1)*phi(3,q3)*phi(8,q4)*q3.q4*sqrt2^-1
          + 1/3*phi(2,q3)*phi(3,q1)*phi(6,q2)*p1ext.q3*sqrt2^-1
          - 1/6*phi(2,q3)*phi(3,q1)*phi(6,q4)*q3.q4*sqrt2^-1
          + 1/3*phi(2,q3)*phi(3,q1)*phi(8,q2)*p1ext.q3*sqrt2^-1
          - 1/6*phi(2,q3)*phi(3,q1)*phi(8,q4)*q3.q4*sqrt2^-1
          - 1/6*phi(2,q3)*phi(3,q4)*phi(6,q2)*q3.q4*sqrt2^-1
          - 1/6*phi(2,q3)*phi(3,q4)*phi(8,q2)*q3.q4*sqrt2^-1
          + 1/48*phi(3,q1)*phi(3,q2)*phi(5,q3)*mdd
          + 1/48*phi(3,q1)*phi(3,q2)*phi(5,q3)*muu
          + 1/12*phi(3,q1)*phi(3,q2)*phi(5,q3)*p1ext.q3
          + 1/48*phi(3,q1)*phi(3,q2)*phi(5,q4)*mdd
          + 1/48*phi(3,q1)*phi(3,q2)*phi(5,q4)*muu
          + 1/12*phi(3,q1)*phi(3,q2)*phi(5,q4)*p1ext.q4
          - 1/6*phi(3,q1)*phi(3,q3)*phi(5,q2)*p1ext.q3
          - 1/6*phi(3,q1)*phi(3,q3)*phi(5,q4)*q3.q4
          + 1/12*phi(3,q3)*phi(3,q4)*phi(5,q1)*q3.q4
          + 1/12*phi(3,q3)*phi(3,q4)*phi(5,q2)*q3.q4
          + 1/48*phi(4,q1)*phi(4,q2)*phi(5,q3)*mdd
          + 1/48*phi(4,q1)*phi(4,q2)*phi(5,q3)*muu
          + 1/12*phi(4,q1)*phi(4,q2)*phi(5,q3)*p1ext.q3
          + 1/48*phi(4,q1)*phi(4,q2)*phi(5,q4)*mdd
          + 1/48*phi(4,q1)*phi(4,q2)*phi(5,q4)*muu
          + 1/12*phi(4,q1)*phi(4,q2)*phi(5,q4)*p1ext.q4
          - 1/6*phi(4,q1)*phi(4,q3)*phi(5,q2)*p1ext.q3
          - 1/6*phi(4,q1)*phi(4,q3)*phi(5,q4)*q3.q4
          + 1/4*phi(4,q1)*phi(6,q2)*phi(7,q4)*p1ext.q4
          + 1/12*phi(4,q1)*phi(6,q2)*phi(9,q4)*p1ext.q4
          + 1/12*phi(4,q1)*phi(6,q3)*phi(9,q4)*mdd
          + 1/12*phi(4,q1)*phi(6,q3)*phi(9,q4)*muu
          - 1/6*phi(4,q1)*phi(6,q3)*phi(9,q4)*q3.q4
          - 1/4*phi(4,q1)*phi(6,q4)*phi(7,q2)*p1ext.q4
          + 1/12*phi(4,q1)*phi(6,q4)*phi(9,q2)*p1ext.q4
          + 1/12*phi(4,q1)*phi(7,q2)*phi(8,q4)*p1ext.q4
          + 1/12*phi(4,q1)*phi(7,q3)*phi(8,q4)*mdd
          + 1/12*phi(4,q1)*phi(7,q3)*phi(8,q4)*muu
          - 1/6*phi(4,q1)*phi(7,q3)*phi(8,q4)*q3.q4
          + 1/12*phi(4,q1)*phi(7,q4)*phi(8,q2)*p1ext.q4
          + 1/4*phi(4,q1)*phi(8,q2)*phi(9,q4)*p1ext.q4
          - 1/4*phi(4,q1)*phi(8,q4)*phi(9,q2)*p1ext.q4
          + 1/12*phi(4,q3)*phi(4,q4)*phi(5,q1)*q3.q4
          + 1/12*phi(4,q3)*phi(4,q4)*phi(5,q2)*q3.q4
          - 1/6*phi(4,q3)*phi(6,q1)*phi(9,q2)*p1ext.q3
          - 1/4*phi(4,q3)*phi(6,q2)*phi(7,q4)*q3.q4
          + 1/12*phi(4,q3)*phi(6,q2)*phi(9,q4)*q3.q4
          + 1/4*phi(4,q3)*phi(6,q4)*phi(7,q2)*q3.q4
          + 1/12*phi(4,q3)*phi(6,q4)*phi(9,q2)*q3.q4
          - 1/6*phi(4,q3)*phi(7,q1)*phi(8,q2)*p1ext.q3
          + 1/12*phi(4,q3)*phi(7,q2)*phi(8,q4)*q3.q4
          + 1/12*phi(4,q3)*phi(7,q4)*phi(8,q2)*q3.q4
          - 1/4*phi(4,q3)*phi(8,q2)*phi(9,q4)*q3.q4
          + 1/4*phi(4,q3)*phi(8,q4)*phi(9,q2)*q3.q4
          + 1/96*phi(5,q1)*phi(5,q2)*phi(5,q3)*mdd
          + 1/96*phi(5,q1)*phi(5,q2)*phi(5,q3)*muu
          + 1/96*phi(5,q1)*phi(5,q2)*phi(5,q4)*mdd
          + 1/96*phi(5,q1)*phi(5,q2)*phi(5,q4)*muu
          + 1/96*phi(5,q1)*phi(5,q3)*phi(5,q4)*mdd
          + 1/96*phi(5,q1)*phi(5,q3)*phi(5,q4)*muu
          - 1/12*phi(5,q1)*phi(6,q2)*phi(6,q4)*p1ext.q4
          - 1/12*phi(5,q1)*phi(6,q2)*phi(8,q4)*p1ext.q4
          + 1/48*phi(5,q1)*phi(6,q3)*phi(6,q4)*mdd
          + 1/16*phi(5,q1)*phi(6,q3)*phi(6,q4)*muu
          + 1/24*phi(5,q1)*phi(6,q3)*phi(6,q4)*q3.q4
          - 1/24*phi(5,q1)*phi(6,q3)*phi(8,q4)*mdd
          - 1/24*phi(5,q1)*phi(6,q3)*phi(8,q4)*muu
          + 1/12*phi(5,q1)*phi(6,q3)*phi(8,q4)*q3.q4
          - 1/12*phi(5,q1)*phi(6,q4)*phi(8,q2)*p1ext.q4
          - 1/12*phi(5,q1)*phi(7,q2)*phi(7,q4)*p1ext.q4
          + 1/12*phi(5,q1)*phi(7,q2)*phi(9,q4)*p1ext.q4
          + 1/48*phi(5,q1)*phi(7,q3)*phi(7,q4)*mdd
          + 1/16*phi(5,q1)*phi(7,q3)*phi(7,q4)*muu
          + 1/24*phi(5,q1)*phi(7,q3)*phi(7,q4)*q3.q4
          + 1/24*phi(5,q1)*phi(7,q3)*phi(9,q4)*mdd
          + 1/24*phi(5,q1)*phi(7,q3)*phi(9,q4)*muu
          - 1/12*phi(5,q1)*phi(7,q3)*phi(9,q4)*q3.q4
          + 1/12*phi(5,q1)*phi(7,q4)*phi(9,q2)*p1ext.q4
          - 1/12*phi(5,q1)*phi(8,q2)*phi(8,q4)*p1ext.q4
          + 1/16*phi(5,q1)*phi(8,q3)*phi(8,q4)*mdd
          + 1/48*phi(5,q1)*phi(8,q3)*phi(8,q4)*muu
          + 1/24*phi(5,q1)*phi(8,q3)*phi(8,q4)*q3.q4
          - 1/12*phi(5,q1)*phi(9,q2)*phi(9,q4)*p1ext.q4
          + 1/16*phi(5,q1)*phi(9,q3)*phi(9,q4)*mdd
          + 1/48*phi(5,q1)*phi(9,q3)*phi(9,q4)*muu
          + 1/24*phi(5,q1)*phi(9,q3)*phi(9,q4)*q3.q4
          + 1/96*phi(5,q2)*phi(5,q3)*phi(5,q4)*mdd
          + 1/96*phi(5,q2)*phi(5,q3)*phi(5,q4)*muu
          + 1/48*phi(5,q2)*phi(6,q3)*phi(6,q4)*mdd
          + 1/16*phi(5,q2)*phi(6,q3)*phi(6,q4)*muu
          + 1/24*phi(5,q2)*phi(6,q3)*phi(6,q4)*q3.q4
          - 1/24*phi(5,q2)*phi(6,q3)*phi(8,q4)*mdd
          - 1/24*phi(5,q2)*phi(6,q3)*phi(8,q4)*muu
          + 1/12*phi(5,q2)*phi(6,q3)*phi(8,q4)*q3.q4
          + 1/48*phi(5,q2)*phi(7,q3)*phi(7,q4)*mdd
          + 1/16*phi(5,q2)*phi(7,q3)*phi(7,q4)*muu
          + 1/24*phi(5,q2)*phi(7,q3)*phi(7,q4)*q3.q4
          + 1/24*phi(5,q2)*phi(7,q3)*phi(9,q4)*mdd
          + 1/24*phi(5,q2)*phi(7,q3)*phi(9,q4)*muu
          - 1/12*phi(5,q2)*phi(7,q3)*phi(9,q4)*q3.q4
          + 1/16*phi(5,q2)*phi(8,q3)*phi(8,q4)*mdd
          + 1/48*phi(5,q2)*phi(8,q3)*phi(8,q4)*muu
          + 1/24*phi(5,q2)*phi(8,q3)*phi(8,q4)*q3.q4
          + 1/16*phi(5,q2)*phi(9,q3)*phi(9,q4)*mdd
          + 1/48*phi(5,q2)*phi(9,q3)*phi(9,q4)*muu
          + 1/24*phi(5,q2)*phi(9,q3)*phi(9,q4)*q3.q4
          + 1/24*phi(5,q3)*phi(6,q1)*phi(6,q2)*p1ext.q3
          + 1/12*phi(5,q3)*phi(6,q1)*phi(8,q2)*p1ext.q3
          - 1/12*phi(5,q3)*phi(6,q2)*phi(6,q4)*q3.q4
          - 1/12*phi(5,q3)*phi(6,q2)*phi(8,q4)*q3.q4
          - 1/12*phi(5,q3)*phi(6,q4)*phi(8,q2)*q3.q4
          + 1/24*phi(5,q3)*phi(7,q1)*phi(7,q2)*p1ext.q3
          - 1/12*phi(5,q3)*phi(7,q1)*phi(9,q2)*p1ext.q3
          - 1/12*phi(5,q3)*phi(7,q2)*phi(7,q4)*q3.q4
          + 1/12*phi(5,q3)*phi(7,q2)*phi(9,q4)*q3.q4
          + 1/12*phi(5,q3)*phi(7,q4)*phi(9,q2)*q3.q4
          + 1/24*phi(5,q3)*phi(8,q1)*phi(8,q2)*p1ext.q3
          - 1/12*phi(5,q3)*phi(8,q2)*phi(8,q4)*q3.q4
          + 1/24*phi(5,q3)*phi(9,q1)*phi(9,q2)*p1ext.q3
          - 1/12*phi(5,q3)*phi(9,q2)*phi(9,q4)*q3.q4
          + 1/24*phi(5,q4)*phi(6,q1)*phi(6,q2)*p1ext.q4
          + 1/12*phi(5,q4)*phi(6,q1)*phi(8,q2)*p1ext.q4
          + 1/24*phi(5,q4)*phi(7,q1)*phi(7,q2)*p1ext.q4
          - 1/12*phi(5,q4)*phi(7,q1)*phi(9,q2)*p1ext.q4
          + 1/24*phi(5,q4)*phi(8,q1)*phi(8,q2)*p1ext.q4
          + 1/24*phi(5,q4)*phi(9,q1)*phi(9,q2)*p1ext.q4
          );

   MM7x55SO44Mp2Right =

       + F^-2 * (
          + 1/16*phi(1,p1)*phi(1,p2)*phi(5,p3)*mdd
          + 1/16*phi(1,p1)*phi(1,p2)*phi(5,p3)*muu
          + 1/16*phi(1,p1)*phi(1,p2)*phi(5,p4)*mdd
          + 1/16*phi(1,p1)*phi(1,p2)*phi(5,p4)*muu
          + 1/6*phi(1,p1)*phi(3,p2)*phi(7,p4)*sqrt2^-1*muu
          + 1/6*phi(1,p1)*phi(3,p2)*phi(7,p4)*p1ext.p4*sqrt2^-1
          - 1/6*phi(1,p1)*phi(3,p2)*phi(9,p4)*sqrt2^-1*mdd
          - 1/6*phi(1,p1)*phi(3,p2)*phi(9,p4)*p1ext.p4*sqrt2^-1
          + 1/6*phi(1,p1)*phi(3,p3)*phi(7,p2)*p1ext.p3*sqrt2^-1
          + 1/3*phi(1,p1)*phi(3,p3)*phi(7,p4)*p3.p4*sqrt2^-1
          - 1/6*phi(1,p1)*phi(3,p3)*phi(9,p2)*p1ext.p3*sqrt2^-1
          - 1/3*phi(1,p1)*phi(3,p3)*phi(9,p4)*p3.p4*sqrt2^-1
          - 1/3*phi(1,p3)*phi(3,p1)*phi(7,p2)*p1ext.p3*sqrt2^-1
          - 1/6*phi(1,p3)*phi(3,p1)*phi(7,p4)*p3.p4*sqrt2^-1
          + 1/3*phi(1,p3)*phi(3,p1)*phi(9,p2)*p1ext.p3*sqrt2^-1
          + 1/6*phi(1,p3)*phi(3,p1)*phi(9,p4)*p3.p4*sqrt2^-1
          - 1/6*phi(1,p3)*phi(3,p4)*phi(7,p2)*p3.p4*sqrt2^-1
          + 1/6*phi(1,p3)*phi(3,p4)*phi(9,p2)*p3.p4*sqrt2^-1
          + 1/16*phi(2,p1)*phi(2,p2)*phi(5,p3)*mdd
          + 1/16*phi(2,p1)*phi(2,p2)*phi(5,p3)*muu
          + 1/16*phi(2,p1)*phi(2,p2)*phi(5,p4)*mdd
          + 1/16*phi(2,p1)*phi(2,p2)*phi(5,p4)*muu
          + 1/6*phi(2,p1)*phi(3,p2)*phi(6,p4)*sqrt2^-1*muu
          + 1/6*phi(2,p1)*phi(3,p2)*phi(6,p4)*p1ext.p4*sqrt2^-1
          + 1/6*phi(2,p1)*phi(3,p2)*phi(8,p4)*sqrt2^-1*mdd
          + 1/6*phi(2,p1)*phi(3,p2)*phi(8,p4)*p1ext.p4*sqrt2^-1
          + 1/6*phi(2,p1)*phi(3,p3)*phi(6,p2)*p1ext.p3*sqrt2^-1
          + 1/3*phi(2,p1)*phi(3,p3)*phi(6,p4)*p3.p4*sqrt2^-1
          + 1/6*phi(2,p1)*phi(3,p3)*phi(8,p2)*p1ext.p3*sqrt2^-1
          + 1/3*phi(2,p1)*phi(3,p3)*phi(8,p4)*p3.p4*sqrt2^-1
          - 1/3*phi(2,p3)*phi(3,p1)*phi(6,p2)*p1ext.p3*sqrt2^-1
          - 1/6*phi(2,p3)*phi(3,p1)*phi(6,p4)*p3.p4*sqrt2^-1
          - 1/3*phi(2,p3)*phi(3,p1)*phi(8,p2)*p1ext.p3*sqrt2^-1
          - 1/6*phi(2,p3)*phi(3,p1)*phi(8,p4)*p3.p4*sqrt2^-1
          - 1/6*phi(2,p3)*phi(3,p4)*phi(6,p2)*p3.p4*sqrt2^-1
          - 1/6*phi(2,p3)*phi(3,p4)*phi(8,p2)*p3.p4*sqrt2^-1
          + 1/48*phi(3,p1)*phi(3,p2)*phi(5,p3)*mdd
          + 1/48*phi(3,p1)*phi(3,p2)*phi(5,p3)*muu
          - 1/12*phi(3,p1)*phi(3,p2)*phi(5,p3)*p1ext.p3
          + 1/48*phi(3,p1)*phi(3,p2)*phi(5,p4)*mdd
          + 1/48*phi(3,p1)*phi(3,p2)*phi(5,p4)*muu
          - 1/12*phi(3,p1)*phi(3,p2)*phi(5,p4)*p1ext.p4
          + 1/6*phi(3,p1)*phi(3,p3)*phi(5,p2)*p1ext.p3
          - 1/6*phi(3,p1)*phi(3,p3)*phi(5,p4)*p3.p4
          + 1/12*phi(3,p3)*phi(3,p4)*phi(5,p1)*p3.p4
          + 1/12*phi(3,p3)*phi(3,p4)*phi(5,p2)*p3.p4
          + 1/48*phi(4,p1)*phi(4,p2)*phi(5,p3)*mdd
          + 1/48*phi(4,p1)*phi(4,p2)*phi(5,p3)*muu
          - 1/12*phi(4,p1)*phi(4,p2)*phi(5,p3)*p1ext.p3
          + 1/48*phi(4,p1)*phi(4,p2)*phi(5,p4)*mdd
          + 1/48*phi(4,p1)*phi(4,p2)*phi(5,p4)*muu
          - 1/12*phi(4,p1)*phi(4,p2)*phi(5,p4)*p1ext.p4
          + 1/6*phi(4,p1)*phi(4,p3)*phi(5,p2)*p1ext.p3
          - 1/6*phi(4,p1)*phi(4,p3)*phi(5,p4)*p3.p4
          - 1/4*phi(4,p1)*phi(6,p2)*phi(7,p4)*p1ext.p4
          - 1/12*phi(4,p1)*phi(6,p2)*phi(9,p4)*p1ext.p4
          + 1/12*phi(4,p1)*phi(6,p3)*phi(9,p4)*mdd
          + 1/12*phi(4,p1)*phi(6,p3)*phi(9,p4)*muu
          - 1/6*phi(4,p1)*phi(6,p3)*phi(9,p4)*p3.p4
          + 1/4*phi(4,p1)*phi(6,p4)*phi(7,p2)*p1ext.p4
          - 1/12*phi(4,p1)*phi(6,p4)*phi(9,p2)*p1ext.p4
          - 1/12*phi(4,p1)*phi(7,p2)*phi(8,p4)*p1ext.p4
          + 1/12*phi(4,p1)*phi(7,p3)*phi(8,p4)*mdd
          + 1/12*phi(4,p1)*phi(7,p3)*phi(8,p4)*muu
          - 1/6*phi(4,p1)*phi(7,p3)*phi(8,p4)*p3.p4
          - 1/12*phi(4,p1)*phi(7,p4)*phi(8,p2)*p1ext.p4
          - 1/4*phi(4,p1)*phi(8,p2)*phi(9,p4)*p1ext.p4
          + 1/4*phi(4,p1)*phi(8,p4)*phi(9,p2)*p1ext.p4
          + 1/12*phi(4,p3)*phi(4,p4)*phi(5,p1)*p3.p4
          + 1/12*phi(4,p3)*phi(4,p4)*phi(5,p2)*p3.p4
          + 1/6*phi(4,p3)*phi(6,p1)*phi(9,p2)*p1ext.p3
          - 1/4*phi(4,p3)*phi(6,p2)*phi(7,p4)*p3.p4
          + 1/12*phi(4,p3)*phi(6,p2)*phi(9,p4)*p3.p4
          + 1/4*phi(4,p3)*phi(6,p4)*phi(7,p2)*p3.p4
          + 1/12*phi(4,p3)*phi(6,p4)*phi(9,p2)*p3.p4
          + 1/6*phi(4,p3)*phi(7,p1)*phi(8,p2)*p1ext.p3
          + 1/12*phi(4,p3)*phi(7,p2)*phi(8,p4)*p3.p4
          + 1/12*phi(4,p3)*phi(7,p4)*phi(8,p2)*p3.p4
          - 1/4*phi(4,p3)*phi(8,p2)*phi(9,p4)*p3.p4
          + 1/4*phi(4,p3)*phi(8,p4)*phi(9,p2)*p3.p4
          + 1/96*phi(5,p1)*phi(5,p2)*phi(5,p3)*mdd
          + 1/96*phi(5,p1)*phi(5,p2)*phi(5,p3)*muu
          + 1/96*phi(5,p1)*phi(5,p2)*phi(5,p4)*mdd
          + 1/96*phi(5,p1)*phi(5,p2)*phi(5,p4)*muu
          + 1/96*phi(5,p1)*phi(5,p3)*phi(5,p4)*mdd
          + 1/96*phi(5,p1)*phi(5,p3)*phi(5,p4)*muu
          + 1/12*phi(5,p1)*phi(6,p2)*phi(6,p4)*p1ext.p4
          + 1/12*phi(5,p1)*phi(6,p2)*phi(8,p4)*p1ext.p4
          + 1/48*phi(5,p1)*phi(6,p3)*phi(6,p4)*mdd
          + 1/16*phi(5,p1)*phi(6,p3)*phi(6,p4)*muu
          + 1/24*phi(5,p1)*phi(6,p3)*phi(6,p4)*p3.p4
          - 1/24*phi(5,p1)*phi(6,p3)*phi(8,p4)*mdd
          - 1/24*phi(5,p1)*phi(6,p3)*phi(8,p4)*muu
          + 1/12*phi(5,p1)*phi(6,p3)*phi(8,p4)*p3.p4
          + 1/12*phi(5,p1)*phi(6,p4)*phi(8,p2)*p1ext.p4
          + 1/12*phi(5,p1)*phi(7,p2)*phi(7,p4)*p1ext.p4
          - 1/12*phi(5,p1)*phi(7,p2)*phi(9,p4)*p1ext.p4
          + 1/48*phi(5,p1)*phi(7,p3)*phi(7,p4)*mdd
          + 1/16*phi(5,p1)*phi(7,p3)*phi(7,p4)*muu
          + 1/24*phi(5,p1)*phi(7,p3)*phi(7,p4)*p3.p4
          + 1/24*phi(5,p1)*phi(7,p3)*phi(9,p4)*mdd
          + 1/24*phi(5,p1)*phi(7,p3)*phi(9,p4)*muu
          - 1/12*phi(5,p1)*phi(7,p3)*phi(9,p4)*p3.p4
          - 1/12*phi(5,p1)*phi(7,p4)*phi(9,p2)*p1ext.p4
          + 1/12*phi(5,p1)*phi(8,p2)*phi(8,p4)*p1ext.p4
          + 1/16*phi(5,p1)*phi(8,p3)*phi(8,p4)*mdd
          + 1/48*phi(5,p1)*phi(8,p3)*phi(8,p4)*muu
          + 1/24*phi(5,p1)*phi(8,p3)*phi(8,p4)*p3.p4
          + 1/12*phi(5,p1)*phi(9,p2)*phi(9,p4)*p1ext.p4
          + 1/16*phi(5,p1)*phi(9,p3)*phi(9,p4)*mdd
          + 1/48*phi(5,p1)*phi(9,p3)*phi(9,p4)*muu
          + 1/24*phi(5,p1)*phi(9,p3)*phi(9,p4)*p3.p4
          + 1/96*phi(5,p2)*phi(5,p3)*phi(5,p4)*mdd
          + 1/96*phi(5,p2)*phi(5,p3)*phi(5,p4)*muu
          + 1/48*phi(5,p2)*phi(6,p3)*phi(6,p4)*mdd
          + 1/16*phi(5,p2)*phi(6,p3)*phi(6,p4)*muu
          + 1/24*phi(5,p2)*phi(6,p3)*phi(6,p4)*p3.p4
          - 1/24*phi(5,p2)*phi(6,p3)*phi(8,p4)*mdd
          - 1/24*phi(5,p2)*phi(6,p3)*phi(8,p4)*muu
          + 1/12*phi(5,p2)*phi(6,p3)*phi(8,p4)*p3.p4
          + 1/48*phi(5,p2)*phi(7,p3)*phi(7,p4)*mdd
          + 1/16*phi(5,p2)*phi(7,p3)*phi(7,p4)*muu
          + 1/24*phi(5,p2)*phi(7,p3)*phi(7,p4)*p3.p4
          + 1/24*phi(5,p2)*phi(7,p3)*phi(9,p4)*mdd
          + 1/24*phi(5,p2)*phi(7,p3)*phi(9,p4)*muu
          - 1/12*phi(5,p2)*phi(7,p3)*phi(9,p4)*p3.p4
          + 1/16*phi(5,p2)*phi(8,p3)*phi(8,p4)*mdd
          + 1/48*phi(5,p2)*phi(8,p3)*phi(8,p4)*muu
          + 1/24*phi(5,p2)*phi(8,p3)*phi(8,p4)*p3.p4
          + 1/16*phi(5,p2)*phi(9,p3)*phi(9,p4)*mdd
          + 1/48*phi(5,p2)*phi(9,p3)*phi(9,p4)*muu
          + 1/24*phi(5,p2)*phi(9,p3)*phi(9,p4)*p3.p4
          - 1/24*phi(5,p3)*phi(6,p1)*phi(6,p2)*p1ext.p3
          - 1/12*phi(5,p3)*phi(6,p1)*phi(8,p2)*p1ext.p3
          - 1/12*phi(5,p3)*phi(6,p2)*phi(6,p4)*p3.p4
          - 1/12*phi(5,p3)*phi(6,p2)*phi(8,p4)*p3.p4
          - 1/12*phi(5,p3)*phi(6,p4)*phi(8,p2)*p3.p4
          - 1/24*phi(5,p3)*phi(7,p1)*phi(7,p2)*p1ext.p3
          + 1/12*phi(5,p3)*phi(7,p1)*phi(9,p2)*p1ext.p3
          - 1/12*phi(5,p3)*phi(7,p2)*phi(7,p4)*p3.p4
          + 1/12*phi(5,p3)*phi(7,p2)*phi(9,p4)*p3.p4
          + 1/12*phi(5,p3)*phi(7,p4)*phi(9,p2)*p3.p4
          - 1/24*phi(5,p3)*phi(8,p1)*phi(8,p2)*p1ext.p3
          - 1/12*phi(5,p3)*phi(8,p2)*phi(8,p4)*p3.p4
          - 1/24*phi(5,p3)*phi(9,p1)*phi(9,p2)*p1ext.p3
          - 1/12*phi(5,p3)*phi(9,p2)*phi(9,p4)*p3.p4
          - 1/24*phi(5,p4)*phi(6,p1)*phi(6,p2)*p1ext.p4
          - 1/12*phi(5,p4)*phi(6,p1)*phi(8,p2)*p1ext.p4
          - 1/24*phi(5,p4)*phi(7,p1)*phi(7,p2)*p1ext.p4
          + 1/12*phi(5,p4)*phi(7,p1)*phi(9,p2)*p1ext.p4
          - 1/24*phi(5,p4)*phi(8,p1)*phi(8,p2)*p1ext.p4
          - 1/24*phi(5,p4)*phi(9,p1)*phi(9,p2)*p1ext.p4
          );

   product =

       + A(muu)^2*i_*F^-4 * (
          - 1/6*mp2
          - 1/6*mdd
          - 1/2*muu
          - 1/6*p1ext.p1ext
          )

       + A(muu)*A(mdd)*i_*F^-4 * (
          - 2/3*mp2
          + 2/3*mdd
          + 2/3*muu
          - 2/3*p1ext.p1ext
          )

       + A(muu)*A(mp2)*i_*F^-4 * (
          - 2/3*sqrt2^-2*mp2
          - 5/3*sqrt2^-2*muu
          - 1/3*mdd
          - 2/3*muu
          - p1ext.p1ext
          - 5/3*p1ext.p1ext*sqrt2^-2
          )

       + A(mdd)^2*i_*F^-4 * (
          - 1/6*mp2
          - 1/2*mdd
          - 1/6*muu
          - 1/6*p1ext.p1ext
          )

       + A(mdd)*A(mp2)*i_*F^-4 * (
          - 2/3*sqrt2^-2*mp2
          - 5/3*sqrt2^-2*mdd
          - 2/3*mdd
          - 1/3*muu
          - p1ext.p1ext
          - 5/3*p1ext.p1ext*sqrt2^-2
          )

       + A(mp2)^2*i_*F^-4 * (
          + 1/3*sqrt2^-2*mdd
          + 1/3*sqrt2^-2*muu
          - mp2
          - p1ext.p1ext
          - 2/3*p1ext.p1ext*sqrt2^-2
          )

       + H(muu,muu,mp2,p2ext.p2ext)*i_*F^-4 * (
          - 1/18*mp2^2
          - 1/18*mdd*mp2
          - 1/72*mdd^2
          - 1/18*muu*mp2
          - 1/36*muu*mdd
          - 1/72*muu^2
          )

       + H(muu,mdd,mp2,p2ext.p2ext)*i_*F^-4 * (
          - 1/9*mp2^2
          + 2/9*mdd*mp2
          - 1/9*mdd^2
          + 2/9*muu*mp2
          - 2/9*muu*mdd
          - 1/9*muu^2
          )

       + H(muu,mp2,muu,p2ext.p2ext)*i_*F^-4 * (
          - 1/18*mp2^2
          - 1/18*mdd*mp2
          - 1/72*mdd^2
          - 1/18*muu*mp2
          - 1/36*muu*mdd
          - 1/72*muu^2
          )

       + H(muu,mp2,mdd,p2ext.p2ext)*i_*F^-4 * (
          - 1/9*mp2^2
          + 2/9*mdd*mp2
          - 1/9*mdd^2
          + 2/9*muu*mp2
          - 2/9*muu*mdd
          - 1/9*muu^2
          )

       + H(muu,mp2,mp2,p2ext.p2ext)*i_*F^-4 * (
          - 1/9*sqrt2^-2*mp2^2
          )

       + H(mdd,muu,mp2,p2ext.p2ext)*i_*F^-4 * (
          - 1/9*mp2^2
          + 2/9*mdd*mp2
          - 1/9*mdd^2
          + 2/9*muu*mp2
          - 2/9*muu*mdd
          - 1/9*muu^2
          )

       + H(mdd,mdd,mp2,p2ext.p2ext)*i_*F^-4 * (
          - 1/18*mp2^2
          - 1/18*mdd*mp2
          - 1/72*mdd^2
          - 1/18*muu*mp2
          - 1/36*muu*mdd
          - 1/72*muu^2
          )

       + H(mdd,mp2,muu,p2ext.p2ext)*i_*F^-4 * (
          - 1/9*mp2^2
          + 2/9*mdd*mp2
          - 1/9*mdd^2
          + 2/9*muu*mp2
          - 2/9*muu*mdd
          - 1/9*muu^2
          )

       + H(mdd,mp2,mdd,p2ext.p2ext)*i_*F^-4 * (
          - 1/18*mp2^2
          - 1/18*mdd*mp2
          - 1/72*mdd^2
          - 1/18*muu*mp2
          - 1/36*muu*mdd
          - 1/72*muu^2
          )

       + H(mdd,mp2,mp2,p2ext.p2ext)*i_*F^-4 * (
          - 1/9*sqrt2^-2*mp2^2
          )

       + H(mp2,muu,muu,p2ext.p2ext)*i_*F^-4 * (
          - 1/18*mp2^2
          - 1/18*mdd*mp2
          - 1/72*mdd^2
          - 1/18*muu*mp2
          - 1/36*muu*mdd
          - 1/72*muu^2
          )

       + H(mp2,muu,mdd,p2ext.p2ext)*i_*F^-4 * (
          - 1/9*mp2^2
          + 2/9*mdd*mp2
          - 1/9*mdd^2
          + 2/9*muu*mp2
          - 2/9*muu*mdd
          - 1/9*muu^2
          )

       + H(mp2,muu,mp2,p2ext.p2ext)*i_*F^-4 * (
          - 1/9*sqrt2^-2*mp2^2
          )

       + H(mp2,mdd,muu,p2ext.p2ext)*i_*F^-4 * (
          - 1/9*mp2^2
          + 2/9*mdd*mp2
          - 1/9*mdd^2
          + 2/9*muu*mp2
          - 2/9*muu*mdd
          - 1/9*muu^2
          )

       + H(mp2,mdd,mdd,p2ext.p2ext)*i_*F^-4 * (
          - 1/18*mp2^2
          - 1/18*mdd*mp2
          - 1/72*mdd^2
          - 1/18*muu*mp2
          - 1/36*muu*mdd
          - 1/72*muu^2
          )

       + H(mp2,mdd,mp2,p2ext.p2ext)*i_*F^-4 * (
          - 1/9*sqrt2^-2*mp2^2
          )

       + H(mp2,mp2,muu,p2ext.p2ext)*i_*F^-4 * (
          - 1/9*sqrt2^-2*mp2^2
          )

       + H(mp2,mp2,mdd,p2ext.p2ext)*i_*F^-4 * (
          - 1/9*sqrt2^-2*mp2^2
          )

       + H(mp2,mp2,mp2,p2ext.p2ext)*i_*F^-4 * (
          - 23/48*mdd^2
          - 23/24*muu*mdd
          - 23/48*muu^2
          );

   MM7x55SO44Mp2 =

       + A(muu)^2*i_*F^-4 * (
          - 1/6*mp2
          - 1/6*mdd
          - 1/2*muu
          - 1/6*p1ext.p1ext
          )

       + A(muu)*A(mdd)*i_*F^-4 * (
          - 2/3*mp2
          + 2/3*mdd
          + 2/3*muu
          - 2/3*p1ext.p1ext
          )

       + A(muu)*A(mp2)*i_*F^-4 * (
          - 2/3*sqrt2^-2*mp2
          - 5/3*sqrt2^-2*muu
          - 1/3*mdd
          - 2/3*muu
          - p1ext.p1ext
          - 5/3*p1ext.p1ext*sqrt2^-2
          )

       + A(mdd)^2*i_*F^-4 * (
          - 1/6*mp2
          - 1/2*mdd
          - 1/6*muu
          - 1/6*p1ext.p1ext
          )

       + A(mdd)*A(mp2)*i_*F^-4 * (
          - 2/3*sqrt2^-2*mp2
          - 5/3*sqrt2^-2*mdd
          - 2/3*mdd
          - 1/3*muu
          - p1ext.p1ext
          - 5/3*p1ext.p1ext*sqrt2^-2
          )

       + A(mp2)^2*i_*F^-4 * (
          + 1/3*sqrt2^-2*mdd
          + 1/3*sqrt2^-2*muu
          - mp2
          - p1ext.p1ext
          - 2/3*p1ext.p1ext*sqrt2^-2
          )

       + H(muu,muu,mp2,p2ext.p2ext)*i_*F^-4 * (
          - 1/18*mp2^2
          - 1/18*mdd*mp2
          - 1/72*mdd^2
          - 1/18*muu*mp2
          - 1/36*muu*mdd
          - 1/72*muu^2
          )

       + H(muu,mdd,mp2,p2ext.p2ext)*i_*F^-4 * (
          - 1/9*mp2^2
          + 2/9*mdd*mp2
          - 1/9*mdd^2
          + 2/9*muu*mp2
          - 2/9*muu*mdd
          - 1/9*muu^2
          )

       + H(muu,mp2,muu,p2ext.p2ext)*i_*F^-4 * (
          - 1/18*mp2^2
          - 1/18*mdd*mp2
          - 1/72*mdd^2
          - 1/18*muu*mp2
          - 1/36*muu*mdd
          - 1/72*muu^2
          )

       + H(muu,mp2,mdd,p2ext.p2ext)*i_*F^-4 * (
          - 1/9*mp2^2
          + 2/9*mdd*mp2
          - 1/9*mdd^2
          + 2/9*muu*mp2
          - 2/9*muu*mdd
          - 1/9*muu^2
          )

       + H(muu,mp2,mp2,p2ext.p2ext)*i_*F^-4 * (
          - 1/9*sqrt2^-2*mp2^2
          )

       + H(mdd,muu,mp2,p2ext.p2ext)*i_*F^-4 * (
          - 1/9*mp2^2
          + 2/9*mdd*mp2
          - 1/9*mdd^2
          + 2/9*muu*mp2
          - 2/9*muu*mdd
          - 1/9*muu^2
          )

       + H(mdd,mdd,mp2,p2ext.p2ext)*i_*F^-4 * (
          - 1/18*mp2^2
          - 1/18*mdd*mp2
          - 1/72*mdd^2
          - 1/18*muu*mp2
          - 1/36*muu*mdd
          - 1/72*muu^2
          )

       + H(mdd,mp2,muu,p2ext.p2ext)*i_*F^-4 * (
          - 1/9*mp2^2
          + 2/9*mdd*mp2
          - 1/9*mdd^2
          + 2/9*muu*mp2
          - 2/9*muu*mdd
          - 1/9*muu^2
          )

       + H(mdd,mp2,mdd,p2ext.p2ext)*i_*F^-4 * (
          - 1/18*mp2^2
          - 1/18*mdd*mp2
          - 1/72*mdd^2
          - 1/18*muu*mp2
          - 1/36*muu*mdd
          - 1/72*muu^2
          )

       + H(mdd,mp2,mp2,p2ext.p2ext)*i_*F^-4 * (
          - 1/9*sqrt2^-2*mp2^2
          )

       + H(mp2,muu,muu,p2ext.p2ext)*i_*F^-4 * (
          - 1/18*mp2^2
          - 1/18*mdd*mp2
          - 1/72*mdd^2
          - 1/18*muu*mp2
          - 1/36*muu*mdd
          - 1/72*muu^2
          )

       + H(mp2,muu,mdd,p2ext.p2ext)*i_*F^-4 * (
          - 1/9*mp2^2
          + 2/9*mdd*mp2
          - 1/9*mdd^2
          + 2/9*muu*mp2
          - 2/9*muu*mdd
          - 1/9*muu^2
          )

       + H(mp2,muu,mp2,p2ext.p2ext)*i_*F^-4 * (
          - 1/9*sqrt2^-2*mp2^2
          )

       + H(mp2,mdd,muu,p2ext.p2ext)*i_*F^-4 * (
          - 1/9*mp2^2
          + 2/9*mdd*mp2
          - 1/9*mdd^2
          + 2/9*muu*mp2
          - 2/9*muu*mdd
          - 1/9*muu^2
          )

       + H(mp2,mdd,mdd,p2ext.p2ext)*i_*F^-4 * (
          - 1/18*mp2^2
          - 1/18*mdd*mp2
          - 1/72*mdd^2
          - 1/18*muu*mp2
          - 1/36*muu*mdd
          - 1/72*muu^2
          )

       + H(mp2,mdd,mp2,p2ext.p2ext)*i_*F^-4 * (
          - 1/9*sqrt2^-2*mp2^2
          )

       + H(mp2,mp2,muu,p2ext.p2ext)*i_*F^-4 * (
          - 1/9*sqrt2^-2*mp2^2
          )

       + H(mp2,mp2,mdd,p2ext.p2ext)*i_*F^-4 * (
          - 1/9*sqrt2^-2*mp2^2
          )

       + H(mp2,mp2,mp2,p2ext.p2ext)*i_*F^-4 * (
          - 23/48*mdd^2
          - 23/24*muu*mdd
          - 23/48*muu^2
          );

    save save/MM7_`ext1'`ext2'`SX4'`diagram'.sav 
       MM7x`ext1'`ext2'`SX4'`diagram';
    
    .end
  0.13 sec + 1.55 sec: 1.68 sec out of 0.42 sec
