TFORM 5.0.0 (Jan 27 2026, v5.0.0) 6 workers      Run: Tue Mar 17 13:29:34 2026
    * the tree propagator PP current
    *
    *  ---------p--------
    *   ext1       ext2
    *   p1ext      p2ext
    *   <--        -->
    *
    #include symbols.hf
    * symbols etc needed for the SU(4)/SO(4) and SU(4)/Sp(4) case
    #define MAXINDEX "20"
    s dim;
    dimension dim;
    s sqrt2,aa,aa1,...,aa10;
    index mu,nu,al,be,ro;
    set lorentz:mu,nu,al,be,ro;
    cfunction tr;
    cfunction M,Chi,a,sext,M1,...,M10;
    set matrixfields:M,Chi,a,sext;
    cfunction phi,phiV,phiA,phiS,phiP;
    set phiset:phi,phiV,phiA,phiS,phiP;
    
    index <f1=4>,...,<f`MAXINDEX'=4>;
    set quarkindex:f1,...,f`MAXINDEX';
    symbol, <b1>,...,<b`MAXINDEX'>;
    set flavour:<b1>,...,<b`MAXINDEX'>;
    symbol i1,...,i15;
    
    s F,B0,muu,mdd,mp2,mk2,me2;
    symbol eps,epsb,epsb2,epsb1,lambda2,lambda1,log4pi,
        pi,pi16,pi162;
    cfunction delt,deltm,prop;
    vector qext,q1ext,q2ext,q3ext,q4ext,q5ext,p1ext,p2ext,p3ext,p4ext;
    vector aext1,aext2,vext1,vext2,vext3;
    vector PP,QQ,RR,SS;
    vector PPM,QQM,RRM,SSM;* (only used in procedure so beware)
    vector p0,...,p8;
    set pp:p0,...,p8;
    vector q0,...,q8;
    set qq:q0,...,q8;
    vector r0,...,r8;
    set rr:r0,...,r8;
    vector v0,v1,v2,v3;
    set vvv:v0,v1,v2,v3;
    vector w0,w1,w2,w3;
    set www:w0,w1,w2,w3;
    vector a0,a1,a2,a3;
    set aaa:a0,a1,a2,a3;
    
    symbol KK1,...,KK115;
    symbol L0,L1,L2,L3,L4,L5,L6,L7,L8,L9,L10,H1,H2;
    set Li:L0,L1,L2,L3,L4,L5,L6,L7,L8,L9,L10,H1,H2;
    vector QQP,QRS,QRS1,QRS2,QRS3;* dummy vectors, use only in procedures
    cfunction A,B,B1,B21,B22,B31,B32,C,C12,C22,C24,H,HH1,H21,H22,H23,H24,VV;
    set INTEGRALS:A,B,B1,B21,B22,B31,B32,C,C12,C22,C24,H,HH1,H21,H22,H23,H24,VV;#inc
    lude setdiagram.hf
    #define diagram "2Mp6"
    #include setexternal.hf
    #define ext1 "4"
    #define ext2 "4"
    #define SX4 "SO4"
    
    *#define ext1 "1"
    *#define ext2 "1"
    *#define SX4 "SP4"
    *#define diagram "2Mp6"
    
    load /Users/daniilkrichevskiy/Desktop/QCD-like-theories-at-NNLO/Calculation_with
    _FORM/Expanded_Lagrangians/Saved_Lagrangians/vertex`diagram'`SX4'.sav;
 vertex2Mp6SO4 loaded
    
    
    G MM1x`ext1'`ext2'`SX4'`diagram' =  i_*(
      vertex`diagram'`SX4'
     );
    
    
     
    #call setmom(p,4)
    .sort

Time =       0.00 sec    Generated terms =        271
   MM1x44SO42Mp6         Terms in output =        271
                         Bytes used      =      11032
    
    #include takederiv.hf
    *all momenta in the terms are outgoing
    
    repeat;
    * just takes derivative 
      id phi?{phi,phiP,phiS}(mu?lorentz,?a,p1?)= i_*p1(mu)*phi(?a,p1);
    * it can happen that p1(mu)phi(mu,p3) is rewritten as phi(p1,p3). then we want t
    o restore the normal form
      id phi?{phi,phiP,phiS}(p3?,?a,p1?)= i_*p1.p3*phi(?a,p1);
    endrepeat;
    
    *this is for vectors;
    #do ii={V|A}
    
    repeat;
      id phi`ii'(mu?lorentz,?a,nu?lorentz,b1?,v1?,p1?)=
                                        i_*p1(mu)*phi`ii'(?a,nu,b1,v1,p1);
      id phi`ii'(p2?,?a,nu?lorentz,b1?,v1?,p1?)=
                                         i_*p1.p2*phi`ii'(?a,nu,b1,v1,p1);
      id phi`ii'(mu?lorentz,?a,p3?,b1?,v1?,p1?)= 
                                         i_*p1(mu)*phi`ii'(?a,p3,b1,v1,p1);
      id phi`ii'(p2?,?a,p3?,b1?,v1?,p1?)= i_*p1.p2*phi`ii'(?a,p3,b1,v1,p1);
    endrepeat;
    id phi`ii'(mu?lorentz,b1?,v1?,p1?) = v1(mu)*phi`ii'(b1,v1,p1);
    id phi`ii'(p2?,b1?,v1?,p1?) = v1.p2*phi`ii'(b1,v1,p1);
    #enddo
    
    .sort

Time =       0.00 sec    Generated terms =        271
   MM1x44SO42Mp6         Terms in output =        271
                         Bytes used      =      10264
    #call pickout(`ext1',p1ext,p,pp,2, MM1x`ext1'`ext2'`SX4'`diagram')

Time =       0.00 sec    Generated terms =        271
   MM1x44SO42Mp6         Terms in output =        271
                         Bytes used      =      10264

Time =       0.00 sec    Generated terms =         70
   MM1x44SO42Mp6         Terms in output =         70
                         Bytes used      =       2640

Time =       0.00 sec    Generated terms =         70
   MM1x44SO42Mp6         Terms in output =         70
                         Bytes used      =       2528
    #call pickout(`ext2',p2ext,p,pp,2, MM1x`ext1'`ext2'`SX4'`diagram')

Time =       0.00 sec    Generated terms =         70
   MM1x44SO42Mp6         Terms in output =         70
                         Bytes used      =       2528

Time =       0.00 sec    Generated terms =         70
   MM1x44SO42Mp6         Terms in output =         70
                         Bytes used      =       2640

Time =       0.00 sec    Generated terms =         70
   MM1x44SO42Mp6         Terms in output =         35
                         Bytes used      =       1244
    id p2ext = -p1ext;
    .sort

Time =       0.00 sec    Generated terms =         35
   MM1x44SO42Mp6         Terms in output =         35
                         Bytes used      =       1244
    *b means bracket
    b A,F,i_,L1,L2,L3,L4,L5,L6,L7,L8,L9,L10,H1,H2,sqrt2;
    Print MM1x`ext1'`ext2'`SX4'`diagram';
    .store

Time =       0.00 sec    Generated terms =         35
   MM1x44SO42Mp6         Terms in output =         35
                         Bytes used      =       1172

   MM1x44SO42Mp6 =
       + i_*F^-4 * (  - 16*mdd^3*KK40 - 4*mdd^3*KK39 - 96*mdd^3*KK27 - 32*
         mdd^3*KK26 - 12*mdd^3*KK25 - 48*muu*mdd^2*KK40 - 12*muu*mdd^2*KK39 - 
         288*muu*mdd^2*KK27 - 64*muu*mdd^2*KK26 - 12*muu*mdd^2*KK25 - 48*muu^2
         *mdd*KK40 - 12*muu^2*mdd*KK39 - 288*muu^2*mdd*KK27 - 64*muu^2*mdd*
         KK26 - 12*muu^2*mdd*KK25 - 16*muu^3*KK40 - 4*muu^3*KK39 - 96*muu^3*
         KK27 - 32*muu^3*KK26 - 12*muu^3*KK25 + 64*p1ext.p1ext*mdd^2*KK22 + 32
         *p1ext.p1ext*mdd^2*KK21 + 16*p1ext.p1ext*mdd^2*KK20 + 8*p1ext.p1ext*
         mdd^2*KK19 + 16*p1ext.p1ext*muu*mdd*KK23 + 128*p1ext.p1ext*muu*mdd*
         KK22 + 32*p1ext.p1ext*muu*mdd*KK20 + 64*p1ext.p1ext*muu^2*KK22 + 32*
         p1ext.p1ext*muu^2*KK21 + 16*p1ext.p1ext*muu^2*KK20 + 8*p1ext.p1ext*
         muu^2*KK19 + 64*p1ext.p1ext^2*mdd*KK18 + 16*p1ext.p1ext^2*mdd*KK17 + 
         64*p1ext.p1ext^2*muu*KK18 + 16*p1ext.p1ext^2*muu*KK17 );

    save save/MM1_`ext1'`ext2'`SX4'`diagram'.sav 
       MM1x`ext1'`ext2'`SX4'`diagram';
    .end
  0.00 sec + 0.00 sec: 0.01 sec out of 0.00 sec
