
   VV8x2SO4 =

       + A(muu)*A(mp2)*i_*F^-2 * (
          - 1/3*B0
          )

       + A(muu)*B(mp2,mp2,0)*i_*F^-2 * (
          - 1/3*B0*mp2
          + 1/6*B0*mdd
          + 5/12*B0*muu
          )

       + A(mdd)^2*i_*F^-2 * (
          - 2/3*B0
          )

       + A(mdd)*A(mp2)*i_*F^-2 * (
          - B0
          )

       + A(mdd)*B(mp2,mp2,0)*i_*F^-2 * (
          - 1/3*B0*mp2
          + 5/12*B0*mdd
          + 1/6*B0*muu
          )

       + A(mp2)^2*i_*F^-2 * (
          - B0
          )

       + A(mp2)*B(mdd,mdd,0)*i_*F^-2 * (
          - 2/3*B0*mp2
          + 5/6*B0*mdd
          + 1/3*B0*muu
          )

       + A(mp2)*B(mp2,mp2,0)*i_*F^-2 * (
          - 2*B0*mp2
          + 17/16*B0*mdd
          + 17/16*B0*muu
          );

