TFORM 5.0Beta (Mar 10 2021) 32 workers           Run: Sat Sep 10 18:04:27 2022
    #-

Time =   36665.27 sec    Generated terms =   17518551
               L         Terms in output =        101
             z-expansion Bytes used      =       8688

   L =
       + z * ( 1 )

       + z^2 * ( 2 )

       + z^3 * ( 4 )

       + z^4 * ( 6 )

       + z^5 * ( 10 )

       + z^6 * ( 16 )

       + z^7 * ( 23 )

       + z^8 * ( 13 )

       + z^9 * (  - 96 )

       + z^10 * (  - 1299 )

       + z^11 * (  - 12177 )

       + z^12 * (  - 126534 )

       + z^13 * (  - 1411112 )

       + z^14 * (  - 17216848 )

       + z^15 * (  - 226955675 )

       + z^16 * (  - 3220697576 )

       + z^17 * (  - 48924940195 )

       + z^18 * (  - 792247358471 )

       + z^19 * (  - 13622261401981 )

       + z^20 * (  - 247868860580748 )

       + z^21 * (  - 4758363405311717 )

       + z^22 * (  - 96110654664549526 )

       + z^23 * (  - 2037482266673733277 )

       + z^24 * (  - 45232834454399465836 )

       + z^25 * (  - 1049461674036904304289 )

       + z^26 * (  - 25399331169353232376220 )

       + z^27 * (  - 640142689786491770104319 )

       + z^28 * (  - 16774287459861372940809541 )

       + z^29 * (  - 456341162368706687105352844 )

       + z^30 * (  - 12871373466361947597828654859 )

       + z^31 * (  - 375925979996093211026762003360 )

       + z^32 * (  - 11355635630550796710536341306604 )

       + z^33 * (  - 354384725989747220883721747933484 )

       + z^34 * (  - 11414211606148501935095616103890576 )

       + z^35 * (  - 379057022652809223754406127189910896 )

       + z^36 * (  - 12967496745220317783627017101606623759 )

       + z^37 * (  - 456592500920411502498573312961762807367 )

       + z^38 * (  - 16533749194655347377394409220126927743827 )

       + z^39 * (  - 615250444114881211850754586365619611079405 )

       + z^40 * (  - 23510196060325262232777932992938028727152250 )

       + z^41 * (  - 921905183725678072572194796292494328894387441 )

       + z^42 * (  - 37073104165267320606327397939328465236130427958 )

       + z^43 * (  - 1527936315400606051735654104275725364578741237986 )

       + z^44 * (  - 64501378998477358103012230348915887772605191816117 )

       + z^45 * (  - 2787443276893592035777255460339831118774353991713191 )

       + z^46 * (  - 123248999244929193370492485065864584778237272704493530 )

       + z^47 * (  - 5572865405155212420300130706146888991248313552417399404 )

       + z^48 * (  - 257560173446141061116703739957862416231874069667540001356
          )

       + z^49 * (  - 121613055179195047590132572382534788643534576384183789496\
         83 )

       + z^50 * (  - 586391821367045550884094113621522837950133534252871310104\
         091 )

       + z^51 * (  - 288612225973311637948415066439887601796904266061315218841\
         55879 )

       + z^52 * (  - 144937609266538208857927621410629348603430402971970572806\
         7788605 )

       + z^53 * (  - 742359951153647902081601576794073225580488049959322131100\
         19683729 )

       + z^54 * (  - 387658443798485209604883612473952988596363615294413086421\
         4065222298 )

       + z^55 * (  - 206312589833833782937121851177268900965669939453164936520\
         149415397376 )

       + z^56 * (  - 111864020527440642272519272137423437218525464224800709399\
         84968766542753 )

       + z^57 * (  - 617725299405162214472836303538452914840076944941913004085\
         374400433494074 )

       + z^58 * (  - 347294574561871593545123044007426456604964497008429620842\
         09715283982157691 )

       + z^59 * (  - 198728733381519215851479132250955584696937819664171748294\
         9614712638530406577 )

       + z^60 * (  - 115704584543314290339695879715990966043104199351669013555\
         483291986059807054103 )

       + z^61 * (  - 685234809402529973092792855277768784663068102353885711417\
         3443207521616914393839 )

       + z^62 * (  - 412670308621643384725120355181723090544080110712877207587\
         871915108784072688056801 )

       + z^63 * (  - 252651617673745728901254631794784171795267966415767199995\
         33862667189394283437863025 )

       + z^64 * (  - 157209933760698799234604407496124861384817997849740173886\
         4551920675949347522716449846 )

       + z^65 * (  - 993950178974339830074452161275709664073428013472659217543\
         14887390257905486329822507021 )

       + z^66 * (  - 638362247650358866069938755265915727911985411475160669476\
         3906334998861036436070283479321 )

       + z^67 * (  - 416372754264918541972616833693210115360965890360713915211\
         240696986770510071032597524457273 )

       + z^68 * (  - 275745055132550940038065224783913785673638002718718727420\
         94646329650228220209203792078812977 )

       + z^69 * (  - 185372088633229549157527506842899195879247432216976390325\
         7457366474691912077134977365767673117 )

       + z^70 * (  - 126472447424421481549032901700599989713848544796135115818\
         532309439728111923827384138638745457056 )

       + z^71 * (  - 875526031359231207541212053831367826728090266657128537656\
         7853701402319367682171333654669493896631 )

       + z^72 * (  - 614855464294987838962792458427810475133455741229172949787\
         751627465395227042780001701236429506615604 )

       + z^73 * (  - 437945113570282171719938346389910694868723269029116564219\
         14528131433539340204619786822057510211727132 )

       + z^74 * (  - 316317564385462453186547912932947685499564506220728778920\
         6277532155303685537912484338730526591264089437 )

       + z^75 * (  - 231633071127783466702118286691188393458890023430884862422\
         882064232956179966819202439623187488719834751858 )

       + z^76 * (  - 171937409544302854061362985752743149612795871751559083828\
         74880459386979248296645911500114390319255314764319 )

       + z^77 * (  - 129346250376163504153745488235924951858100960160702598118\
         8921114991878727185352381905090303617617922678365858 )

       + z^78 * (  - 985993693812459128765317419284022744547772395722000779130\
         21464208125536909897818557481996104149390206163868527 )

       + z^79 * (  - 761476393130587171696333816235582899926299678036595659949\
         0771548733577421334868541225700993909123680522587314757 )

       + z^80 * (  - 595700375422840116020400315552927778634513106850283871597\
         346855641021461063298709536445431848811535587388803164227 )

       + z^81 * (  - 471973254841216911170875954981014610476339132224883906996\
         66743049751420843461821714824385968688364413277898323069629 )

       + z^82 * (  - 378665498525174856378855893072991139073140465758471126518\
         3773243502630422200202115983477570945997955149289859339992783 )

       + z^83 * (  - 307592243586640701894008312527396829860171310064145770988\
         110064686236103679313672413085947340310793377414042751483296664 )

       + z^84 * (  - 252935877171539095024484456402705335874352800381035769492\
         38744606206081915725448913609913915365047937415807054419540006781 )

       + z^85 * (  - 210521576861404685613738212529257202623743807617842418304\
         0349750611180972278905434697583960475886719708513341413067203727451 )

       + z^86 * (  - 177325488392514058344704425185732189479244683194089926538\
         581271881280739681532211645725692244161607257494277241942197538905263
          )

       + z^87 * (  - 151137702600340431780985804362730953742729360627221323296\
         443563795531025689263971324692219992545894313836868738787601357543395\
         29 )

       + z^88 * (  - 130329200112097831637248725312894801964920095196735388418\
         654952284052432429905569423224167898254297221572471879866471404940094\
         3704 )

       + z^89 * (  - 113689261734338570996745790313908382125544577718106102399\
         999499267416231086300338471210304212484965023336262689417650166298603\
         174433 )

       + z^90 * (  - 100311064857142587536489413308316947167453795330335084271\
         003157233704118085062954378901530939002655532191377351970929076369616\
         76801524 )

       + z^91 * (  - 895105192261346702972211620973894513143249029314123489347\
         177036773820450675963457720225061805728903591635046164395148564709055\
         631865661 )

       + z^92 * (  - 807682293209981283570615450287754300563721613856599680925\
         305179015921628226629756760514840869366803262083881204169274960697557\
         40561011759 )

       + z^93 * (  - 736876845948530246051121747107361616731453585818862555624\
         319929094355053123954272204584844648734265569012383777723266853943833\
         1370789791461 )

       + z^94 * (  - 679649339631191079718141657308874902714133634214263095618\
         264062815243407887524122491336910320704357695400235583659766337023604\
         709714107822092 )

       + z^95 * (  - 633664581787440932681175959655904527134048989215294142660\
         747361124184807775730660738755094130133536846638125207698536548196010\
         03491630661817361 )

       + z^96 * (  - 597129473531544210179899946555848460674800293901137982538\
         330048442595389027952439778940003238135862808761135144813281304677754\
         6340932617063653498 )

       + z^97 * (  - 568673741653883498047789786180292660333234900389772217911\
         529171674905663524672544106883432496085652434382220843384749540241335\
         837422043536078429391 )

       + z^98 * (  - 547262273836563959783541726573962511219737494947550858123\
         213879887438307121867358385344709834384400059982912829321531869673955\
         50367365202478975076609 )

       + z^99 * (  - 532131025023051215104723855893223777252746996282539777400\
         113230033140183594646288354070618500105097657156459295776928604496628\
         8520311979196345371979402 )

       + z^100 * (  - 52274081757050073691566210981706266362412224957585144212\
         066910445107678598311096957759478397046455934772667383870686853246481\
         3661425731515008964758251076 )

       + 1;


Time =   36666.59 sec    Generated terms =        101
               L         Terms in output =        101
                  result Bytes used      =       7476

Time =   36666.59 sec    Generated terms =        359
               C         Terms in output =        100
                  result Bytes used      =       7460

   L =
       + 1
       + z
       + 2*z^2
       + 4*z^3
       + 6*z^4
       + 10*z^5
       + 16*z^6
       + 23*z^7
       + 13*z^8
       - 96*z^9
       - 1299*z^10
       - 12177*z^11
       - 126534*z^12
       - 1411112*z^13
       - 17216848*z^14
       - 226955675*z^15
       - 3220697576*z^16
       - 48924940195*z^17
       - 792247358471*z^18
       - 13622261401981*z^19
       - 247868860580748*z^20
       - 4758363405311717*z^21
       - 96110654664549526*z^22
       - 2037482266673733277*z^23
       - 45232834454399465836*z^24
       - 1049461674036904304289*z^25
       - 25399331169353232376220*z^26
       - 640142689786491770104319*z^27
       - 16774287459861372940809541*z^28
       - 456341162368706687105352844*z^29
       - 12871373466361947597828654859*z^30
       - 375925979996093211026762003360*z^31
       - 11355635630550796710536341306604*z^32
       - 354384725989747220883721747933484*z^33
       - 11414211606148501935095616103890576*z^34
       - 379057022652809223754406127189910896*z^35
       - 12967496745220317783627017101606623759*z^36
       - 456592500920411502498573312961762807367*z^37
       - 16533749194655347377394409220126927743827*z^38
       - 615250444114881211850754586365619611079405*z^39
       - 23510196060325262232777932992938028727152250*z^40
       - 921905183725678072572194796292494328894387441*z^41
       - 37073104165267320606327397939328465236130427958*z^42
       - 1527936315400606051735654104275725364578741237986*z^43
       - 64501378998477358103012230348915887772605191816117*z^44
       - 2787443276893592035777255460339831118774353991713191*z^45
       - 123248999244929193370492485065864584778237272704493530*z^46
       - 5572865405155212420300130706146888991248313552417399404*z^47
       - 257560173446141061116703739957862416231874069667540001356*z^48
       - 12161305517919504759013257238253478864353457638418378949683*z^49
       - 586391821367045550884094113621522837950133534252871310104091*z^50
       - 28861222597331163794841506643988760179690426606131521884155879*z^51
       - 1449376092665382088579276214106293486034304029719705728067788605*z^52
       - 74235995115364790208160157679407322558048804995932213110019683729*
      z^53
       - 3876584437984852096048836124739529885963636152944130864214065222298*
      z^54
       - 206312589833833782937121851177268900965669939453164936520149415397376
      *z^55
       - 111864020527440642272519272137423437218525464224800709399849687665427\
      53*z^56
       - 617725299405162214472836303538452914840076944941913004085374400433494\
      074*z^57
       - 347294574561871593545123044007426456604964497008429620842097152839821\
      57691*z^58
       - 198728733381519215851479132250955584696937819664171748294961471263853\
      0406577*z^59
       - 115704584543314290339695879715990966043104199351669013555483291986059\
      807054103*z^60
       - 685234809402529973092792855277768784663068102353885711417344320752161\
      6914393839*z^61
       - 412670308621643384725120355181723090544080110712877207587871915108784\
      072688056801*z^62
       - 252651617673745728901254631794784171795267966415767199995338626671893\
      94283437863025*z^63
       - 157209933760698799234604407496124861384817997849740173886455192067594\
      9347522716449846*z^64
       - 993950178974339830074452161275709664073428013472659217543148873902579\
      05486329822507021*z^65
       - 638362247650358866069938755265915727911985411475160669476390633499886\
      1036436070283479321*z^66
       - 416372754264918541972616833693210115360965890360713915211240696986770\
      510071032597524457273*z^67
       - 275745055132550940038065224783913785673638002718718727420946463296502\
      28220209203792078812977*z^68
       - 185372088633229549157527506842899195879247432216976390325745736647469\
      1912077134977365767673117*z^69
       - 126472447424421481549032901700599989713848544796135115818532309439728\
      111923827384138638745457056*z^70
       - 875526031359231207541212053831367826728090266657128537656785370140231\
      9367682171333654669493896631*z^71
       - 614855464294987838962792458427810475133455741229172949787751627465395\
      227042780001701236429506615604*z^72
       - 437945113570282171719938346389910694868723269029116564219145281314335\
      39340204619786822057510211727132*z^73
       - 316317564385462453186547912932947685499564506220728778920627753215530\
      3685537912484338730526591264089437*z^74
       - 231633071127783466702118286691188393458890023430884862422882064232956\
      179966819202439623187488719834751858*z^75
       - 171937409544302854061362985752743149612795871751559083828748804593869\
      79248296645911500114390319255314764319*z^76
       - 129346250376163504153745488235924951858100960160702598118892111499187\
      8727185352381905090303617617922678365858*z^77
       - 985993693812459128765317419284022744547772395722000779130214642081255\
      36909897818557481996104149390206163868527*z^78
       - 761476393130587171696333816235582899926299678036595659949077154873357\
      7421334868541225700993909123680522587314757*z^79
       - 595700375422840116020400315552927778634513106850283871597346855641021\
      461063298709536445431848811535587388803164227*z^80
       - 471973254841216911170875954981014610476339132224883906996667430497514\
      20843461821714824385968688364413277898323069629*z^81
       - 378665498525174856378855893072991139073140465758471126518377324350263\
      0422200202115983477570945997955149289859339992783*z^82
       - 307592243586640701894008312527396829860171310064145770988110064686236\
      103679313672413085947340310793377414042751483296664*z^83
       - 252935877171539095024484456402705335874352800381035769492387446062060\
      81915725448913609913915365047937415807054419540006781*z^84
       - 210521576861404685613738212529257202623743807617842418304034975061118\
      0972278905434697583960475886719708513341413067203727451*z^85
       - 177325488392514058344704425185732189479244683194089926538581271881280\
      739681532211645725692244161607257494277241942197538905263*z^86
       - 151137702600340431780985804362730953742729360627221323296443563795531\
      02568926397132469221999254589431383686873878760135754339529*z^87
       - 130329200112097831637248725312894801964920095196735388418654952284052\
      4324299055694232241678982542972215724718798664714049400943704*z^88
       - 113689261734338570996745790313908382125544577718106102399999499267416\
      231086300338471210304212484965023336262689417650166298603174433*z^89
       - 100311064857142587536489413308316947167453795330335084271003157233704\
      11808506295437890153093900265553219137735197092907636961676801524*z^90
       - 895105192261346702972211620973894513143249029314123489347177036773820\
      450675963457720225061805728903591635046164395148564709055631865661*z^91
       - 807682293209981283570615450287754300563721613856599680925305179015921\
      62822662975676051484086936680326208388120416927496069755740561011759*
      z^92
       - 736876845948530246051121747107361616731453585818862555624319929094355\
      0531239542722045848446487342655690123837777232668539438331370789791461*
      z^93
       - 679649339631191079718141657308874902714133634214263095618264062815243\
      407887524122491336910320704357695400235583659766337023604709714107822092
      *z^94
       - 633664581787440932681175959655904527134048989215294142660747361124184\
      807775730660738755094130133536846638125207698536548196010034916306618173\
      61*z^95
       - 597129473531544210179899946555848460674800293901137982538330048442595\
      389027952439778940003238135862808761135144813281304677754634093261706365\
      3498*z^96
       - 568673741653883498047789786180292660333234900389772217911529171674905\
      663524672544106883432496085652434382220843384749540241335837422043536078\
      429391*z^97
       - 547262273836563959783541726573962511219737494947550858123213879887438\
      307121867358385344709834384400059982912829321531869673955503673652024789\
      75076609*z^98
       - 532131025023051215104723855893223777252746996282539777400113230033140\
      183594646288354070618500105097657156459295776928604496628852031197919634\
      5371979402*z^99
       - 522740817570500736915662109817062663624122249575851442120669104451076\
      785983110969577594783970464559347726673838706868532464813661425731515008\
      964758251076*z^100
      ;

   C =
       + z
       + z^2
       + 2*z^3
       + z^4
       + 2*z^5
       + z^6
       + z^7
       - 21*z^8
       - 124*z^9
       - 1202*z^10
       - 10738*z^11
       - 112901*z^12
       - 1271148*z^13
       - 15668391*z^14
       - 208214777*z^15
       - 2975254451*z^16
       - 45461625359*z^17
       - 739893578047*z^18
       - 12778114627508*z^19
       - 233408899105558*z^20
       - 4496132497831407*z^21
       - 91091645679446461*z^22
       - 1936379858877834747*z^23
       - 43094745680952008543*z^24
       - 1002100270030607347573*z^25
       - 24302700353020601168992*z^26
       - 613650803458401771479119*z^27
       - 16107743361993486194034540*z^28
       - 438902429975398612431848045*z^29
       - 12397644375132397864404199187*z^30
       - 362582157827357812131834217823*z^31
       - 10966399379268129829010519046879*z^32
       - 342640766844108391451674689928630*z^33
       - 11048108665074335919104568130208431*z^34
       - 367277459990986661628314463433402580*z^35
       - 12576682872062634044272043775554160433*z^36
       - 443234899095863075723480635463788928709*z^37
       - 16063821921029780164765133704256238195927*z^38
       - 598247525781244801508378262150063312938570*z^39
       - 22877968633500907328976470314152047818481398*z^40
       - 897763673443485412597978472013796787292922838*z^41
       - 36127090539409638759069882568572132633878249395*z^42
       - 1489918428132324146867947450514942410388745528754*z^43
       - 62935471816962465750658950507181753785388620971903*z^44
       - 2721377834551180454970500147887663029680236590626457*z^45
       - 120395564672901178980349820575123459836090342319042427*z^46
       - 5446766027248621853207954399478692181326420688774013267*z^47
       - 251861337667299977112664998543647495400113662092538977481*z^48
       - 11898052083639255712952696992875093683509581548874100474831*z^49
       - 573967508915217214914000163053369133010700909894871257485448*z^50
       - 28262417609342282758356752090021693238253193657887147024408329*z^51
       - 1419916580204654741633791243132117625395745506528103286408396341*z^52
       - 72757183833035758878171487972245920420621500213741153931849689160*
      z^53
       - 3800870804379140779401841557098962534863805912858288307976806054892*
      z^54
       - 202360349485070677800254991368276306501894947135212998668889807233794
      *z^55
       - 109761401213315597087651091114303547814787037582862785113962569181121\
      92*z^56
       - 606328783893852779536384421024172562464338772438549291716896149554095\
      436*z^57
       - 341003433944814325001664792173848434507958976754486283834678879817658\
      31441*z^58
       - 195192917492456685743261667077008879312275636991913193189136262398537\
      9001955*z^59
       - 113681961423518801585551997752623999048845213028532478999329280242851\
      080110264*z^60
       - 673462212181829983990450300911439553861696193540583745696936398972896\
      0309691852*z^61
       - 405700304014617470798642049233952286594336695709086784301821522366739\
      729388618743*z^62
       - 248455254287362801633935507800623147316623994933484476947260350635580\
      81682111843011*z^63
       - 154641477091100665078189820860162200030035308059240590922323256136916\
      6831648208010383*z^64
       - 977972476978754179538371931568993255302646508354719798910405664433509\
      09366548940161469*z^65
       - 628263051374995746711258574191989404668171317204945877408556860454884\
      2710899393389526697*z^66
       - 409888190356143790526825386035094509254821069627573320691352668107378\
      303520336500633868095*z^67
       - 271516513392894408325943049353815943971964382147136926054865492734409\
      06353223139195291988790*z^68
       - 182572372543567176418929375076870946560222473138211893203828394737392\
      2919410628693664630402802*z^69
       - 124590742144471712714271437225476630976392434578366807369596433872287\
      328183399359868416491518779*z^70
       - 862690699363556748108647497309772385413115435511348559368101695497235\
      9736825863859534354652584587*z^71
       - 605971905810583129858274152066533274723658747367182594325064179797526\
      633740285917963573886909959507*z^72
       - 431707760416991228286847893240291873317294447894827708978272941094593\
      84828677118951740924299810981301*z^73
       - 311875765012771581858010356224975585298759733342761593708315767919387\
      6684085388162787700834726390037366*z^74
       - 228425495000759083781544646787315746216318957498275766640793659499600\
      019109081404785548233215276204048494*z^75
       - 169589015368888517439366839235721457165147803375662671308070960296198\
      25899371048370448107351913107480354648*z^76
       - 127603401097885224969924765996363651837402111994495250433195287313445\
      0258168711820823006234233960144198644269*z^77
       - 972884847110642461679321300046558249736531294159938257201482615169413\
      19500400667643679530783222362077210528504*z^78
       - 751485414052138851059016009757718493688350315092530158295989566592286\
      5470412728927297400559212896107937104796704*z^79
       - 587985736088288600791299436759504775882901826164865134076969354349627\
      451823149760803015330179090785529035413540768*z^80
       - 465939130562934048492627820648484463665332759605161856361642963617772\
      79418511993950880561129355063687259326580093584*z^81
       - 373885444453883642071532399573424426301423835271182099388771054341852\
      8310570801928727182752658554779321378326537134006*z^82
       - 303757803290226030993004211103021524586068980855962009585792378979845\
      470630849464865412089982583929461672128405093293275*z^83
       - 249821622246732642840272232946559542570673276673439647708313339625147\
      43974362544833622065610652141494728660055567157780835*z^84
       - 207961084979918936522203303303533135149601793783526097326661179700902\
      8757535019281589848732219913081290615283710096290453721*z^85
       - 175194675278404833356765814424091292720764050204624773738101202626383\
      750770411925275208377022628420704812627135033619861614289*z^86
       - 149343145737126643502675327568689578305345872514654557431408818714792\
      05381731655348530167063187062850864326058764129110454854816*z^87
       - 128799882576185815560493082063950686605699403215720631715698376842453\
      4795398425895815744885307904048422912299979383077445330214683*z^88
       - 112370680768294796208819436864848485508469113002590178643181162451365\
      623260991673057354220617257671361141209945537295966337425801080*z^89
       - 991609899766524093465744128121819983145849905445622065022921530041051\
      4930673248511675048111063461249222086832545114317534435031090680*z^90
       - 884959108515155745503425869358778543803632494715525389347731873494224\
      316834782352612857567961023178919669551197834077530436784408930326*z^91
       - 798629806515772326920528862116370870383841105945243834129495264231076\
      61213147849943298974636208985729954583483570276936967457132357166182*
      z^92
       - 728709520887362868760426545836752993879013098695163148879810850453005\
      2697505224000192117140854823181420870602913601690340647399058867578750*
      z^93
       - 672198917983325930634006657478688497245025529435689981089749108144158\
      320149953761553298167117174245307578170258948760212278026731117607169151
      *z^94
       - 626793602076770435612047040552128840266007260571738690652811105647508\
      876149545230896057856560513037596261222491611572324538426199351819087798\
      84*z^95
       - 590724134070223075390431357018112501032962536485735837562782521629421\
      097813499562947677932124174155045084583134019444934567166997935115390910\
      4820*z^96
       - 562638408261504188799023713132664015317160418600659395517164346131370\
      059032601092218016515205089984550593225765648412292715515327403180671366\
      601439*z^97
       - 541515196679099186401407703802391147171645220019525640600739957853486\
      099663584195171795227028493582266682087690389705369668015015489272667683\
      23035553*z^98
       - 526600944186412522862416892639901273613095791876180508419003466734030\
      144254899339396884817890166917937923351201915543658074136616937092958925\
      7376371674*z^99
       - 517364218454502374839623546721783826121378541888886632118436091585133\
      579165853212698923487537607633251476021285069776407303171308497331357469\
      167366322874*z^100
      ;

  36666.60 sec + 34070869.79 sec: 34107536.40 sec out of 1088481.25 sec
