
Time =       0.00 sec    Generated terms =        296
            Vtop         Terms in output =        296
                         Bytes used      =      18772

Time =       0.00 sec    Generated terms =        296
            Vbot         Terms in output =        296
                         Bytes used      =      18772

Time =       0.00 sec    Generated terms =        296
            Vbot         Terms in output =        296
                         Bytes used      =      23036

Time =       0.00 sec    Generated terms =        296
            Vtop         Terms in output =        296
                         Bytes used      =      23036

Time =       0.00 sec    Generated terms =        296
            Vtop         Terms in output =        296
                         Bytes used      =      23036

Time =       0.00 sec    Generated terms =        296
            Vbot         Terms in output =        296
                         Bytes used      =      23036

Time =       0.00 sec    Generated terms =        152
            Vbot         Terms in output =        152
                         Bytes used      =      15268

Time =       0.00 sec    Generated terms =        152
            Vbot         Terms in output =        152
                         Bytes used      =      11052

Time =       0.00 sec    Generated terms =        296
            Vtop         Terms in output =        296
                         Bytes used      =      23036

Time =       0.00 sec    Generated terms =        152
            Vbot         Terms in output =        152
                         Bytes used      =      11052

Time =       0.00 sec    Generated terms =        116
            Vbot         Terms in output =        116
                         Bytes used      =      10828

Time =       0.00 sec    Generated terms =        116
            Vbot         Terms in output =         68
                         Bytes used      =       4060

Time =       0.00 sec    Generated terms =        296
            Vtop         Terms in output =        296
                         Bytes used      =      23036

Time =       0.00 sec    Generated terms =         68
            Vbot         Terms in output =         68
                         Bytes used      =       4060

Time =       0.00 sec    Generated terms =      20128
   MM6x11SO4Hans         Terms in output =      19440
                         Bytes used      =    1484380

Time =       0.01 sec    Generated terms =      22776
   MM6x11SO4Hans         Terms in output =      22776
                         Bytes used      =    1761576

Time =       0.01 sec    Generated terms =      24548
   MM6x11SO4Hans         Terms in output =      24548
                         Bytes used      =    1931872

Time =       0.01 sec    Generated terms =      25868
   MM6x11SO4Hans         Terms in output =      25868
                         Bytes used      =    2066692

Time =       0.02 sec    Generated terms =      26424
   MM6x11SO4Hans         Terms in output =      26424
                         Bytes used      =    2118340

Time =       0.02 sec    Generated terms =      26980
   MM6x11SO4Hans         Terms in output =      26980
                         Bytes used      =    2169472

Time =       0.03 sec    Generated terms =      29258
   MM6x11SO4Hans         Terms in output =      29258
                         Bytes used      =    2382108

Time =       0.03 sec    Generated terms =      31536
   MM6x11SO4Hans         Terms in output =      31536
                         Bytes used      =    2593060

Time =       0.04 sec    Generated terms =      33814
   MM6x11SO4Hans         Terms in output =      33814
                         Bytes used      =    2775556

Time =       0.04 sec    Generated terms =      36092
   MM6x11SO4Hans         Terms in output =      36092
                         Bytes used      =    2956088

Time =       0.04 sec    Generated terms =      16652
   MM6x11SO4Hans         Terms in output =      14428
                         Bytes used      =    1046628

Time =       0.05 sec    Generated terms =      14428
   MM6x11SO4Hans         Terms in output =      14428
                         Bytes used      =    1046628

Time =       0.05 sec    Generated terms =      15228
   MM6x11SO4Hans         Terms in output =      15228
                         Bytes used      =    1110632

Time =       0.05 sec    Generated terms =      16556
   MM6x11SO4Hans         Terms in output =      16556
                         Bytes used      =    1196976

Time =       0.05 sec    Generated terms =      17380
   MM6x11SO4Hans         Terms in output =      17380
                         Bytes used      =    1252552

Time =       0.06 sec    Generated terms =      17780
   MM6x11SO4Hans         Terms in output =      17780
                         Bytes used      =    1278936

Time =       0.06 sec    Generated terms =      18180
   MM6x11SO4Hans         Terms in output =      18180
                         Bytes used      =    1305320

Time =       0.06 sec    Generated terms =      19096
   MM6x11SO4Hans         Terms in output =      19096
                         Bytes used      =    1371028

Time =       0.06 sec    Generated terms =      20012
   MM6x11SO4Hans         Terms in output =      20012
                         Bytes used      =    1436384

Time =       0.07 sec    Generated terms =      20928
   MM6x11SO4Hans         Terms in output =      20928
                         Bytes used      =    1499824

Time =       0.07 sec    Generated terms =      21844
   MM6x11SO4Hans         Terms in output =      21844
                         Bytes used      =    1563252

Time =       0.07 sec    Generated terms =       7416
   MM6x11SO4Hans         Terms in output =       3014
                         Bytes used      =     182016

Time =       0.07 sec    Generated terms =       3014
   MM6x11SO4Hans         Terms in output =       3014
                         Bytes used      =     182016

Time =       0.07 sec    Generated terms =       3488
   MM6x11SO4Hans         Terms in output =       3488
                         Bytes used      =     210680

Time =       0.07 sec    Generated terms =       3488
   MM6x11SO4Hans         Terms in output =       3488
                         Bytes used      =     210680

Time =       0.07 sec    Generated terms =       4000
   MM6x11SO4Hans         Terms in output =       4000
                         Bytes used      =     240408

Time =       0.07 sec    Generated terms =       4000
   MM6x11SO4Hans         Terms in output =       4000
                         Bytes used      =     240408

Time =       0.08 sec    Generated terms =       4202
   MM6x11SO4Hans         Terms in output =       4202
                         Bytes used      =     251920

Time =       0.08 sec    Generated terms =       4202
   MM6x11SO4Hans         Terms in output =       4202
                         Bytes used      =     251920

Time =       0.08 sec    Generated terms =       4656
   MM6x11SO4Hans         Terms in output =       4656
                         Bytes used      =     278952

Time =       0.08 sec    Generated terms =       4656
   MM6x11SO4Hans         Terms in output =       4656
                         Bytes used      =     278952

Time =       0.08 sec    Generated terms =       5110
   MM6x11SO4Hans         Terms in output =       5110
                         Bytes used      =     305900

Time =       0.08 sec    Generated terms =       5110
   MM6x11SO4Hans         Terms in output =       5110
                         Bytes used      =     305900

Time =       0.08 sec    Generated terms =       5285
   MM6x11SO4Hans         Terms in output =       5285
                         Bytes used      =     316836

Time =       0.08 sec    Generated terms =       5285
   MM6x11SO4Hans         Terms in output =       5285
                         Bytes used      =     316836

Time =       0.08 sec    Generated terms =       5461
   MM6x11SO4Hans         Terms in output =       5461
                         Bytes used      =     327760

Time =       0.08 sec    Generated terms =       5461
   MM6x11SO4Hans         Terms in output =       5461
                         Bytes used      =     327760

Time =       0.08 sec    Generated terms =       5636
   MM6x11SO4Hans         Terms in output =       5636
                         Bytes used      =     338552

Time =       0.08 sec    Generated terms =       5636
   MM6x11SO4Hans         Terms in output =       5636
                         Bytes used      =     338552

Time =       0.09 sec    Generated terms =       5812
   MM6x11SO4Hans         Terms in output =       5812
                         Bytes used      =     349476

Time =       0.09 sec    Generated terms =       2798
   MM6x11SO4Hans         Terms in output =       2427
                         Bytes used      =     134160

Time =       0.09 sec    Generated terms =       2427
   MM6x11SO4Hans         Terms in output =       2427
                         Bytes used      =     134160

Time =       0.09 sec    Generated terms =       2427
   MM6x11SO4Hans         Terms in output =        303
                         Bytes used      =      17152

Time =       0.09 sec    Generated terms =        387
   MM6x11SO4Hans         Terms in output =        101
                         Bytes used      =       5412

Time =       0.09 sec    Generated terms =        101
   MM6x11SO4Hans         Terms in output =        101
                         Bytes used      =       5412

Time =       0.09 sec    Generated terms =         98
   MM6x11SO4Hans         Terms in output =         61
                         Bytes used      =       3032

Time =       0.09 sec    Generated terms =         61
   MM6x11SO4Hans         Terms in output =         61
                         Bytes used      =       2744

   MM6x11SO4Hans =

       + A(muu)^2*i_*F^-4 * (
          + 1/36*mdd
          + 1/36*muu
          - 1/18*p1ext.p1ext
          )

       + A(muu)*A(mp2)*i_*F^-4 * (
          - 1/9*mp2
          + 5/36*mdd
          + 19/72*muu
          - 1/12*p1ext.p1ext
          )

       + A(muu)*B(mp2,mp2,0)*i_*F^-4 * (
          - 1/36*mp2^2
          + 1/12*mdd*mp2
          - 5/144*mdd^2
          + 1/6*muu*mp2
          - 13/144*muu*mdd
          - 1/18*muu^2
          - 1/36*p1ext.p1ext*mp2
          + 1/72*p1ext.p1ext*mdd
          + 7/72*p1ext.p1ext*muu
          )

       + A(mdd)^2*i_*F^-4 * (
          + 1/36*mdd
          + 1/36*muu
          - 1/18*p1ext.p1ext
          )

       + A(mdd)*A(mp2)*i_*F^-4 * (
          - 1/9*mp2
          + 19/72*mdd
          + 5/36*muu
          - 1/12*p1ext.p1ext
          )

       + A(mdd)*B(mp2,mp2,0)*i_*F^-4 * (
          - 1/36*mp2^2
          + 1/6*mdd*mp2
          - 1/18*mdd^2
          + 1/12*muu*mp2
          - 13/144*muu*mdd
          - 5/144*muu^2
          - 1/36*p1ext.p1ext*mp2
          + 7/72*p1ext.p1ext*mdd
          + 1/72*p1ext.p1ext*muu
          )

       + A(mp2)^2*i_*F^-4 * (
          - 1/2*mp2
          + 7/24*mdd
          + 7/24*muu
          - 1/6*p1ext.p1ext
          )

       + A(mp2)*B(muu,muu,0)*i_*F^-4 * (
          + 1/36*mdd*mp2
          - 1/72*mdd^2
          + 1/36*muu*mp2
          - 7/144*muu*mdd
          - 5/144*muu^2
          - 1/18*p1ext.p1ext*mp2
          + 1/36*p1ext.p1ext*mdd
          + 5/72*p1ext.p1ext*muu
          )

       + A(mp2)*B(mdd,mdd,0)*i_*F^-4 * (
          + 1/36*mdd*mp2
          - 5/144*mdd^2
          + 1/36*muu*mp2
          - 7/144*muu*mdd
          - 1/72*muu^2
          - 1/18*p1ext.p1ext*mp2
          + 5/72*p1ext.p1ext*mdd
          + 1/36*p1ext.p1ext*muu
          )

       + A(mp2)*B(mp2,mp2,0)*i_*F^-4 * (
          - 1/3*mp2^2
          + 11/24*mdd*mp2
          - 13/64*mdd^2
          + 11/24*muu*mp2
          - 13/32*muu*mdd
          - 13/64*muu^2
          - 1/3*p1ext.p1ext*mp2
          + 1/8*p1ext.p1ext*mdd
          + 1/8*p1ext.p1ext*muu
          );

