
Time =       0.00 sec    Generated terms =         76
   MM2x11SO4Hans         Terms in output =         76
                         Bytes used      =       3796

Time =       0.00 sec    Generated terms =         76
   MM2x11SO4Hans         Terms in output =         76
                         Bytes used      =       3796

Time =       0.00 sec    Generated terms =         20
   MM2x11SO4Hans         Terms in output =         20
                         Bytes used      =       1016

Time =       0.00 sec    Generated terms =         20
   MM2x11SO4Hans         Terms in output =         20
                         Bytes used      =        904

Time =       0.00 sec    Generated terms =         20
   MM2x11SO4Hans         Terms in output =         20
                         Bytes used      =        904

Time =       0.00 sec    Generated terms =         20
   MM2x11SO4Hans         Terms in output =         20
                         Bytes used      =       1016

Time =       0.00 sec    Generated terms =         20
   MM2x11SO4Hans         Terms in output =         10
                         Bytes used      =        432

Time =       0.00 sec    Generated terms =         10
   MM2x11SO4Hans         Terms in output =         10
                         Bytes used      =        432

Time =       0.00 sec    Generated terms =         10
   MM2x11SO4Hans         Terms in output =         10
                         Bytes used      =        488

   MM2x11SO4Hans =
       + i_*F^-2*L8 * (  - 4*mdd^2 - 8*muu*mdd - 4*muu^2 )

       + i_*F^-2*L6 * (  - 16*mdd^2 - 32*muu*mdd - 16*muu^2 )

       + i_*F^-2*L5 * ( 4*p1ext.p1ext*mdd + 4*p1ext.p1ext*muu )

       + i_*F^-2*L4 * ( 16*p1ext.p1ext*mdd + 16*p1ext.p1ext*muu );

