
Time =       0.00 sec    Generated terms =       2748
   MM7x11SO4Hans         Terms in output =       2748
                         Bytes used      =     267132

Time =       0.00 sec    Generated terms =       2748
   MM7x11SO4Hans         Terms in output =       2748
                         Bytes used      =     267132

Time =       0.00 sec    Generated terms =       1962
   MM7x11SO4Hans         Terms in output =       1962
                         Bytes used      =     239752

Time =       0.00 sec    Generated terms =       1962
   MM7x11SO4Hans         Terms in output =       1962
                         Bytes used      =     184852

Time =       0.00 sec    Generated terms =       1962
   MM7x11SO4Hans         Terms in output =       1962
                         Bytes used      =     184852

Time =       0.00 sec    Generated terms =       1840
   MM7x11SO4Hans         Terms in output =       1840
                         Bytes used      =     210608

Time =       0.00 sec    Generated terms =       1840
   MM7x11SO4Hans         Terms in output =       1154
                         Bytes used      =      92144

Time =       0.00 sec    Generated terms =       1154
   MM7x11SO4Hans         Terms in output =       1154
                         Bytes used      =      92144

Time =       0.00 sec    Generated terms =       1154
   MM7x11SO4Hans         Terms in output =       1154
                         Bytes used      =      92144

Time =       0.00 sec    Generated terms =       1672
   MM7x11SO4Hans         Terms in output =       1672
                         Bytes used      =     132520

Time =       0.00 sec    Generated terms =       1672
   MM7x11SO4Hans         Terms in output =       1672
                         Bytes used      =     132520

Time =       0.00 sec    Generated terms =       1815
   MM7x11SO4Hans         Terms in output =       1815
                         Bytes used      =     142340

Time =       0.00 sec    Generated terms =       1815
   MM7x11SO4Hans         Terms in output =       1815
                         Bytes used      =     142340

Time =       0.01 sec    Generated terms =       1984
   MM7x11SO4Hans         Terms in output =       1984
                         Bytes used      =     154536

Time =       0.01 sec    Generated terms =       1984
   MM7x11SO4Hans         Terms in output =       1984
                         Bytes used      =     154536

Time =       0.01 sec    Generated terms =       2059
   MM7x11SO4Hans         Terms in output =       2059
                         Bytes used      =     159032

Time =       0.01 sec    Generated terms =       2059
   MM7x11SO4Hans         Terms in output =       2059
                         Bytes used      =     159032

Time =       0.01 sec    Generated terms =       2134
   MM7x11SO4Hans         Terms in output =       2134
                         Bytes used      =     163528

Time =       0.01 sec    Generated terms =       2134
   MM7x11SO4Hans         Terms in output =       2134
                         Bytes used      =     163528

Time =       0.01 sec    Generated terms =       2309
   MM7x11SO4Hans         Terms in output =       2309
                         Bytes used      =     176044

Time =       0.01 sec    Generated terms =       2309
   MM7x11SO4Hans         Terms in output =       2309
                         Bytes used      =     176044

Time =       0.01 sec    Generated terms =       2484
   MM7x11SO4Hans         Terms in output =       2484
                         Bytes used      =     188564

Time =       0.01 sec    Generated terms =       2484
   MM7x11SO4Hans         Terms in output =       2484
                         Bytes used      =     188564

Time =       0.01 sec    Generated terms =       2659
   MM7x11SO4Hans         Terms in output =       2659
                         Bytes used      =     200888

Time =       0.01 sec    Generated terms =       2659
   MM7x11SO4Hans         Terms in output =       2659
                         Bytes used      =     200888

Time =       0.01 sec    Generated terms =       2834
   MM7x11SO4Hans         Terms in output =       2834
                         Bytes used      =     213224

Time =       0.01 sec    Generated terms =       1680
   MM7x11SO4Hans         Terms in output =       1282
                         Bytes used      =      79264

Time =       0.01 sec    Generated terms =       1282
   MM7x11SO4Hans         Terms in output =       1282
                         Bytes used      =      79264

Time =       0.02 sec    Generated terms =       1558
   MM7x11SO4Hans         Terms in output =       1558
                         Bytes used      =      95676

Time =       0.02 sec    Generated terms =       1558
   MM7x11SO4Hans         Terms in output =       1558
                         Bytes used      =      95676

Time =       0.02 sec    Generated terms =       1658
   MM7x11SO4Hans         Terms in output =       1658
                         Bytes used      =     102192

Time =       0.02 sec    Generated terms =       1658
   MM7x11SO4Hans         Terms in output =       1658
                         Bytes used      =     102192

Time =       0.02 sec    Generated terms =       1774
   MM7x11SO4Hans         Terms in output =       1774
                         Bytes used      =     109756

Time =       0.02 sec    Generated terms =       1774
   MM7x11SO4Hans         Terms in output =       1774
                         Bytes used      =     109756

Time =       0.02 sec    Generated terms =       1826
   MM7x11SO4Hans         Terms in output =       1826
                         Bytes used      =     112960

Time =       0.02 sec    Generated terms =       1826
   MM7x11SO4Hans         Terms in output =       1826
                         Bytes used      =     112960

Time =       0.02 sec    Generated terms =       1878
   MM7x11SO4Hans         Terms in output =       1878
                         Bytes used      =     116164

Time =       0.02 sec    Generated terms =       1878
   MM7x11SO4Hans         Terms in output =       1878
                         Bytes used      =     116164

Time =       0.02 sec    Generated terms =       1986
   MM7x11SO4Hans         Terms in output =       1986
                         Bytes used      =     123044

Time =       0.02 sec    Generated terms =       1986
   MM7x11SO4Hans         Terms in output =       1986
                         Bytes used      =     123044

Time =       0.02 sec    Generated terms =       2094
   MM7x11SO4Hans         Terms in output =       2094
                         Bytes used      =     129860

Time =       0.02 sec    Generated terms =       2094
   MM7x11SO4Hans         Terms in output =       2094
                         Bytes used      =     129860

Time =       0.02 sec    Generated terms =       2202
   MM7x11SO4Hans         Terms in output =       2202
                         Bytes used      =     136612

Time =       0.02 sec    Generated terms =       2202
   MM7x11SO4Hans         Terms in output =       2202
                         Bytes used      =     136612

Time =       0.02 sec    Generated terms =       2310
   MM7x11SO4Hans         Terms in output =       2310
                         Bytes used      =     143180

Time =       0.02 sec    Generated terms =       1028
   MM7x11SO4Hans         Terms in output =        642
                         Bytes used      =      34280

Time =       0.02 sec    Generated terms =        642
   MM7x11SO4Hans         Terms in output =        642
                         Bytes used      =      34280

Time =       0.03 sec    Generated terms =        642
   MM7x11SO4Hans         Terms in output =         90
                         Bytes used      =       4928

Time =       0.03 sec    Generated terms =         45
   MM7x11SO4Hans         Terms in output =         21
                         Bytes used      =       1048

Time =       0.03 sec    Generated terms =         21
   MM7x11SO4Hans         Terms in output =         21
                         Bytes used      =       1024

   MM7x11SO4Hans =

       + A(muu)^2*i_*F^-4 * (
          - 1/90*mdd
          + 2/45*muu
          + 1/45*p1ext.p1ext
          )

       + A(muu)*A(mdd)*i_*F^-4 * (
          - 1/180*mdd
          - 1/180*muu
          + 1/15*p1ext.p1ext
          )

       + A(muu)*A(mp2)*i_*F^-4 * (
          + 1/9*mp2
          - 11/144*mdd
          - 1/144*muu
          + 1/6*p1ext.p1ext
          )

       + A(mdd)^2*i_*F^-4 * (
          + 2/45*mdd
          - 1/90*muu
          + 1/45*p1ext.p1ext
          )

       + A(mdd)*A(mp2)*i_*F^-4 * (
          + 1/9*mp2
          - 1/144*mdd
          - 11/144*muu
          + 1/6*p1ext.p1ext
          )

       + A(mp2)^2*i_*F^-4 * (
          + 17/45*mp2
          - 167/960*mdd
          - 167/960*muu
          + 2/15*p1ext.p1ext
          );

