
Time =       0.00 sec    Generated terms =         60
   MM3x11SP4Hans         Terms in output =         60
                         Bytes used      =       5088

Time =       0.00 sec    Generated terms =         60
   MM3x11SP4Hans         Terms in output =         60
                         Bytes used      =       5088

Time =       0.00 sec    Generated terms =         48
   MM3x11SP4Hans         Terms in output =         48
                         Bytes used      =       4364

Time =       0.00 sec    Generated terms =         48
   MM3x11SP4Hans         Terms in output =         48
                         Bytes used      =       3612

Time =       0.00 sec    Generated terms =         48
   MM3x11SP4Hans         Terms in output =         48
                         Bytes used      =       3612

Time =       0.00 sec    Generated terms =         64
   MM3x11SP4Hans         Terms in output =         64
                         Bytes used      =       6076

Time =       0.00 sec    Generated terms =         64
   MM3x11SP4Hans         Terms in output =         36
                         Bytes used      =       2340

Time =       0.00 sec    Generated terms =         36
   MM3x11SP4Hans         Terms in output =         36
                         Bytes used      =       2340

Time =       0.00 sec    Generated terms =         36
   MM3x11SP4Hans         Terms in output =         36
                         Bytes used      =       2340

Time =       0.00 sec    Generated terms =         48
   MM3x11SP4Hans         Terms in output =         48
                         Bytes used      =       3156

Time =       0.00 sec    Generated terms =         48
   MM3x11SP4Hans         Terms in output =         48
                         Bytes used      =       3156

Time =       0.00 sec    Generated terms =         54
   MM3x11SP4Hans         Terms in output =         54
                         Bytes used      =       3520

Time =       0.00 sec    Generated terms =         54
   MM3x11SP4Hans         Terms in output =         54
                         Bytes used      =       3520

Time =       0.00 sec    Generated terms =         60
   MM3x11SP4Hans         Terms in output =         60
                         Bytes used      =       3884

Time =       0.00 sec    Generated terms =         60
   MM3x11SP4Hans         Terms in output =         60
                         Bytes used      =       3884

Time =       0.00 sec    Generated terms =         66
   MM3x11SP4Hans         Terms in output =         66
                         Bytes used      =       4248

Time =       0.00 sec    Generated terms =         66
   MM3x11SP4Hans         Terms in output =         66
                         Bytes used      =       4248

Time =       0.00 sec    Generated terms =         72
   MM3x11SP4Hans         Terms in output =         72
                         Bytes used      =       4612

Time =       0.00 sec    Generated terms =         36
   MM3x11SP4Hans         Terms in output =         26
                         Bytes used      =       1388

Time =       0.00 sec    Generated terms =         26
   MM3x11SP4Hans         Terms in output =          6
                         Bytes used      =        336

Time =       0.00 sec    Generated terms =          4
   MM3x11SP4Hans         Terms in output =          4
                         Bytes used      =        192

Time =       0.00 sec    Generated terms =          4
   MM3x11SP4Hans         Terms in output =          4
                         Bytes used      =        188

   MM3x11SP4Hans =

       + A(mp2)*i_*F^-2 * (
          + 2/3*mp2
          - 7/24*mdd
          - 7/24*muu
          + 2/3*p1ext.p1ext
          );

