
Time =       0.00 sec    Generated terms =         60
            Vtop         Terms in output =         60
                         Bytes used      =       4076

Time =       0.00 sec    Generated terms =         60
            Vbot         Terms in output =         60
                         Bytes used      =       4076

Time =       0.00 sec    Generated terms =         60
            Vbot         Terms in output =         60
                         Bytes used      =       4728

Time =       0.00 sec    Generated terms =         60
            Vtop         Terms in output =         60
                         Bytes used      =       4728

Time =       0.00 sec    Generated terms =         60
            Vtop         Terms in output =         60
                         Bytes used      =       4728

Time =       0.00 sec    Generated terms =         60
            Vbot         Terms in output =         60
                         Bytes used      =       4728

Time =       0.00 sec    Generated terms =         48
            Vbot         Terms in output =         48
                         Bytes used      =       4076

Time =       0.00 sec    Generated terms =         48
            Vbot         Terms in output =         48
                         Bytes used      =       3324

Time =       0.00 sec    Generated terms =         60
            Vtop         Terms in output =         60
                         Bytes used      =       4728

Time =       0.00 sec    Generated terms =         48
            Vbot         Terms in output =         48
                         Bytes used      =       3324

Time =       0.00 sec    Generated terms =         64
            Vbot         Terms in output =         64
                         Bytes used      =       5724

Time =       0.00 sec    Generated terms =         64
            Vbot         Terms in output =         36
                         Bytes used      =       2132

Time =       0.00 sec    Generated terms =         60
            Vtop         Terms in output =         60
                         Bytes used      =       4728

Time =       0.00 sec    Generated terms =         36
            Vbot         Terms in output =         36
                         Bytes used      =       2132

Time =       0.00 sec    Generated terms =       2160
   MM6x11SP4Hans         Terms in output =       2010
                         Bytes used      =     149364

Time =       0.00 sec    Generated terms =       3018
   MM6x11SP4Hans         Terms in output =       3018
                         Bytes used      =     229664

Time =       0.00 sec    Generated terms =       3570
   MM6x11SP4Hans         Terms in output =       3570
                         Bytes used      =     278400

Time =       0.00 sec    Generated terms =       4122
   MM6x11SP4Hans         Terms in output =       4122
                         Bytes used      =     326420

Time =       0.00 sec    Generated terms =       4674
   MM6x11SP4Hans         Terms in output =       4674
                         Bytes used      =     373724

Time =       0.01 sec    Generated terms =       5226
   MM6x11SP4Hans         Terms in output =       5226
                         Bytes used      =     420152

Time =       0.01 sec    Generated terms =       3216
   MM6x11SP4Hans         Terms in output =       2544
                         Bytes used      =     176472

Time =       0.01 sec    Generated terms =       2544
   MM6x11SP4Hans         Terms in output =       2544
                         Bytes used      =     176472

Time =       0.01 sec    Generated terms =       2976
   MM6x11SP4Hans         Terms in output =       2976
                         Bytes used      =     210880

Time =       0.01 sec    Generated terms =       3704
   MM6x11SP4Hans         Terms in output =       3704
                         Bytes used      =     257672

Time =       0.01 sec    Generated terms =       4432
   MM6x11SP4Hans         Terms in output =       4432
                         Bytes used      =     304448

Time =       0.01 sec    Generated terms =       5160
   MM6x11SP4Hans         Terms in output =       5160
                         Bytes used      =     351208

Time =       0.01 sec    Generated terms =       5888
   MM6x11SP4Hans         Terms in output =       5888
                         Bytes used      =     397956

Time =       0.01 sec    Generated terms =       3344
   MM6x11SP4Hans         Terms in output =       1154
                         Bytes used      =      66388

Time =       0.01 sec    Generated terms =       1154
   MM6x11SP4Hans         Terms in output =       1154
                         Bytes used      =      66388

Time =       0.01 sec    Generated terms =       1352
   MM6x11SP4Hans         Terms in output =       1352
                         Bytes used      =      78748

Time =       0.02 sec    Generated terms =       1352
   MM6x11SP4Hans         Terms in output =       1352
                         Bytes used      =      78748

Time =       0.02 sec    Generated terms =       1588
   MM6x11SP4Hans         Terms in output =       1588
                         Bytes used      =      92172

Time =       0.02 sec    Generated terms =       1588
   MM6x11SP4Hans         Terms in output =       1588
                         Bytes used      =      92172

Time =       0.02 sec    Generated terms =       1826
   MM6x11SP4Hans         Terms in output =       1826
                         Bytes used      =     105612

Time =       0.02 sec    Generated terms =       1826
   MM6x11SP4Hans         Terms in output =       1826
                         Bytes used      =     105612

Time =       0.02 sec    Generated terms =       2066
   MM6x11SP4Hans         Terms in output =       2066
                         Bytes used      =     119068

Time =       0.02 sec    Generated terms =       2066
   MM6x11SP4Hans         Terms in output =       2066
                         Bytes used      =     119068

Time =       0.02 sec    Generated terms =       2308
   MM6x11SP4Hans         Terms in output =       2308
                         Bytes used      =     132540

Time =       0.02 sec    Generated terms =       1154
   MM6x11SP4Hans         Terms in output =        827
                         Bytes used      =      45240

Time =       0.02 sec    Generated terms =        827
   MM6x11SP4Hans         Terms in output =        827
                         Bytes used      =      45240

Time =       0.02 sec    Generated terms =        827
   MM6x11SP4Hans         Terms in output =         45
                         Bytes used      =       2528

Time =       0.02 sec    Generated terms =         57
   MM6x11SP4Hans         Terms in output =         19
                         Bytes used      =        964

Time =       0.02 sec    Generated terms =         19
   MM6x11SP4Hans         Terms in output =         19
                         Bytes used      =        964

Time =       0.02 sec    Generated terms =         18
   MM6x11SP4Hans         Terms in output =         13
                         Bytes used      =        664

Time =       0.02 sec    Generated terms =         13
   MM6x11SP4Hans         Terms in output =         13
                         Bytes used      =        600

   MM6x11SP4Hans =

       + A(mp2)^2*i_*F^-4 * (
          - 4/3*mp2
          + 7/18*mdd
          + 7/18*muu
          - 4/9*p1ext.p1ext
          )

       + A(mp2)*B(mp2,mp2,0)*i_*F^-4 * (
          - 8/9*mp2^2
          + 7/12*mdd*mp2
          - 49/576*mdd^2
          + 7/12*muu*mp2
          - 49/288*muu*mdd
          - 49/576*muu^2
          - 8/9*p1ext.p1ext*mp2
          + 7/36*p1ext.p1ext*mdd
          + 7/36*p1ext.p1ext*muu
          );

