
Time =       0.00 sec    Generated terms =        296
            Vtop         Terms in output =        296
                         Bytes used      =      18772

Time =       0.00 sec    Generated terms =        296
            Vbot         Terms in output =        296
                         Bytes used      =      18772

Time =       0.00 sec    Generated terms =        296
            Vbot         Terms in output =        296
                         Bytes used      =      23036

Time =       0.00 sec    Generated terms =        296
            Vtop         Terms in output =        296
                         Bytes used      =      23036

Time =       0.00 sec    Generated terms =        296
            Vtop         Terms in output =        296
                         Bytes used      =      23036

Time =       0.00 sec    Generated terms =        296
            Vbot         Terms in output =        296
                         Bytes used      =      23036

Time =       0.00 sec    Generated terms =        152
            Vbot         Terms in output =        152
                         Bytes used      =      15392

Time =       0.00 sec    Generated terms =        152
            Vbot         Terms in output =        152
                         Bytes used      =      10880

Time =       0.00 sec    Generated terms =        296
            Vtop         Terms in output =        296
                         Bytes used      =      23036

Time =       0.00 sec    Generated terms =        152
            Vbot         Terms in output =        152
                         Bytes used      =      10880

Time =       0.00 sec    Generated terms =        116
            Vbot         Terms in output =        116
                         Bytes used      =      10776

Time =       0.00 sec    Generated terms =        116
            Vbot         Terms in output =         68
                         Bytes used      =       4032

Time =       0.00 sec    Generated terms =        296
            Vtop         Terms in output =        296
                         Bytes used      =      23036

Time =       0.00 sec    Generated terms =         68
            Vbot         Terms in output =         68
                         Bytes used      =       4032

Time =       0.00 sec    Generated terms =      20128
   MM6x22SO4Hans         Terms in output =      19440
                         Bytes used      =    1484172

Time =       0.01 sec    Generated terms =      21212
   MM6x22SO4Hans         Terms in output =      21212
                         Bytes used      =    1655652

Time =       0.01 sec    Generated terms =      24548
   MM6x22SO4Hans         Terms in output =      24548
                         Bytes used      =    1931692

Time =       0.01 sec    Generated terms =      25868
   MM6x22SO4Hans         Terms in output =      25868
                         Bytes used      =    2066512

Time =       0.02 sec    Generated terms =      26424
   MM6x22SO4Hans         Terms in output =      26424
                         Bytes used      =    2118160

Time =       0.02 sec    Generated terms =      26980
   MM6x22SO4Hans         Terms in output =      26980
                         Bytes used      =    2169292

Time =       0.03 sec    Generated terms =      29258
   MM6x22SO4Hans         Terms in output =      29258
                         Bytes used      =    2381928

Time =       0.03 sec    Generated terms =      31536
   MM6x22SO4Hans         Terms in output =      31536
                         Bytes used      =    2592880

Time =       0.04 sec    Generated terms =      33814
   MM6x22SO4Hans         Terms in output =      33814
                         Bytes used      =    2775376

Time =       0.04 sec    Generated terms =      36092
   MM6x22SO4Hans         Terms in output =      36092
                         Bytes used      =    2955908

Time =       0.05 sec    Generated terms =      16652
   MM6x22SO4Hans         Terms in output =      14428
                         Bytes used      =    1046644

Time =       0.05 sec    Generated terms =      14428
   MM6x22SO4Hans         Terms in output =      14428
                         Bytes used      =    1046644

Time =       0.05 sec    Generated terms =      15756
   MM6x22SO4Hans         Terms in output =      15756
                         Bytes used      =    1144296

Time =       0.05 sec    Generated terms =      16556
   MM6x22SO4Hans         Terms in output =      16556
                         Bytes used      =    1197008

Time =       0.05 sec    Generated terms =      17380
   MM6x22SO4Hans         Terms in output =      17380
                         Bytes used      =    1252584

Time =       0.06 sec    Generated terms =      17780
   MM6x22SO4Hans         Terms in output =      17780
                         Bytes used      =    1278968

Time =       0.06 sec    Generated terms =      18180
   MM6x22SO4Hans         Terms in output =      18180
                         Bytes used      =    1305352

Time =       0.06 sec    Generated terms =      19096
   MM6x22SO4Hans         Terms in output =      19096
                         Bytes used      =    1371060

Time =       0.06 sec    Generated terms =      20012
   MM6x22SO4Hans         Terms in output =      20012
                         Bytes used      =    1436416

Time =       0.07 sec    Generated terms =      20928
   MM6x22SO4Hans         Terms in output =      20928
                         Bytes used      =    1499856

Time =       0.07 sec    Generated terms =      21844
   MM6x22SO4Hans         Terms in output =      21844
                         Bytes used      =    1563284

Time =       0.07 sec    Generated terms =       7416
   MM6x22SO4Hans         Terms in output =       3016
                         Bytes used      =     182116

Time =       0.07 sec    Generated terms =       3016
   MM6x22SO4Hans         Terms in output =       3016
                         Bytes used      =     182116

Time =       0.07 sec    Generated terms =       3528
   MM6x22SO4Hans         Terms in output =       3528
                         Bytes used      =     212048

Time =       0.07 sec    Generated terms =       3528
   MM6x22SO4Hans         Terms in output =       3528
                         Bytes used      =     212048

Time =       0.08 sec    Generated terms =       4004
   MM6x22SO4Hans         Terms in output =       4004
                         Bytes used      =     240608

Time =       0.08 sec    Generated terms =       4004
   MM6x22SO4Hans         Terms in output =       4004
                         Bytes used      =     240608

Time =       0.08 sec    Generated terms =       4206
   MM6x22SO4Hans         Terms in output =       4206
                         Bytes used      =     252120

Time =       0.08 sec    Generated terms =       4206
   MM6x22SO4Hans         Terms in output =       4206
                         Bytes used      =     252120

Time =       0.08 sec    Generated terms =       4660
   MM6x22SO4Hans         Terms in output =       4660
                         Bytes used      =     279152

Time =       0.08 sec    Generated terms =       4660
   MM6x22SO4Hans         Terms in output =       4660
                         Bytes used      =     279152

Time =       0.08 sec    Generated terms =       5114
   MM6x22SO4Hans         Terms in output =       5114
                         Bytes used      =     306100

Time =       0.08 sec    Generated terms =       5114
   MM6x22SO4Hans         Terms in output =       5114
                         Bytes used      =     306100

Time =       0.08 sec    Generated terms =       5289
   MM6x22SO4Hans         Terms in output =       5289
                         Bytes used      =     317036

Time =       0.08 sec    Generated terms =       5289
   MM6x22SO4Hans         Terms in output =       5289
                         Bytes used      =     317036

Time =       0.08 sec    Generated terms =       5465
   MM6x22SO4Hans         Terms in output =       5465
                         Bytes used      =     327960

Time =       0.09 sec    Generated terms =       5465
   MM6x22SO4Hans         Terms in output =       5465
                         Bytes used      =     327960

Time =       0.09 sec    Generated terms =       5640
   MM6x22SO4Hans         Terms in output =       5640
                         Bytes used      =     338752

Time =       0.09 sec    Generated terms =       5640
   MM6x22SO4Hans         Terms in output =       5640
                         Bytes used      =     338752

Time =       0.09 sec    Generated terms =       5816
   MM6x22SO4Hans         Terms in output =       5816
                         Bytes used      =     349676

Time =       0.09 sec    Generated terms =       2800
   MM6x22SO4Hans         Terms in output =       2427
                         Bytes used      =     134160

Time =       0.09 sec    Generated terms =       2427
   MM6x22SO4Hans         Terms in output =       2427
                         Bytes used      =     134160

Time =       0.09 sec    Generated terms =       2427
   MM6x22SO4Hans         Terms in output =        303
                         Bytes used      =      17152

Time =       0.09 sec    Generated terms =        387
   MM6x22SO4Hans         Terms in output =        101
                         Bytes used      =       5412

Time =       0.09 sec    Generated terms =        101
   MM6x22SO4Hans         Terms in output =        101
                         Bytes used      =       5412

Time =       0.09 sec    Generated terms =         98
   MM6x22SO4Hans         Terms in output =         61
                         Bytes used      =       3032

Time =       0.09 sec    Generated terms =         61
   MM6x22SO4Hans         Terms in output =         61
                         Bytes used      =       2744

   MM6x22SO4Hans =

       + A(muu)^2*i_*F^-4 * (
          + 1/36*mdd
          + 1/36*muu
          - 1/18*p1ext.p1ext
          )

       + A(muu)*A(mp2)*i_*F^-4 * (
          - 1/9*mp2
          + 5/36*mdd
          + 19/72*muu
          - 1/12*p1ext.p1ext
          )

       + A(muu)*B(mp2,mp2,0)*i_*F^-4 * (
          - 1/36*mp2^2
          + 1/12*mdd*mp2
          - 5/144*mdd^2
          + 1/6*muu*mp2
          - 13/144*muu*mdd
          - 1/18*muu^2
          - 1/36*p1ext.p1ext*mp2
          + 1/72*p1ext.p1ext*mdd
          + 7/72*p1ext.p1ext*muu
          )

       + A(mdd)^2*i_*F^-4 * (
          + 1/36*mdd
          + 1/36*muu
          - 1/18*p1ext.p1ext
          )

       + A(mdd)*A(mp2)*i_*F^-4 * (
          - 1/9*mp2
          + 19/72*mdd
          + 5/36*muu
          - 1/12*p1ext.p1ext
          )

       + A(mdd)*B(mp2,mp2,0)*i_*F^-4 * (
          - 1/36*mp2^2
          + 1/6*mdd*mp2
          - 1/18*mdd^2
          + 1/12*muu*mp2
          - 13/144*muu*mdd
          - 5/144*muu^2
          - 1/36*p1ext.p1ext*mp2
          + 7/72*p1ext.p1ext*mdd
          + 1/72*p1ext.p1ext*muu
          )

       + A(mp2)^2*i_*F^-4 * (
          - 1/2*mp2
          + 7/24*mdd
          + 7/24*muu
          - 1/6*p1ext.p1ext
          )

       + A(mp2)*B(muu,muu,0)*i_*F^-4 * (
          + 1/36*mdd*mp2
          - 1/72*mdd^2
          + 1/36*muu*mp2
          - 7/144*muu*mdd
          - 5/144*muu^2
          - 1/18*p1ext.p1ext*mp2
          + 1/36*p1ext.p1ext*mdd
          + 5/72*p1ext.p1ext*muu
          )

       + A(mp2)*B(mdd,mdd,0)*i_*F^-4 * (
          + 1/36*mdd*mp2
          - 5/144*mdd^2
          + 1/36*muu*mp2
          - 7/144*muu*mdd
          - 1/72*muu^2
          - 1/18*p1ext.p1ext*mp2
          + 5/72*p1ext.p1ext*mdd
          + 1/36*p1ext.p1ext*muu
          )

       + A(mp2)*B(mp2,mp2,0)*i_*F^-4 * (
          - 1/3*mp2^2
          + 11/24*mdd*mp2
          - 13/64*mdd^2
          + 11/24*muu*mp2
          - 13/32*muu*mdd
          - 13/64*muu^2
          - 1/3*p1ext.p1ext*mp2
          + 1/8*p1ext.p1ext*mdd
          + 1/8*p1ext.p1ext*muu
          );

