
Time =       0.00 sec    Generated terms =        296
           Vleft         Terms in output =        296
                         Bytes used      =      18772

Time =       0.00 sec    Generated terms =        296
          Vright         Terms in output =        296
                         Bytes used      =      18772

Time =       0.00 sec    Generated terms =        296
           Vleft         Terms in output =        296
                         Bytes used      =      23036

Time =       0.00 sec    Generated terms =        296
          Vright         Terms in output =        296
                         Bytes used      =      23036

Time =       0.00 sec    Generated terms =        296
           Vleft         Terms in output =        296
                         Bytes used      =      23036

Time =       0.00 sec    Generated terms =        296
          Vright         Terms in output =        296
                         Bytes used      =      23036

Time =       0.00 sec    Generated terms =        152
           Vleft         Terms in output =        152
                         Bytes used      =      15392

Time =       0.00 sec    Generated terms =        152
           Vleft         Terms in output =        152
                         Bytes used      =      10880

Time =       0.00 sec    Generated terms =        152
           Vleft         Terms in output =        152
                         Bytes used      =      10880

Time =       0.00 sec    Generated terms =        296
          Vright         Terms in output =        296
                         Bytes used      =      23036

Time =       0.00 sec    Generated terms =        152
          Vright         Terms in output =        152
                         Bytes used      =      15392

Time =       0.00 sec    Generated terms =        152
          Vright         Terms in output =        152
                         Bytes used      =      10880

Time =       0.00 sec    Generated terms =        152
           Vleft         Terms in output =        152
                         Bytes used      =      10880

Time =       0.00 sec    Generated terms =        152
          Vright         Terms in output =        152
                         Bytes used      =      10880

Time =       0.00 sec    Generated terms =      23104
   MM8x22SO4Hans         Terms in output =      22428
                         Bytes used      =    1886376

Time =       0.01 sec    Generated terms =      24328
   MM8x22SO4Hans         Terms in output =      24328
                         Bytes used      =    2092888

Time =       0.01 sec    Generated terms =      36760
   MM8x22SO4Hans         Terms in output =      36760
                         Bytes used      =    3088080

Time =       0.02 sec    Generated terms =      39048
   MM8x22SO4Hans         Terms in output =      39048
                         Bytes used      =    3361212

Time =       0.02 sec    Generated terms =      39516
   MM8x22SO4Hans         Terms in output =      39516
                         Bytes used      =    3417980

Time =       0.03 sec    Generated terms =      39984
   MM8x22SO4Hans         Terms in output =      39984
                         Bytes used      =    3474908

Time =       0.04 sec    Generated terms =      42536
   MM8x22SO4Hans         Terms in output =      42536
                         Bytes used      =    3741596

Time =       0.04 sec    Generated terms =      45088
   MM8x22SO4Hans         Terms in output =      45088
                         Bytes used      =    4006124

Time =       0.05 sec    Generated terms =      47640
   MM8x22SO4Hans         Terms in output =      47640
                         Bytes used      =    4216044

Time =       0.06 sec    Generated terms =      50192
   MM8x22SO4Hans         Terms in output =      50192
                         Bytes used      =    4425484

Time =       0.06 sec    Generated terms =      27764
   MM8x22SO4Hans         Terms in output =      19700
                         Bytes used      =    1519900

Time =       0.06 sec    Generated terms =      19700
   MM8x22SO4Hans         Terms in output =      19700
                         Bytes used      =    1519900

Time =       0.07 sec    Generated terms =      20796
   MM8x22SO4Hans         Terms in output =      20796
                         Bytes used      =    1619412

Time =       0.07 sec    Generated terms =      26044
   MM8x22SO4Hans         Terms in output =      26044
                         Bytes used      =    2004560

Time =       0.07 sec    Generated terms =      27156
   MM8x22SO4Hans         Terms in output =      27156
                         Bytes used      =    2107456

Time =       0.08 sec    Generated terms =      27510
   MM8x22SO4Hans         Terms in output =      27510
                         Bytes used      =    2138980

Time =       0.08 sec    Generated terms =      27864
   MM8x22SO4Hans         Terms in output =      27864
                         Bytes used      =    2170056

Time =       0.08 sec    Generated terms =      29099
   MM8x22SO4Hans         Terms in output =      29099
                         Bytes used      =    2262568

Time =       0.09 sec    Generated terms =      30334
   MM8x22SO4Hans         Terms in output =      30334
                         Bytes used      =    2355400

Time =       0.09 sec    Generated terms =      31569
   MM8x22SO4Hans         Terms in output =      31569
                         Bytes used      =    2441896

Time =       0.10 sec    Generated terms =      32804
   MM8x22SO4Hans         Terms in output =      32804
                         Bytes used      =    2527944

Time =       0.10 sec    Generated terms =      13104
   MM8x22SO4Hans         Terms in output =       8144
                         Bytes used      =     533800

Time =       0.10 sec    Generated terms =       8144
   MM8x22SO4Hans         Terms in output =       8144
                         Bytes used      =     533800

Time =       0.10 sec    Generated terms =       8728
   MM8x22SO4Hans         Terms in output =       8728
                         Bytes used      =     570716

Time =       0.10 sec    Generated terms =      10128
   MM8x22SO4Hans         Terms in output =      10128
                         Bytes used      =     655572

Time =       0.11 sec    Generated terms =      10792
   MM8x22SO4Hans         Terms in output =      10792
                         Bytes used      =     704948

Time =       0.11 sec    Generated terms =      11012
   MM8x22SO4Hans         Terms in output =      11012
                         Bytes used      =     723876

Time =       0.11 sec    Generated terms =      11232
   MM8x22SO4Hans         Terms in output =      11232
                         Bytes used      =     742164

Time =       0.11 sec    Generated terms =      11894
   MM8x22SO4Hans         Terms in output =      11894
                         Bytes used      =     786292

Time =       0.11 sec    Generated terms =      12556
   MM8x22SO4Hans         Terms in output =      12556
                         Bytes used      =     830580

Time =       0.11 sec    Generated terms =      13218
   MM8x22SO4Hans         Terms in output =      13218
                         Bytes used      =     871844

Time =       0.12 sec    Generated terms =      13880
   MM8x22SO4Hans         Terms in output =      13880
                         Bytes used      =     912884

Time =       0.12 sec    Generated terms =       5736
   MM8x22SO4Hans         Terms in output =       3501
                         Bytes used      =     207232

Time =       0.12 sec    Generated terms =       3501
   MM8x22SO4Hans         Terms in output =       3501
                         Bytes used      =     207232

Time =       0.12 sec    Generated terms =       3501
   MM8x22SO4Hans         Terms in output =        942
                         Bytes used      =      55516

Time =       0.12 sec    Generated terms =      19613
   MM8x22SO4Hans         Terms in output =        443
                         Bytes used      =      29476

Time =       0.12 sec    Generated terms =        621
   MM8x22SO4Hans         Terms in output =        365
                         Bytes used      =      22132

Time =       0.12 sec    Generated terms =        365
   MM8x22SO4Hans         Terms in output =        233
                         Bytes used      =      11976

   MM8x22SO4Hans =

       + i_*F^-4 * (
          - 1/108*H(muu,muu,mp2,p1ext.p1ext)*mp2^2
          - 1/108*H(muu,muu,mp2,p1ext.p1ext)*mdd*mp2
          - 1/432*H(muu,muu,mp2,p1ext.p1ext)*mdd^2
          - 1/108*H(muu,muu,mp2,p1ext.p1ext)*muu*mp2
          - 1/216*H(muu,muu,mp2,p1ext.p1ext)*muu*mdd
          - 1/432*H(muu,muu,mp2,p1ext.p1ext)*muu^2
          + 1/27*H(muu,muu,mp2,p1ext.p1ext)*p1ext.p1ext*mp2
          + 1/54*H(muu,muu,mp2,p1ext.p1ext)*p1ext.p1ext*mdd
          + 1/54*H(muu,muu,mp2,p1ext.p1ext)*p1ext.p1ext*muu
          - 1/27*H(muu,muu,mp2,p1ext.p1ext)*p1ext.p1ext^2
          - 1/54*H(muu,mdd,mp2,p1ext.p1ext)*mp2^2
          + 1/27*H(muu,mdd,mp2,p1ext.p1ext)*mdd*mp2
          - 1/54*H(muu,mdd,mp2,p1ext.p1ext)*mdd^2
          + 1/27*H(muu,mdd,mp2,p1ext.p1ext)*muu*mp2
          - 1/27*H(muu,mdd,mp2,p1ext.p1ext)*muu*mdd
          - 1/54*H(muu,mdd,mp2,p1ext.p1ext)*muu^2
          + 2/27*H(muu,mdd,mp2,p1ext.p1ext)*p1ext.p1ext*mp2
          - 2/27*H(muu,mdd,mp2,p1ext.p1ext)*p1ext.p1ext*mdd
          - 2/27*H(muu,mdd,mp2,p1ext.p1ext)*p1ext.p1ext*muu
          + 5/54*H(muu,mdd,mp2,p1ext.p1ext)*p1ext.p1ext^2
          - 1/108*H(muu,mp2,muu,p1ext.p1ext)*mp2^2
          - 1/108*H(muu,mp2,muu,p1ext.p1ext)*mdd*mp2
          - 1/432*H(muu,mp2,muu,p1ext.p1ext)*mdd^2
          - 1/108*H(muu,mp2,muu,p1ext.p1ext)*muu*mp2
          - 1/216*H(muu,mp2,muu,p1ext.p1ext)*muu*mdd
          - 1/432*H(muu,mp2,muu,p1ext.p1ext)*muu^2
          - 1/54*H(muu,mp2,muu,p1ext.p1ext)*p1ext.p1ext*mp2
          - 1/108*H(muu,mp2,muu,p1ext.p1ext)*p1ext.p1ext*mdd
          - 1/108*H(muu,mp2,muu,p1ext.p1ext)*p1ext.p1ext*muu
          + 2/27*H(muu,mp2,muu,p1ext.p1ext)*p1ext.p1ext^2
          - 1/54*H(muu,mp2,mdd,p1ext.p1ext)*mp2^2
          + 1/27*H(muu,mp2,mdd,p1ext.p1ext)*mdd*mp2
          - 1/54*H(muu,mp2,mdd,p1ext.p1ext)*mdd^2
          + 1/27*H(muu,mp2,mdd,p1ext.p1ext)*muu*mp2
          - 1/27*H(muu,mp2,mdd,p1ext.p1ext)*muu*mdd
          - 1/54*H(muu,mp2,mdd,p1ext.p1ext)*muu^2
          - 1/27*H(muu,mp2,mdd,p1ext.p1ext)*p1ext.p1ext*mp2
          + 1/27*H(muu,mp2,mdd,p1ext.p1ext)*p1ext.p1ext*mdd
          + 1/27*H(muu,mp2,mdd,p1ext.p1ext)*p1ext.p1ext*muu
          - 1/54*H(muu,mp2,mdd,p1ext.p1ext)*p1ext.p1ext^2
          - 1/54*H(muu,mp2,mp2,p1ext.p1ext)*sqrt2^-2*mp2^2
          + 1/27*H(muu,mp2,mp2,p1ext.p1ext)*p1ext.p1ext*sqrt2^-2*mp2
          + 4/27*H(muu,mp2,mp2,p1ext.p1ext)*p1ext.p1ext^2*sqrt2^-2
          - 1/54*H(mdd,muu,mp2,p1ext.p1ext)*mp2^2
          + 1/27*H(mdd,muu,mp2,p1ext.p1ext)*mdd*mp2
          - 1/54*H(mdd,muu,mp2,p1ext.p1ext)*mdd^2
          + 1/27*H(mdd,muu,mp2,p1ext.p1ext)*muu*mp2
          - 1/27*H(mdd,muu,mp2,p1ext.p1ext)*muu*mdd
          - 1/54*H(mdd,muu,mp2,p1ext.p1ext)*muu^2
          + 2/27*H(mdd,muu,mp2,p1ext.p1ext)*p1ext.p1ext*mp2
          - 2/27*H(mdd,muu,mp2,p1ext.p1ext)*p1ext.p1ext*mdd
          - 2/27*H(mdd,muu,mp2,p1ext.p1ext)*p1ext.p1ext*muu
          + 5/54*H(mdd,muu,mp2,p1ext.p1ext)*p1ext.p1ext^2
          - 1/108*H(mdd,mdd,mp2,p1ext.p1ext)*mp2^2
          - 1/108*H(mdd,mdd,mp2,p1ext.p1ext)*mdd*mp2
          - 1/432*H(mdd,mdd,mp2,p1ext.p1ext)*mdd^2
          - 1/108*H(mdd,mdd,mp2,p1ext.p1ext)*muu*mp2
          - 1/216*H(mdd,mdd,mp2,p1ext.p1ext)*muu*mdd
          - 1/432*H(mdd,mdd,mp2,p1ext.p1ext)*muu^2
          + 1/27*H(mdd,mdd,mp2,p1ext.p1ext)*p1ext.p1ext*mp2
          + 1/54*H(mdd,mdd,mp2,p1ext.p1ext)*p1ext.p1ext*mdd
          + 1/54*H(mdd,mdd,mp2,p1ext.p1ext)*p1ext.p1ext*muu
          - 1/27*H(mdd,mdd,mp2,p1ext.p1ext)*p1ext.p1ext^2
          - 1/54*H(mdd,mp2,muu,p1ext.p1ext)*mp2^2
          + 1/27*H(mdd,mp2,muu,p1ext.p1ext)*mdd*mp2
          - 1/54*H(mdd,mp2,muu,p1ext.p1ext)*mdd^2
          + 1/27*H(mdd,mp2,muu,p1ext.p1ext)*muu*mp2
          - 1/27*H(mdd,mp2,muu,p1ext.p1ext)*muu*mdd
          - 1/54*H(mdd,mp2,muu,p1ext.p1ext)*muu^2
          - 1/27*H(mdd,mp2,muu,p1ext.p1ext)*p1ext.p1ext*mp2
          + 1/27*H(mdd,mp2,muu,p1ext.p1ext)*p1ext.p1ext*mdd
          + 1/27*H(mdd,mp2,muu,p1ext.p1ext)*p1ext.p1ext*muu
          - 1/54*H(mdd,mp2,muu,p1ext.p1ext)*p1ext.p1ext^2
          - 1/108*H(mdd,mp2,mdd,p1ext.p1ext)*mp2^2
          - 1/108*H(mdd,mp2,mdd,p1ext.p1ext)*mdd*mp2
          - 1/432*H(mdd,mp2,mdd,p1ext.p1ext)*mdd^2
          - 1/108*H(mdd,mp2,mdd,p1ext.p1ext)*muu*mp2
          - 1/216*H(mdd,mp2,mdd,p1ext.p1ext)*muu*mdd
          - 1/432*H(mdd,mp2,mdd,p1ext.p1ext)*muu^2
          - 1/54*H(mdd,mp2,mdd,p1ext.p1ext)*p1ext.p1ext*mp2
          - 1/108*H(mdd,mp2,mdd,p1ext.p1ext)*p1ext.p1ext*mdd
          - 1/108*H(mdd,mp2,mdd,p1ext.p1ext)*p1ext.p1ext*muu
          + 2/27*H(mdd,mp2,mdd,p1ext.p1ext)*p1ext.p1ext^2
          - 1/54*H(mdd,mp2,mp2,p1ext.p1ext)*sqrt2^-2*mp2^2
          + 1/27*H(mdd,mp2,mp2,p1ext.p1ext)*p1ext.p1ext*sqrt2^-2*mp2
          + 4/27*H(mdd,mp2,mp2,p1ext.p1ext)*p1ext.p1ext^2*sqrt2^-2
          - 1/108*H(mp2,muu,muu,p1ext.p1ext)*mp2^2
          - 1/108*H(mp2,muu,muu,p1ext.p1ext)*mdd*mp2
          - 1/432*H(mp2,muu,muu,p1ext.p1ext)*mdd^2
          - 1/108*H(mp2,muu,muu,p1ext.p1ext)*muu*mp2
          - 1/216*H(mp2,muu,muu,p1ext.p1ext)*muu*mdd
          - 1/432*H(mp2,muu,muu,p1ext.p1ext)*muu^2
          - 1/54*H(mp2,muu,muu,p1ext.p1ext)*p1ext.p1ext*mp2
          - 1/108*H(mp2,muu,muu,p1ext.p1ext)*p1ext.p1ext*mdd
          - 1/108*H(mp2,muu,muu,p1ext.p1ext)*p1ext.p1ext*muu
          + 2/27*H(mp2,muu,muu,p1ext.p1ext)*p1ext.p1ext^2
          - 1/54*H(mp2,muu,mdd,p1ext.p1ext)*mp2^2
          + 1/27*H(mp2,muu,mdd,p1ext.p1ext)*mdd*mp2
          - 1/54*H(mp2,muu,mdd,p1ext.p1ext)*mdd^2
          + 1/27*H(mp2,muu,mdd,p1ext.p1ext)*muu*mp2
          - 1/27*H(mp2,muu,mdd,p1ext.p1ext)*muu*mdd
          - 1/54*H(mp2,muu,mdd,p1ext.p1ext)*muu^2
          - 1/27*H(mp2,muu,mdd,p1ext.p1ext)*p1ext.p1ext*mp2
          + 1/27*H(mp2,muu,mdd,p1ext.p1ext)*p1ext.p1ext*mdd
          + 1/27*H(mp2,muu,mdd,p1ext.p1ext)*p1ext.p1ext*muu
          - 1/54*H(mp2,muu,mdd,p1ext.p1ext)*p1ext.p1ext^2
          - 1/54*H(mp2,muu,mp2,p1ext.p1ext)*sqrt2^-2*mp2^2
          + 1/27*H(mp2,muu,mp2,p1ext.p1ext)*p1ext.p1ext*sqrt2^-2*mp2
          + 4/27*H(mp2,muu,mp2,p1ext.p1ext)*p1ext.p1ext^2*sqrt2^-2
          - 1/54*H(mp2,mdd,muu,p1ext.p1ext)*mp2^2
          + 1/27*H(mp2,mdd,muu,p1ext.p1ext)*mdd*mp2
          - 1/54*H(mp2,mdd,muu,p1ext.p1ext)*mdd^2
          + 1/27*H(mp2,mdd,muu,p1ext.p1ext)*muu*mp2
          - 1/27*H(mp2,mdd,muu,p1ext.p1ext)*muu*mdd
          - 1/54*H(mp2,mdd,muu,p1ext.p1ext)*muu^2
          - 1/27*H(mp2,mdd,muu,p1ext.p1ext)*p1ext.p1ext*mp2
          + 1/27*H(mp2,mdd,muu,p1ext.p1ext)*p1ext.p1ext*mdd
          + 1/27*H(mp2,mdd,muu,p1ext.p1ext)*p1ext.p1ext*muu
          - 1/54*H(mp2,mdd,muu,p1ext.p1ext)*p1ext.p1ext^2
          - 1/108*H(mp2,mdd,mdd,p1ext.p1ext)*mp2^2
          - 1/108*H(mp2,mdd,mdd,p1ext.p1ext)*mdd*mp2
          - 1/432*H(mp2,mdd,mdd,p1ext.p1ext)*mdd^2
          - 1/108*H(mp2,mdd,mdd,p1ext.p1ext)*muu*mp2
          - 1/216*H(mp2,mdd,mdd,p1ext.p1ext)*muu*mdd
          - 1/432*H(mp2,mdd,mdd,p1ext.p1ext)*muu^2
          - 1/54*H(mp2,mdd,mdd,p1ext.p1ext)*p1ext.p1ext*mp2
          - 1/108*H(mp2,mdd,mdd,p1ext.p1ext)*p1ext.p1ext*mdd
          - 1/108*H(mp2,mdd,mdd,p1ext.p1ext)*p1ext.p1ext*muu
          + 2/27*H(mp2,mdd,mdd,p1ext.p1ext)*p1ext.p1ext^2
          - 1/54*H(mp2,mdd,mp2,p1ext.p1ext)*sqrt2^-2*mp2^2
          + 1/27*H(mp2,mdd,mp2,p1ext.p1ext)*p1ext.p1ext*sqrt2^-2*mp2
          + 4/27*H(mp2,mdd,mp2,p1ext.p1ext)*p1ext.p1ext^2*sqrt2^-2
          - 1/54*H(mp2,mp2,muu,p1ext.p1ext)*sqrt2^-2*mp2^2
          - 2/27*H(mp2,mp2,muu,p1ext.p1ext)*p1ext.p1ext*sqrt2^-2*mp2
          - 2/27*H(mp2,mp2,muu,p1ext.p1ext)*p1ext.p1ext^2*sqrt2^-2
          - 1/54*H(mp2,mp2,mdd,p1ext.p1ext)*sqrt2^-2*mp2^2
          - 2/27*H(mp2,mp2,mdd,p1ext.p1ext)*p1ext.p1ext*sqrt2^-2*mp2
          - 2/27*H(mp2,mp2,mdd,p1ext.p1ext)*p1ext.p1ext^2*sqrt2^-2
          - 23/288*H(mp2,mp2,mp2,p1ext.p1ext)*mdd^2
          - 23/144*H(mp2,mp2,mp2,p1ext.p1ext)*muu*mdd
          - 23/288*H(mp2,mp2,mp2,p1ext.p1ext)*muu^2
          + 1/9*H(mp2,mp2,mp2,p1ext.p1ext)*p1ext.p1ext^2
          - 1/9*HH1(muu,muu,mp2,p1ext.p1ext)*p1ext.p1ext*mp2
          - 1/18*HH1(muu,muu,mp2,p1ext.p1ext)*p1ext.p1ext*mdd
          - 1/18*HH1(muu,muu,mp2,p1ext.p1ext)*p1ext.p1ext*muu
          + 2/9*HH1(muu,muu,mp2,p1ext.p1ext)*p1ext.p1ext^2
          - 2/9*HH1(muu,mdd,mp2,p1ext.p1ext)*p1ext.p1ext*mp2
          + 2/9*HH1(muu,mdd,mp2,p1ext.p1ext)*p1ext.p1ext*mdd
          + 2/9*HH1(muu,mdd,mp2,p1ext.p1ext)*p1ext.p1ext*muu
          - 2/9*HH1(muu,mdd,mp2,p1ext.p1ext)*p1ext.p1ext^2
          - 2/9*HH1(muu,mp2,mp2,p1ext.p1ext)*p1ext.p1ext*sqrt2^-2*mp2
          - 4/9*HH1(muu,mp2,mp2,p1ext.p1ext)*p1ext.p1ext^2*sqrt2^-2
          - 2/9*HH1(mdd,muu,mp2,p1ext.p1ext)*p1ext.p1ext*mp2
          + 2/9*HH1(mdd,muu,mp2,p1ext.p1ext)*p1ext.p1ext*mdd
          + 2/9*HH1(mdd,muu,mp2,p1ext.p1ext)*p1ext.p1ext*muu
          - 2/9*HH1(mdd,muu,mp2,p1ext.p1ext)*p1ext.p1ext^2
          - 1/9*HH1(mdd,mdd,mp2,p1ext.p1ext)*p1ext.p1ext*mp2
          - 1/18*HH1(mdd,mdd,mp2,p1ext.p1ext)*p1ext.p1ext*mdd
          - 1/18*HH1(mdd,mdd,mp2,p1ext.p1ext)*p1ext.p1ext*muu
          + 2/9*HH1(mdd,mdd,mp2,p1ext.p1ext)*p1ext.p1ext^2
          - 2/9*HH1(mdd,mp2,mp2,p1ext.p1ext)*p1ext.p1ext*sqrt2^-2*mp2
          - 4/9*HH1(mdd,mp2,mp2,p1ext.p1ext)*p1ext.p1ext^2*sqrt2^-2
          + 1/9*HH1(mp2,muu,muu,p1ext.p1ext)*p1ext.p1ext*mp2
          + 1/18*HH1(mp2,muu,muu,p1ext.p1ext)*p1ext.p1ext*mdd
          + 1/18*HH1(mp2,muu,muu,p1ext.p1ext)*p1ext.p1ext*muu
          - 2/9*HH1(mp2,muu,muu,p1ext.p1ext)*p1ext.p1ext^2
          + 2/9*HH1(mp2,muu,mdd,p1ext.p1ext)*p1ext.p1ext*mp2
          - 2/9*HH1(mp2,muu,mdd,p1ext.p1ext)*p1ext.p1ext*mdd
          - 2/9*HH1(mp2,muu,mdd,p1ext.p1ext)*p1ext.p1ext*muu
          + 2/9*HH1(mp2,muu,mdd,p1ext.p1ext)*p1ext.p1ext^2
          + 2/9*HH1(mp2,mdd,muu,p1ext.p1ext)*p1ext.p1ext*mp2
          - 2/9*HH1(mp2,mdd,muu,p1ext.p1ext)*p1ext.p1ext*mdd
          - 2/9*HH1(mp2,mdd,muu,p1ext.p1ext)*p1ext.p1ext*muu
          + 2/9*HH1(mp2,mdd,muu,p1ext.p1ext)*p1ext.p1ext^2
          + 1/9*HH1(mp2,mdd,mdd,p1ext.p1ext)*p1ext.p1ext*mp2
          + 1/18*HH1(mp2,mdd,mdd,p1ext.p1ext)*p1ext.p1ext*mdd
          + 1/18*HH1(mp2,mdd,mdd,p1ext.p1ext)*p1ext.p1ext*muu
          - 2/9*HH1(mp2,mdd,mdd,p1ext.p1ext)*p1ext.p1ext^2
          + 2/9*HH1(mp2,mp2,muu,p1ext.p1ext)*p1ext.p1ext*sqrt2^-2*mp2
          + 4/9*HH1(mp2,mp2,muu,p1ext.p1ext)*p1ext.p1ext^2*sqrt2^-2
          + 2/9*HH1(mp2,mp2,mdd,p1ext.p1ext)*p1ext.p1ext*sqrt2^-2*mp2
          + 4/9*HH1(mp2,mp2,mdd,p1ext.p1ext)*p1ext.p1ext^2*sqrt2^-2
          - 1/2*H21(muu,muu,mp2,p1ext.p1ext)*p1ext.p1ext^2
          - 1/2*H21(muu,mp2,muu,p1ext.p1ext)*p1ext.p1ext^2
          - 1/2*H21(mdd,mdd,mp2,p1ext.p1ext)*p1ext.p1ext^2
          - 1/2*H21(mdd,mp2,mdd,p1ext.p1ext)*p1ext.p1ext^2
          - 1/2*H21(mp2,muu,mdd,p1ext.p1ext)*p1ext.p1ext^2
          - H21(mp2,muu,mp2,p1ext.p1ext)*p1ext.p1ext^2*sqrt2^-2
          - 1/2*H21(mp2,mdd,muu,p1ext.p1ext)*p1ext.p1ext^2
          - H21(mp2,mdd,mp2,p1ext.p1ext)*p1ext.p1ext^2*sqrt2^-2
          - H21(mp2,mp2,muu,p1ext.p1ext)*p1ext.p1ext^2*sqrt2^-2
          - H21(mp2,mp2,mdd,p1ext.p1ext)*p1ext.p1ext^2*sqrt2^-2
          - H21(mp2,mp2,mp2,p1ext.p1ext)*p1ext.p1ext^2
          - 1/2*H22(muu,muu,mp2,p1ext.p1ext)*p1ext.p1ext
          - 1/2*H22(muu,mp2,muu,p1ext.p1ext)*p1ext.p1ext
          - 1/2*H22(mdd,mdd,mp2,p1ext.p1ext)*p1ext.p1ext
          - 1/2*H22(mdd,mp2,mdd,p1ext.p1ext)*p1ext.p1ext
          - 1/2*H22(mp2,muu,mdd,p1ext.p1ext)*p1ext.p1ext
          - H22(mp2,muu,mp2,p1ext.p1ext)*p1ext.p1ext*sqrt2^-2
          - 1/2*H22(mp2,mdd,muu,p1ext.p1ext)*p1ext.p1ext
          - H22(mp2,mdd,mp2,p1ext.p1ext)*p1ext.p1ext*sqrt2^-2
          - H22(mp2,mp2,muu,p1ext.p1ext)*p1ext.p1ext*sqrt2^-2
          - H22(mp2,mp2,mdd,p1ext.p1ext)*p1ext.p1ext*sqrt2^-2
          - H22(mp2,mp2,mp2,p1ext.p1ext)*p1ext.p1ext
          )

       + A(muu)^2*i_*F^-4 * (
          - 1/36*mp2
          - 1/36*mdd
          - 1/12*muu
          + 1/12*p1ext.p1ext
          )

       + A(muu)*A(mdd)*i_*F^-4 * (
          - 1/9*mp2
          + 1/9*mdd
          + 1/9*muu
          + 1/3*p1ext.p1ext
          )

       + A(muu)*A(mp2)*i_*F^-4 * (
          - 1/9*sqrt2^-2*mp2
          - 5/18*sqrt2^-2*muu
          - 1/18*mdd
          - 1/9*muu
          + 1/2*p1ext.p1ext
          + 5/6*p1ext.p1ext*sqrt2^-2
          )

       + A(mdd)^2*i_*F^-4 * (
          - 1/36*mp2
          - 1/12*mdd
          - 1/36*muu
          + 1/12*p1ext.p1ext
          )

       + A(mdd)*A(mp2)*i_*F^-4 * (
          - 1/9*sqrt2^-2*mp2
          - 5/18*sqrt2^-2*mdd
          - 1/9*mdd
          - 1/18*muu
          + 1/2*p1ext.p1ext
          + 5/6*p1ext.p1ext*sqrt2^-2
          )

       + A(mp2)^2*i_*F^-4 * (
          + 1/18*sqrt2^-2*mdd
          + 1/18*sqrt2^-2*muu
          - 1/6*mp2
          + 1/2*p1ext.p1ext
          + 1/3*p1ext.p1ext*sqrt2^-2
          );

