
Time =       0.00 sec    Generated terms =         60
           Vleft         Terms in output =         60
                         Bytes used      =       4076

Time =       0.00 sec    Generated terms =         60
          Vright         Terms in output =         60
                         Bytes used      =       4076

Time =       0.00 sec    Generated terms =         60
           Vleft         Terms in output =         60
                         Bytes used      =       4728

Time =       0.00 sec    Generated terms =         60
          Vright         Terms in output =         60
                         Bytes used      =       4728

Time =       0.00 sec    Generated terms =         60
           Vleft         Terms in output =         60
                         Bytes used      =       4728

Time =       0.00 sec    Generated terms =         60
          Vright         Terms in output =         60
                         Bytes used      =       4728

Time =       0.00 sec    Generated terms =         48
           Vleft         Terms in output =         48
                         Bytes used      =       4200

Time =       0.00 sec    Generated terms =         48
           Vleft         Terms in output =         48
                         Bytes used      =       3272

Time =       0.00 sec    Generated terms =         48
           Vleft         Terms in output =         48
                         Bytes used      =       3272

Time =       0.00 sec    Generated terms =         60
          Vright         Terms in output =         60
                         Bytes used      =       4728

Time =       0.00 sec    Generated terms =         48
          Vright         Terms in output =         48
                         Bytes used      =       4200

Time =       0.00 sec    Generated terms =         48
          Vright         Terms in output =         48
                         Bytes used      =       3272

Time =       0.00 sec    Generated terms =         48
           Vleft         Terms in output =         48
                         Bytes used      =       3272

Time =       0.00 sec    Generated terms =         48
          Vright         Terms in output =         48
                         Bytes used      =       3272

Time =       0.00 sec    Generated terms =       2304
   MM8x22SP4Hans         Terms in output =       2160
                         Bytes used      =     160108

Time =       0.00 sec    Generated terms =       2544
   MM8x22SP4Hans         Terms in output =       2544
                         Bytes used      =     195444

Time =       0.00 sec    Generated terms =       6240
   MM8x22SP4Hans         Terms in output =       6240
                         Bytes used      =     481460

Time =       0.01 sec    Generated terms =       6624
   MM8x22SP4Hans         Terms in output =       6624
                         Bytes used      =     515620

Time =       0.01 sec    Generated terms =       7008
   MM8x22SP4Hans         Terms in output =       7008
                         Bytes used      =     549780

Time =       0.01 sec    Generated terms =       7392
   MM8x22SP4Hans         Terms in output =       7392
                         Bytes used      =     583940

Time =       0.01 sec    Generated terms =       5232
   MM8x22SP4Hans         Terms in output =       2732
                         Bytes used      =     192356

Time =       0.01 sec    Generated terms =       2732
   MM8x22SP4Hans         Terms in output =       2732
                         Bytes used      =     192356

Time =       0.01 sec    Generated terms =       3256
   MM8x22SP4Hans         Terms in output =       3256
                         Bytes used      =     234240

Time =       0.01 sec    Generated terms =       5224
   MM8x22SP4Hans         Terms in output =       5224
                         Bytes used      =     384016

Time =       0.01 sec    Generated terms =       5748
   MM8x22SP4Hans         Terms in output =       5748
                         Bytes used      =     420464

Time =       0.02 sec    Generated terms =       6272
   MM8x22SP4Hans         Terms in output =       6272
                         Bytes used      =     456912

Time =       0.02 sec    Generated terms =       6796
   MM8x22SP4Hans         Terms in output =       6796
                         Bytes used      =     493360

Time =       0.02 sec    Generated terms =       4064
   MM8x22SP4Hans         Terms in output =       1700
                         Bytes used      =     105256

Time =       0.02 sec    Generated terms =       1700
   MM8x22SP4Hans         Terms in output =       1700
                         Bytes used      =     105256

Time =       0.02 sec    Generated terms =       1976
   MM8x22SP4Hans         Terms in output =       1976
                         Bytes used      =     123324

Time =       0.02 sec    Generated terms =       2560
   MM8x22SP4Hans         Terms in output =       2560
                         Bytes used      =     159620

Time =       0.02 sec    Generated terms =       2840
   MM8x22SP4Hans         Terms in output =       2840
                         Bytes used      =     176996

Time =       0.02 sec    Generated terms =       3120
   MM8x22SP4Hans         Terms in output =       3120
                         Bytes used      =     194052

Time =       0.02 sec    Generated terms =       3400
   MM8x22SP4Hans         Terms in output =       3400
                         Bytes used      =     211108

Time =       0.02 sec    Generated terms =       1700
   MM8x22SP4Hans         Terms in output =        651
                         Bytes used      =      35888

Time =       0.02 sec    Generated terms =        651
   MM8x22SP4Hans         Terms in output =        651
                         Bytes used      =      35888

Time =       0.02 sec    Generated terms =        651
   MM8x22SP4Hans         Terms in output =         36
                         Bytes used      =       2140

Time =       0.02 sec    Generated terms =        965
   MM8x22SP4Hans         Terms in output =         18
                         Bytes used      =       1608

Time =       0.02 sec    Generated terms =         32
   MM8x22SP4Hans         Terms in output =         12
                         Bytes used      =        988

Time =       0.02 sec    Generated terms =         12
   MM8x22SP4Hans         Terms in output =          8
                         Bytes used      =        652

   MM8x22SP4Hans =

       + i_*F^-4 * (
          - 7/288*H(mp2,mp2,mp2,p1ext.p1ext)*mdd^2
          - 7/144*H(mp2,mp2,mp2,p1ext.p1ext)*muu*mdd
          - 7/288*H(mp2,mp2,mp2,p1ext.p1ext)*muu^2
          + 2/9*H(mp2,mp2,mp2,p1ext.p1ext)*p1ext.p1ext^2
          - 2*H21(mp2,mp2,mp2,p1ext.p1ext)*p1ext.p1ext^2
          - 2*H22(mp2,mp2,mp2,p1ext.p1ext)*p1ext.p1ext
          )

       + A(mp2)^2*i_*F^-4 * (
          - 1/3*mp2
          + p1ext.p1ext
          );

