
Time =       0.00 sec    Generated terms =         60
            Vtop         Terms in output =         60
                         Bytes used      =       4076

Time =       0.00 sec    Generated terms =         60
            Vbot         Terms in output =         60
                         Bytes used      =       4076

Time =       0.00 sec    Generated terms =         60
            Vbot         Terms in output =         60
                         Bytes used      =       4728

Time =       0.00 sec    Generated terms =         60
            Vtop         Terms in output =         60
                         Bytes used      =       4728

Time =       0.00 sec    Generated terms =         60
            Vtop         Terms in output =         60
                         Bytes used      =       4728

Time =       0.00 sec    Generated terms =         60
            Vbot         Terms in output =         60
                         Bytes used      =       4728

Time =       0.00 sec    Generated terms =         48
            Vbot         Terms in output =         48
                         Bytes used      =       4200

Time =       0.00 sec    Generated terms =         48
            Vbot         Terms in output =         48
                         Bytes used      =       3272

Time =       0.00 sec    Generated terms =         60
            Vtop         Terms in output =         60
                         Bytes used      =       4728

Time =       0.00 sec    Generated terms =         48
            Vbot         Terms in output =         48
                         Bytes used      =       3272

Time =       0.00 sec    Generated terms =         64
            Vbot         Terms in output =         64
                         Bytes used      =       5672

Time =       0.00 sec    Generated terms =         64
            Vbot         Terms in output =         36
                         Bytes used      =       2104

Time =       0.00 sec    Generated terms =         60
            Vtop         Terms in output =         60
                         Bytes used      =       4728

Time =       0.00 sec    Generated terms =         36
            Vbot         Terms in output =         36
                         Bytes used      =       2104

Time =       0.00 sec    Generated terms =       2160
   MM6x22SP4Hans         Terms in output =       2010
                         Bytes used      =     149036

Time =       0.00 sec    Generated terms =       2562
   MM6x22SP4Hans         Terms in output =       2562
                         Bytes used      =     198516

Time =       0.00 sec    Generated terms =       3570
   MM6x22SP4Hans         Terms in output =       3570
                         Bytes used      =     278100

Time =       0.00 sec    Generated terms =       4122
   MM6x22SP4Hans         Terms in output =       4122
                         Bytes used      =     326120

Time =       0.01 sec    Generated terms =       4674
   MM6x22SP4Hans         Terms in output =       4674
                         Bytes used      =     373424

Time =       0.01 sec    Generated terms =       5226
   MM6x22SP4Hans         Terms in output =       5226
                         Bytes used      =     419852

Time =       0.01 sec    Generated terms =       3216
   MM6x22SP4Hans         Terms in output =       2544
                         Bytes used      =     176488

Time =       0.01 sec    Generated terms =       2544
   MM6x22SP4Hans         Terms in output =       2544
                         Bytes used      =     176488

Time =       0.01 sec    Generated terms =       3272
   MM6x22SP4Hans         Terms in output =       3272
                         Bytes used      =     228800

Time =       0.01 sec    Generated terms =       3704
   MM6x22SP4Hans         Terms in output =       3704
                         Bytes used      =     257704

Time =       0.01 sec    Generated terms =       4432
   MM6x22SP4Hans         Terms in output =       4432
                         Bytes used      =     304480

Time =       0.01 sec    Generated terms =       5160
   MM6x22SP4Hans         Terms in output =       5160
                         Bytes used      =     351240

Time =       0.01 sec    Generated terms =       5888
   MM6x22SP4Hans         Terms in output =       5888
                         Bytes used      =     397988

Time =       0.01 sec    Generated terms =       3344
   MM6x22SP4Hans         Terms in output =       1156
                         Bytes used      =      66488

Time =       0.02 sec    Generated terms =       1156
   MM6x22SP4Hans         Terms in output =       1156
                         Bytes used      =      66488

Time =       0.02 sec    Generated terms =       1392
   MM6x22SP4Hans         Terms in output =       1392
                         Bytes used      =      80116

Time =       0.02 sec    Generated terms =       1392
   MM6x22SP4Hans         Terms in output =       1392
                         Bytes used      =      80116

Time =       0.02 sec    Generated terms =       1592
   MM6x22SP4Hans         Terms in output =       1592
                         Bytes used      =      92372

Time =       0.02 sec    Generated terms =       1592
   MM6x22SP4Hans         Terms in output =       1592
                         Bytes used      =      92372

Time =       0.02 sec    Generated terms =       1830
   MM6x22SP4Hans         Terms in output =       1830
                         Bytes used      =     105812

Time =       0.02 sec    Generated terms =       1830
   MM6x22SP4Hans         Terms in output =       1830
                         Bytes used      =     105812

Time =       0.02 sec    Generated terms =       2070
   MM6x22SP4Hans         Terms in output =       2070
                         Bytes used      =     119268

Time =       0.02 sec    Generated terms =       2070
   MM6x22SP4Hans         Terms in output =       2070
                         Bytes used      =     119268

Time =       0.02 sec    Generated terms =       2312
   MM6x22SP4Hans         Terms in output =       2312
                         Bytes used      =     132740

Time =       0.02 sec    Generated terms =       1156
   MM6x22SP4Hans         Terms in output =        827
                         Bytes used      =      45240

Time =       0.02 sec    Generated terms =        827
   MM6x22SP4Hans         Terms in output =        827
                         Bytes used      =      45240

Time =       0.02 sec    Generated terms =        827
   MM6x22SP4Hans         Terms in output =         45
                         Bytes used      =       2528

Time =       0.02 sec    Generated terms =         57
   MM6x22SP4Hans         Terms in output =         19
                         Bytes used      =        964

Time =       0.02 sec    Generated terms =         19
   MM6x22SP4Hans         Terms in output =         19
                         Bytes used      =        964

Time =       0.02 sec    Generated terms =         18
   MM6x22SP4Hans         Terms in output =         13
                         Bytes used      =        664

Time =       0.02 sec    Generated terms =         13
   MM6x22SP4Hans         Terms in output =         13
                         Bytes used      =        600

   MM6x22SP4Hans =

       + A(mp2)^2*i_*F^-4 * (
          - 4/3*mp2
          + 7/18*mdd
          + 7/18*muu
          - 4/9*p1ext.p1ext
          )

       + A(mp2)*B(mp2,mp2,0)*i_*F^-4 * (
          - 8/9*mp2^2
          + 7/12*mdd*mp2
          - 49/576*mdd^2
          + 7/12*muu*mp2
          - 49/288*muu*mdd
          - 49/576*muu^2
          - 8/9*p1ext.p1ext*mp2
          + 7/36*p1ext.p1ext*mdd
          + 7/36*p1ext.p1ext*muu
          );

