
Time =       0.00 sec    Generated terms =        190
   MM7x22SP4Hans         Terms in output =        190
                         Bytes used      =      18808

Time =       0.00 sec    Generated terms =        190
   MM7x22SP4Hans         Terms in output =        190
                         Bytes used      =      18808

Time =       0.00 sec    Generated terms =        228
   MM7x22SP4Hans         Terms in output =        228
                         Bytes used      =      22728

Time =       0.00 sec    Generated terms =        228
   MM7x22SP4Hans         Terms in output =        228
                         Bytes used      =      20312

Time =       0.00 sec    Generated terms =        228
   MM7x22SP4Hans         Terms in output =        228
                         Bytes used      =      20312

Time =       0.00 sec    Generated terms =        436
   MM7x22SP4Hans         Terms in output =        436
                         Bytes used      =      43176

Time =       0.00 sec    Generated terms =        436
   MM7x22SP4Hans         Terms in output =        262
                         Bytes used      =      19752

Time =       0.00 sec    Generated terms =        262
   MM7x22SP4Hans         Terms in output =        262
                         Bytes used      =      19752

Time =       0.00 sec    Generated terms =        262
   MM7x22SP4Hans         Terms in output =        262
                         Bytes used      =      19752

Time =       0.00 sec    Generated terms =        365
   MM7x22SP4Hans         Terms in output =        365
                         Bytes used      =      29540

Time =       0.00 sec    Generated terms =        365
   MM7x22SP4Hans         Terms in output =        365
                         Bytes used      =      29540

Time =       0.00 sec    Generated terms =        693
   MM7x22SP4Hans         Terms in output =        693
                         Bytes used      =      51588

Time =       0.00 sec    Generated terms =        693
   MM7x22SP4Hans         Terms in output =        693
                         Bytes used      =      51588

Time =       0.00 sec    Generated terms =        796
   MM7x22SP4Hans         Terms in output =        796
                         Bytes used      =      58792

Time =       0.00 sec    Generated terms =        796
   MM7x22SP4Hans         Terms in output =        796
                         Bytes used      =      58792

Time =       0.00 sec    Generated terms =        899
   MM7x22SP4Hans         Terms in output =        899
                         Bytes used      =      65996

Time =       0.00 sec    Generated terms =        899
   MM7x22SP4Hans         Terms in output =        899
                         Bytes used      =      65996

Time =       0.01 sec    Generated terms =       1002
   MM7x22SP4Hans         Terms in output =       1002
                         Bytes used      =      73208

Time =       0.01 sec    Generated terms =        740
   MM7x22SP4Hans         Terms in output =        482
                         Bytes used      =      29576

Time =       0.01 sec    Generated terms =        482
   MM7x22SP4Hans         Terms in output =        482
                         Bytes used      =      29576

Time =       0.01 sec    Generated terms =        558
   MM7x22SP4Hans         Terms in output =        558
                         Bytes used      =      34820

Time =       0.01 sec    Generated terms =        558
   MM7x22SP4Hans         Terms in output =        558
                         Bytes used      =      34820

Time =       0.01 sec    Generated terms =        736
   MM7x22SP4Hans         Terms in output =        736
                         Bytes used      =      45520

Time =       0.01 sec    Generated terms =        736
   MM7x22SP4Hans         Terms in output =        736
                         Bytes used      =      45520

Time =       0.01 sec    Generated terms =        812
   MM7x22SP4Hans         Terms in output =        812
                         Bytes used      =      50492

Time =       0.01 sec    Generated terms =        812
   MM7x22SP4Hans         Terms in output =        812
                         Bytes used      =      50492

Time =       0.01 sec    Generated terms =        888
   MM7x22SP4Hans         Terms in output =        888
                         Bytes used      =      55400

Time =       0.01 sec    Generated terms =        888
   MM7x22SP4Hans         Terms in output =        888
                         Bytes used      =      55400

Time =       0.01 sec    Generated terms =        964
   MM7x22SP4Hans         Terms in output =        964
                         Bytes used      =      60124

Time =       0.01 sec    Generated terms =        482
   MM7x22SP4Hans         Terms in output =        242
                         Bytes used      =      13096

Time =       0.01 sec    Generated terms =        242
   MM7x22SP4Hans         Terms in output =        242
                         Bytes used      =      13096

Time =       0.01 sec    Generated terms =        242
   MM7x22SP4Hans         Terms in output =         10
                         Bytes used      =        576

Time =       0.01 sec    Generated terms =          5
   MM7x22SP4Hans         Terms in output =          4
                         Bytes used      =        212

Time =       0.01 sec    Generated terms =          4
   MM7x22SP4Hans         Terms in output =          4
                         Bytes used      =        208

   MM7x22SP4Hans =

       + A(mp2)^2*i_*F^-4 * (
          + 28/45*mp2
          - 21/320*mdd
          - 21/320*muu
          + 14/45*p1ext.p1ext
          );

