
Time =       0.00 sec    Generated terms =        296
           Vleft         Terms in output =        296
                         Bytes used      =      18772

Time =       0.00 sec    Generated terms =        296
          Vright         Terms in output =        296
                         Bytes used      =      18772

Time =       0.00 sec    Generated terms =        296
           Vleft         Terms in output =        296
                         Bytes used      =      23036

Time =       0.00 sec    Generated terms =        296
          Vright         Terms in output =        296
                         Bytes used      =      23036

Time =       0.00 sec    Generated terms =        296
           Vleft         Terms in output =        296
                         Bytes used      =      23036

Time =       0.00 sec    Generated terms =        296
          Vright         Terms in output =        296
                         Bytes used      =      23036

Time =       0.00 sec    Generated terms =        112
           Vleft         Terms in output =        112
                         Bytes used      =      12740

Time =       0.00 sec    Generated terms =        112
           Vleft         Terms in output =        112
                         Bytes used      =       8500

Time =       0.00 sec    Generated terms =        112
           Vleft         Terms in output =        112
                         Bytes used      =       8500

Time =       0.00 sec    Generated terms =        296
          Vright         Terms in output =        296
                         Bytes used      =      23036

Time =       0.00 sec    Generated terms =        112
          Vright         Terms in output =        112
                         Bytes used      =      12740

Time =       0.00 sec    Generated terms =        112
          Vright         Terms in output =        112
                         Bytes used      =       8500

Time =       0.00 sec    Generated terms =        112
           Vleft         Terms in output =        112
                         Bytes used      =       8500

Time =       0.00 sec    Generated terms =        112
          Vright         Terms in output =        112
                         Bytes used      =       8500

Time =       0.00 sec    Generated terms =      12544
   MM8x33SO4Hans         Terms in output =      12400
                         Bytes used      =    1139540

Time =       0.00 sec    Generated terms =      14688
   MM8x33SO4Hans         Terms in output =      14688
                         Bytes used      =    1414052

Time =       0.01 sec    Generated terms =      16976
   MM8x33SO4Hans         Terms in output =      16976
                         Bytes used      =    1686132

Time =       0.01 sec    Generated terms =      21760
   MM8x33SO4Hans         Terms in output =      21760
                         Bytes used      =    2079608

Time =       0.02 sec    Generated terms =      24048
   MM8x33SO4Hans         Terms in output =      24048
                         Bytes used      =    2342824

Time =       0.02 sec    Generated terms =      26336
   MM8x33SO4Hans         Terms in output =      26336
                         Bytes used      =    2606328

Time =       0.02 sec    Generated terms =      26660
   MM8x33SO4Hans         Terms in output =      26660
                         Bytes used      =    2653640

Time =       0.03 sec    Generated terms =      26984
   MM8x33SO4Hans         Terms in output =      26984
                         Bytes used      =    2700952

Time =       0.03 sec    Generated terms =      27308
   MM8x33SO4Hans         Terms in output =      27308
                         Bytes used      =    2737992

Time =       0.04 sec    Generated terms =      27632
   MM8x33SO4Hans         Terms in output =      27632
                         Bytes used      =    2775032

Time =       0.04 sec    Generated terms =      15232
   MM8x33SO4Hans         Terms in output =      11948
                         Bytes used      =    1021864

Time =       0.04 sec    Generated terms =      11948
   MM8x33SO4Hans         Terms in output =      11948
                         Bytes used      =    1021864

Time =       0.04 sec    Generated terms =      13060
   MM8x33SO4Hans         Terms in output =      13060
                         Bytes used      =    1129028

Time =       0.05 sec    Generated terms =      14172
   MM8x33SO4Hans         Terms in output =      14172
                         Bytes used      =    1221760

Time =       0.05 sec    Generated terms =      16204
   MM8x33SO4Hans         Terms in output =      16204
                         Bytes used      =    1374712

Time =       0.05 sec    Generated terms =      17316
   MM8x33SO4Hans         Terms in output =      17316
                         Bytes used      =    1469320

Time =       0.05 sec    Generated terms =      18428
   MM8x33SO4Hans         Terms in output =      18428
                         Bytes used      =    1560568

Time =       0.06 sec    Generated terms =      18644
   MM8x33SO4Hans         Terms in output =      18644
                         Bytes used      =    1579976

Time =       0.06 sec    Generated terms =      18860
   MM8x33SO4Hans         Terms in output =      18860
                         Bytes used      =    1599384

Time =       0.06 sec    Generated terms =      19076
   MM8x33SO4Hans         Terms in output =      19076
                         Bytes used      =    1617256

Time =       0.06 sec    Generated terms =      19292
   MM8x33SO4Hans         Terms in output =      19292
                         Bytes used      =    1635128

Time =       0.07 sec    Generated terms =       7344
   MM8x33SO4Hans         Terms in output =       4872
                         Bytes used      =     350904

Time =       0.07 sec    Generated terms =       4872
   MM8x33SO4Hans         Terms in output =       4872
                         Bytes used      =     350904

Time =       0.07 sec    Generated terms =       5532
   MM8x33SO4Hans         Terms in output =       5532
                         Bytes used      =     397116

Time =       0.07 sec    Generated terms =       6192
   MM8x33SO4Hans         Terms in output =       6192
                         Bytes used      =     442756

Time =       0.07 sec    Generated terms =       6800
   MM8x33SO4Hans         Terms in output =       6800
                         Bytes used      =     480820

Time =       0.07 sec    Generated terms =       7472
   MM8x33SO4Hans         Terms in output =       7472
                         Bytes used      =     531636

Time =       0.07 sec    Generated terms =       8144
   MM8x33SO4Hans         Terms in output =       8144
                         Bytes used      =     582132

Time =       0.07 sec    Generated terms =       8348
   MM8x33SO4Hans         Terms in output =       8348
                         Bytes used      =     597460

Time =       0.08 sec    Generated terms =       8552
   MM8x33SO4Hans         Terms in output =       8552
                         Bytes used      =     612788

Time =       0.08 sec    Generated terms =       8756
   MM8x33SO4Hans         Terms in output =       8756
                         Bytes used      =     627796

Time =       0.08 sec    Generated terms =       8960
   MM8x33SO4Hans         Terms in output =       8960
                         Bytes used      =     642804

Time =       0.08 sec    Generated terms =       4088
   MM8x33SO4Hans         Terms in output =       2727
                         Bytes used      =     178000

Time =       0.08 sec    Generated terms =       2727
   MM8x33SO4Hans         Terms in output =       2727
                         Bytes used      =     178000

Time =       0.08 sec    Generated terms =       2727
   MM8x33SO4Hans         Terms in output =        300
                         Bytes used      =      20524

Time =       0.08 sec    Generated terms =       7007
   MM8x33SO4Hans         Terms in output =        138
                         Bytes used      =      10348

Time =       0.08 sec    Generated terms =        180
   MM8x33SO4Hans         Terms in output =        116
                         Bytes used      =       8220

Time =       0.08 sec    Generated terms =        116
   MM8x33SO4Hans         Terms in output =         75
                         Bytes used      =       4836

   MM8x33SO4Hans =

       + i_*F^-4 * (
          - 1/12*H(muu,muu,mp2,p1ext.p1ext)*muu^2
          - 1/12*H(muu,mp2,muu,p1ext.p1ext)*muu^2
          - 4/27*H(muu,mp2,mp2,p1ext.p1ext)*sqrt2^-2*mp2^2
          + 4/9*H(muu,mp2,mp2,p1ext.p1ext)*sqrt2^-2*muu*mp2
          - 1/3*H(muu,mp2,mp2,p1ext.p1ext)*sqrt2^-2*muu^2
          + 8/27*H(muu,mp2,mp2,p1ext.p1ext)*p1ext.p1ext*sqrt2^-2*mp2
          - 4/9*H(muu,mp2,mp2,p1ext.p1ext)*p1ext.p1ext*sqrt2^-2*muu
          - 4/27*H(muu,mp2,mp2,p1ext.p1ext)*p1ext.p1ext^2*sqrt2^-2
          - 1/12*H(mdd,mdd,mp2,p1ext.p1ext)*mdd^2
          - 1/12*H(mdd,mp2,mdd,p1ext.p1ext)*mdd^2
          - 4/27*H(mdd,mp2,mp2,p1ext.p1ext)*sqrt2^-2*mp2^2
          + 4/9*H(mdd,mp2,mp2,p1ext.p1ext)*sqrt2^-2*mdd*mp2
          - 1/3*H(mdd,mp2,mp2,p1ext.p1ext)*sqrt2^-2*mdd^2
          + 8/27*H(mdd,mp2,mp2,p1ext.p1ext)*p1ext.p1ext*sqrt2^-2*mp2
          - 4/9*H(mdd,mp2,mp2,p1ext.p1ext)*p1ext.p1ext*sqrt2^-2*mdd
          - 4/27*H(mdd,mp2,mp2,p1ext.p1ext)*p1ext.p1ext^2*sqrt2^-2
          - 1/12*H(mp2,muu,muu,p1ext.p1ext)*muu^2
          - 4/27*H(mp2,muu,mp2,p1ext.p1ext)*sqrt2^-2*mp2^2
          + 4/9*H(mp2,muu,mp2,p1ext.p1ext)*sqrt2^-2*muu*mp2
          - 1/3*H(mp2,muu,mp2,p1ext.p1ext)*sqrt2^-2*muu^2
          + 8/27*H(mp2,muu,mp2,p1ext.p1ext)*p1ext.p1ext*sqrt2^-2*mp2
          - 4/9*H(mp2,muu,mp2,p1ext.p1ext)*p1ext.p1ext*sqrt2^-2*muu
          - 4/27*H(mp2,muu,mp2,p1ext.p1ext)*p1ext.p1ext^2*sqrt2^-2
          - 1/12*H(mp2,mdd,mdd,p1ext.p1ext)*mdd^2
          - 4/27*H(mp2,mdd,mp2,p1ext.p1ext)*sqrt2^-2*mp2^2
          + 4/9*H(mp2,mdd,mp2,p1ext.p1ext)*sqrt2^-2*mdd*mp2
          - 1/3*H(mp2,mdd,mp2,p1ext.p1ext)*sqrt2^-2*mdd^2
          + 8/27*H(mp2,mdd,mp2,p1ext.p1ext)*p1ext.p1ext*sqrt2^-2*mp2
          - 4/9*H(mp2,mdd,mp2,p1ext.p1ext)*p1ext.p1ext*sqrt2^-2*mdd
          - 4/27*H(mp2,mdd,mp2,p1ext.p1ext)*p1ext.p1ext^2*sqrt2^-2
          - 4/27*H(mp2,mp2,muu,p1ext.p1ext)*sqrt2^-2*mp2^2
          + 4/9*H(mp2,mp2,muu,p1ext.p1ext)*sqrt2^-2*muu*mp2
          - 1/3*H(mp2,mp2,muu,p1ext.p1ext)*sqrt2^-2*muu^2
          - 16/27*H(mp2,mp2,muu,p1ext.p1ext)*p1ext.p1ext*sqrt2^-2*mp2
          + 8/9*H(mp2,mp2,muu,p1ext.p1ext)*p1ext.p1ext*sqrt2^-2*muu
          + 20/27*H(mp2,mp2,muu,p1ext.p1ext)*p1ext.p1ext^2*sqrt2^-2
          - 4/27*H(mp2,mp2,mdd,p1ext.p1ext)*sqrt2^-2*mp2^2
          + 4/9*H(mp2,mp2,mdd,p1ext.p1ext)*sqrt2^-2*mdd*mp2
          - 1/3*H(mp2,mp2,mdd,p1ext.p1ext)*sqrt2^-2*mdd^2
          - 16/27*H(mp2,mp2,mdd,p1ext.p1ext)*p1ext.p1ext*sqrt2^-2*mp2
          + 8/9*H(mp2,mp2,mdd,p1ext.p1ext)*p1ext.p1ext*sqrt2^-2*mdd
          + 20/27*H(mp2,mp2,mdd,p1ext.p1ext)*p1ext.p1ext^2*sqrt2^-2
          - 7/288*H(mp2,mp2,mp2,p1ext.p1ext)*mdd^2
          - 7/144*H(mp2,mp2,mp2,p1ext.p1ext)*muu*mdd
          - 7/288*H(mp2,mp2,mp2,p1ext.p1ext)*muu^2
          + 2/9*H(mp2,mp2,mp2,p1ext.p1ext)*p1ext.p1ext^2
          - 16/9*HH1(muu,mp2,mp2,p1ext.p1ext)*p1ext.p1ext*sqrt2^-2*mp2
          + 8/3*HH1(muu,mp2,mp2,p1ext.p1ext)*p1ext.p1ext*sqrt2^-2*muu
          + 16/9*HH1(muu,mp2,mp2,p1ext.p1ext)*p1ext.p1ext^2*sqrt2^-2
          - 16/9*HH1(mdd,mp2,mp2,p1ext.p1ext)*p1ext.p1ext*sqrt2^-2*mp2
          + 8/3*HH1(mdd,mp2,mp2,p1ext.p1ext)*p1ext.p1ext*sqrt2^-2*mdd
          + 16/9*HH1(mdd,mp2,mp2,p1ext.p1ext)*p1ext.p1ext^2*sqrt2^-2
          + 16/9*HH1(mp2,mp2,muu,p1ext.p1ext)*p1ext.p1ext*sqrt2^-2*mp2
          - 8/3*HH1(mp2,mp2,muu,p1ext.p1ext)*p1ext.p1ext*sqrt2^-2*muu
          - 16/9*HH1(mp2,mp2,muu,p1ext.p1ext)*p1ext.p1ext^2*sqrt2^-2
          + 16/9*HH1(mp2,mp2,mdd,p1ext.p1ext)*p1ext.p1ext*sqrt2^-2*mp2
          - 8/3*HH1(mp2,mp2,mdd,p1ext.p1ext)*p1ext.p1ext*sqrt2^-2*mdd
          - 16/9*HH1(mp2,mp2,mdd,p1ext.p1ext)*p1ext.p1ext^2*sqrt2^-2
          - 4*H21(muu,mp2,mp2,p1ext.p1ext)*p1ext.p1ext^2*sqrt2^-2
          - 4*H21(mdd,mp2,mp2,p1ext.p1ext)*p1ext.p1ext^2*sqrt2^-2
          - 2*H21(mp2,mp2,mp2,p1ext.p1ext)*p1ext.p1ext^2
          - 4*H22(muu,mp2,mp2,p1ext.p1ext)*p1ext.p1ext*sqrt2^-2
          - 4*H22(mdd,mp2,mp2,p1ext.p1ext)*p1ext.p1ext*sqrt2^-2
          - 2*H22(mp2,mp2,mp2,p1ext.p1ext)*p1ext.p1ext
          )

       + A(muu)*A(mp2)*i_*F^-4 * (
          - 8/9*sqrt2^-2*mp2
          + 10/9*sqrt2^-2*muu
          + 2/3*p1ext.p1ext*sqrt2^-2
          )

       + A(mdd)*A(mp2)*i_*F^-4 * (
          - 8/9*sqrt2^-2*mp2
          + 10/9*sqrt2^-2*mdd
          + 2/3*p1ext.p1ext*sqrt2^-2
          )

       + A(mp2)^2*i_*F^-4 * (
          - 8/9*sqrt2^-2*mdd
          - 8/9*sqrt2^-2*muu
          - 1/3*mp2
          + p1ext.p1ext
          + 8/3*p1ext.p1ext*sqrt2^-2
          );

