
Time =       0.00 sec    Generated terms =       2748
   MM7x33SO4Hans         Terms in output =       2748
                         Bytes used      =     267132

Time =       0.00 sec    Generated terms =       2748
   MM7x33SO4Hans         Terms in output =       2748
                         Bytes used      =     267132

Time =       0.00 sec    Generated terms =       1720
   MM7x33SO4Hans         Terms in output =       1720
                         Bytes used      =     220064

Time =       0.00 sec    Generated terms =       1720
   MM7x33SO4Hans         Terms in output =       1720
                         Bytes used      =     163512

Time =       0.00 sec    Generated terms =       1720
   MM7x33SO4Hans         Terms in output =       1720
                         Bytes used      =     163512

Time =       0.00 sec    Generated terms =       1432
   MM7x33SO4Hans         Terms in output =       1432
                         Bytes used      =     168640

Time =       0.00 sec    Generated terms =       1432
   MM7x33SO4Hans         Terms in output =        896
                         Bytes used      =      71632

Time =       0.00 sec    Generated terms =        896
   MM7x33SO4Hans         Terms in output =        896
                         Bytes used      =      71632

Time =       0.00 sec    Generated terms =        896
   MM7x33SO4Hans         Terms in output =        896
                         Bytes used      =      71632

Time =       0.00 sec    Generated terms =       1065
   MM7x33SO4Hans         Terms in output =       1065
                         Bytes used      =      88396

Time =       0.00 sec    Generated terms =       1065
   MM7x33SO4Hans         Terms in output =       1065
                         Bytes used      =      88396

Time =       0.00 sec    Generated terms =       1234
   MM7x33SO4Hans         Terms in output =       1234
                         Bytes used      =      99716

Time =       0.00 sec    Generated terms =       1234
   MM7x33SO4Hans         Terms in output =       1234
                         Bytes used      =      99716

Time =       0.01 sec    Generated terms =       1586
   MM7x33SO4Hans         Terms in output =       1586
                         Bytes used      =     124084

Time =       0.01 sec    Generated terms =       1586
   MM7x33SO4Hans         Terms in output =       1586
                         Bytes used      =     124084

Time =       0.01 sec    Generated terms =       1755
   MM7x33SO4Hans         Terms in output =       1755
                         Bytes used      =     136936

Time =       0.01 sec    Generated terms =       1755
   MM7x33SO4Hans         Terms in output =       1755
                         Bytes used      =     136936

Time =       0.01 sec    Generated terms =       1924
   MM7x33SO4Hans         Terms in output =       1924
                         Bytes used      =     148444

Time =       0.01 sec    Generated terms =       1924
   MM7x33SO4Hans         Terms in output =       1924
                         Bytes used      =     148444

Time =       0.01 sec    Generated terms =       1977
   MM7x33SO4Hans         Terms in output =       1977
                         Bytes used      =     152096

Time =       0.01 sec    Generated terms =       1977
   MM7x33SO4Hans         Terms in output =       1977
                         Bytes used      =     152096

Time =       0.01 sec    Generated terms =       2030
   MM7x33SO4Hans         Terms in output =       2030
                         Bytes used      =     155748

Time =       0.01 sec    Generated terms =       2030
   MM7x33SO4Hans         Terms in output =       2030
                         Bytes used      =     155748

Time =       0.01 sec    Generated terms =       2083
   MM7x33SO4Hans         Terms in output =       2083
                         Bytes used      =     159400

Time =       0.01 sec    Generated terms =       2083
   MM7x33SO4Hans         Terms in output =       2083
                         Bytes used      =     159400

Time =       0.01 sec    Generated terms =       2136
   MM7x33SO4Hans         Terms in output =       2136
                         Bytes used      =     163052

Time =       0.01 sec    Generated terms =       1240
   MM7x33SO4Hans         Terms in output =        962
                         Bytes used      =      59556

Time =       0.01 sec    Generated terms =        962
   MM7x33SO4Hans         Terms in output =        962
                         Bytes used      =      59556

Time =       0.01 sec    Generated terms =       1078
   MM7x33SO4Hans         Terms in output =       1078
                         Bytes used      =      67136

Time =       0.01 sec    Generated terms =       1078
   MM7x33SO4Hans         Terms in output =       1078
                         Bytes used      =      67136

Time =       0.02 sec    Generated terms =       1194
   MM7x33SO4Hans         Terms in output =       1194
                         Bytes used      =      74320

Time =       0.02 sec    Generated terms =       1194
   MM7x33SO4Hans         Terms in output =       1194
                         Bytes used      =      74320

Time =       0.02 sec    Generated terms =       1396
   MM7x33SO4Hans         Terms in output =       1396
                         Bytes used      =      86640

Time =       0.02 sec    Generated terms =       1396
   MM7x33SO4Hans         Terms in output =       1396
                         Bytes used      =      86640

Time =       0.02 sec    Generated terms =       1512
   MM7x33SO4Hans         Terms in output =       1512
                         Bytes used      =      94140

Time =       0.02 sec    Generated terms =       1512
   MM7x33SO4Hans         Terms in output =       1512
                         Bytes used      =      94140

Time =       0.02 sec    Generated terms =       1628
   MM7x33SO4Hans         Terms in output =       1628
                         Bytes used      =     101576

Time =       0.02 sec    Generated terms =       1628
   MM7x33SO4Hans         Terms in output =       1628
                         Bytes used      =     101576

Time =       0.02 sec    Generated terms =       1676
   MM7x33SO4Hans         Terms in output =       1676
                         Bytes used      =     104612

Time =       0.02 sec    Generated terms =       1676
   MM7x33SO4Hans         Terms in output =       1676
                         Bytes used      =     104612

Time =       0.02 sec    Generated terms =       1724
   MM7x33SO4Hans         Terms in output =       1724
                         Bytes used      =     107628

Time =       0.02 sec    Generated terms =       1724
   MM7x33SO4Hans         Terms in output =       1724
                         Bytes used      =     107628

Time =       0.02 sec    Generated terms =       1772
   MM7x33SO4Hans         Terms in output =       1772
                         Bytes used      =     110664

Time =       0.02 sec    Generated terms =       1772
   MM7x33SO4Hans         Terms in output =       1772
                         Bytes used      =     110664

Time =       0.02 sec    Generated terms =       1820
   MM7x33SO4Hans         Terms in output =       1820
                         Bytes used      =     113680

Time =       0.02 sec    Generated terms =        858
   MM7x33SO4Hans         Terms in output =        578
                         Bytes used      =      31316

Time =       0.02 sec    Generated terms =        578
   MM7x33SO4Hans         Terms in output =        578
                         Bytes used      =      31316

Time =       0.02 sec    Generated terms =        578
   MM7x33SO4Hans         Terms in output =         52
                         Bytes used      =       2928

Time =       0.02 sec    Generated terms =         27
   MM7x33SO4Hans         Terms in output =         14
                         Bytes used      =        716

Time =       0.02 sec    Generated terms =         14
   MM7x33SO4Hans         Terms in output =         14
                         Bytes used      =        744

   MM7x33SO4Hans =

       + A(muu)^2*i_*F^-4 * (
          - 1/6*muu
          )

       + A(muu)*A(mp2)*i_*F^-4 * (
          + 4/15*mp2
          - 1/60*mdd
          - 71/360*muu
          + 2/45*p1ext.p1ext
          )

       + A(mdd)^2*i_*F^-4 * (
          - 1/6*mdd
          )

       + A(mdd)*A(mp2)*i_*F^-4 * (
          + 4/15*mp2
          - 71/360*mdd
          - 1/60*muu
          + 2/45*p1ext.p1ext
          )

       + A(mp2)^2*i_*F^-4 * (
          + 8/15*mp2
          - 79/960*mdd
          - 79/960*muu
          + 22/45*p1ext.p1ext
          );

