
Time =       0.00 sec    Generated terms =        296
            Vtop         Terms in output =        296
                         Bytes used      =      18772

Time =       0.00 sec    Generated terms =        296
            Vbot         Terms in output =        296
                         Bytes used      =      18772

Time =       0.00 sec    Generated terms =        296
            Vbot         Terms in output =        296
                         Bytes used      =      23036

Time =       0.00 sec    Generated terms =        296
            Vtop         Terms in output =        296
                         Bytes used      =      23036

Time =       0.00 sec    Generated terms =        296
            Vtop         Terms in output =        296
                         Bytes used      =      23036

Time =       0.00 sec    Generated terms =        296
            Vbot         Terms in output =        296
                         Bytes used      =      23036

Time =       0.00 sec    Generated terms =        112
            Vbot         Terms in output =        112
                         Bytes used      =      12740

Time =       0.00 sec    Generated terms =        112
            Vbot         Terms in output =        112
                         Bytes used      =       8500

Time =       0.00 sec    Generated terms =        296
            Vtop         Terms in output =        296
                         Bytes used      =      23036

Time =       0.00 sec    Generated terms =        112
            Vbot         Terms in output =        112
                         Bytes used      =       8500

Time =       0.00 sec    Generated terms =         72
            Vbot         Terms in output =         72
                         Bytes used      =       6740

Time =       0.00 sec    Generated terms =         72
            Vbot         Terms in output =         40
                         Bytes used      =       2412

Time =       0.00 sec    Generated terms =        296
            Vtop         Terms in output =        296
                         Bytes used      =      23036

Time =       0.00 sec    Generated terms =         40
            Vbot         Terms in output =         40
                         Bytes used      =       2412

Time =       0.00 sec    Generated terms =      11840
   MM6x33SO4Hans         Terms in output =      11410
                         Bytes used      =     877468

Time =       0.01 sec    Generated terms =      13182
   MM6x33SO4Hans         Terms in output =      13182
                         Bytes used      =    1048948

Time =       0.01 sec    Generated terms =      14954
   MM6x33SO4Hans         Terms in output =      14954
                         Bytes used      =    1219396

Time =       0.01 sec    Generated terms =      17498
   MM6x33SO4Hans         Terms in output =      17498
                         Bytes used      =    1437864

Time =       0.01 sec    Generated terms =      19270
   MM6x33SO4Hans         Terms in output =      19270
                         Bytes used      =    1606416

Time =       0.02 sec    Generated terms =      21042
   MM6x33SO4Hans         Terms in output =      21042
                         Bytes used      =    1773812

Time =       0.02 sec    Generated terms =      21274
   MM6x33SO4Hans         Terms in output =      21274
                         Bytes used      =    1805764

Time =       0.02 sec    Generated terms =      21506
   MM6x33SO4Hans         Terms in output =      21506
                         Bytes used      =    1837224

Time =       0.03 sec    Generated terms =      21738
   MM6x33SO4Hans         Terms in output =      21738
                         Bytes used      =    1868664

Time =       0.03 sec    Generated terms =      21970
   MM6x33SO4Hans         Terms in output =      21970
                         Bytes used      =    1899532

Time =       0.03 sec    Generated terms =      10560
   MM6x33SO4Hans         Terms in output =       8864
                         Bytes used      =     683364

Time =       0.04 sec    Generated terms =       8864
   MM6x33SO4Hans         Terms in output =       8864
                         Bytes used      =     683364

Time =       0.04 sec    Generated terms =      10192
   MM6x33SO4Hans         Terms in output =      10192
                         Bytes used      =     781124

Time =       0.04 sec    Generated terms =      11520
   MM6x33SO4Hans         Terms in output =      11520
                         Bytes used      =     867484

Time =       0.04 sec    Generated terms =      12016
   MM6x33SO4Hans         Terms in output =      12016
                         Bytes used      =     902596

Time =       0.04 sec    Generated terms =      13344
   MM6x33SO4Hans         Terms in output =      13344
                         Bytes used      =     988940

Time =       0.05 sec    Generated terms =      14672
   MM6x33SO4Hans         Terms in output =      14672
                         Bytes used      =    1075268

Time =       0.05 sec    Generated terms =      14796
   MM6x33SO4Hans         Terms in output =      14796
                         Bytes used      =    1087060

Time =       0.05 sec    Generated terms =      14920
   MM6x33SO4Hans         Terms in output =      14920
                         Bytes used      =    1098856

Time =       0.05 sec    Generated terms =      15044
   MM6x33SO4Hans         Terms in output =      15044
                         Bytes used      =    1110648

Time =       0.05 sec    Generated terms =      15168
   MM6x33SO4Hans         Terms in output =      15168
                         Bytes used      =    1122444

Time =       0.05 sec    Generated terms =       6304
   MM6x33SO4Hans         Terms in output =       2318
                         Bytes used      =     139508

Time =       0.06 sec    Generated terms =       2318
   MM6x33SO4Hans         Terms in output =       2318
                         Bytes used      =     139508

Time =       0.06 sec    Generated terms =       2518
   MM6x33SO4Hans         Terms in output =       2518
                         Bytes used      =     151280

Time =       0.06 sec    Generated terms =       2518
   MM6x33SO4Hans         Terms in output =       2518
                         Bytes used      =     151280

Time =       0.06 sec    Generated terms =       2720
   MM6x33SO4Hans         Terms in output =       2720
                         Bytes used      =     162948

Time =       0.06 sec    Generated terms =       2720
   MM6x33SO4Hans         Terms in output =       2720
                         Bytes used      =     162948

Time =       0.06 sec    Generated terms =       2926
   MM6x33SO4Hans         Terms in output =       2926
                         Bytes used      =     175588

Time =       0.06 sec    Generated terms =       2926
   MM6x33SO4Hans         Terms in output =       2926
                         Bytes used      =     175588

Time =       0.06 sec    Generated terms =       3126
   MM6x33SO4Hans         Terms in output =       3126
                         Bytes used      =     187100

Time =       0.06 sec    Generated terms =       3126
   MM6x33SO4Hans         Terms in output =       3126
                         Bytes used      =     187100

Time =       0.06 sec    Generated terms =       3328
   MM6x33SO4Hans         Terms in output =       3328
                         Bytes used      =     198628

Time =       0.06 sec    Generated terms =       3328
   MM6x33SO4Hans         Terms in output =       3328
                         Bytes used      =     198628

Time =       0.06 sec    Generated terms =       3529
   MM6x33SO4Hans         Terms in output =       3529
                         Bytes used      =     210880

Time =       0.06 sec    Generated terms =       3529
   MM6x33SO4Hans         Terms in output =       3529
                         Bytes used      =     210880

Time =       0.06 sec    Generated terms =       3730
   MM6x33SO4Hans         Terms in output =       3730
                         Bytes used      =     223048

Time =       0.07 sec    Generated terms =       3730
   MM6x33SO4Hans         Terms in output =       3730
                         Bytes used      =     223048

Time =       0.07 sec    Generated terms =       3931
   MM6x33SO4Hans         Terms in output =       3931
                         Bytes used      =     235156

Time =       0.07 sec    Generated terms =       3931
   MM6x33SO4Hans         Terms in output =       3931
                         Bytes used      =     235156

Time =       0.07 sec    Generated terms =       4132
   MM6x33SO4Hans         Terms in output =       4132
                         Bytes used      =     247324

Time =       0.07 sec    Generated terms =       1814
   MM6x33SO4Hans         Terms in output =       1439
                         Bytes used      =      79888

Time =       0.07 sec    Generated terms =       1439
   MM6x33SO4Hans         Terms in output =       1439
                         Bytes used      =      79888

Time =       0.07 sec    Generated terms =       1439
   MM6x33SO4Hans         Terms in output =        157
                         Bytes used      =       9096

Time =       0.07 sec    Generated terms =        197
   MM6x33SO4Hans         Terms in output =         71
                         Bytes used      =       3900

Time =       0.07 sec    Generated terms =         71
   MM6x33SO4Hans         Terms in output =         71
                         Bytes used      =       3900

Time =       0.07 sec    Generated terms =         68
   MM6x33SO4Hans         Terms in output =         47
                         Bytes used      =       2412

Time =       0.07 sec    Generated terms =         47
   MM6x33SO4Hans         Terms in output =         47
                         Bytes used      =       2252

   MM6x33SO4Hans =

       + A(muu)^2*i_*F^-4 * (
          + 1/6*muu
          )

       + A(muu)*A(mp2)*i_*F^-4 * (
          - 2/9*mp2
          + 1/12*mdd
          + 1/4*muu
          - 1/9*p1ext.p1ext
          )

       + A(muu)*B(mp2,mp2,0)*i_*F^-4 * (
          - 1/9*mp2^2
          + 1/12*mdd*mp2
          - 1/72*mdd^2
          + 1/12*muu*mp2
          - 13/144*muu*mdd
          - 11/144*muu^2
          - 1/9*p1ext.p1ext*mp2
          + 1/18*p1ext.p1ext*mdd
          + 1/18*p1ext.p1ext*muu
          )

       + A(mdd)^2*i_*F^-4 * (
          + 1/6*mdd
          )

       + A(mdd)*A(mp2)*i_*F^-4 * (
          - 2/9*mp2
          + 1/4*mdd
          + 1/12*muu
          - 1/9*p1ext.p1ext
          )

       + A(mdd)*B(mp2,mp2,0)*i_*F^-4 * (
          - 1/9*mp2^2
          + 1/12*mdd*mp2
          - 11/144*mdd^2
          + 1/12*muu*mp2
          - 13/144*muu*mdd
          - 1/72*muu^2
          - 1/9*p1ext.p1ext*mp2
          + 1/18*p1ext.p1ext*mdd
          + 1/18*p1ext.p1ext*muu
          )

       + A(mp2)^2*i_*F^-4 * (
          - 2/3*mp2
          + 4/9*mdd
          + 4/9*muu
          - 2/9*p1ext.p1ext
          )

       + A(mp2)*B(muu,muu,0)*i_*F^-4 * (
          + 1/6*muu*mp2
          - 1/12*muu*mdd
          - 5/24*muu^2
          )

       + A(mp2)*B(mdd,mdd,0)*i_*F^-4 * (
          + 1/6*mdd*mp2
          - 5/24*mdd^2
          - 1/12*muu*mdd
          )

       + A(mp2)*B(mp2,mp2,0)*i_*F^-4 * (
          - 4/9*mp2^2
          + 7/12*mdd*mp2
          - 65/576*mdd^2
          + 7/12*muu*mp2
          - 65/288*muu*mdd
          - 65/576*muu^2
          - 4/9*p1ext.p1ext*mp2
          + 11/36*p1ext.p1ext*mdd
          + 11/36*p1ext.p1ext*muu
          );

