
Time =       0.00 sec    Generated terms =         60
            Vtop         Terms in output =         60
                         Bytes used      =       4076

Time =       0.00 sec    Generated terms =         60
            Vbot         Terms in output =         60
                         Bytes used      =       4076

Time =       0.00 sec    Generated terms =         60
            Vbot         Terms in output =         60
                         Bytes used      =       4728

Time =       0.00 sec    Generated terms =         60
            Vtop         Terms in output =         60
                         Bytes used      =       4728

Time =       0.00 sec    Generated terms =         60
            Vtop         Terms in output =         60
                         Bytes used      =       4728

Time =       0.00 sec    Generated terms =         60
            Vbot         Terms in output =         60
                         Bytes used      =       4728

Time =       0.00 sec    Generated terms =         48
            Vbot         Terms in output =         48
                         Bytes used      =       4324

Time =       0.00 sec    Generated terms =         48
            Vbot         Terms in output =         48
                         Bytes used      =       3220

Time =       0.00 sec    Generated terms =         60
            Vtop         Terms in output =         60
                         Bytes used      =       4728

Time =       0.00 sec    Generated terms =         48
            Vbot         Terms in output =         48
                         Bytes used      =       3220

Time =       0.00 sec    Generated terms =         64
            Vbot         Terms in output =         64
                         Bytes used      =       5620

Time =       0.00 sec    Generated terms =         64
            Vbot         Terms in output =         36
                         Bytes used      =       2076

Time =       0.00 sec    Generated terms =         60
            Vtop         Terms in output =         60
                         Bytes used      =       4728

Time =       0.00 sec    Generated terms =         36
            Vbot         Terms in output =         36
                         Bytes used      =       2076

Time =       0.00 sec    Generated terms =       2160
   MM6x33SP4Hans         Terms in output =       2010
                         Bytes used      =     148272

Time =       0.00 sec    Generated terms =       2562
   MM6x33SP4Hans         Terms in output =       2562
                         Bytes used      =     197752

Time =       0.00 sec    Generated terms =       3114
   MM6x33SP4Hans         Terms in output =       3114
                         Bytes used      =     246600

Time =       0.00 sec    Generated terms =       4122
   MM6x33SP4Hans         Terms in output =       4122
                         Bytes used      =     325468

Time =       0.01 sec    Generated terms =       4674
   MM6x33SP4Hans         Terms in output =       4674
                         Bytes used      =     372772

Time =       0.01 sec    Generated terms =       5226
   MM6x33SP4Hans         Terms in output =       5226
                         Bytes used      =     419200

Time =       0.01 sec    Generated terms =       3216
   MM6x33SP4Hans         Terms in output =       2544
                         Bytes used      =     176520

Time =       0.01 sec    Generated terms =       2544
   MM6x33SP4Hans         Terms in output =       2544
                         Bytes used      =     176520

Time =       0.01 sec    Generated terms =       3272
   MM6x33SP4Hans         Terms in output =       3272
                         Bytes used      =     228832

Time =       0.01 sec    Generated terms =       4000
   MM6x33SP4Hans         Terms in output =       4000
                         Bytes used      =     275640

Time =       0.01 sec    Generated terms =       4432
   MM6x33SP4Hans         Terms in output =       4432
                         Bytes used      =     304544

Time =       0.01 sec    Generated terms =       5160
   MM6x33SP4Hans         Terms in output =       5160
                         Bytes used      =     351304

Time =       0.01 sec    Generated terms =       5888
   MM6x33SP4Hans         Terms in output =       5888
                         Bytes used      =     398052

Time =       0.02 sec    Generated terms =       3344
   MM6x33SP4Hans         Terms in output =       1158
                         Bytes used      =      66588

Time =       0.02 sec    Generated terms =       1158
   MM6x33SP4Hans         Terms in output =       1158
                         Bytes used      =      66588

Time =       0.02 sec    Generated terms =       1394
   MM6x33SP4Hans         Terms in output =       1394
                         Bytes used      =      80216

Time =       0.02 sec    Generated terms =       1394
   MM6x33SP4Hans         Terms in output =       1394
                         Bytes used      =      80216

Time =       0.02 sec    Generated terms =       1632
   MM6x33SP4Hans         Terms in output =       1632
                         Bytes used      =      93740

Time =       0.02 sec    Generated terms =       1632
   MM6x33SP4Hans         Terms in output =       1632
                         Bytes used      =      93740

Time =       0.02 sec    Generated terms =       1834
   MM6x33SP4Hans         Terms in output =       1834
                         Bytes used      =     106012

Time =       0.02 sec    Generated terms =       1834
   MM6x33SP4Hans         Terms in output =       1834
                         Bytes used      =     106012

Time =       0.02 sec    Generated terms =       2074
   MM6x33SP4Hans         Terms in output =       2074
                         Bytes used      =     119468

Time =       0.02 sec    Generated terms =       2074
   MM6x33SP4Hans         Terms in output =       2074
                         Bytes used      =     119468

Time =       0.02 sec    Generated terms =       2316
   MM6x33SP4Hans         Terms in output =       2316
                         Bytes used      =     132940

Time =       0.02 sec    Generated terms =       1158
   MM6x33SP4Hans         Terms in output =        827
                         Bytes used      =      45240

Time =       0.02 sec    Generated terms =        827
   MM6x33SP4Hans         Terms in output =        827
                         Bytes used      =      45240

Time =       0.02 sec    Generated terms =        827
   MM6x33SP4Hans         Terms in output =         45
                         Bytes used      =       2528

Time =       0.02 sec    Generated terms =         57
   MM6x33SP4Hans         Terms in output =         19
                         Bytes used      =        964

Time =       0.02 sec    Generated terms =         19
   MM6x33SP4Hans         Terms in output =         19
                         Bytes used      =        964

Time =       0.02 sec    Generated terms =         18
   MM6x33SP4Hans         Terms in output =         13
                         Bytes used      =        664

Time =       0.02 sec    Generated terms =         13
   MM6x33SP4Hans         Terms in output =         13
                         Bytes used      =        600

   MM6x33SP4Hans =

       + A(mp2)^2*i_*F^-4 * (
          - 4/3*mp2
          + 7/18*mdd
          + 7/18*muu
          - 4/9*p1ext.p1ext
          )

       + A(mp2)*B(mp2,mp2,0)*i_*F^-4 * (
          - 8/9*mp2^2
          + 7/12*mdd*mp2
          - 49/576*mdd^2
          + 7/12*muu*mp2
          - 49/288*muu*mdd
          - 49/576*muu^2
          - 8/9*p1ext.p1ext*mp2
          + 7/36*p1ext.p1ext*mdd
          + 7/36*p1ext.p1ext*muu
          );

