
Time =       0.00 sec    Generated terms =         60
           Vleft         Terms in output =         60
                         Bytes used      =       4076

Time =       0.00 sec    Generated terms =         60
          Vright         Terms in output =         60
                         Bytes used      =       4076

Time =       0.00 sec    Generated terms =         60
           Vleft         Terms in output =         60
                         Bytes used      =       4728

Time =       0.00 sec    Generated terms =         60
          Vright         Terms in output =         60
                         Bytes used      =       4728

Time =       0.00 sec    Generated terms =         60
           Vleft         Terms in output =         60
                         Bytes used      =       4728

Time =       0.00 sec    Generated terms =         60
          Vright         Terms in output =         60
                         Bytes used      =       4728

Time =       0.00 sec    Generated terms =         48
           Vleft         Terms in output =         48
                         Bytes used      =       4324

Time =       0.00 sec    Generated terms =         48
           Vleft         Terms in output =         48
                         Bytes used      =       3220

Time =       0.00 sec    Generated terms =         48
           Vleft         Terms in output =         48
                         Bytes used      =       3220

Time =       0.00 sec    Generated terms =         60
          Vright         Terms in output =         60
                         Bytes used      =       4728

Time =       0.00 sec    Generated terms =         48
          Vright         Terms in output =         48
                         Bytes used      =       4324

Time =       0.00 sec    Generated terms =         48
          Vright         Terms in output =         48
                         Bytes used      =       3220

Time =       0.00 sec    Generated terms =         48
           Vleft         Terms in output =         48
                         Bytes used      =       3220

Time =       0.00 sec    Generated terms =         48
          Vright         Terms in output =         48
                         Bytes used      =       3220

Time =       0.00 sec    Generated terms =       2304
   MM8x33SP4Hans         Terms in output =       2160
                         Bytes used      =     158260

Time =       0.00 sec    Generated terms =       2544
   MM8x33SP4Hans         Terms in output =       2544
                         Bytes used      =     193596

Time =       0.00 sec    Generated terms =       2928
   MM8x33SP4Hans         Terms in output =       2928
                         Bytes used      =     228932

Time =       0.01 sec    Generated terms =       6624
   MM8x33SP4Hans         Terms in output =       6624
                         Bytes used      =     512828

Time =       0.01 sec    Generated terms =       7008
   MM8x33SP4Hans         Terms in output =       7008
                         Bytes used      =     546988

Time =       0.01 sec    Generated terms =       7392
   MM8x33SP4Hans         Terms in output =       7392
                         Bytes used      =     581148

Time =       0.01 sec    Generated terms =       5232
   MM8x33SP4Hans         Terms in output =       2732
                         Bytes used      =     191852

Time =       0.01 sec    Generated terms =       2732
   MM8x33SP4Hans         Terms in output =       2732
                         Bytes used      =     191852

Time =       0.01 sec    Generated terms =       3256
   MM8x33SP4Hans         Terms in output =       3256
                         Bytes used      =     233736

Time =       0.01 sec    Generated terms =       3780
   MM8x33SP4Hans         Terms in output =       3780
                         Bytes used      =     271444

Time =       0.01 sec    Generated terms =       5748
   MM8x33SP4Hans         Terms in output =       5748
                         Bytes used      =     419860

Time =       0.01 sec    Generated terms =       6272
   MM8x33SP4Hans         Terms in output =       6272
                         Bytes used      =     456308

Time =       0.02 sec    Generated terms =       6796
   MM8x33SP4Hans         Terms in output =       6796
                         Bytes used      =     492756

Time =       0.02 sec    Generated terms =       4064
   MM8x33SP4Hans         Terms in output =       1704
                         Bytes used      =     105352

Time =       0.02 sec    Generated terms =       1704
   MM8x33SP4Hans         Terms in output =       1704
                         Bytes used      =     105352

Time =       0.02 sec    Generated terms =       1980
   MM8x33SP4Hans         Terms in output =       1980
                         Bytes used      =     123420

Time =       0.02 sec    Generated terms =       2256
   MM8x33SP4Hans         Terms in output =       2256
                         Bytes used      =     140916

Time =       0.02 sec    Generated terms =       2848
   MM8x33SP4Hans         Terms in output =       2848
                         Bytes used      =     177508

Time =       0.02 sec    Generated terms =       3128
   MM8x33SP4Hans         Terms in output =       3128
                         Bytes used      =     194884

Time =       0.02 sec    Generated terms =       3408
   MM8x33SP4Hans         Terms in output =       3408
                         Bytes used      =     211940

Time =       0.02 sec    Generated terms =       1704
   MM8x33SP4Hans         Terms in output =        651
                         Bytes used      =      35928

Time =       0.02 sec    Generated terms =        651
   MM8x33SP4Hans         Terms in output =        651
                         Bytes used      =      35928

Time =       0.02 sec    Generated terms =        651
   MM8x33SP4Hans         Terms in output =         36
                         Bytes used      =       2140

Time =       0.02 sec    Generated terms =        965
   MM8x33SP4Hans         Terms in output =         18
                         Bytes used      =       1608

Time =       0.02 sec    Generated terms =         32
   MM8x33SP4Hans         Terms in output =         12
                         Bytes used      =        988

Time =       0.02 sec    Generated terms =         12
   MM8x33SP4Hans         Terms in output =          8
                         Bytes used      =        652

   MM8x33SP4Hans =

       + i_*F^-4 * (
          - 7/288*H(mp2,mp2,mp2,p1ext.p1ext)*mdd^2
          - 7/144*H(mp2,mp2,mp2,p1ext.p1ext)*muu*mdd
          - 7/288*H(mp2,mp2,mp2,p1ext.p1ext)*muu^2
          + 2/9*H(mp2,mp2,mp2,p1ext.p1ext)*p1ext.p1ext^2
          - 2*H21(mp2,mp2,mp2,p1ext.p1ext)*p1ext.p1ext^2
          - 2*H22(mp2,mp2,mp2,p1ext.p1ext)*p1ext.p1ext
          )

       + A(mp2)^2*i_*F^-4 * (
          - 1/3*mp2
          + p1ext.p1ext
          );

