
Time =       0.00 sec    Generated terms =        190
   MM7x33SP4Hans         Terms in output =        190
                         Bytes used      =      18808

Time =       0.00 sec    Generated terms =        190
   MM7x33SP4Hans         Terms in output =        190
                         Bytes used      =      18808

Time =       0.00 sec    Generated terms =        228
   MM7x33SP4Hans         Terms in output =        228
                         Bytes used      =      23232

Time =       0.00 sec    Generated terms =        228
   MM7x33SP4Hans         Terms in output =        228
                         Bytes used      =      19808

Time =       0.00 sec    Generated terms =        228
   MM7x33SP4Hans         Terms in output =        228
                         Bytes used      =      19808

Time =       0.00 sec    Generated terms =        436
   MM7x33SP4Hans         Terms in output =        436
                         Bytes used      =      42672

Time =       0.00 sec    Generated terms =        436
   MM7x33SP4Hans         Terms in output =        262
                         Bytes used      =      19164

Time =       0.00 sec    Generated terms =        262
   MM7x33SP4Hans         Terms in output =        262
                         Bytes used      =      19164

Time =       0.00 sec    Generated terms =        262
   MM7x33SP4Hans         Terms in output =        262
                         Bytes used      =      19164

Time =       0.00 sec    Generated terms =        365
   MM7x33SP4Hans         Terms in output =        365
                         Bytes used      =      29096

Time =       0.00 sec    Generated terms =        365
   MM7x33SP4Hans         Terms in output =        365
                         Bytes used      =      29096

Time =       0.00 sec    Generated terms =        468
   MM7x33SP4Hans         Terms in output =        468
                         Bytes used      =      36112

Time =       0.00 sec    Generated terms =        468
   MM7x33SP4Hans         Terms in output =        468
                         Bytes used      =      36112

Time =       0.00 sec    Generated terms =        796
   MM7x33SP4Hans         Terms in output =        796
                         Bytes used      =      58160

Time =       0.00 sec    Generated terms =        796
   MM7x33SP4Hans         Terms in output =        796
                         Bytes used      =      58160

Time =       0.00 sec    Generated terms =        899
   MM7x33SP4Hans         Terms in output =        899
                         Bytes used      =      65364

Time =       0.00 sec    Generated terms =        899
   MM7x33SP4Hans         Terms in output =        899
                         Bytes used      =      65364

Time =       0.00 sec    Generated terms =       1002
   MM7x33SP4Hans         Terms in output =       1002
                         Bytes used      =      72576

Time =       0.00 sec    Generated terms =        740
   MM7x33SP4Hans         Terms in output =        482
                         Bytes used      =      29484

Time =       0.01 sec    Generated terms =        482
   MM7x33SP4Hans         Terms in output =        482
                         Bytes used      =      29484

Time =       0.01 sec    Generated terms =        558
   MM7x33SP4Hans         Terms in output =        558
                         Bytes used      =      34728

Time =       0.01 sec    Generated terms =        558
   MM7x33SP4Hans         Terms in output =        558
                         Bytes used      =      34728

Time =       0.01 sec    Generated terms =        634
   MM7x33SP4Hans         Terms in output =        634
                         Bytes used      =      39576

Time =       0.01 sec    Generated terms =        634
   MM7x33SP4Hans         Terms in output =        634
                         Bytes used      =      39576

Time =       0.01 sec    Generated terms =        812
   MM7x33SP4Hans         Terms in output =        812
                         Bytes used      =      50360

Time =       0.01 sec    Generated terms =        812
   MM7x33SP4Hans         Terms in output =        812
                         Bytes used      =      50360

Time =       0.01 sec    Generated terms =        888
   MM7x33SP4Hans         Terms in output =        888
                         Bytes used      =      55268

Time =       0.01 sec    Generated terms =        888
   MM7x33SP4Hans         Terms in output =        888
                         Bytes used      =      55268

Time =       0.01 sec    Generated terms =        964
   MM7x33SP4Hans         Terms in output =        964
                         Bytes used      =      59992

Time =       0.01 sec    Generated terms =        482
   MM7x33SP4Hans         Terms in output =        242
                         Bytes used      =      13096

Time =       0.01 sec    Generated terms =        242
   MM7x33SP4Hans         Terms in output =        242
                         Bytes used      =      13096

Time =       0.01 sec    Generated terms =        242
   MM7x33SP4Hans         Terms in output =         10
                         Bytes used      =        576

Time =       0.01 sec    Generated terms =          5
   MM7x33SP4Hans         Terms in output =          4
                         Bytes used      =        212

Time =       0.01 sec    Generated terms =          4
   MM7x33SP4Hans         Terms in output =          4
                         Bytes used      =        208

   MM7x33SP4Hans =

       + A(mp2)^2*i_*F^-4 * (
          + 28/45*mp2
          - 21/320*mdd
          - 21/320*muu
          + 14/45*p1ext.p1ext
          );

