
Time =       0.00 sec    Generated terms =        296
            Vtop         Terms in output =        296
                         Bytes used      =      18772

Time =       0.00 sec    Generated terms =        296
            Vbot         Terms in output =        296
                         Bytes used      =      18772

Time =       0.00 sec    Generated terms =        296
            Vbot         Terms in output =        296
                         Bytes used      =      23036

Time =       0.00 sec    Generated terms =        296
            Vtop         Terms in output =        296
                         Bytes used      =      23036

Time =       0.00 sec    Generated terms =        296
            Vtop         Terms in output =        296
                         Bytes used      =      23036

Time =       0.00 sec    Generated terms =        296
            Vbot         Terms in output =        296
                         Bytes used      =      23036

Time =       0.00 sec    Generated terms =        152
            Vbot         Terms in output =        152
                         Bytes used      =      15640

Time =       0.00 sec    Generated terms =        152
            Vbot         Terms in output =        152
                         Bytes used      =      10760

Time =       0.00 sec    Generated terms =        296
            Vtop         Terms in output =        296
                         Bytes used      =      23036

Time =       0.00 sec    Generated terms =        152
            Vbot         Terms in output =        152
                         Bytes used      =      10760

Time =       0.00 sec    Generated terms =        116
            Vbot         Terms in output =        116
                         Bytes used      =      10760

Time =       0.00 sec    Generated terms =        116
            Vbot         Terms in output =         68
                         Bytes used      =       4032

Time =       0.00 sec    Generated terms =        296
            Vtop         Terms in output =        296
                         Bytes used      =      23036

Time =       0.00 sec    Generated terms =         68
            Vbot         Terms in output =         68
                         Bytes used      =       4032

Time =       0.00 sec    Generated terms =      20128
   MM6x44SO4Hans         Terms in output =      19440
                         Bytes used      =    1483276

Time =       0.01 sec    Generated terms =      19996
   MM6x44SO4Hans         Terms in output =      19996
                         Bytes used      =    1536224

Time =       0.01 sec    Generated terms =      20552
   MM6x44SO4Hans         Terms in output =      20552
                         Bytes used      =    1588656

Time =       0.01 sec    Generated terms =      21872
   MM6x44SO4Hans         Terms in output =      21872
                         Bytes used      =    1723752

Time =       0.02 sec    Generated terms =      25208
   MM6x44SO4Hans         Terms in output =      25208
                         Bytes used      =    1998048

Time =       0.02 sec    Generated terms =      26980
   MM6x44SO4Hans         Terms in output =      26980
                         Bytes used      =    2165444

Time =       0.02 sec    Generated terms =      29258
   MM6x44SO4Hans         Terms in output =      29258
                         Bytes used      =    2378080

Time =       0.03 sec    Generated terms =      31536
   MM6x44SO4Hans         Terms in output =      31536
                         Bytes used      =    2589032

Time =       0.03 sec    Generated terms =      33814
   MM6x44SO4Hans         Terms in output =      33814
                         Bytes used      =    2771528

Time =       0.04 sec    Generated terms =      36092
   MM6x44SO4Hans         Terms in output =      36092
                         Bytes used      =    2952060

Time =       0.04 sec    Generated terms =      16652
   MM6x44SO4Hans         Terms in output =      14428
                         Bytes used      =    1044612

Time =       0.04 sec    Generated terms =      14428
   MM6x44SO4Hans         Terms in output =      14428
                         Bytes used      =    1044612

Time =       0.05 sec    Generated terms =      14828
   MM6x44SO4Hans         Terms in output =      14828
                         Bytes used      =    1077080

Time =       0.05 sec    Generated terms =      15228
   MM6x44SO4Hans         Terms in output =      15228
                         Bytes used      =    1103464

Time =       0.05 sec    Generated terms =      16052
   MM6x44SO4Hans         Terms in output =      16052
                         Bytes used      =    1161592

Time =       0.05 sec    Generated terms =      16852
   MM6x44SO4Hans         Terms in output =      16852
                         Bytes used      =    1216992

Time =       0.06 sec    Generated terms =      18180
   MM6x44SO4Hans         Terms in output =      18180
                         Bytes used      =    1303320

Time =       0.06 sec    Generated terms =      19096
   MM6x44SO4Hans         Terms in output =      19096
                         Bytes used      =    1368692

Time =       0.06 sec    Generated terms =      20012
   MM6x44SO4Hans         Terms in output =      20012
                         Bytes used      =    1434048

Time =       0.07 sec    Generated terms =      20928
   MM6x44SO4Hans         Terms in output =      20928
                         Bytes used      =    1497488

Time =       0.07 sec    Generated terms =      21844
   MM6x44SO4Hans         Terms in output =      21844
                         Bytes used      =    1560916

Time =       0.07 sec    Generated terms =       7416
   MM6x44SO4Hans         Terms in output =       3012
                         Bytes used      =     181916

Time =       0.07 sec    Generated terms =       3012
   MM6x44SO4Hans         Terms in output =       3012
                         Bytes used      =     181916

Time =       0.07 sec    Generated terms =       3464
   MM6x44SO4Hans         Terms in output =       3464
                         Bytes used      =     209108

Time =       0.07 sec    Generated terms =       3464
   MM6x44SO4Hans         Terms in output =       3464
                         Bytes used      =     209108

Time =       0.07 sec    Generated terms =       3916
   MM6x44SO4Hans         Terms in output =       3916
                         Bytes used      =     236096

Time =       0.07 sec    Generated terms =       3916
   MM6x44SO4Hans         Terms in output =       3916
                         Bytes used      =     236096

Time =       0.07 sec    Generated terms =       4116
   MM6x44SO4Hans         Terms in output =       4116
                         Bytes used      =     247508

Time =       0.08 sec    Generated terms =       4116
   MM6x44SO4Hans         Terms in output =       4116
                         Bytes used      =     247508

Time =       0.08 sec    Generated terms =       4592
   MM6x44SO4Hans         Terms in output =       4592
                         Bytes used      =     276012

Time =       0.08 sec    Generated terms =       4592
   MM6x44SO4Hans         Terms in output =       4592
                         Bytes used      =     276012

Time =       0.08 sec    Generated terms =       5106
   MM6x44SO4Hans         Terms in output =       5106
                         Bytes used      =     305700

Time =       0.08 sec    Generated terms =       5106
   MM6x44SO4Hans         Terms in output =       5106
                         Bytes used      =     305700

Time =       0.08 sec    Generated terms =       5281
   MM6x44SO4Hans         Terms in output =       5281
                         Bytes used      =     316636

Time =       0.08 sec    Generated terms =       5281
   MM6x44SO4Hans         Terms in output =       5281
                         Bytes used      =     316636

Time =       0.08 sec    Generated terms =       5457
   MM6x44SO4Hans         Terms in output =       5457
                         Bytes used      =     327560

Time =       0.08 sec    Generated terms =       5457
   MM6x44SO4Hans         Terms in output =       5457
                         Bytes used      =     327560

Time =       0.08 sec    Generated terms =       5632
   MM6x44SO4Hans         Terms in output =       5632
                         Bytes used      =     338352

Time =       0.08 sec    Generated terms =       5632
   MM6x44SO4Hans         Terms in output =       5632
                         Bytes used      =     338352

Time =       0.09 sec    Generated terms =       5808
   MM6x44SO4Hans         Terms in output =       5808
                         Bytes used      =     349276

Time =       0.09 sec    Generated terms =       2796
   MM6x44SO4Hans         Terms in output =       2427
                         Bytes used      =     134160

Time =       0.09 sec    Generated terms =       2427
   MM6x44SO4Hans         Terms in output =       2427
                         Bytes used      =     134160

Time =       0.09 sec    Generated terms =       2427
   MM6x44SO4Hans         Terms in output =        303
                         Bytes used      =      17152

Time =       0.09 sec    Generated terms =        387
   MM6x44SO4Hans         Terms in output =        101
                         Bytes used      =       5412

Time =       0.09 sec    Generated terms =        101
   MM6x44SO4Hans         Terms in output =        101
                         Bytes used      =       5412

Time =       0.09 sec    Generated terms =         98
   MM6x44SO4Hans         Terms in output =         61
                         Bytes used      =       3032

Time =       0.09 sec    Generated terms =         61
   MM6x44SO4Hans         Terms in output =         61
                         Bytes used      =       2744

   MM6x44SO4Hans =

       + A(muu)^2*i_*F^-4 * (
          + 1/36*mdd
          + 1/36*muu
          - 1/18*p1ext.p1ext
          )

       + A(muu)*A(mp2)*i_*F^-4 * (
          - 1/9*mp2
          + 5/36*mdd
          + 19/72*muu
          - 1/12*p1ext.p1ext
          )

       + A(muu)*B(mp2,mp2,0)*i_*F^-4 * (
          - 1/36*mp2^2
          + 1/12*mdd*mp2
          - 5/144*mdd^2
          + 1/6*muu*mp2
          - 13/144*muu*mdd
          - 1/18*muu^2
          - 1/36*p1ext.p1ext*mp2
          + 1/72*p1ext.p1ext*mdd
          + 7/72*p1ext.p1ext*muu
          )

       + A(mdd)^2*i_*F^-4 * (
          + 1/36*mdd
          + 1/36*muu
          - 1/18*p1ext.p1ext
          )

       + A(mdd)*A(mp2)*i_*F^-4 * (
          - 1/9*mp2
          + 19/72*mdd
          + 5/36*muu
          - 1/12*p1ext.p1ext
          )

       + A(mdd)*B(mp2,mp2,0)*i_*F^-4 * (
          - 1/36*mp2^2
          + 1/6*mdd*mp2
          - 1/18*mdd^2
          + 1/12*muu*mp2
          - 13/144*muu*mdd
          - 5/144*muu^2
          - 1/36*p1ext.p1ext*mp2
          + 7/72*p1ext.p1ext*mdd
          + 1/72*p1ext.p1ext*muu
          )

       + A(mp2)^2*i_*F^-4 * (
          - 1/2*mp2
          + 7/24*mdd
          + 7/24*muu
          - 1/6*p1ext.p1ext
          )

       + A(mp2)*B(muu,muu,0)*i_*F^-4 * (
          + 1/36*mdd*mp2
          - 1/72*mdd^2
          + 1/36*muu*mp2
          - 7/144*muu*mdd
          - 5/144*muu^2
          - 1/18*p1ext.p1ext*mp2
          + 1/36*p1ext.p1ext*mdd
          + 5/72*p1ext.p1ext*muu
          )

       + A(mp2)*B(mdd,mdd,0)*i_*F^-4 * (
          + 1/36*mdd*mp2
          - 5/144*mdd^2
          + 1/36*muu*mp2
          - 7/144*muu*mdd
          - 1/72*muu^2
          - 1/18*p1ext.p1ext*mp2
          + 5/72*p1ext.p1ext*mdd
          + 1/36*p1ext.p1ext*muu
          )

       + A(mp2)*B(mp2,mp2,0)*i_*F^-4 * (
          - 1/3*mp2^2
          + 11/24*mdd*mp2
          - 13/64*mdd^2
          + 11/24*muu*mp2
          - 13/32*muu*mdd
          - 13/64*muu^2
          - 1/3*p1ext.p1ext*mp2
          + 1/8*p1ext.p1ext*mdd
          + 1/8*p1ext.p1ext*muu
          );

