
Time =       0.00 sec    Generated terms =         60
            Vtop         Terms in output =         60
                         Bytes used      =       4076

Time =       0.00 sec    Generated terms =         60
            Vbot         Terms in output =         60
                         Bytes used      =       4076

Time =       0.00 sec    Generated terms =         60
            Vbot         Terms in output =         60
                         Bytes used      =       4728

Time =       0.00 sec    Generated terms =         60
            Vtop         Terms in output =         60
                         Bytes used      =       4728

Time =       0.00 sec    Generated terms =         60
            Vtop         Terms in output =         60
                         Bytes used      =       4728

Time =       0.00 sec    Generated terms =         60
            Vbot         Terms in output =         60
                         Bytes used      =       4728

Time =       0.00 sec    Generated terms =         48
            Vbot         Terms in output =         48
                         Bytes used      =       4448

Time =       0.00 sec    Generated terms =         48
            Vbot         Terms in output =         48
                         Bytes used      =       3168

Time =       0.00 sec    Generated terms =         60
            Vtop         Terms in output =         60
                         Bytes used      =       4728

Time =       0.00 sec    Generated terms =         48
            Vbot         Terms in output =         48
                         Bytes used      =       3168

Time =       0.00 sec    Generated terms =         64
            Vbot         Terms in output =         64
                         Bytes used      =       5568

Time =       0.00 sec    Generated terms =         64
            Vbot         Terms in output =         36
                         Bytes used      =       2048

Time =       0.00 sec    Generated terms =         60
            Vtop         Terms in output =         60
                         Bytes used      =       4728

Time =       0.00 sec    Generated terms =         36
            Vbot         Terms in output =         36
                         Bytes used      =       2048

Time =       0.00 sec    Generated terms =       2160
   MM6x44SP4Hans         Terms in output =       2010
                         Bytes used      =     146988

Time =       0.00 sec    Generated terms =       2562
   MM6x44SP4Hans         Terms in output =       2562
                         Bytes used      =     196468

Time =       0.00 sec    Generated terms =       3114
   MM6x44SP4Hans         Terms in output =       3114
                         Bytes used      =     245316

Time =       0.00 sec    Generated terms =       3666
   MM6x44SP4Hans         Terms in output =       3666
                         Bytes used      =     293532

Time =       0.00 sec    Generated terms =       4674
   MM6x44SP4Hans         Terms in output =       4674
                         Bytes used      =     371684

Time =       0.01 sec    Generated terms =       5226
   MM6x44SP4Hans         Terms in output =       5226
                         Bytes used      =     418112

Time =       0.01 sec    Generated terms =       3216
   MM6x44SP4Hans         Terms in output =       2544
                         Bytes used      =     176568

Time =       0.01 sec    Generated terms =       2544
   MM6x44SP4Hans         Terms in output =       2544
                         Bytes used      =     176568

Time =       0.01 sec    Generated terms =       3272
   MM6x44SP4Hans         Terms in output =       3272
                         Bytes used      =     228880

Time =       0.01 sec    Generated terms =       4000
   MM6x44SP4Hans         Terms in output =       4000
                         Bytes used      =     275688

Time =       0.01 sec    Generated terms =       4728
   MM6x44SP4Hans         Terms in output =       4728
                         Bytes used      =     322496

Time =       0.01 sec    Generated terms =       5160
   MM6x44SP4Hans         Terms in output =       5160
                         Bytes used      =     351400

Time =       0.01 sec    Generated terms =       5888
   MM6x44SP4Hans         Terms in output =       5888
                         Bytes used      =     398148

Time =       0.01 sec    Generated terms =       3344
   MM6x44SP4Hans         Terms in output =       1160
                         Bytes used      =      66688

Time =       0.01 sec    Generated terms =       1160
   MM6x44SP4Hans         Terms in output =       1160
                         Bytes used      =      66688

Time =       0.01 sec    Generated terms =       1396
   MM6x44SP4Hans         Terms in output =       1396
                         Bytes used      =      80316

Time =       0.02 sec    Generated terms =       1396
   MM6x44SP4Hans         Terms in output =       1396
                         Bytes used      =      80316

Time =       0.02 sec    Generated terms =       1634
   MM6x44SP4Hans         Terms in output =       1634
                         Bytes used      =      93840

Time =       0.02 sec    Generated terms =       1634
   MM6x44SP4Hans         Terms in output =       1634
                         Bytes used      =      93840

Time =       0.02 sec    Generated terms =       1874
   MM6x44SP4Hans         Terms in output =       1874
                         Bytes used      =     107380

Time =       0.02 sec    Generated terms =       1874
   MM6x44SP4Hans         Terms in output =       1874
                         Bytes used      =     107380

Time =       0.02 sec    Generated terms =       2078
   MM6x44SP4Hans         Terms in output =       2078
                         Bytes used      =     119668

Time =       0.02 sec    Generated terms =       2078
   MM6x44SP4Hans         Terms in output =       2078
                         Bytes used      =     119668

Time =       0.02 sec    Generated terms =       2320
   MM6x44SP4Hans         Terms in output =       2320
                         Bytes used      =     133140

Time =       0.02 sec    Generated terms =       1160
   MM6x44SP4Hans         Terms in output =        827
                         Bytes used      =      45240

Time =       0.02 sec    Generated terms =        827
   MM6x44SP4Hans         Terms in output =        827
                         Bytes used      =      45240

Time =       0.02 sec    Generated terms =        827
   MM6x44SP4Hans         Terms in output =         45
                         Bytes used      =       2528

Time =       0.02 sec    Generated terms =         57
   MM6x44SP4Hans         Terms in output =         19
                         Bytes used      =        964

Time =       0.02 sec    Generated terms =         19
   MM6x44SP4Hans         Terms in output =         19
                         Bytes used      =        964

Time =       0.02 sec    Generated terms =         18
   MM6x44SP4Hans         Terms in output =         13
                         Bytes used      =        664

Time =       0.02 sec    Generated terms =         13
   MM6x44SP4Hans         Terms in output =         13
                         Bytes used      =        600

   MM6x44SP4Hans =

       + A(mp2)^2*i_*F^-4 * (
          - 4/3*mp2
          + 7/18*mdd
          + 7/18*muu
          - 4/9*p1ext.p1ext
          )

       + A(mp2)*B(mp2,mp2,0)*i_*F^-4 * (
          - 8/9*mp2^2
          + 7/12*mdd*mp2
          - 49/576*mdd^2
          + 7/12*muu*mp2
          - 49/288*muu*mdd
          - 49/576*muu^2
          - 8/9*p1ext.p1ext*mp2
          + 7/36*p1ext.p1ext*mdd
          + 7/36*p1ext.p1ext*muu
          );

