
Time =       0.00 sec    Generated terms =         60
           Vleft         Terms in output =         60
                         Bytes used      =       4076

Time =       0.00 sec    Generated terms =         60
          Vright         Terms in output =         60
                         Bytes used      =       4076

Time =       0.00 sec    Generated terms =         60
           Vleft         Terms in output =         60
                         Bytes used      =       4728

Time =       0.00 sec    Generated terms =         60
          Vright         Terms in output =         60
                         Bytes used      =       4728

Time =       0.00 sec    Generated terms =         60
           Vleft         Terms in output =         60
                         Bytes used      =       4728

Time =       0.00 sec    Generated terms =         60
          Vright         Terms in output =         60
                         Bytes used      =       4728

Time =       0.00 sec    Generated terms =         48
           Vleft         Terms in output =         48
                         Bytes used      =       4448

Time =       0.00 sec    Generated terms =         48
           Vleft         Terms in output =         48
                         Bytes used      =       3168

Time =       0.00 sec    Generated terms =         48
           Vleft         Terms in output =         48
                         Bytes used      =       3168

Time =       0.00 sec    Generated terms =         60
          Vright         Terms in output =         60
                         Bytes used      =       4728

Time =       0.00 sec    Generated terms =         48
          Vright         Terms in output =         48
                         Bytes used      =       4448

Time =       0.00 sec    Generated terms =         48
          Vright         Terms in output =         48
                         Bytes used      =       3168

Time =       0.00 sec    Generated terms =         48
           Vleft         Terms in output =         48
                         Bytes used      =       3168

Time =       0.00 sec    Generated terms =         48
          Vright         Terms in output =         48
                         Bytes used      =       3168

Time =       0.00 sec    Generated terms =       2304
   MM8x44SP4Hans         Terms in output =       2160
                         Bytes used      =     155908

Time =       0.00 sec    Generated terms =       2544
   MM8x44SP4Hans         Terms in output =       2544
                         Bytes used      =     191244

Time =       0.00 sec    Generated terms =       2928
   MM8x44SP4Hans         Terms in output =       2928
                         Bytes used      =     226580

Time =       0.00 sec    Generated terms =       3312
   MM8x44SP4Hans         Terms in output =       3312
                         Bytes used      =     261916

Time =       0.01 sec    Generated terms =       7008
   MM8x44SP4Hans         Terms in output =       7008
                         Bytes used      =     543068

Time =       0.01 sec    Generated terms =       7392
   MM8x44SP4Hans         Terms in output =       7392
                         Bytes used      =     577228

Time =       0.01 sec    Generated terms =       5232
   MM8x44SP4Hans         Terms in output =       2732
                         Bytes used      =     191180

Time =       0.01 sec    Generated terms =       2732
   MM8x44SP4Hans         Terms in output =       2732
                         Bytes used      =     191180

Time =       0.01 sec    Generated terms =       3256
   MM8x44SP4Hans         Terms in output =       3256
                         Bytes used      =     233064

Time =       0.01 sec    Generated terms =       3780
   MM8x44SP4Hans         Terms in output =       3780
                         Bytes used      =     270772

Time =       0.01 sec    Generated terms =       4304
   MM8x44SP4Hans         Terms in output =       4304
                         Bytes used      =     308480

Time =       0.01 sec    Generated terms =       6272
   MM8x44SP4Hans         Terms in output =       6272
                         Bytes used      =     455536

Time =       0.01 sec    Generated terms =       6796
   MM8x44SP4Hans         Terms in output =       6796
                         Bytes used      =     491984

Time =       0.02 sec    Generated terms =       4064
   MM8x44SP4Hans         Terms in output =       1708
                         Bytes used      =     105448

Time =       0.02 sec    Generated terms =       1708
   MM8x44SP4Hans         Terms in output =       1708
                         Bytes used      =     105448

Time =       0.02 sec    Generated terms =       1984
   MM8x44SP4Hans         Terms in output =       1984
                         Bytes used      =     123516

Time =       0.02 sec    Generated terms =       2260
   MM8x44SP4Hans         Terms in output =       2260
                         Bytes used      =     141012

Time =       0.02 sec    Generated terms =       2536
   MM8x44SP4Hans         Terms in output =       2536
                         Bytes used      =     158508

Time =       0.02 sec    Generated terms =       3136
   MM8x44SP4Hans         Terms in output =       3136
                         Bytes used      =     195396

Time =       0.02 sec    Generated terms =       3416
   MM8x44SP4Hans         Terms in output =       3416
                         Bytes used      =     212772

Time =       0.02 sec    Generated terms =       1708
   MM8x44SP4Hans         Terms in output =        651
                         Bytes used      =      35968

Time =       0.02 sec    Generated terms =        651
   MM8x44SP4Hans         Terms in output =        651
                         Bytes used      =      35968

Time =       0.02 sec    Generated terms =        651
   MM8x44SP4Hans         Terms in output =         36
                         Bytes used      =       2140

Time =       0.02 sec    Generated terms =        965
   MM8x44SP4Hans         Terms in output =         18
                         Bytes used      =       1608

Time =       0.02 sec    Generated terms =         32
   MM8x44SP4Hans         Terms in output =         12
                         Bytes used      =        988

Time =       0.02 sec    Generated terms =         12
   MM8x44SP4Hans         Terms in output =          8
                         Bytes used      =        652

   MM8x44SP4Hans =

       + i_*F^-4 * (
          - 7/288*H(mp2,mp2,mp2,p1ext.p1ext)*mdd^2
          - 7/144*H(mp2,mp2,mp2,p1ext.p1ext)*muu*mdd
          - 7/288*H(mp2,mp2,mp2,p1ext.p1ext)*muu^2
          + 2/9*H(mp2,mp2,mp2,p1ext.p1ext)*p1ext.p1ext^2
          - 2*H21(mp2,mp2,mp2,p1ext.p1ext)*p1ext.p1ext^2
          - 2*H22(mp2,mp2,mp2,p1ext.p1ext)*p1ext.p1ext
          )

       + A(mp2)^2*i_*F^-4 * (
          - 1/3*mp2
          + p1ext.p1ext
          );

