
Time =       0.00 sec    Generated terms =         60
   MM3x44SP4Hans         Terms in output =         60
                         Bytes used      =       5088

Time =       0.00 sec    Generated terms =         60
   MM3x44SP4Hans         Terms in output =         60
                         Bytes used      =       5088

Time =       0.00 sec    Generated terms =         48
   MM3x44SP4Hans         Terms in output =         48
                         Bytes used      =       4736

Time =       0.00 sec    Generated terms =         48
   MM3x44SP4Hans         Terms in output =         48
                         Bytes used      =       3456

Time =       0.00 sec    Generated terms =         48
   MM3x44SP4Hans         Terms in output =         48
                         Bytes used      =       3456

Time =       0.00 sec    Generated terms =         64
   MM3x44SP4Hans         Terms in output =         64
                         Bytes used      =       5920

Time =       0.00 sec    Generated terms =         64
   MM3x44SP4Hans         Terms in output =         36
                         Bytes used      =       2256

Time =       0.00 sec    Generated terms =         36
   MM3x44SP4Hans         Terms in output =         36
                         Bytes used      =       2256

Time =       0.00 sec    Generated terms =         36
   MM3x44SP4Hans         Terms in output =         36
                         Bytes used      =       2256

Time =       0.00 sec    Generated terms =         42
   MM3x44SP4Hans         Terms in output =         42
                         Bytes used      =       2772

Time =       0.00 sec    Generated terms =         42
   MM3x44SP4Hans         Terms in output =         42
                         Bytes used      =       2772

Time =       0.00 sec    Generated terms =         48
   MM3x44SP4Hans         Terms in output =         48
                         Bytes used      =       3136

Time =       0.00 sec    Generated terms =         48
   MM3x44SP4Hans         Terms in output =         48
                         Bytes used      =       3136

Time =       0.00 sec    Generated terms =         54
   MM3x44SP4Hans         Terms in output =         54
                         Bytes used      =       3500

Time =       0.00 sec    Generated terms =         54
   MM3x44SP4Hans         Terms in output =         54
                         Bytes used      =       3500

Time =       0.00 sec    Generated terms =         66
   MM3x44SP4Hans         Terms in output =         66
                         Bytes used      =       4164

Time =       0.00 sec    Generated terms =         66
   MM3x44SP4Hans         Terms in output =         66
                         Bytes used      =       4164

Time =       0.00 sec    Generated terms =         72
   MM3x44SP4Hans         Terms in output =         72
                         Bytes used      =       4528

Time =       0.00 sec    Generated terms =         36
   MM3x44SP4Hans         Terms in output =         26
                         Bytes used      =       1388

Time =       0.00 sec    Generated terms =         26
   MM3x44SP4Hans         Terms in output =          6
                         Bytes used      =        336

Time =       0.00 sec    Generated terms =          4
   MM3x44SP4Hans         Terms in output =          4
                         Bytes used      =        192

Time =       0.00 sec    Generated terms =          4
   MM3x44SP4Hans         Terms in output =          4
                         Bytes used      =        188

   MM3x44SP4Hans =

       + A(mp2)*i_*F^-2 * (
          + 2/3*mp2
          - 7/24*mdd
          - 7/24*muu
          + 2/3*p1ext.p1ext
          );

