
Time =       0.00 sec    Generated terms =       2748
   MM7x55SO4Hans         Terms in output =       2748
                         Bytes used      =     267132

Time =       0.00 sec    Generated terms =       2748
   MM7x55SO4Hans         Terms in output =       2748
                         Bytes used      =     267132

Time =       0.00 sec    Generated terms =       1962
   MM7x55SO4Hans         Terms in output =       1962
                         Bytes used      =     243260

Time =       0.00 sec    Generated terms =       1962
   MM7x55SO4Hans         Terms in output =       1962
                         Bytes used      =     178628

Time =       0.00 sec    Generated terms =       1962
   MM7x55SO4Hans         Terms in output =       1962
                         Bytes used      =     178628

Time =       0.00 sec    Generated terms =       1840
   MM7x55SO4Hans         Terms in output =       1840
                         Bytes used      =     207964

Time =       0.00 sec    Generated terms =       1840
   MM7x55SO4Hans         Terms in output =       1154
                         Bytes used      =      88360

Time =       0.00 sec    Generated terms =       1154
   MM7x55SO4Hans         Terms in output =       1154
                         Bytes used      =      88360

Time =       0.00 sec    Generated terms =       1154
   MM7x55SO4Hans         Terms in output =       1154
                         Bytes used      =      88360

Time =       0.00 sec    Generated terms =       1229
   MM7x55SO4Hans         Terms in output =       1229
                         Bytes used      =      95668

Time =       0.00 sec    Generated terms =       1229
   MM7x55SO4Hans         Terms in output =       1229
                         Bytes used      =      95668

Time =       0.00 sec    Generated terms =       1304
   MM7x55SO4Hans         Terms in output =       1304
                         Bytes used      =     101364

Time =       0.00 sec    Generated terms =       1304
   MM7x55SO4Hans         Terms in output =       1304
                         Bytes used      =     101364

Time =       0.01 sec    Generated terms =       1473
   MM7x55SO4Hans         Terms in output =       1473
                         Bytes used      =     114280

Time =       0.01 sec    Generated terms =       1473
   MM7x55SO4Hans         Terms in output =       1473
                         Bytes used      =     114280

Time =       0.01 sec    Generated terms =       1616
   MM7x55SO4Hans         Terms in output =       1616
                         Bytes used      =     123912

Time =       0.01 sec    Generated terms =       1616
   MM7x55SO4Hans         Terms in output =       1616
                         Bytes used      =     123912

Time =       0.01 sec    Generated terms =       2134
   MM7x55SO4Hans         Terms in output =       2134
                         Bytes used      =     159736

Time =       0.01 sec    Generated terms =       2134
   MM7x55SO4Hans         Terms in output =       2134
                         Bytes used      =     159736

Time =       0.01 sec    Generated terms =       2309
   MM7x55SO4Hans         Terms in output =       2309
                         Bytes used      =     172204

Time =       0.01 sec    Generated terms =       2309
   MM7x55SO4Hans         Terms in output =       2309
                         Bytes used      =     172204

Time =       0.01 sec    Generated terms =       2484
   MM7x55SO4Hans         Terms in output =       2484
                         Bytes used      =     184676

Time =       0.01 sec    Generated terms =       2484
   MM7x55SO4Hans         Terms in output =       2484
                         Bytes used      =     184676

Time =       0.01 sec    Generated terms =       2659
   MM7x55SO4Hans         Terms in output =       2659
                         Bytes used      =     197000

Time =       0.01 sec    Generated terms =       2659
   MM7x55SO4Hans         Terms in output =       2659
                         Bytes used      =     197000

Time =       0.01 sec    Generated terms =       2834
   MM7x55SO4Hans         Terms in output =       2834
                         Bytes used      =     209336

Time =       0.01 sec    Generated terms =       1680
   MM7x55SO4Hans         Terms in output =       1282
                         Bytes used      =      78344

Time =       0.01 sec    Generated terms =       1282
   MM7x55SO4Hans         Terms in output =       1282
                         Bytes used      =      78344

Time =       0.02 sec    Generated terms =       1334
   MM7x55SO4Hans         Terms in output =       1334
                         Bytes used      =      81700

Time =       0.02 sec    Generated terms =       1334
   MM7x55SO4Hans         Terms in output =       1334
                         Bytes used      =      81700

Time =       0.02 sec    Generated terms =       1386
   MM7x55SO4Hans         Terms in output =       1386
                         Bytes used      =      84708

Time =       0.02 sec    Generated terms =       1386
   MM7x55SO4Hans         Terms in output =       1386
                         Bytes used      =      84708

Time =       0.02 sec    Generated terms =       1502
   MM7x55SO4Hans         Terms in output =       1502
                         Bytes used      =      92220

Time =       0.02 sec    Generated terms =       1502
   MM7x55SO4Hans         Terms in output =       1502
                         Bytes used      =      92220

Time =       0.02 sec    Generated terms =       1602
   MM7x55SO4Hans         Terms in output =       1602
                         Bytes used      =      98420

Time =       0.02 sec    Generated terms =       1602
   MM7x55SO4Hans         Terms in output =       1602
                         Bytes used      =      98420

Time =       0.02 sec    Generated terms =       1878
   MM7x55SO4Hans         Terms in output =       1878
                         Bytes used      =     114708

Time =       0.02 sec    Generated terms =       1878
   MM7x55SO4Hans         Terms in output =       1878
                         Bytes used      =     114708

Time =       0.02 sec    Generated terms =       1986
   MM7x55SO4Hans         Terms in output =       1986
                         Bytes used      =     121588

Time =       0.02 sec    Generated terms =       1986
   MM7x55SO4Hans         Terms in output =       1986
                         Bytes used      =     121588

Time =       0.02 sec    Generated terms =       2094
   MM7x55SO4Hans         Terms in output =       2094
                         Bytes used      =     128404

Time =       0.02 sec    Generated terms =       2094
   MM7x55SO4Hans         Terms in output =       2094
                         Bytes used      =     128404

Time =       0.02 sec    Generated terms =       2202
   MM7x55SO4Hans         Terms in output =       2202
                         Bytes used      =     135156

Time =       0.02 sec    Generated terms =       2202
   MM7x55SO4Hans         Terms in output =       2202
                         Bytes used      =     135156

Time =       0.02 sec    Generated terms =       2310
   MM7x55SO4Hans         Terms in output =       2310
                         Bytes used      =     141724

Time =       0.02 sec    Generated terms =       1028
   MM7x55SO4Hans         Terms in output =        642
                         Bytes used      =      34280

Time =       0.02 sec    Generated terms =        642
   MM7x55SO4Hans         Terms in output =        642
                         Bytes used      =      34280

Time =       0.03 sec    Generated terms =        642
   MM7x55SO4Hans         Terms in output =         90
                         Bytes used      =       4928

Time =       0.03 sec    Generated terms =         45
   MM7x55SO4Hans         Terms in output =         21
                         Bytes used      =       1048

Time =       0.03 sec    Generated terms =         21
   MM7x55SO4Hans         Terms in output =         21
                         Bytes used      =       1024

   MM7x55SO4Hans =

       + A(muu)^2*i_*F^-4 * (
          - 1/90*mdd
          + 2/45*muu
          + 1/45*p1ext.p1ext
          )

       + A(muu)*A(mdd)*i_*F^-4 * (
          - 1/180*mdd
          - 1/180*muu
          + 1/15*p1ext.p1ext
          )

       + A(muu)*A(mp2)*i_*F^-4 * (
          + 1/9*mp2
          - 11/144*mdd
          - 1/144*muu
          + 1/6*p1ext.p1ext
          )

       + A(mdd)^2*i_*F^-4 * (
          + 2/45*mdd
          - 1/90*muu
          + 1/45*p1ext.p1ext
          )

       + A(mdd)*A(mp2)*i_*F^-4 * (
          + 1/9*mp2
          - 1/144*mdd
          - 11/144*muu
          + 1/6*p1ext.p1ext
          )

       + A(mp2)^2*i_*F^-4 * (
          + 17/45*mp2
          - 167/960*mdd
          - 167/960*muu
          + 2/15*p1ext.p1ext
          );

