
Time =       0.00 sec    Generated terms =        296
            Vtop         Terms in output =        296
                         Bytes used      =      18772

Time =       0.00 sec    Generated terms =        296
            Vbot         Terms in output =        296
                         Bytes used      =      18772

Time =       0.00 sec    Generated terms =        296
            Vbot         Terms in output =        296
                         Bytes used      =      23036

Time =       0.00 sec    Generated terms =        296
            Vtop         Terms in output =        296
                         Bytes used      =      23036

Time =       0.00 sec    Generated terms =        296
            Vtop         Terms in output =        296
                         Bytes used      =      23036

Time =       0.00 sec    Generated terms =        296
            Vbot         Terms in output =        296
                         Bytes used      =      23036

Time =       0.00 sec    Generated terms =        152
            Vbot         Terms in output =        152
                         Bytes used      =      15764

Time =       0.00 sec    Generated terms =        152
            Vbot         Terms in output =        152
                         Bytes used      =      10588

Time =       0.00 sec    Generated terms =        296
            Vtop         Terms in output =        296
                         Bytes used      =      23036

Time =       0.00 sec    Generated terms =        152
            Vbot         Terms in output =        152
                         Bytes used      =      10588

Time =       0.00 sec    Generated terms =        116
            Vbot         Terms in output =        116
                         Bytes used      =      10708

Time =       0.00 sec    Generated terms =        116
            Vbot         Terms in output =         68
                         Bytes used      =       4004

Time =       0.00 sec    Generated terms =        296
            Vtop         Terms in output =        296
                         Bytes used      =      23036

Time =       0.00 sec    Generated terms =         68
            Vbot         Terms in output =         68
                         Bytes used      =       4004

Time =       0.00 sec    Generated terms =      20128
   MM6x55SO4Hans         Terms in output =      19440
                         Bytes used      =    1481412

Time =       0.01 sec    Generated terms =      19996
   MM6x55SO4Hans         Terms in output =      19996
                         Bytes used      =    1534360

Time =       0.01 sec    Generated terms =      20552
   MM6x55SO4Hans         Terms in output =      20552
                         Bytes used      =    1586792

Time =       0.01 sec    Generated terms =      21872
   MM6x55SO4Hans         Terms in output =      21872
                         Bytes used      =    1721888

Time =       0.02 sec    Generated terms =      23644
   MM6x55SO4Hans         Terms in output =      23644
                         Bytes used      =    1890768

Time =       0.02 sec    Generated terms =      26980
   MM6x55SO4Hans         Terms in output =      26980
                         Bytes used      =    2163908

Time =       0.03 sec    Generated terms =      29258
   MM6x55SO4Hans         Terms in output =      29258
                         Bytes used      =    2376544

Time =       0.03 sec    Generated terms =      31536
   MM6x55SO4Hans         Terms in output =      31536
                         Bytes used      =    2587496

Time =       0.04 sec    Generated terms =      33814
   MM6x55SO4Hans         Terms in output =      33814
                         Bytes used      =    2769992

Time =       0.04 sec    Generated terms =      36092
   MM6x55SO4Hans         Terms in output =      36092
                         Bytes used      =    2950524

Time =       0.05 sec    Generated terms =      16652
   MM6x55SO4Hans         Terms in output =      14428
                         Bytes used      =    1044676

Time =       0.05 sec    Generated terms =      14428
   MM6x55SO4Hans         Terms in output =      14428
                         Bytes used      =    1044676

Time =       0.05 sec    Generated terms =      14828
   MM6x55SO4Hans         Terms in output =      14828
                         Bytes used      =    1077144

Time =       0.05 sec    Generated terms =      15228
   MM6x55SO4Hans         Terms in output =      15228
                         Bytes used      =    1103528

Time =       0.06 sec    Generated terms =      16052
   MM6x55SO4Hans         Terms in output =      16052
                         Bytes used      =    1161656

Time =       0.06 sec    Generated terms =      17380
   MM6x55SO4Hans         Terms in output =      17380
                         Bytes used      =    1250704

Time =       0.06 sec    Generated terms =      18180
   MM6x55SO4Hans         Terms in output =      18180
                         Bytes used      =    1303416

Time =       0.06 sec    Generated terms =      19096
   MM6x55SO4Hans         Terms in output =      19096
                         Bytes used      =    1368788

Time =       0.07 sec    Generated terms =      20012
   MM6x55SO4Hans         Terms in output =      20012
                         Bytes used      =    1434144

Time =       0.07 sec    Generated terms =      20928
   MM6x55SO4Hans         Terms in output =      20928
                         Bytes used      =    1497584

Time =       0.07 sec    Generated terms =      21844
   MM6x55SO4Hans         Terms in output =      21844
                         Bytes used      =    1561012

Time =       0.07 sec    Generated terms =       7416
   MM6x55SO4Hans         Terms in output =       3014
                         Bytes used      =     182016

Time =       0.08 sec    Generated terms =       3014
   MM6x55SO4Hans         Terms in output =       3014
                         Bytes used      =     182016

Time =       0.08 sec    Generated terms =       3466
   MM6x55SO4Hans         Terms in output =       3466
                         Bytes used      =     209208

Time =       0.08 sec    Generated terms =       3466
   MM6x55SO4Hans         Terms in output =       3466
                         Bytes used      =     209208

Time =       0.08 sec    Generated terms =       3918
   MM6x55SO4Hans         Terms in output =       3918
                         Bytes used      =     236196

Time =       0.08 sec    Generated terms =       3918
   MM6x55SO4Hans         Terms in output =       3918
                         Bytes used      =     236196

Time =       0.08 sec    Generated terms =       4118
   MM6x55SO4Hans         Terms in output =       4118
                         Bytes used      =     247608

Time =       0.08 sec    Generated terms =       4118
   MM6x55SO4Hans         Terms in output =       4118
                         Bytes used      =     247608

Time =       0.08 sec    Generated terms =       4632
   MM6x55SO4Hans         Terms in output =       4632
                         Bytes used      =     277380

Time =       0.08 sec    Generated terms =       4632
   MM6x55SO4Hans         Terms in output =       4632
                         Bytes used      =     277380

Time =       0.08 sec    Generated terms =       5110
   MM6x55SO4Hans         Terms in output =       5110
                         Bytes used      =     305900

Time =       0.08 sec    Generated terms =       5110
   MM6x55SO4Hans         Terms in output =       5110
                         Bytes used      =     305900

Time =       0.08 sec    Generated terms =       5285
   MM6x55SO4Hans         Terms in output =       5285
                         Bytes used      =     316836

Time =       0.09 sec    Generated terms =       5285
   MM6x55SO4Hans         Terms in output =       5285
                         Bytes used      =     316836

Time =       0.09 sec    Generated terms =       5461
   MM6x55SO4Hans         Terms in output =       5461
                         Bytes used      =     327760

Time =       0.09 sec    Generated terms =       5461
   MM6x55SO4Hans         Terms in output =       5461
                         Bytes used      =     327760

Time =       0.09 sec    Generated terms =       5636
   MM6x55SO4Hans         Terms in output =       5636
                         Bytes used      =     338552

Time =       0.09 sec    Generated terms =       5636
   MM6x55SO4Hans         Terms in output =       5636
                         Bytes used      =     338552

Time =       0.09 sec    Generated terms =       5812
   MM6x55SO4Hans         Terms in output =       5812
                         Bytes used      =     349476

Time =       0.09 sec    Generated terms =       2798
   MM6x55SO4Hans         Terms in output =       2427
                         Bytes used      =     134160

Time =       0.09 sec    Generated terms =       2427
   MM6x55SO4Hans         Terms in output =       2427
                         Bytes used      =     134160

Time =       0.09 sec    Generated terms =       2427
   MM6x55SO4Hans         Terms in output =        303
                         Bytes used      =      17152

Time =       0.09 sec    Generated terms =        387
   MM6x55SO4Hans         Terms in output =        101
                         Bytes used      =       5412

Time =       0.09 sec    Generated terms =        101
   MM6x55SO4Hans         Terms in output =        101
                         Bytes used      =       5412

Time =       0.09 sec    Generated terms =         98
   MM6x55SO4Hans         Terms in output =         61
                         Bytes used      =       3032

Time =       0.09 sec    Generated terms =         61
   MM6x55SO4Hans         Terms in output =         61
                         Bytes used      =       2744

   MM6x55SO4Hans =

       + A(muu)^2*i_*F^-4 * (
          + 1/36*mdd
          + 1/36*muu
          - 1/18*p1ext.p1ext
          )

       + A(muu)*A(mp2)*i_*F^-4 * (
          - 1/9*mp2
          + 5/36*mdd
          + 19/72*muu
          - 1/12*p1ext.p1ext
          )

       + A(muu)*B(mp2,mp2,0)*i_*F^-4 * (
          - 1/36*mp2^2
          + 1/12*mdd*mp2
          - 5/144*mdd^2
          + 1/6*muu*mp2
          - 13/144*muu*mdd
          - 1/18*muu^2
          - 1/36*p1ext.p1ext*mp2
          + 1/72*p1ext.p1ext*mdd
          + 7/72*p1ext.p1ext*muu
          )

       + A(mdd)^2*i_*F^-4 * (
          + 1/36*mdd
          + 1/36*muu
          - 1/18*p1ext.p1ext
          )

       + A(mdd)*A(mp2)*i_*F^-4 * (
          - 1/9*mp2
          + 19/72*mdd
          + 5/36*muu
          - 1/12*p1ext.p1ext
          )

       + A(mdd)*B(mp2,mp2,0)*i_*F^-4 * (
          - 1/36*mp2^2
          + 1/6*mdd*mp2
          - 1/18*mdd^2
          + 1/12*muu*mp2
          - 13/144*muu*mdd
          - 5/144*muu^2
          - 1/36*p1ext.p1ext*mp2
          + 7/72*p1ext.p1ext*mdd
          + 1/72*p1ext.p1ext*muu
          )

       + A(mp2)^2*i_*F^-4 * (
          - 1/2*mp2
          + 7/24*mdd
          + 7/24*muu
          - 1/6*p1ext.p1ext
          )

       + A(mp2)*B(muu,muu,0)*i_*F^-4 * (
          + 1/36*mdd*mp2
          - 1/72*mdd^2
          + 1/36*muu*mp2
          - 7/144*muu*mdd
          - 5/144*muu^2
          - 1/18*p1ext.p1ext*mp2
          + 1/36*p1ext.p1ext*mdd
          + 5/72*p1ext.p1ext*muu
          )

       + A(mp2)*B(mdd,mdd,0)*i_*F^-4 * (
          + 1/36*mdd*mp2
          - 5/144*mdd^2
          + 1/36*muu*mp2
          - 7/144*muu*mdd
          - 1/72*muu^2
          - 1/18*p1ext.p1ext*mp2
          + 5/72*p1ext.p1ext*mdd
          + 1/36*p1ext.p1ext*muu
          )

       + A(mp2)*B(mp2,mp2,0)*i_*F^-4 * (
          - 1/3*mp2^2
          + 11/24*mdd*mp2
          - 13/64*mdd^2
          + 11/24*muu*mp2
          - 13/32*muu*mdd
          - 13/64*muu^2
          - 1/3*p1ext.p1ext*mp2
          + 1/8*p1ext.p1ext*mdd
          + 1/8*p1ext.p1ext*muu
          );

