
Time =       0.00 sec    Generated terms =         60
           Vleft         Terms in output =         60
                         Bytes used      =       4076

Time =       0.00 sec    Generated terms =         60
          Vright         Terms in output =         60
                         Bytes used      =       4076

Time =       0.00 sec    Generated terms =         60
           Vleft         Terms in output =         60
                         Bytes used      =       4728

Time =       0.00 sec    Generated terms =         60
          Vright         Terms in output =         60
                         Bytes used      =       4728

Time =       0.00 sec    Generated terms =         60
           Vleft         Terms in output =         60
                         Bytes used      =       4728

Time =       0.00 sec    Generated terms =         60
          Vright         Terms in output =         60
                         Bytes used      =       4728

Time =       0.00 sec    Generated terms =         48
           Vleft         Terms in output =         48
                         Bytes used      =       4504

Time =       0.00 sec    Generated terms =         48
           Vleft         Terms in output =         48
                         Bytes used      =       3076

Time =       0.00 sec    Generated terms =         48
           Vleft         Terms in output =         48
                         Bytes used      =       3076

Time =       0.00 sec    Generated terms =         60
          Vright         Terms in output =         60
                         Bytes used      =       4728

Time =       0.00 sec    Generated terms =         48
          Vright         Terms in output =         48
                         Bytes used      =       4504

Time =       0.00 sec    Generated terms =         48
          Vright         Terms in output =         48
                         Bytes used      =       3076

Time =       0.00 sec    Generated terms =         48
           Vleft         Terms in output =         48
                         Bytes used      =       3076

Time =       0.00 sec    Generated terms =         48
          Vright         Terms in output =         48
                         Bytes used      =       3076

Time =       0.00 sec    Generated terms =       2304
   MM8x55SP4Hans         Terms in output =       2160
                         Bytes used      =     149396

Time =       0.00 sec    Generated terms =       2544
   MM8x55SP4Hans         Terms in output =       2544
                         Bytes used      =     184732

Time =       0.00 sec    Generated terms =       2928
   MM8x55SP4Hans         Terms in output =       2928
                         Bytes used      =     220068

Time =       0.00 sec    Generated terms =       3312
   MM8x55SP4Hans         Terms in output =       3312
                         Bytes used      =     255404

Time =       0.01 sec    Generated terms =       3696
   MM8x55SP4Hans         Terms in output =       3696
                         Bytes used      =     290740

Time =       0.01 sec    Generated terms =       7392
   MM8x55SP4Hans         Terms in output =       7392
                         Bytes used      =     568828

Time =       0.01 sec    Generated terms =       5232
   MM8x55SP4Hans         Terms in output =       2732
                         Bytes used      =     189932

Time =       0.01 sec    Generated terms =       2732
   MM8x55SP4Hans         Terms in output =       2732
                         Bytes used      =     189932

Time =       0.01 sec    Generated terms =       3256
   MM8x55SP4Hans         Terms in output =       3256
                         Bytes used      =     231908

Time =       0.01 sec    Generated terms =       3780
   MM8x55SP4Hans         Terms in output =       3780
                         Bytes used      =     269616

Time =       0.01 sec    Generated terms =       4304
   MM8x55SP4Hans         Terms in output =       4304
                         Bytes used      =     307324

Time =       0.01 sec    Generated terms =       4828
   MM8x55SP4Hans         Terms in output =       4828
                         Bytes used      =     345032

Time =       0.01 sec    Generated terms =       6796
   MM8x55SP4Hans         Terms in output =       6796
                         Bytes used      =     490728

Time =       0.02 sec    Generated terms =       4064
   MM8x55SP4Hans         Terms in output =       1712
                         Bytes used      =     105544

Time =       0.02 sec    Generated terms =       1712
   MM8x55SP4Hans         Terms in output =       1712
                         Bytes used      =     105544

Time =       0.02 sec    Generated terms =       1988
   MM8x55SP4Hans         Terms in output =       1988
                         Bytes used      =     123612

Time =       0.02 sec    Generated terms =       2264
   MM8x55SP4Hans         Terms in output =       2264
                         Bytes used      =     141108

Time =       0.02 sec    Generated terms =       2540
   MM8x55SP4Hans         Terms in output =       2540
                         Bytes used      =     158604

Time =       0.02 sec    Generated terms =       2816
   MM8x55SP4Hans         Terms in output =       2816
                         Bytes used      =     176100

Time =       0.02 sec    Generated terms =       3424
   MM8x55SP4Hans         Terms in output =       3424
                         Bytes used      =     212964

Time =       0.02 sec    Generated terms =       1712
   MM8x55SP4Hans         Terms in output =        651
                         Bytes used      =      35968

Time =       0.02 sec    Generated terms =        651
   MM8x55SP4Hans         Terms in output =        651
                         Bytes used      =      35968

Time =       0.02 sec    Generated terms =        651
   MM8x55SP4Hans         Terms in output =         36
                         Bytes used      =       2140

Time =       0.02 sec    Generated terms =        965
   MM8x55SP4Hans         Terms in output =         18
                         Bytes used      =       1608

Time =       0.02 sec    Generated terms =         32
   MM8x55SP4Hans         Terms in output =         12
                         Bytes used      =        988

Time =       0.02 sec    Generated terms =         12
   MM8x55SP4Hans         Terms in output =          8
                         Bytes used      =        652

   MM8x55SP4Hans =

       + i_*F^-4 * (
          - 7/288*H(mp2,mp2,mp2,p1ext.p1ext)*mdd^2
          - 7/144*H(mp2,mp2,mp2,p1ext.p1ext)*muu*mdd
          - 7/288*H(mp2,mp2,mp2,p1ext.p1ext)*muu^2
          + 2/9*H(mp2,mp2,mp2,p1ext.p1ext)*p1ext.p1ext^2
          - 2*H21(mp2,mp2,mp2,p1ext.p1ext)*p1ext.p1ext^2
          - 2*H22(mp2,mp2,mp2,p1ext.p1ext)*p1ext.p1ext
          )

       + A(mp2)^2*i_*F^-4 * (
          - 1/3*mp2
          + p1ext.p1ext
          );

