
Time =       0.00 sec    Generated terms =         52
            Vtop         Terms in output =         52
                         Bytes used      =       2292

Time =       0.00 sec    Generated terms =         60
            Vbot         Terms in output =         60
                         Bytes used      =       4076

Time =       0.00 sec    Generated terms =         60
            Vbot         Terms in output =         60
                         Bytes used      =       4728

Time =       0.00 sec    Generated terms =         52
            Vtop         Terms in output =         52
                         Bytes used      =       2292

Time =       0.00 sec    Generated terms =         52
            Vtop         Terms in output =         52
                         Bytes used      =       2292

Time =       0.00 sec    Generated terms =         60
            Vbot         Terms in output =         60
                         Bytes used      =       4728

Time =       0.00 sec    Generated terms =         48
            Vbot         Terms in output =         48
                         Bytes used      =       4504

Time =       0.00 sec    Generated terms =         48
            Vbot         Terms in output =         48
                         Bytes used      =       3076

Time =       0.00 sec    Generated terms =         52
            Vtop         Terms in output =         52
                         Bytes used      =       2292

Time =       0.00 sec    Generated terms =         48
            Vbot         Terms in output =         48
                         Bytes used      =       3076

Time =       0.00 sec    Generated terms =         64
            Vbot         Terms in output =         64
                         Bytes used      =       5476

Time =       0.00 sec    Generated terms =         64
            Vbot         Terms in output =         36
                         Bytes used      =       2020

Time =       0.00 sec    Generated terms =         52
            Vtop         Terms in output =         52
                         Bytes used      =       2292

Time =       0.00 sec    Generated terms =         36
            Vbot         Terms in output =         36
                         Bytes used      =       2020

Time =       0.00 sec    Generated terms =       1872
   MM5x55SP4Hans         Terms in output =       1572
                         Bytes used      =      73452

Time =       0.00 sec    Generated terms =       1788
   MM5x55SP4Hans         Terms in output =       1788
                         Bytes used      =      84324

Time =       0.00 sec    Generated terms =       2004
   MM5x55SP4Hans         Terms in output =       2004
                         Bytes used      =      95196

Time =       0.00 sec    Generated terms =       2268
   MM5x55SP4Hans         Terms in output =       2268
                         Bytes used      =     107412

Time =       0.00 sec    Generated terms =       2484
   MM5x55SP4Hans         Terms in output =       2484
                         Bytes used      =     118284

Time =       0.00 sec    Generated terms =       2820
   MM5x55SP4Hans         Terms in output =       2820
                         Bytes used      =     134888

Time =       0.01 sec    Generated terms =       1248
   MM5x55SP4Hans         Terms in output =       1024
                         Bytes used      =      47464

Time =       0.01 sec    Generated terms =       1024
   MM5x55SP4Hans         Terms in output =       1024
                         Bytes used      =      47464

Time =       0.01 sec    Generated terms =       1240
   MM5x55SP4Hans         Terms in output =       1240
                         Bytes used      =      57956

Time =       0.01 sec    Generated terms =       1456
   MM5x55SP4Hans         Terms in output =       1456
                         Bytes used      =      68100

Time =       0.01 sec    Generated terms =       1720
   MM5x55SP4Hans         Terms in output =       1720
                         Bytes used      =      79588

Time =       0.01 sec    Generated terms =       1936
   MM5x55SP4Hans         Terms in output =       1936
                         Bytes used      =      89732

Time =       0.01 sec    Generated terms =       2048
   MM5x55SP4Hans         Terms in output =       2048
                         Bytes used      =      94980

Time =       0.01 sec    Generated terms =       1024
   MM5x55SP4Hans         Terms in output =        326
                         Bytes used      =      14224

Time =       0.01 sec    Generated terms =        326
   MM5x55SP4Hans         Terms in output =        326
                         Bytes used      =      14224

Time =       0.01 sec    Generated terms =        326
   MM5x55SP4Hans         Terms in output =         96
                         Bytes used      =       3908

Time =       0.01 sec    Generated terms =        139
   MM5x55SP4Hans         Terms in output =         71
                         Bytes used      =       2684

Time =       0.01 sec    Generated terms =         71
   MM5x55SP4Hans         Terms in output =         71
                         Bytes used      =       2684

Time =       0.01 sec    Generated terms =         67
   MM5x55SP4Hans         Terms in output =         67
                         Bytes used      =       2532

Time =       0.01 sec    Generated terms =         67
   MM5x55SP4Hans         Terms in output =         67
                         Bytes used      =       2364

   MM5x55SP4Hans =

       + A(mp2)*i_*F^-4 * (
          - 16/3*mdd*mp2*L5
          - 64/3*mdd*mp2*L4
          + 10/3*mdd^2*L8
          + 8/3*mdd^2*L7
          + 32/3*mdd^2*L6
          + 7/6*mdd^2*L5
          + 14/3*mdd^2*L4
          - 16/3*muu*mp2*L5
          - 64/3*muu*mp2*L4
          + 4*muu*mdd*L8
          - 16/3*muu*mdd*L7
          + 64/3*muu*mdd*L6
          + 7/3*muu*mdd*L5
          + 28/3*muu*mdd*L4
          + 10/3*muu^2*L8
          + 8/3*muu^2*L7
          + 32/3*muu^2*L6
          + 7/6*muu^2*L5
          + 14/3*muu^2*L4
          - 8/3*p1ext.p1ext*mdd*L5
          - 32/3*p1ext.p1ext*mdd*L4
          - 8/3*p1ext.p1ext*muu*L5
          - 32/3*p1ext.p1ext*muu*L4
          )

       + B(mp2,mp2,0)*i_*F^-4 * (
          - 8/3*mdd*mp2^2*L5
          - 32/3*mdd*mp2^2*L4
          + 10/3*mdd^2*mp2*L8
          + 8/3*mdd^2*mp2*L7
          + 32/3*mdd^2*mp2*L6
          + 7/6*mdd^2*mp2*L5
          + 14/3*mdd^2*mp2*L4
          - 4/3*mdd^3*L8
          - 2/3*mdd^3*L7
          - 14/3*mdd^3*L6
          - 8/3*muu*mp2^2*L5
          - 32/3*muu*mp2^2*L4
          + 4*muu*mdd*mp2*L8
          - 16/3*muu*mdd*mp2*L7
          + 64/3*muu*mdd*mp2*L6
          + 7/3*muu*mdd*mp2*L5
          + 28/3*muu*mdd*mp2*L4
          - 10/3*muu*mdd^2*L8
          + 2/3*muu*mdd^2*L7
          - 14*muu*mdd^2*L6
          + 10/3*muu^2*mp2*L8
          + 8/3*muu^2*mp2*L7
          + 32/3*muu^2*mp2*L6
          + 7/6*muu^2*mp2*L5
          + 14/3*muu^2*mp2*L4
          - 10/3*muu^2*mdd*L8
          + 2/3*muu^2*mdd*L7
          - 14*muu^2*mdd*L6
          - 4/3*muu^3*L8
          - 2/3*muu^3*L7
          - 14/3*muu^3*L6
          - 8/3*p1ext.p1ext*mdd*mp2*L5
          - 32/3*p1ext.p1ext*mdd*mp2*L4
          + 10/3*p1ext.p1ext*mdd^2*L8
          + 8/3*p1ext.p1ext*mdd^2*L7
          + 32/3*p1ext.p1ext*mdd^2*L6
          - 8/3*p1ext.p1ext*muu*mp2*L5
          - 32/3*p1ext.p1ext*muu*mp2*L4
          + 4*p1ext.p1ext*muu*mdd*L8
          - 16/3*p1ext.p1ext*muu*mdd*L7
          + 64/3*p1ext.p1ext*muu*mdd*L6
          + 10/3*p1ext.p1ext*muu^2*L8
          + 8/3*p1ext.p1ext*muu^2*L7
          + 32/3*p1ext.p1ext*muu^2*L6
          );

