
Time =       0.00 sec    Generated terms =        190
   MM7x55SP4Hans         Terms in output =        190
                         Bytes used      =      18808

Time =       0.00 sec    Generated terms =        190
   MM7x55SP4Hans         Terms in output =        190
                         Bytes used      =      18808

Time =       0.00 sec    Generated terms =        228
   MM7x55SP4Hans         Terms in output =        228
                         Bytes used      =      24608

Time =       0.00 sec    Generated terms =        228
   MM7x55SP4Hans         Terms in output =        228
                         Bytes used      =      18280

Time =       0.00 sec    Generated terms =        228
   MM7x55SP4Hans         Terms in output =        228
                         Bytes used      =      18280

Time =       0.00 sec    Generated terms =        436
   MM7x55SP4Hans         Terms in output =        436
                         Bytes used      =      41144

Time =       0.00 sec    Generated terms =        436
   MM7x55SP4Hans         Terms in output =        262
                         Bytes used      =      17832

Time =       0.00 sec    Generated terms =        262
   MM7x55SP4Hans         Terms in output =        262
                         Bytes used      =      17832

Time =       0.00 sec    Generated terms =        262
   MM7x55SP4Hans         Terms in output =        262
                         Bytes used      =      17832

Time =       0.00 sec    Generated terms =        365
   MM7x55SP4Hans         Terms in output =        365
                         Bytes used      =      28060

Time =       0.00 sec    Generated terms =        365
   MM7x55SP4Hans         Terms in output =        365
                         Bytes used      =      28060

Time =       0.00 sec    Generated terms =        468
   MM7x55SP4Hans         Terms in output =        468
                         Bytes used      =      35076

Time =       0.00 sec    Generated terms =        468
   MM7x55SP4Hans         Terms in output =        468
                         Bytes used      =      35076

Time =       0.00 sec    Generated terms =        571
   MM7x55SP4Hans         Terms in output =        571
                         Bytes used      =      42092

Time =       0.00 sec    Generated terms =        571
   MM7x55SP4Hans         Terms in output =        571
                         Bytes used      =      42092

Time =       0.00 sec    Generated terms =        674
   MM7x55SP4Hans         Terms in output =        674
                         Bytes used      =      49108

Time =       0.00 sec    Generated terms =        674
   MM7x55SP4Hans         Terms in output =        674
                         Bytes used      =      49108

Time =       0.00 sec    Generated terms =       1002
   MM7x55SP4Hans         Terms in output =       1002
                         Bytes used      =      71168

Time =       0.00 sec    Generated terms =        740
   MM7x55SP4Hans         Terms in output =        482
                         Bytes used      =      29684

Time =       0.00 sec    Generated terms =        482
   MM7x55SP4Hans         Terms in output =        482
                         Bytes used      =      29684

Time =       0.01 sec    Generated terms =        558
   MM7x55SP4Hans         Terms in output =        558
                         Bytes used      =      34928

Time =       0.01 sec    Generated terms =        558
   MM7x55SP4Hans         Terms in output =        558
                         Bytes used      =      34928

Time =       0.01 sec    Generated terms =        634
   MM7x55SP4Hans         Terms in output =        634
                         Bytes used      =      39776

Time =       0.01 sec    Generated terms =        634
   MM7x55SP4Hans         Terms in output =        634
                         Bytes used      =      39776

Time =       0.01 sec    Generated terms =        710
   MM7x55SP4Hans         Terms in output =        710
                         Bytes used      =      44688

Time =       0.01 sec    Generated terms =        710
   MM7x55SP4Hans         Terms in output =        710
                         Bytes used      =      44688

Time =       0.01 sec    Generated terms =        786
   MM7x55SP4Hans         Terms in output =        786
                         Bytes used      =      49664

Time =       0.01 sec    Generated terms =        786
   MM7x55SP4Hans         Terms in output =        786
                         Bytes used      =      49664

Time =       0.01 sec    Generated terms =        964
   MM7x55SP4Hans         Terms in output =        964
                         Bytes used      =      60376

Time =       0.01 sec    Generated terms =        482
   MM7x55SP4Hans         Terms in output =        242
                         Bytes used      =      13096

Time =       0.01 sec    Generated terms =        242
   MM7x55SP4Hans         Terms in output =        242
                         Bytes used      =      13096

Time =       0.01 sec    Generated terms =        242
   MM7x55SP4Hans         Terms in output =         10
                         Bytes used      =        576

Time =       0.01 sec    Generated terms =          5
   MM7x55SP4Hans         Terms in output =          4
                         Bytes used      =        212

Time =       0.01 sec    Generated terms =          4
   MM7x55SP4Hans         Terms in output =          4
                         Bytes used      =        208

   MM7x55SP4Hans =

       + A(mp2)^2*i_*F^-4 * (
          + 28/45*mp2
          - 21/320*mdd
          - 21/320*muu
          + 14/45*p1ext.p1ext
          );

