
Time =       0.00 sec    Generated terms =         60
            Vtop         Terms in output =         60
                         Bytes used      =       4076

Time =       0.00 sec    Generated terms =         60
            Vbot         Terms in output =         60
                         Bytes used      =       4076

Time =       0.00 sec    Generated terms =         60
            Vbot         Terms in output =         60
                         Bytes used      =       4728

Time =       0.00 sec    Generated terms =         60
            Vtop         Terms in output =         60
                         Bytes used      =       4728

Time =       0.00 sec    Generated terms =         60
            Vtop         Terms in output =         60
                         Bytes used      =       4728

Time =       0.00 sec    Generated terms =         60
            Vbot         Terms in output =         60
                         Bytes used      =       4728

Time =       0.00 sec    Generated terms =         48
            Vbot         Terms in output =         48
                         Bytes used      =       4504

Time =       0.00 sec    Generated terms =         48
            Vbot         Terms in output =         48
                         Bytes used      =       3076

Time =       0.00 sec    Generated terms =         60
            Vtop         Terms in output =         60
                         Bytes used      =       4728

Time =       0.00 sec    Generated terms =         48
            Vbot         Terms in output =         48
                         Bytes used      =       3076

Time =       0.00 sec    Generated terms =         64
            Vbot         Terms in output =         64
                         Bytes used      =       5476

Time =       0.00 sec    Generated terms =         64
            Vbot         Terms in output =         36
                         Bytes used      =       2020

Time =       0.00 sec    Generated terms =         60
            Vtop         Terms in output =         60
                         Bytes used      =       4728

Time =       0.00 sec    Generated terms =         36
            Vbot         Terms in output =         36
                         Bytes used      =       2020

Time =       0.00 sec    Generated terms =       2160
   MM6x55SP4Hans         Terms in output =       2010
                         Bytes used      =     145100

Time =       0.00 sec    Generated terms =       2562
   MM6x55SP4Hans         Terms in output =       2562
                         Bytes used      =     194580

Time =       0.00 sec    Generated terms =       3114
   MM6x55SP4Hans         Terms in output =       3114
                         Bytes used      =     243428

Time =       0.00 sec    Generated terms =       3666
   MM6x55SP4Hans         Terms in output =       3666
                         Bytes used      =     291644

Time =       0.01 sec    Generated terms =       4218
   MM6x55SP4Hans         Terms in output =       4218
                         Bytes used      =     339228

Time =       0.01 sec    Generated terms =       5226
   MM6x55SP4Hans         Terms in output =       5226
                         Bytes used      =     416504

Time =       0.01 sec    Generated terms =       3216
   MM6x55SP4Hans         Terms in output =       2544
                         Bytes used      =     176632

Time =       0.01 sec    Generated terms =       2544
   MM6x55SP4Hans         Terms in output =       2544
                         Bytes used      =     176632

Time =       0.01 sec    Generated terms =       3272
   MM6x55SP4Hans         Terms in output =       3272
                         Bytes used      =     228944

Time =       0.01 sec    Generated terms =       4000
   MM6x55SP4Hans         Terms in output =       4000
                         Bytes used      =     275752

Time =       0.01 sec    Generated terms =       4728
   MM6x55SP4Hans         Terms in output =       4728
                         Bytes used      =     322560

Time =       0.01 sec    Generated terms =       5456
   MM6x55SP4Hans         Terms in output =       5456
                         Bytes used      =     369368

Time =       0.01 sec    Generated terms =       5888
   MM6x55SP4Hans         Terms in output =       5888
                         Bytes used      =     398276

Time =       0.02 sec    Generated terms =       3344
   MM6x55SP4Hans         Terms in output =       1162
                         Bytes used      =      66788

Time =       0.02 sec    Generated terms =       1162
   MM6x55SP4Hans         Terms in output =       1162
                         Bytes used      =      66788

Time =       0.02 sec    Generated terms =       1398
   MM6x55SP4Hans         Terms in output =       1398
                         Bytes used      =      80416

Time =       0.02 sec    Generated terms =       1398
   MM6x55SP4Hans         Terms in output =       1398
                         Bytes used      =      80416

Time =       0.02 sec    Generated terms =       1636
   MM6x55SP4Hans         Terms in output =       1636
                         Bytes used      =      93940

Time =       0.02 sec    Generated terms =       1636
   MM6x55SP4Hans         Terms in output =       1636
                         Bytes used      =      93940

Time =       0.02 sec    Generated terms =       1876
   MM6x55SP4Hans         Terms in output =       1876
                         Bytes used      =     107480

Time =       0.02 sec    Generated terms =       1876
   MM6x55SP4Hans         Terms in output =       1876
                         Bytes used      =     107480

Time =       0.02 sec    Generated terms =       2118
   MM6x55SP4Hans         Terms in output =       2118
                         Bytes used      =     121036

Time =       0.02 sec    Generated terms =       2118
   MM6x55SP4Hans         Terms in output =       2118
                         Bytes used      =     121036

Time =       0.02 sec    Generated terms =       2324
   MM6x55SP4Hans         Terms in output =       2324
                         Bytes used      =     133340

Time =       0.02 sec    Generated terms =       1162
   MM6x55SP4Hans         Terms in output =        827
                         Bytes used      =      45240

Time =       0.02 sec    Generated terms =        827
   MM6x55SP4Hans         Terms in output =        827
                         Bytes used      =      45240

Time =       0.02 sec    Generated terms =        827
   MM6x55SP4Hans         Terms in output =         45
                         Bytes used      =       2528

Time =       0.02 sec    Generated terms =         57
   MM6x55SP4Hans         Terms in output =         19
                         Bytes used      =        964

Time =       0.02 sec    Generated terms =         19
   MM6x55SP4Hans         Terms in output =         19
                         Bytes used      =        964

Time =       0.02 sec    Generated terms =         18
   MM6x55SP4Hans         Terms in output =         13
                         Bytes used      =        664

Time =       0.02 sec    Generated terms =         13
   MM6x55SP4Hans         Terms in output =         13
                         Bytes used      =        600

   MM6x55SP4Hans =

       + A(mp2)^2*i_*F^-4 * (
          - 4/3*mp2
          + 7/18*mdd
          + 7/18*muu
          - 4/9*p1ext.p1ext
          )

       + A(mp2)*B(mp2,mp2,0)*i_*F^-4 * (
          - 8/9*mp2^2
          + 7/12*mdd*mp2
          - 49/576*mdd^2
          + 7/12*muu*mp2
          - 49/288*muu*mdd
          - 49/576*muu^2
          - 8/9*p1ext.p1ext*mp2
          + 7/36*p1ext.p1ext*mdd
          + 7/36*p1ext.p1ext*muu
          );

