
Time =       0.00 sec    Generated terms =         15
   MM1x55SP4Hans         Terms in output =         15
                         Bytes used      =        856

Time =       0.00 sec    Generated terms =         15
   MM1x55SP4Hans         Terms in output =         15
                         Bytes used      =        856

Time =       0.00 sec    Generated terms =          6
   MM1x55SP4Hans         Terms in output =          6
                         Bytes used      =        400

Time =       0.00 sec    Generated terms =          6
   MM1x55SP4Hans         Terms in output =          6
                         Bytes used      =        288

Time =       0.00 sec    Generated terms =          6
   MM1x55SP4Hans         Terms in output =          6
                         Bytes used      =        288

Time =       0.00 sec    Generated terms =          6
   MM1x55SP4Hans         Terms in output =          6
                         Bytes used      =        400

Time =       0.00 sec    Generated terms =          6
   MM1x55SP4Hans         Terms in output =          3
                         Bytes used      =        124

Time =       0.00 sec    Generated terms =          3
   MM1x55SP4Hans         Terms in output =          3
                         Bytes used      =        124

Time =       0.00 sec    Generated terms =          3
   MM1x55SP4Hans         Terms in output =          3
                         Bytes used      =        132

   MM1x55SP4Hans =
       + i_ * (  - 1/2*mdd - 1/2*muu + p1ext.p1ext );

