
Time =       0.00 sec    Generated terms =        296
            Vtop         Terms in output =        296
                         Bytes used      =      18772

Time =       0.00 sec    Generated terms =        296
            Vbot         Terms in output =        296
                         Bytes used      =      18772

Time =       0.00 sec    Generated terms =        296
            Vbot         Terms in output =        296
                         Bytes used      =      23036

Time =       0.00 sec    Generated terms =        296
            Vtop         Terms in output =        296
                         Bytes used      =      23036

Time =       0.00 sec    Generated terms =        296
            Vtop         Terms in output =        296
                         Bytes used      =      23036

Time =       0.00 sec    Generated terms =        296
            Vbot         Terms in output =        296
                         Bytes used      =      23036

Time =       0.00 sec    Generated terms =        116
            Vbot         Terms in output =        116
                         Bytes used      =      13196

Time =       0.00 sec    Generated terms =        116
            Vbot         Terms in output =        116
                         Bytes used      =       7964

Time =       0.00 sec    Generated terms =        296
            Vtop         Terms in output =        296
                         Bytes used      =      23036

Time =       0.00 sec    Generated terms =        116
            Vbot         Terms in output =        116
                         Bytes used      =       7964

Time =       0.00 sec    Generated terms =         62
            Vbot         Terms in output =         62
                         Bytes used      =       6436

Time =       0.00 sec    Generated terms =         62
            Vbot         Terms in output =         36
                         Bytes used      =       2300

Time =       0.00 sec    Generated terms =        296
            Vtop         Terms in output =        296
                         Bytes used      =      23036

Time =       0.00 sec    Generated terms =         36
            Vbot         Terms in output =         36
                         Bytes used      =       2300

Time =       0.00 sec    Generated terms =      10656
   MM6x66SO4Hans         Terms in output =      10484
                         Bytes used      =     852624

Time =       0.00 sec    Generated terms =      12256
   MM6x66SO4Hans         Terms in output =      12256
                         Bytes used      =    1024104

Time =       0.01 sec    Generated terms =      14028
   MM6x66SO4Hans         Terms in output =      14028
                         Bytes used      =    1194552

Time =       0.01 sec    Generated terms =      14252
   MM6x66SO4Hans         Terms in output =      14252
                         Bytes used      =    1228852

Time =       0.01 sec    Generated terms =      16024
   MM6x66SO4Hans         Terms in output =      16024
                         Bytes used      =    1397732

Time =       0.02 sec    Generated terms =      17796
   MM6x66SO4Hans         Terms in output =      17796
                         Bytes used      =    1565580

Time =       0.02 sec    Generated terms =      19188
   MM6x66SO4Hans         Terms in output =      19188
                         Bytes used      =    1736660

Time =       0.02 sec    Generated terms =      20348
   MM6x66SO4Hans         Terms in output =      20348
                         Bytes used      =    1857504

Time =       0.03 sec    Generated terms =      20348
   MM6x66SO4Hans         Terms in output =      20348
                         Bytes used      =    1857504

Time =       0.03 sec    Generated terms =      20348
   MM6x66SO4Hans         Terms in output =      20348
                         Bytes used      =    1857504

Time =       0.03 sec    Generated terms =       9864
   MM6x66SO4Hans         Terms in output =       8936
                         Bytes used      =     688864

Time =       0.03 sec    Generated terms =       8936
   MM6x66SO4Hans         Terms in output =       8936
                         Bytes used      =     688864

Time =       0.03 sec    Generated terms =      10264
   MM6x66SO4Hans         Terms in output =      10264
                         Bytes used      =     786704

Time =       0.04 sec    Generated terms =      11592
   MM6x66SO4Hans         Terms in output =      11592
                         Bytes used      =     873064

Time =       0.04 sec    Generated terms =      11736
   MM6x66SO4Hans         Terms in output =      11736
                         Bytes used      =     886616

Time =       0.04 sec    Generated terms =      13064
   MM6x66SO4Hans         Terms in output =      13064
                         Bytes used      =     973816

Time =       0.04 sec    Generated terms =      14392
   MM6x66SO4Hans         Terms in output =      14392
                         Bytes used      =    1060176

Time =       0.04 sec    Generated terms =      14640
   MM6x66SO4Hans         Terms in output =      14640
                         Bytes used      =    1083704

Time =       0.05 sec    Generated terms =      15260
   MM6x66SO4Hans         Terms in output =      15260
                         Bytes used      =    1131276

Time =       0.05 sec    Generated terms =      15260
   MM6x66SO4Hans         Terms in output =      15260
                         Bytes used      =    1131276

Time =       0.05 sec    Generated terms =      15260
   MM6x66SO4Hans         Terms in output =      15260
                         Bytes used      =    1131276

Time =       0.05 sec    Generated terms =       6324
   MM6x66SO4Hans         Terms in output =       2427
                         Bytes used      =     144728

Time =       0.05 sec    Generated terms =       2427
   MM6x66SO4Hans         Terms in output =       2427
                         Bytes used      =     144728

Time =       0.05 sec    Generated terms =       2645
   MM6x66SO4Hans         Terms in output =       2645
                         Bytes used      =     157372

Time =       0.05 sec    Generated terms =       2645
   MM6x66SO4Hans         Terms in output =       2645
                         Bytes used      =     157372

Time =       0.06 sec    Generated terms =       2865
   MM6x66SO4Hans         Terms in output =       2865
                         Bytes used      =     169912

Time =       0.06 sec    Generated terms =       2865
   MM6x66SO4Hans         Terms in output =       2865
                         Bytes used      =     169912

Time =       0.06 sec    Generated terms =       3069
   MM6x66SO4Hans         Terms in output =       3069
                         Bytes used      =     182460

Time =       0.06 sec    Generated terms =       3069
   MM6x66SO4Hans         Terms in output =       3069
                         Bytes used      =     182460

Time =       0.06 sec    Generated terms =       3287
   MM6x66SO4Hans         Terms in output =       3287
                         Bytes used      =     194844

Time =       0.06 sec    Generated terms =       3287
   MM6x66SO4Hans         Terms in output =       3287
                         Bytes used      =     194844

Time =       0.06 sec    Generated terms =       3507
   MM6x66SO4Hans         Terms in output =       3507
                         Bytes used      =     207244

Time =       0.06 sec    Generated terms =       3507
   MM6x66SO4Hans         Terms in output =       3507
                         Bytes used      =     207244

Time =       0.06 sec    Generated terms =       3736
   MM6x66SO4Hans         Terms in output =       3736
                         Bytes used      =     221320

Time =       0.06 sec    Generated terms =       3736
   MM6x66SO4Hans         Terms in output =       3736
                         Bytes used      =     221320

Time =       0.06 sec    Generated terms =       3972
   MM6x66SO4Hans         Terms in output =       3972
                         Bytes used      =     235712

Time =       0.06 sec    Generated terms =       3972
   MM6x66SO4Hans         Terms in output =       3972
                         Bytes used      =     235712

Time =       0.06 sec    Generated terms =       4161
   MM6x66SO4Hans         Terms in output =       4161
                         Bytes used      =     246600

Time =       0.06 sec    Generated terms =       4161
   MM6x66SO4Hans         Terms in output =       4161
                         Bytes used      =     246600

Time =       0.07 sec    Generated terms =       4350
   MM6x66SO4Hans         Terms in output =       4350
                         Bytes used      =     257488

Time =       0.07 sec    Generated terms =       1923
   MM6x66SO4Hans         Terms in output =       1533
                         Bytes used      =      84952

Time =       0.07 sec    Generated terms =       1533
   MM6x66SO4Hans         Terms in output =       1533
                         Bytes used      =      84952

Time =       0.07 sec    Generated terms =       1533
   MM6x66SO4Hans         Terms in output =        210
                         Bytes used      =      12052

Time =       0.07 sec    Generated terms =        269
   MM6x66SO4Hans         Terms in output =         74
                         Bytes used      =       3948

Time =       0.07 sec    Generated terms =         74
   MM6x66SO4Hans         Terms in output =         74
                         Bytes used      =       3948

Time =       0.07 sec    Generated terms =         71
   MM6x66SO4Hans         Terms in output =         47
                         Bytes used      =       2364

Time =       0.07 sec    Generated terms =         47
   MM6x66SO4Hans         Terms in output =         47
                         Bytes used      =       2156

   MM6x66SO4Hans =

       + A(muu)^2*i_*F^-4 * (
          + 1/9*muu
          - 1/9*p1ext.p1ext
          )

       + A(muu)*A(mp2)*i_*F^-4 * (
          - 2/9*mp2
          + 1/9*mdd
          + 13/36*muu
          - 1/6*p1ext.p1ext
          )

       + A(muu)*B(mp2,mp2,0)*i_*F^-4 * (
          - 1/18*mp2^2
          + 1/18*mdd*mp2
          - 1/72*mdd^2
          + 1/9*muu*mp2
          - 1/18*muu*mdd
          - 1/6*muu^2
          - 1/18*p1ext.p1ext*mp2
          + 1/36*p1ext.p1ext*mdd
          + 1/36*p1ext.p1ext*muu
          )

       + A(mdd)*A(mp2)*i_*F^-4 * (
          - 1/9*mp2
          + 1/18*mdd
          + 1/9*muu
          - 1/18*p1ext.p1ext
          )

       + A(mdd)*B(mp2,mp2,0)*i_*F^-4 * (
          - 1/18*mp2^2
          + 1/18*mdd*mp2
          - 1/72*mdd^2
          + 1/9*muu*mp2
          - 13/72*muu*mdd
          - 1/24*muu^2
          - 1/18*p1ext.p1ext*mp2
          + 1/36*p1ext.p1ext*mdd
          + 1/36*p1ext.p1ext*muu
          )

       + A(mp2)^2*i_*F^-4 * (
          - 1/3*mp2
          + 5/24*mdd
          + 35/72*muu
          - 1/9*p1ext.p1ext
          )

       + A(mp2)*B(muu,muu,0)*i_*F^-4 * (
          + 1/9*muu*mp2
          - 1/18*muu*mdd
          - 5/36*muu^2
          - 1/9*p1ext.p1ext*mp2
          + 1/18*p1ext.p1ext*mdd
          + 5/36*p1ext.p1ext*muu
          )

       + A(mp2)*B(mp2,mp2,0)*i_*F^-4 * (
          - 2/9*mp2^2
          + 19/72*mdd*mp2
          - 11/144*mdd^2
          + 59/72*muu*mp2
          - 109/288*muu*mdd
          - 29/96*muu^2
          - 2/9*p1ext.p1ext*mp2
          + 11/72*p1ext.p1ext*mdd
          + 11/72*p1ext.p1ext*muu
          );

