
Time =       0.00 sec    Generated terms =       2748
   MM7x66SO4Hans         Terms in output =       2748
                         Bytes used      =     267132

Time =       0.00 sec    Generated terms =       2748
   MM7x66SO4Hans         Terms in output =       2748
                         Bytes used      =     267132

Time =       0.00 sec    Generated terms =       1730
   MM7x66SO4Hans         Terms in output =       1730
                         Bytes used      =     219564

Time =       0.00 sec    Generated terms =       1730
   MM7x66SO4Hans         Terms in output =       1730
                         Bytes used      =     151240

Time =       0.00 sec    Generated terms =       1730
   MM7x66SO4Hans         Terms in output =       1730
                         Bytes used      =     151240

Time =       0.00 sec    Generated terms =       1464
   MM7x66SO4Hans         Terms in output =       1464
                         Bytes used      =     167016

Time =       0.00 sec    Generated terms =       1464
   MM7x66SO4Hans         Terms in output =        924
                         Bytes used      =      68532

Time =       0.00 sec    Generated terms =        924
   MM7x66SO4Hans         Terms in output =        924
                         Bytes used      =      68532

Time =       0.00 sec    Generated terms =        924
   MM7x66SO4Hans         Terms in output =        924
                         Bytes used      =      68532

Time =       0.00 sec    Generated terms =       1099
   MM7x66SO4Hans         Terms in output =       1099
                         Bytes used      =      86160

Time =       0.00 sec    Generated terms =       1099
   MM7x66SO4Hans         Terms in output =       1099
                         Bytes used      =      86160

Time =       0.00 sec    Generated terms =       1274
   MM7x66SO4Hans         Terms in output =       1274
                         Bytes used      =      98184

Time =       0.00 sec    Generated terms =       1274
   MM7x66SO4Hans         Terms in output =       1274
                         Bytes used      =      98184

Time =       0.00 sec    Generated terms =       1327
   MM7x66SO4Hans         Terms in output =       1327
                         Bytes used      =     101920

Time =       0.00 sec    Generated terms =       1327
   MM7x66SO4Hans         Terms in output =       1327
                         Bytes used      =     101920

Time =       0.01 sec    Generated terms =       1502
   MM7x66SO4Hans         Terms in output =       1502
                         Bytes used      =     113672

Time =       0.01 sec    Generated terms =       1502
   MM7x66SO4Hans         Terms in output =       1502
                         Bytes used      =     113672

Time =       0.01 sec    Generated terms =       1677
   MM7x66SO4Hans         Terms in output =       1677
                         Bytes used      =     125296

Time =       0.01 sec    Generated terms =       1677
   MM7x66SO4Hans         Terms in output =       1677
                         Bytes used      =     125296

Time =       0.01 sec    Generated terms =       1952
   MM7x66SO4Hans         Terms in output =       1952
                         Bytes used      =     147868

Time =       0.01 sec    Generated terms =       1952
   MM7x66SO4Hans         Terms in output =       1952
                         Bytes used      =     147868

Time =       0.01 sec    Generated terms =       2054
   MM7x66SO4Hans         Terms in output =       2054
                         Bytes used      =     155456

Time =       0.01 sec    Generated terms =       2054
   MM7x66SO4Hans         Terms in output =       2054
                         Bytes used      =     155456

Time =       0.01 sec    Generated terms =       2094
   MM7x66SO4Hans         Terms in output =       2094
                         Bytes used      =     158048

Time =       0.01 sec    Generated terms =       2094
   MM7x66SO4Hans         Terms in output =       2094
                         Bytes used      =     158048

Time =       0.01 sec    Generated terms =       2134
   MM7x66SO4Hans         Terms in output =       2134
                         Bytes used      =     160640

Time =       0.01 sec    Generated terms =       1210
   MM7x66SO4Hans         Terms in output =       1000
                         Bytes used      =      62308

Time =       0.01 sec    Generated terms =       1000
   MM7x66SO4Hans         Terms in output =       1000
                         Bytes used      =      62308

Time =       0.01 sec    Generated terms =       1108
   MM7x66SO4Hans         Terms in output =       1108
                         Bytes used      =      69396

Time =       0.01 sec    Generated terms =       1108
   MM7x66SO4Hans         Terms in output =       1108
                         Bytes used      =      69396

Time =       0.01 sec    Generated terms =       1216
   MM7x66SO4Hans         Terms in output =       1216
                         Bytes used      =      76088

Time =       0.01 sec    Generated terms =       1216
   MM7x66SO4Hans         Terms in output =       1216
                         Bytes used      =      76088

Time =       0.01 sec    Generated terms =       1264
   MM7x66SO4Hans         Terms in output =       1264
                         Bytes used      =      79308

Time =       0.02 sec    Generated terms =       1264
   MM7x66SO4Hans         Terms in output =       1264
                         Bytes used      =      79308

Time =       0.02 sec    Generated terms =       1372
   MM7x66SO4Hans         Terms in output =       1372
                         Bytes used      =      86140

Time =       0.02 sec    Generated terms =       1372
   MM7x66SO4Hans         Terms in output =       1372
                         Bytes used      =      86140

Time =       0.02 sec    Generated terms =       1480
   MM7x66SO4Hans         Terms in output =       1480
                         Bytes used      =      92960

Time =       0.02 sec    Generated terms =       1480
   MM7x66SO4Hans         Terms in output =       1480
                         Bytes used      =      92960

Time =       0.02 sec    Generated terms =       1680
   MM7x66SO4Hans         Terms in output =       1680
                         Bytes used      =     105908

Time =       0.02 sec    Generated terms =       1680
   MM7x66SO4Hans         Terms in output =       1680
                         Bytes used      =     105908

Time =       0.02 sec    Generated terms =       1760
   MM7x66SO4Hans         Terms in output =       1760
                         Bytes used      =     111084

Time =       0.02 sec    Generated terms =       1760
   MM7x66SO4Hans         Terms in output =       1760
                         Bytes used      =     111084

Time =       0.02 sec    Generated terms =       1800
   MM7x66SO4Hans         Terms in output =       1800
                         Bytes used      =     113420

Time =       0.02 sec    Generated terms =       1800
   MM7x66SO4Hans         Terms in output =       1800
                         Bytes used      =     113420

Time =       0.02 sec    Generated terms =       1840
   MM7x66SO4Hans         Terms in output =       1840
                         Bytes used      =     115756

Time =       0.02 sec    Generated terms =        840
   MM7x66SO4Hans         Terms in output =        561
                         Bytes used      =      30260

Time =       0.02 sec    Generated terms =        561
   MM7x66SO4Hans         Terms in output =        561
                         Bytes used      =      30260

Time =       0.02 sec    Generated terms =        561
   MM7x66SO4Hans         Terms in output =         59
                         Bytes used      =       3304

Time =       0.02 sec    Generated terms =         29
   MM7x66SO4Hans         Terms in output =         14
                         Bytes used      =        724

Time =       0.02 sec    Generated terms =         14
   MM7x66SO4Hans         Terms in output =         14
                         Bytes used      =        708

   MM7x66SO4Hans =

       + A(muu)^2*i_*F^-4 * (
          + 7/45*muu
          + 8/45*p1ext.p1ext
          )

       + A(muu)*A(mp2)*i_*F^-4 * (
          + 4/45*mp2
          - 2/45*mdd
          - 17/90*muu
          + 1/5*p1ext.p1ext
          )

       + A(mdd)*A(mp2)*i_*F^-4 * (
          + 2/15*mp2
          - 1/90*mdd
          - 1/30*muu
          + 1/45*p1ext.p1ext
          )

       + A(mp2)^2*i_*F^-4 * (
          + 16/45*mp2
          - 29/360*mdd
          - 337/1440*muu
          + 8/45*p1ext.p1ext
          );

