
Time =       0.00 sec    Generated terms =        296
   MM3x66SO4Hans         Terms in output =        296
                         Bytes used      =      25060

Time =       0.00 sec    Generated terms =        296
   MM3x66SO4Hans         Terms in output =        296
                         Bytes used      =      25060

Time =       0.00 sec    Generated terms =        116
   MM3x66SO4Hans         Terms in output =        116
                         Bytes used      =      14012

Time =       0.00 sec    Generated terms =        116
   MM3x66SO4Hans         Terms in output =        116
                         Bytes used      =       8780

Time =       0.00 sec    Generated terms =        116
   MM3x66SO4Hans         Terms in output =        116
                         Bytes used      =       8780

Time =       0.00 sec    Generated terms =         62
   MM3x66SO4Hans         Terms in output =         62
                         Bytes used      =       6868

Time =       0.00 sec    Generated terms =         62
   MM3x66SO4Hans         Terms in output =         36
                         Bytes used      =       2556

Time =       0.00 sec    Generated terms =         36
   MM3x66SO4Hans         Terms in output =         36
                         Bytes used      =       2556

Time =       0.00 sec    Generated terms =         36
   MM3x66SO4Hans         Terms in output =         36
                         Bytes used      =       2556

Time =       0.00 sec    Generated terms =         42
   MM3x66SO4Hans         Terms in output =         42
                         Bytes used      =       3072

Time =       0.00 sec    Generated terms =         42
   MM3x66SO4Hans         Terms in output =         42
                         Bytes used      =       3072

Time =       0.00 sec    Generated terms =         48
   MM3x66SO4Hans         Terms in output =         48
                         Bytes used      =       3436

Time =       0.00 sec    Generated terms =         48
   MM3x66SO4Hans         Terms in output =         48
                         Bytes used      =       3436

Time =       0.00 sec    Generated terms =         49
   MM3x66SO4Hans         Terms in output =         49
                         Bytes used      =       3500

Time =       0.00 sec    Generated terms =         49
   MM3x66SO4Hans         Terms in output =         49
                         Bytes used      =       3500

Time =       0.00 sec    Generated terms =         55
   MM3x66SO4Hans         Terms in output =         55
                         Bytes used      =       3864

Time =       0.00 sec    Generated terms =         55
   MM3x66SO4Hans         Terms in output =         55
                         Bytes used      =       3864

Time =       0.00 sec    Generated terms =         61
   MM3x66SO4Hans         Terms in output =         61
                         Bytes used      =       4228

Time =       0.00 sec    Generated terms =         61
   MM3x66SO4Hans         Terms in output =         61
                         Bytes used      =       4228

Time =       0.00 sec    Generated terms =         67
   MM3x66SO4Hans         Terms in output =         67
                         Bytes used      =       4724

Time =       0.00 sec    Generated terms =         67
   MM3x66SO4Hans         Terms in output =         67
                         Bytes used      =       4724

Time =       0.00 sec    Generated terms =         72
   MM3x66SO4Hans         Terms in output =         72
                         Bytes used      =       5060

Time =       0.00 sec    Generated terms =         72
   MM3x66SO4Hans         Terms in output =         72
                         Bytes used      =       5060

Time =       0.00 sec    Generated terms =         72
   MM3x66SO4Hans         Terms in output =         72
                         Bytes used      =       5060

Time =       0.00 sec    Generated terms =         72
   MM3x66SO4Hans         Terms in output =         72
                         Bytes used      =       5060

Time =       0.00 sec    Generated terms =         72
   MM3x66SO4Hans         Terms in output =         72
                         Bytes used      =       5060

Time =       0.01 sec    Generated terms =         36
   MM3x66SO4Hans         Terms in output =         31
                         Bytes used      =       1716

Time =       0.01 sec    Generated terms =         31
   MM3x66SO4Hans         Terms in output =         11
                         Bytes used      =        628

Time =       0.01 sec    Generated terms =          7
   MM3x66SO4Hans         Terms in output =          6
                         Bytes used      =        312

Time =       0.01 sec    Generated terms =          6
   MM3x66SO4Hans         Terms in output =          6
                         Bytes used      =        304

   MM3x66SO4Hans =

       + A(muu)*i_*F^-2 * (
          - 1/3*muu
          + 1/3*p1ext.p1ext
          )

       + A(mp2)*i_*F^-2 * (
          + 1/3*mp2
          - 1/6*mdd
          - 3/4*muu
          + 1/3*p1ext.p1ext
          );

