
Time =       0.00 sec    Generated terms =        296
           Vleft         Terms in output =        296
                         Bytes used      =      18772

Time =       0.00 sec    Generated terms =        296
          Vright         Terms in output =        296
                         Bytes used      =      18772

Time =       0.00 sec    Generated terms =        296
           Vleft         Terms in output =        296
                         Bytes used      =      23036

Time =       0.00 sec    Generated terms =        296
          Vright         Terms in output =        296
                         Bytes used      =      23036

Time =       0.00 sec    Generated terms =        296
           Vleft         Terms in output =        296
                         Bytes used      =      23036

Time =       0.00 sec    Generated terms =        296
          Vright         Terms in output =        296
                         Bytes used      =      23036

Time =       0.00 sec    Generated terms =        116
           Vleft         Terms in output =        116
                         Bytes used      =      13196

Time =       0.00 sec    Generated terms =        116
           Vleft         Terms in output =        116
                         Bytes used      =       7964

Time =       0.00 sec    Generated terms =        116
           Vleft         Terms in output =        116
                         Bytes used      =       7964

Time =       0.00 sec    Generated terms =        296
          Vright         Terms in output =        296
                         Bytes used      =      23036

Time =       0.00 sec    Generated terms =        116
          Vright         Terms in output =        116
                         Bytes used      =      13196

Time =       0.00 sec    Generated terms =        116
          Vright         Terms in output =        116
                         Bytes used      =       7964

Time =       0.00 sec    Generated terms =        116
           Vleft         Terms in output =        116
                         Bytes used      =       7964

Time =       0.00 sec    Generated terms =        116
          Vright         Terms in output =        116
                         Bytes used      =       7964

Time =       0.00 sec    Generated terms =      13456
   MM8x66SO4Hans         Terms in output =      13260
                         Bytes used      =    1079744

Time =       0.00 sec    Generated terms =      15812
   MM8x66SO4Hans         Terms in output =      15812
                         Bytes used      =    1367908

Time =       0.01 sec    Generated terms =      18364
   MM8x66SO4Hans         Terms in output =      18364
                         Bytes used      =    1644500

Time =       0.01 sec    Generated terms =      18688
   MM8x66SO4Hans         Terms in output =      18688
                         Bytes used      =    1695540

Time =       0.01 sec    Generated terms =      21240
   MM8x66SO4Hans         Terms in output =      21240
                         Bytes used      =    1975100

Time =       0.02 sec    Generated terms =      23792
   MM8x66SO4Hans         Terms in output =      23792
                         Bytes used      =    2244764

Time =       0.02 sec    Generated terms =      27572
   MM8x66SO4Hans         Terms in output =      27572
                         Bytes used      =    2596572

Time =       0.03 sec    Generated terms =      28148
   MM8x66SO4Hans         Terms in output =      28148
                         Bytes used      =    2666572

Time =       0.03 sec    Generated terms =      28708
   MM8x66SO4Hans         Terms in output =      28708
                         Bytes used      =    2703820

Time =       0.04 sec    Generated terms =      28960
   MM8x66SO4Hans         Terms in output =      28960
                         Bytes used      =    2726508

Time =       0.04 sec    Generated terms =      15700
   MM8x66SO4Hans         Terms in output =      13200
                         Bytes used      =    1058644

Time =       0.04 sec    Generated terms =      13200
   MM8x66SO4Hans         Terms in output =      13200
                         Bytes used      =    1058644

Time =       0.04 sec    Generated terms =      14788
   MM8x66SO4Hans         Terms in output =      14788
                         Bytes used      =    1191776

Time =       0.05 sec    Generated terms =      16376
   MM8x66SO4Hans         Terms in output =      16376
                         Bytes used      =    1310176

Time =       0.05 sec    Generated terms =      16592
   MM8x66SO4Hans         Terms in output =      16592
                         Bytes used      =    1333132

Time =       0.05 sec    Generated terms =      18180
   MM8x66SO4Hans         Terms in output =      18180
                         Bytes used      =    1450212

Time =       0.05 sec    Generated terms =      19768
   MM8x66SO4Hans         Terms in output =      19768
                         Bytes used      =    1567020

Time =       0.06 sec    Generated terms =      21720
   MM8x66SO4Hans         Terms in output =      21720
                         Bytes used      =    1721224

Time =       0.06 sec    Generated terms =      22140
   MM8x66SO4Hans         Terms in output =      22140
                         Bytes used      =    1759368

Time =       0.06 sec    Generated terms =      22700
   MM8x66SO4Hans         Terms in output =      22700
                         Bytes used      =    1794040

Time =       0.07 sec    Generated terms =      22952
   MM8x66SO4Hans         Terms in output =      22952
                         Bytes used      =    1812128

Time =       0.07 sec    Generated terms =       9752
   MM8x66SO4Hans         Terms in output =       5876
                         Bytes used      =     375816

Time =       0.07 sec    Generated terms =       5876
   MM8x66SO4Hans         Terms in output =       5876
                         Bytes used      =     375816

Time =       0.07 sec    Generated terms =       6678
   MM8x66SO4Hans         Terms in output =       6678
                         Bytes used      =     426300

Time =       0.07 sec    Generated terms =       7484
   MM8x66SO4Hans         Terms in output =       7484
                         Bytes used      =     477924

Time =       0.07 sec    Generated terms =       7688
   MM8x66SO4Hans         Terms in output =       7688
                         Bytes used      =     496420

Time =       0.07 sec    Generated terms =       8492
   MM8x66SO4Hans         Terms in output =       8492
                         Bytes used      =     547500

Time =       0.08 sec    Generated terms =       9300
   MM8x66SO4Hans         Terms in output =       9300
                         Bytes used      =     600212

Time =       0.08 sec    Generated terms =       9976
   MM8x66SO4Hans         Terms in output =       9976
                         Bytes used      =     643036

Time =       0.08 sec    Generated terms =      10240
   MM8x66SO4Hans         Terms in output =      10240
                         Bytes used      =     662348

Time =       0.08 sec    Generated terms =      10492
   MM8x66SO4Hans         Terms in output =      10492
                         Bytes used      =     676812

Time =       0.08 sec    Generated terms =      10744
   MM8x66SO4Hans         Terms in output =      10744
                         Bytes used      =     691276

Time =       0.08 sec    Generated terms =       4868
   MM8x66SO4Hans         Terms in output =       2773
                         Bytes used      =     161048

Time =       0.08 sec    Generated terms =       2773
   MM8x66SO4Hans         Terms in output =       2773
                         Bytes used      =     161048

Time =       0.08 sec    Generated terms =       2773
   MM8x66SO4Hans         Terms in output =        392
                         Bytes used      =      22220

Time =       0.09 sec    Generated terms =       8232
   MM8x66SO4Hans         Terms in output =        195
                         Bytes used      =      12716

Time =       0.09 sec    Generated terms =        271
   MM8x66SO4Hans         Terms in output =        161
                         Bytes used      =       9500

Time =       0.09 sec    Generated terms =        161
   MM8x66SO4Hans         Terms in output =        104
                         Bytes used      =       5328

   MM8x66SO4Hans =

       + i_*F^-4 * (
          - 2/9*H(muu,muu,muu,p1ext.p1ext)*muu^2
          + 2/9*H(muu,muu,muu,p1ext.p1ext)*p1ext.p1ext^2
          - 1/54*H(muu,mp2,mp2,p1ext.p1ext)*mp2^2
          + 1/54*H(muu,mp2,mp2,p1ext.p1ext)*mdd*mp2
          - 1/216*H(muu,mp2,mp2,p1ext.p1ext)*mdd^2
          + 5/54*H(muu,mp2,mp2,p1ext.p1ext)*muu*mp2
          - 5/108*H(muu,mp2,mp2,p1ext.p1ext)*muu*mdd
          - 17/108*H(muu,mp2,mp2,p1ext.p1ext)*muu^2
          + 1/27*H(muu,mp2,mp2,p1ext.p1ext)*p1ext.p1ext*mp2
          - 1/54*H(muu,mp2,mp2,p1ext.p1ext)*p1ext.p1ext*mdd
          - 5/54*H(muu,mp2,mp2,p1ext.p1ext)*p1ext.p1ext*muu
          + 4/27*H(muu,mp2,mp2,p1ext.p1ext)*p1ext.p1ext^2
          - 1/27*H(mdd,mp2,mp2,p1ext.p1ext)*mp2^2
          + 1/27*H(mdd,mp2,mp2,p1ext.p1ext)*mdd*mp2
          - 1/108*H(mdd,mp2,mp2,p1ext.p1ext)*mdd^2
          - 1/27*H(mdd,mp2,mp2,p1ext.p1ext)*muu*mp2
          + 1/54*H(mdd,mp2,mp2,p1ext.p1ext)*muu*mdd
          - 1/108*H(mdd,mp2,mp2,p1ext.p1ext)*muu^2
          + 2/27*H(mdd,mp2,mp2,p1ext.p1ext)*p1ext.p1ext*mp2
          - 1/27*H(mdd,mp2,mp2,p1ext.p1ext)*p1ext.p1ext*mdd
          + 1/27*H(mdd,mp2,mp2,p1ext.p1ext)*p1ext.p1ext*muu
          - 1/27*H(mdd,mp2,mp2,p1ext.p1ext)*p1ext.p1ext^2
          - 1/54*H(mp2,muu,mp2,p1ext.p1ext)*mp2^2
          + 1/54*H(mp2,muu,mp2,p1ext.p1ext)*mdd*mp2
          - 1/216*H(mp2,muu,mp2,p1ext.p1ext)*mdd^2
          + 5/54*H(mp2,muu,mp2,p1ext.p1ext)*muu*mp2
          - 5/108*H(mp2,muu,mp2,p1ext.p1ext)*muu*mdd
          - 17/108*H(mp2,muu,mp2,p1ext.p1ext)*muu^2
          + 1/27*H(mp2,muu,mp2,p1ext.p1ext)*p1ext.p1ext*mp2
          - 1/54*H(mp2,muu,mp2,p1ext.p1ext)*p1ext.p1ext*mdd
          - 5/54*H(mp2,muu,mp2,p1ext.p1ext)*p1ext.p1ext*muu
          + 4/27*H(mp2,muu,mp2,p1ext.p1ext)*p1ext.p1ext^2
          - 1/27*H(mp2,mdd,mp2,p1ext.p1ext)*mp2^2
          + 1/27*H(mp2,mdd,mp2,p1ext.p1ext)*mdd*mp2
          - 1/108*H(mp2,mdd,mp2,p1ext.p1ext)*mdd^2
          - 1/27*H(mp2,mdd,mp2,p1ext.p1ext)*muu*mp2
          + 1/54*H(mp2,mdd,mp2,p1ext.p1ext)*muu*mdd
          - 1/108*H(mp2,mdd,mp2,p1ext.p1ext)*muu^2
          + 2/27*H(mp2,mdd,mp2,p1ext.p1ext)*p1ext.p1ext*mp2
          - 1/27*H(mp2,mdd,mp2,p1ext.p1ext)*p1ext.p1ext*mdd
          + 1/27*H(mp2,mdd,mp2,p1ext.p1ext)*p1ext.p1ext*muu
          - 1/27*H(mp2,mdd,mp2,p1ext.p1ext)*p1ext.p1ext^2
          - 1/54*H(mp2,mp2,muu,p1ext.p1ext)*mp2^2
          + 1/54*H(mp2,mp2,muu,p1ext.p1ext)*mdd*mp2
          - 1/216*H(mp2,mp2,muu,p1ext.p1ext)*mdd^2
          + 5/54*H(mp2,mp2,muu,p1ext.p1ext)*muu*mp2
          - 5/108*H(mp2,mp2,muu,p1ext.p1ext)*muu*mdd
          - 17/108*H(mp2,mp2,muu,p1ext.p1ext)*muu^2
          - 2/27*H(mp2,mp2,muu,p1ext.p1ext)*p1ext.p1ext*mp2
          + 1/27*H(mp2,mp2,muu,p1ext.p1ext)*p1ext.p1ext*mdd
          + 5/27*H(mp2,mp2,muu,p1ext.p1ext)*p1ext.p1ext*muu
          - 2/27*H(mp2,mp2,muu,p1ext.p1ext)*p1ext.p1ext^2
          - 1/27*H(mp2,mp2,mdd,p1ext.p1ext)*mp2^2
          + 1/27*H(mp2,mp2,mdd,p1ext.p1ext)*mdd*mp2
          - 1/108*H(mp2,mp2,mdd,p1ext.p1ext)*mdd^2
          - 1/27*H(mp2,mp2,mdd,p1ext.p1ext)*muu*mp2
          + 1/54*H(mp2,mp2,mdd,p1ext.p1ext)*muu*mdd
          - 1/108*H(mp2,mp2,mdd,p1ext.p1ext)*muu^2
          - 4/27*H(mp2,mp2,mdd,p1ext.p1ext)*p1ext.p1ext*mp2
          + 2/27*H(mp2,mp2,mdd,p1ext.p1ext)*p1ext.p1ext*mdd
          - 2/27*H(mp2,mp2,mdd,p1ext.p1ext)*p1ext.p1ext*muu
          + 5/27*H(mp2,mp2,mdd,p1ext.p1ext)*p1ext.p1ext^2
          - 1/18*H(mp2,mp2,mp2,p1ext.p1ext)*sqrt2^-2*muu^2
          + 2/9*H(mp2,mp2,mp2,p1ext.p1ext)*p1ext.p1ext^2*sqrt2^-2
          - 2/9*HH1(muu,mp2,mp2,p1ext.p1ext)*p1ext.p1ext*mp2
          + 1/9*HH1(muu,mp2,mp2,p1ext.p1ext)*p1ext.p1ext*mdd
          + 5/9*HH1(muu,mp2,mp2,p1ext.p1ext)*p1ext.p1ext*muu
          - 4/9*HH1(muu,mp2,mp2,p1ext.p1ext)*p1ext.p1ext^2
          - 4/9*HH1(mdd,mp2,mp2,p1ext.p1ext)*p1ext.p1ext*mp2
          + 2/9*HH1(mdd,mp2,mp2,p1ext.p1ext)*p1ext.p1ext*mdd
          - 2/9*HH1(mdd,mp2,mp2,p1ext.p1ext)*p1ext.p1ext*muu
          + 4/9*HH1(mdd,mp2,mp2,p1ext.p1ext)*p1ext.p1ext^2
          + 2/9*HH1(mp2,mp2,muu,p1ext.p1ext)*p1ext.p1ext*mp2
          - 1/9*HH1(mp2,mp2,muu,p1ext.p1ext)*p1ext.p1ext*mdd
          - 5/9*HH1(mp2,mp2,muu,p1ext.p1ext)*p1ext.p1ext*muu
          + 4/9*HH1(mp2,mp2,muu,p1ext.p1ext)*p1ext.p1ext^2
          + 4/9*HH1(mp2,mp2,mdd,p1ext.p1ext)*p1ext.p1ext*mp2
          - 2/9*HH1(mp2,mp2,mdd,p1ext.p1ext)*p1ext.p1ext*mdd
          + 2/9*HH1(mp2,mp2,mdd,p1ext.p1ext)*p1ext.p1ext*muu
          - 4/9*HH1(mp2,mp2,mdd,p1ext.p1ext)*p1ext.p1ext^2
          - 2*H21(muu,muu,muu,p1ext.p1ext)*p1ext.p1ext^2
          - H21(mdd,mp2,mp2,p1ext.p1ext)*p1ext.p1ext^2
          - H21(mp2,muu,mp2,p1ext.p1ext)*p1ext.p1ext^2
          - H21(mp2,mp2,muu,p1ext.p1ext)*p1ext.p1ext^2
          - 2*H21(mp2,mp2,mp2,p1ext.p1ext)*p1ext.p1ext^2*sqrt2^-2
          - 2*H22(muu,muu,muu,p1ext.p1ext)*p1ext.p1ext
          - H22(mdd,mp2,mp2,p1ext.p1ext)*p1ext.p1ext
          - H22(mp2,muu,mp2,p1ext.p1ext)*p1ext.p1ext
          - H22(mp2,mp2,muu,p1ext.p1ext)*p1ext.p1ext
          - 2*H22(mp2,mp2,mp2,p1ext.p1ext)*p1ext.p1ext*sqrt2^-2
          )

       + A(muu)^2*i_*F^-4 * (
          - 1/3*muu
          + p1ext.p1ext
          )

       + A(muu)*A(mp2)*i_*F^-4 * (
          - 1/9*mp2
          + 1/18*mdd
          + 5/6*p1ext.p1ext
          )

       + A(mdd)*A(mp2)*i_*F^-4 * (
          - 2/9*mp2
          + 1/18*mdd
          - 1/9*muu
          + 1/6*p1ext.p1ext
          )

       + A(mp2)^2*i_*F^-4 * (
          - 1/3*sqrt2^-2*mp2
          - 1/18*mdd
          - 1/9*muu
          + 1/2*p1ext.p1ext
          + p1ext.p1ext*sqrt2^-2
          );

