
Time =       0.00 sec    Generated terms =       2748
   MM7x77SO4Hans         Terms in output =       2748
                         Bytes used      =     267132

Time =       0.00 sec    Generated terms =       2748
   MM7x77SO4Hans         Terms in output =       2748
                         Bytes used      =     267132

Time =       0.00 sec    Generated terms =       1730
   MM7x77SO4Hans         Terms in output =       1730
                         Bytes used      =     225012

Time =       0.00 sec    Generated terms =       1730
   MM7x77SO4Hans         Terms in output =       1730
                         Bytes used      =     149108

Time =       0.00 sec    Generated terms =       1730
   MM7x77SO4Hans         Terms in output =       1730
                         Bytes used      =     149108

Time =       0.00 sec    Generated terms =       1464
   MM7x77SO4Hans         Terms in output =       1464
                         Bytes used      =     167332

Time =       0.00 sec    Generated terms =       1464
   MM7x77SO4Hans         Terms in output =        924
                         Bytes used      =      67300

Time =       0.00 sec    Generated terms =        924
   MM7x77SO4Hans         Terms in output =        924
                         Bytes used      =      67300

Time =       0.00 sec    Generated terms =        924
   MM7x77SO4Hans         Terms in output =        924
                         Bytes used      =      67300

Time =       0.00 sec    Generated terms =       1099
   MM7x77SO4Hans         Terms in output =       1099
                         Bytes used      =      85252

Time =       0.00 sec    Generated terms =       1099
   MM7x77SO4Hans         Terms in output =       1099
                         Bytes used      =      85252

Time =       0.00 sec    Generated terms =       1274
   MM7x77SO4Hans         Terms in output =       1274
                         Bytes used      =      97276

Time =       0.00 sec    Generated terms =       1274
   MM7x77SO4Hans         Terms in output =       1274
                         Bytes used      =      97276

Time =       0.00 sec    Generated terms =       1327
   MM7x77SO4Hans         Terms in output =       1327
                         Bytes used      =     101012

Time =       0.00 sec    Generated terms =       1327
   MM7x77SO4Hans         Terms in output =       1327
                         Bytes used      =     101012

Time =       0.01 sec    Generated terms =       1502
   MM7x77SO4Hans         Terms in output =       1502
                         Bytes used      =     112764

Time =       0.01 sec    Generated terms =       1502
   MM7x77SO4Hans         Terms in output =       1502
                         Bytes used      =     112764

Time =       0.01 sec    Generated terms =       1677
   MM7x77SO4Hans         Terms in output =       1677
                         Bytes used      =     124388

Time =       0.01 sec    Generated terms =       1677
   MM7x77SO4Hans         Terms in output =       1677
                         Bytes used      =     124388

Time =       0.01 sec    Generated terms =       1779
   MM7x77SO4Hans         Terms in output =       1779
                         Bytes used      =     131780

Time =       0.01 sec    Generated terms =       1779
   MM7x77SO4Hans         Terms in output =       1779
                         Bytes used      =     131780

Time =       0.01 sec    Generated terms =       2054
   MM7x77SO4Hans         Terms in output =       2054
                         Bytes used      =     154364

Time =       0.01 sec    Generated terms =       2054
   MM7x77SO4Hans         Terms in output =       2054
                         Bytes used      =     154364

Time =       0.01 sec    Generated terms =       2094
   MM7x77SO4Hans         Terms in output =       2094
                         Bytes used      =     156956

Time =       0.01 sec    Generated terms =       2094
   MM7x77SO4Hans         Terms in output =       2094
                         Bytes used      =     156956

Time =       0.01 sec    Generated terms =       2134
   MM7x77SO4Hans         Terms in output =       2134
                         Bytes used      =     159548

Time =       0.01 sec    Generated terms =       1210
   MM7x77SO4Hans         Terms in output =       1000
                         Bytes used      =      62960

Time =       0.01 sec    Generated terms =       1000
   MM7x77SO4Hans         Terms in output =       1000
                         Bytes used      =      62960

Time =       0.01 sec    Generated terms =       1108
   MM7x77SO4Hans         Terms in output =       1108
                         Bytes used      =      70048

Time =       0.01 sec    Generated terms =       1108
   MM7x77SO4Hans         Terms in output =       1108
                         Bytes used      =      70048

Time =       0.01 sec    Generated terms =       1216
   MM7x77SO4Hans         Terms in output =       1216
                         Bytes used      =      76740

Time =       0.01 sec    Generated terms =       1216
   MM7x77SO4Hans         Terms in output =       1216
                         Bytes used      =      76740

Time =       0.02 sec    Generated terms =       1264
   MM7x77SO4Hans         Terms in output =       1264
                         Bytes used      =      79960

Time =       0.02 sec    Generated terms =       1264
   MM7x77SO4Hans         Terms in output =       1264
                         Bytes used      =      79960

Time =       0.02 sec    Generated terms =       1372
   MM7x77SO4Hans         Terms in output =       1372
                         Bytes used      =      86792

Time =       0.02 sec    Generated terms =       1372
   MM7x77SO4Hans         Terms in output =       1372
                         Bytes used      =      86792

Time =       0.02 sec    Generated terms =       1480
   MM7x77SO4Hans         Terms in output =       1480
                         Bytes used      =      93612

Time =       0.02 sec    Generated terms =       1480
   MM7x77SO4Hans         Terms in output =       1480
                         Bytes used      =      93612

Time =       0.02 sec    Generated terms =       1560
   MM7x77SO4Hans         Terms in output =       1560
                         Bytes used      =      99104

Time =       0.02 sec    Generated terms =       1560
   MM7x77SO4Hans         Terms in output =       1560
                         Bytes used      =      99104

Time =       0.02 sec    Generated terms =       1760
   MM7x77SO4Hans         Terms in output =       1760
                         Bytes used      =     111896

Time =       0.02 sec    Generated terms =       1760
   MM7x77SO4Hans         Terms in output =       1760
                         Bytes used      =     111896

Time =       0.02 sec    Generated terms =       1800
   MM7x77SO4Hans         Terms in output =       1800
                         Bytes used      =     114232

Time =       0.02 sec    Generated terms =       1800
   MM7x77SO4Hans         Terms in output =       1800
                         Bytes used      =     114232

Time =       0.02 sec    Generated terms =       1840
   MM7x77SO4Hans         Terms in output =       1840
                         Bytes used      =     116568

Time =       0.02 sec    Generated terms =        840
   MM7x77SO4Hans         Terms in output =        561
                         Bytes used      =      30260

Time =       0.02 sec    Generated terms =        561
   MM7x77SO4Hans         Terms in output =        561
                         Bytes used      =      30260

Time =       0.02 sec    Generated terms =        561
   MM7x77SO4Hans         Terms in output =         59
                         Bytes used      =       3304

Time =       0.02 sec    Generated terms =         29
   MM7x77SO4Hans         Terms in output =         14
                         Bytes used      =        724

Time =       0.02 sec    Generated terms =         14
   MM7x77SO4Hans         Terms in output =         14
                         Bytes used      =        708

   MM7x77SO4Hans =

       + A(muu)^2*i_*F^-4 * (
          + 7/45*muu
          + 8/45*p1ext.p1ext
          )

       + A(muu)*A(mp2)*i_*F^-4 * (
          + 4/45*mp2
          - 2/45*mdd
          - 17/90*muu
          + 1/5*p1ext.p1ext
          )

       + A(mdd)*A(mp2)*i_*F^-4 * (
          + 2/15*mp2
          - 1/90*mdd
          - 1/30*muu
          + 1/45*p1ext.p1ext
          )

       + A(mp2)^2*i_*F^-4 * (
          + 16/45*mp2
          - 29/360*mdd
          - 337/1440*muu
          + 8/45*p1ext.p1ext
          );

