
Time =       0.00 sec    Generated terms =        296
            Vtop         Terms in output =        296
                         Bytes used      =      18772

Time =       0.00 sec    Generated terms =        296
            Vbot         Terms in output =        296
                         Bytes used      =      18772

Time =       0.00 sec    Generated terms =        296
            Vbot         Terms in output =        296
                         Bytes used      =      23036

Time =       0.00 sec    Generated terms =        296
            Vtop         Terms in output =        296
                         Bytes used      =      23036

Time =       0.00 sec    Generated terms =        296
            Vtop         Terms in output =        296
                         Bytes used      =      23036

Time =       0.00 sec    Generated terms =        296
            Vbot         Terms in output =        296
                         Bytes used      =      23036

Time =       0.00 sec    Generated terms =        116
            Vbot         Terms in output =        116
                         Bytes used      =      13724

Time =       0.00 sec    Generated terms =        116
            Vbot         Terms in output =        116
                         Bytes used      =       7964

Time =       0.00 sec    Generated terms =        296
            Vtop         Terms in output =        296
                         Bytes used      =      23036

Time =       0.00 sec    Generated terms =        116
            Vbot         Terms in output =        116
                         Bytes used      =       7964

Time =       0.00 sec    Generated terms =         62
            Vbot         Terms in output =         62
                         Bytes used      =       6436

Time =       0.00 sec    Generated terms =         62
            Vbot         Terms in output =         36
                         Bytes used      =       2300

Time =       0.00 sec    Generated terms =        296
            Vtop         Terms in output =        296
                         Bytes used      =      23036

Time =       0.00 sec    Generated terms =         36
            Vbot         Terms in output =         36
                         Bytes used      =       2300

Time =       0.00 sec    Generated terms =      10656
   MM6x88SO4Hans         Terms in output =      10484
                         Bytes used      =     858996

Time =       0.00 sec    Generated terms =      12256
   MM6x88SO4Hans         Terms in output =      12256
                         Bytes used      =    1030476

Time =       0.01 sec    Generated terms =      14028
   MM6x88SO4Hans         Terms in output =      14028
                         Bytes used      =    1200924

Time =       0.01 sec    Generated terms =      14252
   MM6x88SO4Hans         Terms in output =      14252
                         Bytes used      =    1235224

Time =       0.01 sec    Generated terms =      16024
   MM6x88SO4Hans         Terms in output =      16024
                         Bytes used      =    1404104

Time =       0.02 sec    Generated terms =      17796
   MM6x88SO4Hans         Terms in output =      17796
                         Bytes used      =    1571952

Time =       0.02 sec    Generated terms =      17796
   MM6x88SO4Hans         Terms in output =      17796
                         Bytes used      =    1571952

Time =       0.02 sec    Generated terms =      17796
   MM6x88SO4Hans         Terms in output =      17796
                         Bytes used      =    1571952

Time =       0.02 sec    Generated terms =      19188
   MM6x88SO4Hans         Terms in output =      19188
                         Bytes used      =    1741976

Time =       0.03 sec    Generated terms =      20348
   MM6x88SO4Hans         Terms in output =      20348
                         Bytes used      =    1861684

Time =       0.03 sec    Generated terms =       9864
   MM6x88SO4Hans         Terms in output =       8936
                         Bytes used      =     688416

Time =       0.03 sec    Generated terms =       8936
   MM6x88SO4Hans         Terms in output =       8936
                         Bytes used      =     688416

Time =       0.03 sec    Generated terms =      10264
   MM6x88SO4Hans         Terms in output =      10264
                         Bytes used      =     786256

Time =       0.03 sec    Generated terms =      11592
   MM6x88SO4Hans         Terms in output =      11592
                         Bytes used      =     872616

Time =       0.04 sec    Generated terms =      11736
   MM6x88SO4Hans         Terms in output =      11736
                         Bytes used      =     886168

Time =       0.04 sec    Generated terms =      13064
   MM6x88SO4Hans         Terms in output =      13064
                         Bytes used      =     973368

Time =       0.04 sec    Generated terms =      14392
   MM6x88SO4Hans         Terms in output =      14392
                         Bytes used      =    1059728

Time =       0.04 sec    Generated terms =      14392
   MM6x88SO4Hans         Terms in output =      14392
                         Bytes used      =    1059728

Time =       0.04 sec    Generated terms =      14392
   MM6x88SO4Hans         Terms in output =      14392
                         Bytes used      =    1059728

Time =       0.05 sec    Generated terms =      14640
   MM6x88SO4Hans         Terms in output =      14640
                         Bytes used      =    1083256

Time =       0.05 sec    Generated terms =      15260
   MM6x88SO4Hans         Terms in output =      15260
                         Bytes used      =    1130828

Time =       0.05 sec    Generated terms =       6324
   MM6x88SO4Hans         Terms in output =       2427
                         Bytes used      =     144728

Time =       0.05 sec    Generated terms =       2427
   MM6x88SO4Hans         Terms in output =       2427
                         Bytes used      =     144728

Time =       0.05 sec    Generated terms =       2645
   MM6x88SO4Hans         Terms in output =       2645
                         Bytes used      =     157372

Time =       0.05 sec    Generated terms =       2645
   MM6x88SO4Hans         Terms in output =       2645
                         Bytes used      =     157372

Time =       0.05 sec    Generated terms =       2865
   MM6x88SO4Hans         Terms in output =       2865
                         Bytes used      =     169912

Time =       0.05 sec    Generated terms =       2865
   MM6x88SO4Hans         Terms in output =       2865
                         Bytes used      =     169912

Time =       0.06 sec    Generated terms =       3069
   MM6x88SO4Hans         Terms in output =       3069
                         Bytes used      =     182460

Time =       0.06 sec    Generated terms =       3069
   MM6x88SO4Hans         Terms in output =       3069
                         Bytes used      =     182460

Time =       0.06 sec    Generated terms =       3287
   MM6x88SO4Hans         Terms in output =       3287
                         Bytes used      =     194844

Time =       0.06 sec    Generated terms =       3287
   MM6x88SO4Hans         Terms in output =       3287
                         Bytes used      =     194844

Time =       0.06 sec    Generated terms =       3507
   MM6x88SO4Hans         Terms in output =       3507
                         Bytes used      =     207244

Time =       0.06 sec    Generated terms =       3507
   MM6x88SO4Hans         Terms in output =       3507
                         Bytes used      =     207244

Time =       0.06 sec    Generated terms =       3696
   MM6x88SO4Hans         Terms in output =       3696
                         Bytes used      =     218276

Time =       0.06 sec    Generated terms =       3696
   MM6x88SO4Hans         Terms in output =       3696
                         Bytes used      =     218276

Time =       0.06 sec    Generated terms =       3885
   MM6x88SO4Hans         Terms in output =       3885
                         Bytes used      =     229164

Time =       0.06 sec    Generated terms =       3885
   MM6x88SO4Hans         Terms in output =       3885
                         Bytes used      =     229164

Time =       0.06 sec    Generated terms =       4114
   MM6x88SO4Hans         Terms in output =       4114
                         Bytes used      =     243096

Time =       0.06 sec    Generated terms =       4114
   MM6x88SO4Hans         Terms in output =       4114
                         Bytes used      =     243096

Time =       0.06 sec    Generated terms =       4350
   MM6x88SO4Hans         Terms in output =       4350
                         Bytes used      =     257488

Time =       0.07 sec    Generated terms =       1923
   MM6x88SO4Hans         Terms in output =       1533
                         Bytes used      =      84952

Time =       0.07 sec    Generated terms =       1533
   MM6x88SO4Hans         Terms in output =       1533
                         Bytes used      =      84952

Time =       0.07 sec    Generated terms =       1533
   MM6x88SO4Hans         Terms in output =        210
                         Bytes used      =      12052

Time =       0.07 sec    Generated terms =        269
   MM6x88SO4Hans         Terms in output =         74
                         Bytes used      =       3948

Time =       0.07 sec    Generated terms =         74
   MM6x88SO4Hans         Terms in output =         74
                         Bytes used      =       3948

Time =       0.07 sec    Generated terms =         71
   MM6x88SO4Hans         Terms in output =         47
                         Bytes used      =       2392

Time =       0.07 sec    Generated terms =         47
   MM6x88SO4Hans         Terms in output =         47
                         Bytes used      =       2168

   MM6x88SO4Hans =

       + A(muu)*A(mp2)*i_*F^-4 * (
          - 1/9*mp2
          + 1/9*mdd
          + 1/18*muu
          - 1/18*p1ext.p1ext
          )

       + A(muu)*B(mp2,mp2,0)*i_*F^-4 * (
          - 1/18*mp2^2
          + 1/9*mdd*mp2
          - 1/24*mdd^2
          + 1/18*muu*mp2
          - 13/72*muu*mdd
          - 1/72*muu^2
          - 1/18*p1ext.p1ext*mp2
          + 1/36*p1ext.p1ext*mdd
          + 1/36*p1ext.p1ext*muu
          )

       + A(mdd)^2*i_*F^-4 * (
          + 1/9*mdd
          - 1/9*p1ext.p1ext
          )

       + A(mdd)*A(mp2)*i_*F^-4 * (
          - 2/9*mp2
          + 13/36*mdd
          + 1/9*muu
          - 1/6*p1ext.p1ext
          )

       + A(mdd)*B(mp2,mp2,0)*i_*F^-4 * (
          - 1/18*mp2^2
          + 1/9*mdd*mp2
          - 1/6*mdd^2
          + 1/18*muu*mp2
          - 1/18*muu*mdd
          - 1/72*muu^2
          - 1/18*p1ext.p1ext*mp2
          + 1/36*p1ext.p1ext*mdd
          + 1/36*p1ext.p1ext*muu
          )

       + A(mp2)^2*i_*F^-4 * (
          - 1/3*mp2
          + 35/72*mdd
          + 5/24*muu
          - 1/9*p1ext.p1ext
          )

       + A(mp2)*B(mdd,mdd,0)*i_*F^-4 * (
          + 1/9*mdd*mp2
          - 5/36*mdd^2
          - 1/18*muu*mdd
          - 1/9*p1ext.p1ext*mp2
          + 5/36*p1ext.p1ext*mdd
          + 1/18*p1ext.p1ext*muu
          )

       + A(mp2)*B(mp2,mp2,0)*i_*F^-4 * (
          - 2/9*mp2^2
          + 59/72*mdd*mp2
          - 29/96*mdd^2
          + 19/72*muu*mp2
          - 109/288*muu*mdd
          - 11/144*muu^2
          - 2/9*p1ext.p1ext*mp2
          + 11/72*p1ext.p1ext*mdd
          + 11/72*p1ext.p1ext*muu
          );

