
Time =       0.00 sec    Generated terms =       2748
   MM7x88SO4Hans         Terms in output =       2748
                         Bytes used      =     267132

Time =       0.00 sec    Generated terms =       2748
   MM7x88SO4Hans         Terms in output =       2748
                         Bytes used      =     267132

Time =       0.00 sec    Generated terms =       1730
   MM7x88SO4Hans         Terms in output =       1730
                         Bytes used      =     230892

Time =       0.00 sec    Generated terms =       1730
   MM7x88SO4Hans         Terms in output =       1730
                         Bytes used      =     147112

Time =       0.00 sec    Generated terms =       1730
   MM7x88SO4Hans         Terms in output =       1730
                         Bytes used      =     147112

Time =       0.00 sec    Generated terms =       1464
   MM7x88SO4Hans         Terms in output =       1464
                         Bytes used      =     168376

Time =       0.00 sec    Generated terms =       1464
   MM7x88SO4Hans         Terms in output =        924
                         Bytes used      =      67124

Time =       0.00 sec    Generated terms =        924
   MM7x88SO4Hans         Terms in output =        924
                         Bytes used      =      67124

Time =       0.00 sec    Generated terms =        924
   MM7x88SO4Hans         Terms in output =        924
                         Bytes used      =      67124

Time =       0.00 sec    Generated terms =       1099
   MM7x88SO4Hans         Terms in output =       1099
                         Bytes used      =      85436

Time =       0.00 sec    Generated terms =       1099
   MM7x88SO4Hans         Terms in output =       1099
                         Bytes used      =      85436

Time =       0.00 sec    Generated terms =       1274
   MM7x88SO4Hans         Terms in output =       1274
                         Bytes used      =      97460

Time =       0.00 sec    Generated terms =       1274
   MM7x88SO4Hans         Terms in output =       1274
                         Bytes used      =      97460

Time =       0.00 sec    Generated terms =       1327
   MM7x88SO4Hans         Terms in output =       1327
                         Bytes used      =     101196

Time =       0.00 sec    Generated terms =       1327
   MM7x88SO4Hans         Terms in output =       1327
                         Bytes used      =     101196

Time =       0.01 sec    Generated terms =       1502
   MM7x88SO4Hans         Terms in output =       1502
                         Bytes used      =     112948

Time =       0.01 sec    Generated terms =       1502
   MM7x88SO4Hans         Terms in output =       1502
                         Bytes used      =     112948

Time =       0.01 sec    Generated terms =       1677
   MM7x88SO4Hans         Terms in output =       1677
                         Bytes used      =     124572

Time =       0.01 sec    Generated terms =       1677
   MM7x88SO4Hans         Terms in output =       1677
                         Bytes used      =     124572

Time =       0.01 sec    Generated terms =       1717
   MM7x88SO4Hans         Terms in output =       1717
                         Bytes used      =     127164

Time =       0.01 sec    Generated terms =       1717
   MM7x88SO4Hans         Terms in output =       1717
                         Bytes used      =     127164

Time =       0.01 sec    Generated terms =       1757
   MM7x88SO4Hans         Terms in output =       1757
                         Bytes used      =     129756

Time =       0.01 sec    Generated terms =       1757
   MM7x88SO4Hans         Terms in output =       1757
                         Bytes used      =     129756

Time =       0.01 sec    Generated terms =       2032
   MM7x88SO4Hans         Terms in output =       2032
                         Bytes used      =     152328

Time =       0.01 sec    Generated terms =       2032
   MM7x88SO4Hans         Terms in output =       2032
                         Bytes used      =     152328

Time =       0.01 sec    Generated terms =       2134
   MM7x88SO4Hans         Terms in output =       2134
                         Bytes used      =     159916

Time =       0.01 sec    Generated terms =       1210
   MM7x88SO4Hans         Terms in output =       1000
                         Bytes used      =      64028

Time =       0.01 sec    Generated terms =       1000
   MM7x88SO4Hans         Terms in output =       1000
                         Bytes used      =      64028

Time =       0.02 sec    Generated terms =       1108
   MM7x88SO4Hans         Terms in output =       1108
                         Bytes used      =      71116

Time =       0.02 sec    Generated terms =       1108
   MM7x88SO4Hans         Terms in output =       1108
                         Bytes used      =      71116

Time =       0.02 sec    Generated terms =       1216
   MM7x88SO4Hans         Terms in output =       1216
                         Bytes used      =      77808

Time =       0.02 sec    Generated terms =       1216
   MM7x88SO4Hans         Terms in output =       1216
                         Bytes used      =      77808

Time =       0.02 sec    Generated terms =       1264
   MM7x88SO4Hans         Terms in output =       1264
                         Bytes used      =      81028

Time =       0.02 sec    Generated terms =       1264
   MM7x88SO4Hans         Terms in output =       1264
                         Bytes used      =      81028

Time =       0.02 sec    Generated terms =       1372
   MM7x88SO4Hans         Terms in output =       1372
                         Bytes used      =      87860

Time =       0.02 sec    Generated terms =       1372
   MM7x88SO4Hans         Terms in output =       1372
                         Bytes used      =      87860

Time =       0.02 sec    Generated terms =       1480
   MM7x88SO4Hans         Terms in output =       1480
                         Bytes used      =      94680

Time =       0.02 sec    Generated terms =       1480
   MM7x88SO4Hans         Terms in output =       1480
                         Bytes used      =      94680

Time =       0.02 sec    Generated terms =       1520
   MM7x88SO4Hans         Terms in output =       1520
                         Bytes used      =      97272

Time =       0.02 sec    Generated terms =       1520
   MM7x88SO4Hans         Terms in output =       1520
                         Bytes used      =      97272

Time =       0.02 sec    Generated terms =       1560
   MM7x88SO4Hans         Terms in output =       1560
                         Bytes used      =      99864

Time =       0.02 sec    Generated terms =       1560
   MM7x88SO4Hans         Terms in output =       1560
                         Bytes used      =      99864

Time =       0.02 sec    Generated terms =       1760
   MM7x88SO4Hans         Terms in output =       1760
                         Bytes used      =     112812

Time =       0.02 sec    Generated terms =       1760
   MM7x88SO4Hans         Terms in output =       1760
                         Bytes used      =     112812

Time =       0.02 sec    Generated terms =       1840
   MM7x88SO4Hans         Terms in output =       1840
                         Bytes used      =     117988

Time =       0.02 sec    Generated terms =        840
   MM7x88SO4Hans         Terms in output =        561
                         Bytes used      =      30260

Time =       0.02 sec    Generated terms =        561
   MM7x88SO4Hans         Terms in output =        561
                         Bytes used      =      30260

Time =       0.03 sec    Generated terms =        561
   MM7x88SO4Hans         Terms in output =         59
                         Bytes used      =       3304

Time =       0.03 sec    Generated terms =         29
   MM7x88SO4Hans         Terms in output =         14
                         Bytes used      =        724

Time =       0.03 sec    Generated terms =         14
   MM7x88SO4Hans         Terms in output =         14
                         Bytes used      =        708

   MM7x88SO4Hans =

       + A(muu)*A(mp2)*i_*F^-4 * (
          + 2/15*mp2
          - 1/30*mdd
          - 1/90*muu
          + 1/45*p1ext.p1ext
          )

       + A(mdd)^2*i_*F^-4 * (
          + 7/45*mdd
          + 8/45*p1ext.p1ext
          )

       + A(mdd)*A(mp2)*i_*F^-4 * (
          + 4/45*mp2
          - 17/90*mdd
          - 2/45*muu
          + 1/5*p1ext.p1ext
          )

       + A(mp2)^2*i_*F^-4 * (
          + 16/45*mp2
          - 337/1440*mdd
          - 29/360*muu
          + 8/45*p1ext.p1ext
          );

