
Time =       0.00 sec    Generated terms =        296
           Vleft         Terms in output =        296
                         Bytes used      =      18772

Time =       0.00 sec    Generated terms =        296
          Vright         Terms in output =        296
                         Bytes used      =      18772

Time =       0.00 sec    Generated terms =        296
           Vleft         Terms in output =        296
                         Bytes used      =      23036

Time =       0.00 sec    Generated terms =        296
          Vright         Terms in output =        296
                         Bytes used      =      23036

Time =       0.00 sec    Generated terms =        296
           Vleft         Terms in output =        296
                         Bytes used      =      23036

Time =       0.00 sec    Generated terms =        296
          Vright         Terms in output =        296
                         Bytes used      =      23036

Time =       0.00 sec    Generated terms =        116
           Vleft         Terms in output =        116
                         Bytes used      =      13724

Time =       0.00 sec    Generated terms =        116
           Vleft         Terms in output =        116
                         Bytes used      =       7964

Time =       0.00 sec    Generated terms =        116
           Vleft         Terms in output =        116
                         Bytes used      =       7964

Time =       0.00 sec    Generated terms =        296
          Vright         Terms in output =        296
                         Bytes used      =      23036

Time =       0.00 sec    Generated terms =        116
          Vright         Terms in output =        116
                         Bytes used      =      13724

Time =       0.00 sec    Generated terms =        116
          Vright         Terms in output =        116
                         Bytes used      =       7964

Time =       0.00 sec    Generated terms =        116
           Vleft         Terms in output =        116
                         Bytes used      =       7964

Time =       0.00 sec    Generated terms =        116
          Vright         Terms in output =        116
                         Bytes used      =       7964

Time =       0.00 sec    Generated terms =      13456
   MM8x88SO4Hans         Terms in output =      13260
                         Bytes used      =    1075312

Time =       0.00 sec    Generated terms =      15812
   MM8x88SO4Hans         Terms in output =      15812
                         Bytes used      =    1367412

Time =       0.01 sec    Generated terms =      18364
   MM8x88SO4Hans         Terms in output =      18364
                         Bytes used      =    1653956

Time =       0.01 sec    Generated terms =      18688
   MM8x88SO4Hans         Terms in output =      18688
                         Bytes used      =    1704996

Time =       0.01 sec    Generated terms =      21240
   MM8x88SO4Hans         Terms in output =      21240
                         Bytes used      =    1988332

Time =       0.02 sec    Generated terms =      23792
   MM8x88SO4Hans         Terms in output =      23792
                         Bytes used      =    2267628

Time =       0.02 sec    Generated terms =      24352
   MM8x88SO4Hans         Terms in output =      24352
                         Bytes used      =    2319724

Time =       0.03 sec    Generated terms =      24604
   MM8x88SO4Hans         Terms in output =      24604
                         Bytes used      =    2345356

Time =       0.03 sec    Generated terms =      28384
   MM8x88SO4Hans         Terms in output =      28384
                         Bytes used      =    2683372

Time =       0.04 sec    Generated terms =      28960
   MM8x88SO4Hans         Terms in output =      28960
                         Bytes used      =    2750524

Time =       0.04 sec    Generated terms =      15700
   MM8x88SO4Hans         Terms in output =      13200
                         Bytes used      =    1091164

Time =       0.04 sec    Generated terms =      13200
   MM8x88SO4Hans         Terms in output =      13200
                         Bytes used      =    1091164

Time =       0.04 sec    Generated terms =      14788
   MM8x88SO4Hans         Terms in output =      14788
                         Bytes used      =    1235844

Time =       0.05 sec    Generated terms =      16376
   MM8x88SO4Hans         Terms in output =      16376
                         Bytes used      =    1357824

Time =       0.05 sec    Generated terms =      16592
   MM8x88SO4Hans         Terms in output =      16592
                         Bytes used      =    1380780

Time =       0.05 sec    Generated terms =      18180
   MM8x88SO4Hans         Terms in output =      18180
                         Bytes used      =    1503164

Time =       0.05 sec    Generated terms =      19768
   MM8x88SO4Hans         Terms in output =      19768
                         Bytes used      =    1623440

Time =       0.06 sec    Generated terms =      20328
   MM8x88SO4Hans         Terms in output =      20328
                         Bytes used      =    1670928

Time =       0.06 sec    Generated terms =      20580
   MM8x88SO4Hans         Terms in output =      20580
                         Bytes used      =    1692592

Time =       0.06 sec    Generated terms =      22532
   MM8x88SO4Hans         Terms in output =      22532
                         Bytes used      =    1836556

Time =       0.07 sec    Generated terms =      22952
   MM8x88SO4Hans         Terms in output =      22952
                         Bytes used      =    1872972

Time =       0.07 sec    Generated terms =       9752
   MM8x88SO4Hans         Terms in output =       5876
                         Bytes used      =     386048

Time =       0.07 sec    Generated terms =       5876
   MM8x88SO4Hans         Terms in output =       5876
                         Bytes used      =     386048

Time =       0.07 sec    Generated terms =       6678
   MM8x88SO4Hans         Terms in output =       6678
                         Bytes used      =     436532

Time =       0.07 sec    Generated terms =       7484
   MM8x88SO4Hans         Terms in output =       7484
                         Bytes used      =     488156

Time =       0.07 sec    Generated terms =       7688
   MM8x88SO4Hans         Terms in output =       7688
                         Bytes used      =     506652

Time =       0.07 sec    Generated terms =       8492
   MM8x88SO4Hans         Terms in output =       8492
                         Bytes used      =     557732

Time =       0.07 sec    Generated terms =       9300
   MM8x88SO4Hans         Terms in output =       9300
                         Bytes used      =     610444

Time =       0.08 sec    Generated terms =       9552
   MM8x88SO4Hans         Terms in output =       9552
                         Bytes used      =     627196

Time =       0.08 sec    Generated terms =       9804
   MM8x88SO4Hans         Terms in output =       9804
                         Bytes used      =     643948

Time =       0.08 sec    Generated terms =      10480
   MM8x88SO4Hans         Terms in output =      10480
                         Bytes used      =     685492

Time =       0.08 sec    Generated terms =      10744
   MM8x88SO4Hans         Terms in output =      10744
                         Bytes used      =     704484

Time =       0.08 sec    Generated terms =       4868
   MM8x88SO4Hans         Terms in output =       2773
                         Bytes used      =     161048

Time =       0.08 sec    Generated terms =       2773
   MM8x88SO4Hans         Terms in output =       2773
                         Bytes used      =     161048

Time =       0.08 sec    Generated terms =       2773
   MM8x88SO4Hans         Terms in output =        392
                         Bytes used      =      22220

Time =       0.08 sec    Generated terms =       8232
   MM8x88SO4Hans         Terms in output =        195
                         Bytes used      =      12716

Time =       0.08 sec    Generated terms =        271
   MM8x88SO4Hans         Terms in output =        161
                         Bytes used      =       9500

Time =       0.08 sec    Generated terms =        161
   MM8x88SO4Hans         Terms in output =        104
                         Bytes used      =       5328

   MM8x88SO4Hans =

       + i_*F^-4 * (
          - 1/27*H(muu,mp2,mp2,p1ext.p1ext)*mp2^2
          - 1/27*H(muu,mp2,mp2,p1ext.p1ext)*mdd*mp2
          - 1/108*H(muu,mp2,mp2,p1ext.p1ext)*mdd^2
          + 1/27*H(muu,mp2,mp2,p1ext.p1ext)*muu*mp2
          + 1/54*H(muu,mp2,mp2,p1ext.p1ext)*muu*mdd
          - 1/108*H(muu,mp2,mp2,p1ext.p1ext)*muu^2
          + 2/27*H(muu,mp2,mp2,p1ext.p1ext)*p1ext.p1ext*mp2
          + 1/27*H(muu,mp2,mp2,p1ext.p1ext)*p1ext.p1ext*mdd
          - 1/27*H(muu,mp2,mp2,p1ext.p1ext)*p1ext.p1ext*muu
          - 1/27*H(muu,mp2,mp2,p1ext.p1ext)*p1ext.p1ext^2
          - 2/9*H(mdd,mdd,mdd,p1ext.p1ext)*mdd^2
          + 2/9*H(mdd,mdd,mdd,p1ext.p1ext)*p1ext.p1ext^2
          - 1/54*H(mdd,mp2,mp2,p1ext.p1ext)*mp2^2
          + 5/54*H(mdd,mp2,mp2,p1ext.p1ext)*mdd*mp2
          - 17/108*H(mdd,mp2,mp2,p1ext.p1ext)*mdd^2
          + 1/54*H(mdd,mp2,mp2,p1ext.p1ext)*muu*mp2
          - 5/108*H(mdd,mp2,mp2,p1ext.p1ext)*muu*mdd
          - 1/216*H(mdd,mp2,mp2,p1ext.p1ext)*muu^2
          + 1/27*H(mdd,mp2,mp2,p1ext.p1ext)*p1ext.p1ext*mp2
          - 5/54*H(mdd,mp2,mp2,p1ext.p1ext)*p1ext.p1ext*mdd
          - 1/54*H(mdd,mp2,mp2,p1ext.p1ext)*p1ext.p1ext*muu
          + 4/27*H(mdd,mp2,mp2,p1ext.p1ext)*p1ext.p1ext^2
          - 1/27*H(mp2,muu,mp2,p1ext.p1ext)*mp2^2
          - 1/27*H(mp2,muu,mp2,p1ext.p1ext)*mdd*mp2
          - 1/108*H(mp2,muu,mp2,p1ext.p1ext)*mdd^2
          + 1/27*H(mp2,muu,mp2,p1ext.p1ext)*muu*mp2
          + 1/54*H(mp2,muu,mp2,p1ext.p1ext)*muu*mdd
          - 1/108*H(mp2,muu,mp2,p1ext.p1ext)*muu^2
          + 2/27*H(mp2,muu,mp2,p1ext.p1ext)*p1ext.p1ext*mp2
          + 1/27*H(mp2,muu,mp2,p1ext.p1ext)*p1ext.p1ext*mdd
          - 1/27*H(mp2,muu,mp2,p1ext.p1ext)*p1ext.p1ext*muu
          - 1/27*H(mp2,muu,mp2,p1ext.p1ext)*p1ext.p1ext^2
          - 1/54*H(mp2,mdd,mp2,p1ext.p1ext)*mp2^2
          + 5/54*H(mp2,mdd,mp2,p1ext.p1ext)*mdd*mp2
          - 17/108*H(mp2,mdd,mp2,p1ext.p1ext)*mdd^2
          + 1/54*H(mp2,mdd,mp2,p1ext.p1ext)*muu*mp2
          - 5/108*H(mp2,mdd,mp2,p1ext.p1ext)*muu*mdd
          - 1/216*H(mp2,mdd,mp2,p1ext.p1ext)*muu^2
          + 1/27*H(mp2,mdd,mp2,p1ext.p1ext)*p1ext.p1ext*mp2
          - 5/54*H(mp2,mdd,mp2,p1ext.p1ext)*p1ext.p1ext*mdd
          - 1/54*H(mp2,mdd,mp2,p1ext.p1ext)*p1ext.p1ext*muu
          + 4/27*H(mp2,mdd,mp2,p1ext.p1ext)*p1ext.p1ext^2
          - 1/27*H(mp2,mp2,muu,p1ext.p1ext)*mp2^2
          - 1/27*H(mp2,mp2,muu,p1ext.p1ext)*mdd*mp2
          - 1/108*H(mp2,mp2,muu,p1ext.p1ext)*mdd^2
          + 1/27*H(mp2,mp2,muu,p1ext.p1ext)*muu*mp2
          + 1/54*H(mp2,mp2,muu,p1ext.p1ext)*muu*mdd
          - 1/108*H(mp2,mp2,muu,p1ext.p1ext)*muu^2
          - 4/27*H(mp2,mp2,muu,p1ext.p1ext)*p1ext.p1ext*mp2
          - 2/27*H(mp2,mp2,muu,p1ext.p1ext)*p1ext.p1ext*mdd
          + 2/27*H(mp2,mp2,muu,p1ext.p1ext)*p1ext.p1ext*muu
          + 5/27*H(mp2,mp2,muu,p1ext.p1ext)*p1ext.p1ext^2
          - 1/54*H(mp2,mp2,mdd,p1ext.p1ext)*mp2^2
          + 5/54*H(mp2,mp2,mdd,p1ext.p1ext)*mdd*mp2
          - 17/108*H(mp2,mp2,mdd,p1ext.p1ext)*mdd^2
          + 1/54*H(mp2,mp2,mdd,p1ext.p1ext)*muu*mp2
          - 5/108*H(mp2,mp2,mdd,p1ext.p1ext)*muu*mdd
          - 1/216*H(mp2,mp2,mdd,p1ext.p1ext)*muu^2
          - 2/27*H(mp2,mp2,mdd,p1ext.p1ext)*p1ext.p1ext*mp2
          + 5/27*H(mp2,mp2,mdd,p1ext.p1ext)*p1ext.p1ext*mdd
          + 1/27*H(mp2,mp2,mdd,p1ext.p1ext)*p1ext.p1ext*muu
          - 2/27*H(mp2,mp2,mdd,p1ext.p1ext)*p1ext.p1ext^2
          - 1/18*H(mp2,mp2,mp2,p1ext.p1ext)*sqrt2^-2*mdd^2
          + 2/9*H(mp2,mp2,mp2,p1ext.p1ext)*p1ext.p1ext^2*sqrt2^-2
          - 4/9*HH1(muu,mp2,mp2,p1ext.p1ext)*p1ext.p1ext*mp2
          - 2/9*HH1(muu,mp2,mp2,p1ext.p1ext)*p1ext.p1ext*mdd
          + 2/9*HH1(muu,mp2,mp2,p1ext.p1ext)*p1ext.p1ext*muu
          + 4/9*HH1(muu,mp2,mp2,p1ext.p1ext)*p1ext.p1ext^2
          - 2/9*HH1(mdd,mp2,mp2,p1ext.p1ext)*p1ext.p1ext*mp2
          + 5/9*HH1(mdd,mp2,mp2,p1ext.p1ext)*p1ext.p1ext*mdd
          + 1/9*HH1(mdd,mp2,mp2,p1ext.p1ext)*p1ext.p1ext*muu
          - 4/9*HH1(mdd,mp2,mp2,p1ext.p1ext)*p1ext.p1ext^2
          + 4/9*HH1(mp2,mp2,muu,p1ext.p1ext)*p1ext.p1ext*mp2
          + 2/9*HH1(mp2,mp2,muu,p1ext.p1ext)*p1ext.p1ext*mdd
          - 2/9*HH1(mp2,mp2,muu,p1ext.p1ext)*p1ext.p1ext*muu
          - 4/9*HH1(mp2,mp2,muu,p1ext.p1ext)*p1ext.p1ext^2
          + 2/9*HH1(mp2,mp2,mdd,p1ext.p1ext)*p1ext.p1ext*mp2
          - 5/9*HH1(mp2,mp2,mdd,p1ext.p1ext)*p1ext.p1ext*mdd
          - 1/9*HH1(mp2,mp2,mdd,p1ext.p1ext)*p1ext.p1ext*muu
          + 4/9*HH1(mp2,mp2,mdd,p1ext.p1ext)*p1ext.p1ext^2
          - H21(muu,mp2,mp2,p1ext.p1ext)*p1ext.p1ext^2
          - 2*H21(mdd,mdd,mdd,p1ext.p1ext)*p1ext.p1ext^2
          - H21(mp2,mdd,mp2,p1ext.p1ext)*p1ext.p1ext^2
          - H21(mp2,mp2,mdd,p1ext.p1ext)*p1ext.p1ext^2
          - 2*H21(mp2,mp2,mp2,p1ext.p1ext)*p1ext.p1ext^2*sqrt2^-2
          - H22(muu,mp2,mp2,p1ext.p1ext)*p1ext.p1ext
          - 2*H22(mdd,mdd,mdd,p1ext.p1ext)*p1ext.p1ext
          - H22(mp2,mdd,mp2,p1ext.p1ext)*p1ext.p1ext
          - H22(mp2,mp2,mdd,p1ext.p1ext)*p1ext.p1ext
          - 2*H22(mp2,mp2,mp2,p1ext.p1ext)*p1ext.p1ext*sqrt2^-2
          )

       + A(muu)*A(mp2)*i_*F^-4 * (
          - 2/9*mp2
          - 1/9*mdd
          + 1/18*muu
          + 1/6*p1ext.p1ext
          )

       + A(mdd)^2*i_*F^-4 * (
          - 1/3*mdd
          + p1ext.p1ext
          )

       + A(mdd)*A(mp2)*i_*F^-4 * (
          - 1/9*mp2
          + 1/18*muu
          + 5/6*p1ext.p1ext
          )

       + A(mp2)^2*i_*F^-4 * (
          - 1/3*sqrt2^-2*mp2
          - 1/9*mdd
          - 1/18*muu
          + 1/2*p1ext.p1ext
          + p1ext.p1ext*sqrt2^-2
          );

