
Time =       0.00 sec    Generated terms =         76
   MM2x88SO4Hans         Terms in output =         76
                         Bytes used      =       3796

Time =       0.00 sec    Generated terms =         76
   MM2x88SO4Hans         Terms in output =         76
                         Bytes used      =       3796

Time =       0.00 sec    Generated terms =         12
   MM2x88SO4Hans         Terms in output =         12
                         Bytes used      =        736

Time =       0.00 sec    Generated terms =         12
   MM2x88SO4Hans         Terms in output =         12
                         Bytes used      =        624

Time =       0.00 sec    Generated terms =         12
   MM2x88SO4Hans         Terms in output =         12
                         Bytes used      =        624

Time =       0.00 sec    Generated terms =         12
   MM2x88SO4Hans         Terms in output =         12
                         Bytes used      =        736

Time =       0.00 sec    Generated terms =         12
   MM2x88SO4Hans         Terms in output =          6
                         Bytes used      =        292

Time =       0.00 sec    Generated terms =          6
   MM2x88SO4Hans         Terms in output =          6
                         Bytes used      =        292

Time =       0.00 sec    Generated terms =          6
   MM2x88SO4Hans         Terms in output =          6
                         Bytes used      =        356

   MM2x88SO4Hans =
       + i_*F^-2*L8 * (  - 16*mdd^2 )

       + i_*F^-2*L6 * (  - 32*mdd^2 - 32*muu*mdd )

       + i_*F^-2*L5 * ( 8*p1ext.p1ext*mdd )

       + i_*F^-2*L4 * ( 16*p1ext.p1ext*mdd + 16*p1ext.p1ext*muu );

