
Time =       0.00 sec    Generated terms =        296
           Vleft         Terms in output =        296
                         Bytes used      =      18772

Time =       0.00 sec    Generated terms =        296
          Vright         Terms in output =        296
                         Bytes used      =      18772

Time =       0.00 sec    Generated terms =        296
           Vleft         Terms in output =        296
                         Bytes used      =      23036

Time =       0.00 sec    Generated terms =        296
          Vright         Terms in output =        296
                         Bytes used      =      23036

Time =       0.00 sec    Generated terms =        296
           Vleft         Terms in output =        296
                         Bytes used      =      23036

Time =       0.00 sec    Generated terms =        296
          Vright         Terms in output =        296
                         Bytes used      =      23036

Time =       0.00 sec    Generated terms =        116
           Vleft         Terms in output =        116
                         Bytes used      =      13780

Time =       0.00 sec    Generated terms =        116
           Vleft         Terms in output =        116
                         Bytes used      =       7872

Time =       0.00 sec    Generated terms =        116
           Vleft         Terms in output =        116
                         Bytes used      =       7872

Time =       0.00 sec    Generated terms =        296
          Vright         Terms in output =        296
                         Bytes used      =      23036

Time =       0.00 sec    Generated terms =        116
          Vright         Terms in output =        116
                         Bytes used      =      13780

Time =       0.00 sec    Generated terms =        116
          Vright         Terms in output =        116
                         Bytes used      =       7872

Time =       0.00 sec    Generated terms =        116
           Vleft         Terms in output =        116
                         Bytes used      =       7872

Time =       0.00 sec    Generated terms =        116
          Vright         Terms in output =        116
                         Bytes used      =       7872

Time =       0.00 sec    Generated terms =      13456
   MM8x99SO4Hans         Terms in output =      13260
                         Bytes used      =    1055440

Time =       0.01 sec    Generated terms =      15812
   MM8x99SO4Hans         Terms in output =      15812
                         Bytes used      =    1346420

Time =       0.01 sec    Generated terms =      18364
   MM8x99SO4Hans         Terms in output =      18364
                         Bytes used      =    1632932

Time =       0.01 sec    Generated terms =      18688
   MM8x99SO4Hans         Terms in output =      18688
                         Bytes used      =    1683972

Time =       0.02 sec    Generated terms =      21240
   MM8x99SO4Hans         Terms in output =      21240
                         Bytes used      =    1966188

Time =       0.02 sec    Generated terms =      23792
   MM8x99SO4Hans         Terms in output =      23792
                         Bytes used      =    2245452

Time =       0.02 sec    Generated terms =      24044
   MM8x99SO4Hans         Terms in output =      24044
                         Bytes used      =    2271084

Time =       0.03 sec    Generated terms =      24604
   MM8x99SO4Hans         Terms in output =      24604
                         Bytes used      =    2323180

Time =       0.03 sec    Generated terms =      25180
   MM8x99SO4Hans         Terms in output =      25180
                         Bytes used      =    2392340

Time =       0.04 sec    Generated terms =      28960
   MM8x99SO4Hans         Terms in output =      28960
                         Bytes used      =    2726572

Time =       0.04 sec    Generated terms =      15700
   MM8x99SO4Hans         Terms in output =      13200
                         Bytes used      =    1087284

Time =       0.04 sec    Generated terms =      13200
   MM8x99SO4Hans         Terms in output =      13200
                         Bytes used      =    1087284

Time =       0.04 sec    Generated terms =      14788
   MM8x99SO4Hans         Terms in output =      14788
                         Bytes used      =    1232012

Time =       0.04 sec    Generated terms =      16376
   MM8x99SO4Hans         Terms in output =      16376
                         Bytes used      =    1353992

Time =       0.05 sec    Generated terms =      16592
   MM8x99SO4Hans         Terms in output =      16592
                         Bytes used      =    1376948

Time =       0.05 sec    Generated terms =      18180
   MM8x99SO4Hans         Terms in output =      18180
                         Bytes used      =    1499332

Time =       0.05 sec    Generated terms =      19768
   MM8x99SO4Hans         Terms in output =      19768
                         Bytes used      =    1619608

Time =       0.06 sec    Generated terms =      20020
   MM8x99SO4Hans         Terms in output =      20020
                         Bytes used      =    1643064

Time =       0.06 sec    Generated terms =      20580
   MM8x99SO4Hans         Terms in output =      20580
                         Bytes used      =    1688760

Time =       0.06 sec    Generated terms =      21000
   MM8x99SO4Hans         Terms in output =      21000
                         Bytes used      =    1726148

Time =       0.06 sec    Generated terms =      22952
   MM8x99SO4Hans         Terms in output =      22952
                         Bytes used      =    1869308

Time =       0.07 sec    Generated terms =       9752
   MM8x99SO4Hans         Terms in output =       5878
                         Bytes used      =     386088

Time =       0.07 sec    Generated terms =       5878
   MM8x99SO4Hans         Terms in output =       5878
                         Bytes used      =     386088

Time =       0.07 sec    Generated terms =       6680
   MM8x99SO4Hans         Terms in output =       6680
                         Bytes used      =     436572

Time =       0.07 sec    Generated terms =       7486
   MM8x99SO4Hans         Terms in output =       7486
                         Bytes used      =     488196

Time =       0.07 sec    Generated terms =       7690
   MM8x99SO4Hans         Terms in output =       7690
                         Bytes used      =     506692

Time =       0.07 sec    Generated terms =       8494
   MM8x99SO4Hans         Terms in output =       8494
                         Bytes used      =     557772

Time =       0.07 sec    Generated terms =       9302
   MM8x99SO4Hans         Terms in output =       9302
                         Bytes used      =     610484

Time =       0.08 sec    Generated terms =       9554
   MM8x99SO4Hans         Terms in output =       9554
                         Bytes used      =     627236

Time =       0.08 sec    Generated terms =       9806
   MM8x99SO4Hans         Terms in output =       9806
                         Bytes used      =     643988

Time =       0.08 sec    Generated terms =      10068
   MM8x99SO4Hans         Terms in output =      10068
                         Bytes used      =     663156

Time =       0.08 sec    Generated terms =      10748
   MM8x99SO4Hans         Terms in output =      10748
                         Bytes used      =     704564

Time =       0.08 sec    Generated terms =       4870
   MM8x99SO4Hans         Terms in output =       2773
                         Bytes used      =     161048

Time =       0.08 sec    Generated terms =       2773
   MM8x99SO4Hans         Terms in output =       2773
                         Bytes used      =     161048

Time =       0.08 sec    Generated terms =       2773
   MM8x99SO4Hans         Terms in output =        392
                         Bytes used      =      22220

Time =       0.08 sec    Generated terms =       8232
   MM8x99SO4Hans         Terms in output =        195
                         Bytes used      =      12716

Time =       0.08 sec    Generated terms =        271
   MM8x99SO4Hans         Terms in output =        161
                         Bytes used      =       9500

Time =       0.08 sec    Generated terms =        161
   MM8x99SO4Hans         Terms in output =        104
                         Bytes used      =       5328

   MM8x99SO4Hans =

       + i_*F^-4 * (
          - 1/27*H(muu,mp2,mp2,p1ext.p1ext)*mp2^2
          - 1/27*H(muu,mp2,mp2,p1ext.p1ext)*mdd*mp2
          - 1/108*H(muu,mp2,mp2,p1ext.p1ext)*mdd^2
          + 1/27*H(muu,mp2,mp2,p1ext.p1ext)*muu*mp2
          + 1/54*H(muu,mp2,mp2,p1ext.p1ext)*muu*mdd
          - 1/108*H(muu,mp2,mp2,p1ext.p1ext)*muu^2
          + 2/27*H(muu,mp2,mp2,p1ext.p1ext)*p1ext.p1ext*mp2
          + 1/27*H(muu,mp2,mp2,p1ext.p1ext)*p1ext.p1ext*mdd
          - 1/27*H(muu,mp2,mp2,p1ext.p1ext)*p1ext.p1ext*muu
          - 1/27*H(muu,mp2,mp2,p1ext.p1ext)*p1ext.p1ext^2
          - 2/9*H(mdd,mdd,mdd,p1ext.p1ext)*mdd^2
          + 2/9*H(mdd,mdd,mdd,p1ext.p1ext)*p1ext.p1ext^2
          - 1/54*H(mdd,mp2,mp2,p1ext.p1ext)*mp2^2
          + 5/54*H(mdd,mp2,mp2,p1ext.p1ext)*mdd*mp2
          - 17/108*H(mdd,mp2,mp2,p1ext.p1ext)*mdd^2
          + 1/54*H(mdd,mp2,mp2,p1ext.p1ext)*muu*mp2
          - 5/108*H(mdd,mp2,mp2,p1ext.p1ext)*muu*mdd
          - 1/216*H(mdd,mp2,mp2,p1ext.p1ext)*muu^2
          + 1/27*H(mdd,mp2,mp2,p1ext.p1ext)*p1ext.p1ext*mp2
          - 5/54*H(mdd,mp2,mp2,p1ext.p1ext)*p1ext.p1ext*mdd
          - 1/54*H(mdd,mp2,mp2,p1ext.p1ext)*p1ext.p1ext*muu
          + 4/27*H(mdd,mp2,mp2,p1ext.p1ext)*p1ext.p1ext^2
          - 1/27*H(mp2,muu,mp2,p1ext.p1ext)*mp2^2
          - 1/27*H(mp2,muu,mp2,p1ext.p1ext)*mdd*mp2
          - 1/108*H(mp2,muu,mp2,p1ext.p1ext)*mdd^2
          + 1/27*H(mp2,muu,mp2,p1ext.p1ext)*muu*mp2
          + 1/54*H(mp2,muu,mp2,p1ext.p1ext)*muu*mdd
          - 1/108*H(mp2,muu,mp2,p1ext.p1ext)*muu^2
          + 2/27*H(mp2,muu,mp2,p1ext.p1ext)*p1ext.p1ext*mp2
          + 1/27*H(mp2,muu,mp2,p1ext.p1ext)*p1ext.p1ext*mdd
          - 1/27*H(mp2,muu,mp2,p1ext.p1ext)*p1ext.p1ext*muu
          - 1/27*H(mp2,muu,mp2,p1ext.p1ext)*p1ext.p1ext^2
          - 1/54*H(mp2,mdd,mp2,p1ext.p1ext)*mp2^2
          + 5/54*H(mp2,mdd,mp2,p1ext.p1ext)*mdd*mp2
          - 17/108*H(mp2,mdd,mp2,p1ext.p1ext)*mdd^2
          + 1/54*H(mp2,mdd,mp2,p1ext.p1ext)*muu*mp2
          - 5/108*H(mp2,mdd,mp2,p1ext.p1ext)*muu*mdd
          - 1/216*H(mp2,mdd,mp2,p1ext.p1ext)*muu^2
          + 1/27*H(mp2,mdd,mp2,p1ext.p1ext)*p1ext.p1ext*mp2
          - 5/54*H(mp2,mdd,mp2,p1ext.p1ext)*p1ext.p1ext*mdd
          - 1/54*H(mp2,mdd,mp2,p1ext.p1ext)*p1ext.p1ext*muu
          + 4/27*H(mp2,mdd,mp2,p1ext.p1ext)*p1ext.p1ext^2
          - 1/27*H(mp2,mp2,muu,p1ext.p1ext)*mp2^2
          - 1/27*H(mp2,mp2,muu,p1ext.p1ext)*mdd*mp2
          - 1/108*H(mp2,mp2,muu,p1ext.p1ext)*mdd^2
          + 1/27*H(mp2,mp2,muu,p1ext.p1ext)*muu*mp2
          + 1/54*H(mp2,mp2,muu,p1ext.p1ext)*muu*mdd
          - 1/108*H(mp2,mp2,muu,p1ext.p1ext)*muu^2
          - 4/27*H(mp2,mp2,muu,p1ext.p1ext)*p1ext.p1ext*mp2
          - 2/27*H(mp2,mp2,muu,p1ext.p1ext)*p1ext.p1ext*mdd
          + 2/27*H(mp2,mp2,muu,p1ext.p1ext)*p1ext.p1ext*muu
          + 5/27*H(mp2,mp2,muu,p1ext.p1ext)*p1ext.p1ext^2
          - 1/54*H(mp2,mp2,mdd,p1ext.p1ext)*mp2^2
          + 5/54*H(mp2,mp2,mdd,p1ext.p1ext)*mdd*mp2
          - 17/108*H(mp2,mp2,mdd,p1ext.p1ext)*mdd^2
          + 1/54*H(mp2,mp2,mdd,p1ext.p1ext)*muu*mp2
          - 5/108*H(mp2,mp2,mdd,p1ext.p1ext)*muu*mdd
          - 1/216*H(mp2,mp2,mdd,p1ext.p1ext)*muu^2
          - 2/27*H(mp2,mp2,mdd,p1ext.p1ext)*p1ext.p1ext*mp2
          + 5/27*H(mp2,mp2,mdd,p1ext.p1ext)*p1ext.p1ext*mdd
          + 1/27*H(mp2,mp2,mdd,p1ext.p1ext)*p1ext.p1ext*muu
          - 2/27*H(mp2,mp2,mdd,p1ext.p1ext)*p1ext.p1ext^2
          - 1/18*H(mp2,mp2,mp2,p1ext.p1ext)*sqrt2^-2*mdd^2
          + 2/9*H(mp2,mp2,mp2,p1ext.p1ext)*p1ext.p1ext^2*sqrt2^-2
          - 4/9*HH1(muu,mp2,mp2,p1ext.p1ext)*p1ext.p1ext*mp2
          - 2/9*HH1(muu,mp2,mp2,p1ext.p1ext)*p1ext.p1ext*mdd
          + 2/9*HH1(muu,mp2,mp2,p1ext.p1ext)*p1ext.p1ext*muu
          + 4/9*HH1(muu,mp2,mp2,p1ext.p1ext)*p1ext.p1ext^2
          - 2/9*HH1(mdd,mp2,mp2,p1ext.p1ext)*p1ext.p1ext*mp2
          + 5/9*HH1(mdd,mp2,mp2,p1ext.p1ext)*p1ext.p1ext*mdd
          + 1/9*HH1(mdd,mp2,mp2,p1ext.p1ext)*p1ext.p1ext*muu
          - 4/9*HH1(mdd,mp2,mp2,p1ext.p1ext)*p1ext.p1ext^2
          + 4/9*HH1(mp2,mp2,muu,p1ext.p1ext)*p1ext.p1ext*mp2
          + 2/9*HH1(mp2,mp2,muu,p1ext.p1ext)*p1ext.p1ext*mdd
          - 2/9*HH1(mp2,mp2,muu,p1ext.p1ext)*p1ext.p1ext*muu
          - 4/9*HH1(mp2,mp2,muu,p1ext.p1ext)*p1ext.p1ext^2
          + 2/9*HH1(mp2,mp2,mdd,p1ext.p1ext)*p1ext.p1ext*mp2
          - 5/9*HH1(mp2,mp2,mdd,p1ext.p1ext)*p1ext.p1ext*mdd
          - 1/9*HH1(mp2,mp2,mdd,p1ext.p1ext)*p1ext.p1ext*muu
          + 4/9*HH1(mp2,mp2,mdd,p1ext.p1ext)*p1ext.p1ext^2
          - H21(muu,mp2,mp2,p1ext.p1ext)*p1ext.p1ext^2
          - 2*H21(mdd,mdd,mdd,p1ext.p1ext)*p1ext.p1ext^2
          - H21(mp2,mdd,mp2,p1ext.p1ext)*p1ext.p1ext^2
          - H21(mp2,mp2,mdd,p1ext.p1ext)*p1ext.p1ext^2
          - 2*H21(mp2,mp2,mp2,p1ext.p1ext)*p1ext.p1ext^2*sqrt2^-2
          - H22(muu,mp2,mp2,p1ext.p1ext)*p1ext.p1ext
          - 2*H22(mdd,mdd,mdd,p1ext.p1ext)*p1ext.p1ext
          - H22(mp2,mdd,mp2,p1ext.p1ext)*p1ext.p1ext
          - H22(mp2,mp2,mdd,p1ext.p1ext)*p1ext.p1ext
          - 2*H22(mp2,mp2,mp2,p1ext.p1ext)*p1ext.p1ext*sqrt2^-2
          )

       + A(muu)*A(mp2)*i_*F^-4 * (
          - 2/9*mp2
          - 1/9*mdd
          + 1/18*muu
          + 1/6*p1ext.p1ext
          )

       + A(mdd)^2*i_*F^-4 * (
          - 1/3*mdd
          + p1ext.p1ext
          )

       + A(mdd)*A(mp2)*i_*F^-4 * (
          - 1/9*mp2
          + 1/18*muu
          + 5/6*p1ext.p1ext
          )

       + A(mp2)^2*i_*F^-4 * (
          - 1/3*sqrt2^-2*mp2
          - 1/9*mdd
          - 1/18*muu
          + 1/2*p1ext.p1ext
          + p1ext.p1ext*sqrt2^-2
          );

