
Time =       0.00 sec    Generated terms =         23
   MM1x99SO4Hans         Terms in output =         23
                         Bytes used      =       1416

Time =       0.00 sec    Generated terms =         23
   MM1x99SO4Hans         Terms in output =         23
                         Bytes used      =       1416

Time =       0.00 sec    Generated terms =          4
   MM1x99SO4Hans         Terms in output =          4
                         Bytes used      =        344

Time =       0.00 sec    Generated terms =          4
   MM1x99SO4Hans         Terms in output =          4
                         Bytes used      =        232

Time =       0.00 sec    Generated terms =          4
   MM1x99SO4Hans         Terms in output =          4
                         Bytes used      =        232

Time =       0.00 sec    Generated terms =          4
   MM1x99SO4Hans         Terms in output =          4
                         Bytes used      =        344

Time =       0.00 sec    Generated terms =          4
   MM1x99SO4Hans         Terms in output =          2
                         Bytes used      =         96

Time =       0.00 sec    Generated terms =          2
   MM1x99SO4Hans         Terms in output =          2
                         Bytes used      =         96

Time =       0.00 sec    Generated terms =          2
   MM1x99SO4Hans         Terms in output =          2
                         Bytes used      =        104

   MM1x99SO4Hans =
       + i_ * (  - mdd + p1ext.p1ext );

