
Time =       0.00 sec    Generated terms =         15
       MM1x11SP4         Terms in output =         15
                         Bytes used      =       1136

Time =       0.00 sec    Generated terms =         15
       MM1x11SP4         Terms in output =         15
                         Bytes used      =        976

Time =       0.00 sec    Generated terms =         15
       MM1x11SP4         Terms in output =         15
                         Bytes used      =        976

Time =       0.00 sec    Generated terms =          6
       MM1x11SP4         Terms in output =          6
                         Bytes used      =        448

Time =       0.00 sec    Generated terms =          6
       MM1x11SP4         Terms in output =          6
                         Bytes used      =        336

Time =       0.00 sec    Generated terms =          6
       MM1x11SP4         Terms in output =          6
                         Bytes used      =        336

Time =       0.00 sec    Generated terms =          6
       MM1x11SP4         Terms in output =          6
                         Bytes used      =        448

Time =       0.00 sec    Generated terms =          6
       MM1x11SP4         Terms in output =          3
                         Bytes used      =        148

Time =       0.00 sec    Generated terms =          3
       MM1x11SP4         Terms in output =          3
                         Bytes used      =        148

Time =       0.00 sec    Generated terms =          3
       MM1x11SP4         Terms in output =          3
                         Bytes used      =        164

   MM1x11SP4 =
       + i_ * (  - 1/2*mdd*SymmetryFactorMass1 - 1/2*muu*SymmetryFactorMass1
          + p1ext.p1ext*SymmetryFactorMass1 );

