
   ComplexUnitFactor =

       + i_ * (
          - 1
          );

   MM8x22SP44Mp2Left =

       + F^-2 * (
          + 1/48*phi(1,q1)*phi(1,q2)*phi(2,q3)*mdd
          + 1/48*phi(1,q1)*phi(1,q2)*phi(2,q3)*muu
          + 1/12*phi(1,q1)*phi(1,q2)*phi(2,q3)*p1ext.q3
          + 1/48*phi(1,q1)*phi(1,q2)*phi(2,q4)*mdd
          + 1/48*phi(1,q1)*phi(1,q2)*phi(2,q4)*muu
          + 1/12*phi(1,q1)*phi(1,q2)*phi(2,q4)*p1ext.q4
          - 1/6*phi(1,q1)*phi(1,q3)*phi(2,q2)*p1ext.q3
          - 1/6*phi(1,q1)*phi(1,q3)*phi(2,q4)*q3.q4
          + 1/12*phi(1,q3)*phi(1,q4)*phi(2,q1)*q3.q4
          + 1/12*phi(1,q3)*phi(1,q4)*phi(2,q2)*q3.q4
          + 1/96*phi(2,q1)*phi(2,q2)*phi(2,q3)*mdd
          + 1/96*phi(2,q1)*phi(2,q2)*phi(2,q3)*muu
          + 1/96*phi(2,q1)*phi(2,q2)*phi(2,q4)*mdd
          + 1/96*phi(2,q1)*phi(2,q2)*phi(2,q4)*muu
          + 1/96*phi(2,q1)*phi(2,q3)*phi(2,q4)*mdd
          + 1/96*phi(2,q1)*phi(2,q3)*phi(2,q4)*muu
          - 1/6*phi(2,q1)*phi(3,q2)*phi(3,q4)*p1ext.q4
          + 1/48*phi(2,q1)*phi(3,q3)*phi(3,q4)*mdd
          + 1/48*phi(2,q1)*phi(3,q3)*phi(3,q4)*muu
          + 1/12*phi(2,q1)*phi(3,q3)*phi(3,q4)*q3.q4
          - 1/6*phi(2,q1)*phi(4,q2)*phi(4,q4)*p1ext.q4
          + 1/48*phi(2,q1)*phi(4,q3)*phi(4,q4)*mdd
          + 1/48*phi(2,q1)*phi(4,q3)*phi(4,q4)*muu
          + 1/12*phi(2,q1)*phi(4,q3)*phi(4,q4)*q3.q4
          - 1/6*phi(2,q1)*phi(5,q2)*phi(5,q4)*p1ext.q4
          + 1/48*phi(2,q1)*phi(5,q3)*phi(5,q4)*mdd
          + 1/48*phi(2,q1)*phi(5,q3)*phi(5,q4)*muu
          + 1/12*phi(2,q1)*phi(5,q3)*phi(5,q4)*q3.q4
          + 1/96*phi(2,q2)*phi(2,q3)*phi(2,q4)*mdd
          + 1/96*phi(2,q2)*phi(2,q3)*phi(2,q4)*muu
          + 1/48*phi(2,q2)*phi(3,q3)*phi(3,q4)*mdd
          + 1/48*phi(2,q2)*phi(3,q3)*phi(3,q4)*muu
          + 1/12*phi(2,q2)*phi(3,q3)*phi(3,q4)*q3.q4
          + 1/48*phi(2,q2)*phi(4,q3)*phi(4,q4)*mdd
          + 1/48*phi(2,q2)*phi(4,q3)*phi(4,q4)*muu
          + 1/12*phi(2,q2)*phi(4,q3)*phi(4,q4)*q3.q4
          + 1/48*phi(2,q2)*phi(5,q3)*phi(5,q4)*mdd
          + 1/48*phi(2,q2)*phi(5,q3)*phi(5,q4)*muu
          + 1/12*phi(2,q2)*phi(5,q3)*phi(5,q4)*q3.q4
          + 1/12*phi(2,q3)*phi(3,q1)*phi(3,q2)*p1ext.q3
          - 1/6*phi(2,q3)*phi(3,q2)*phi(3,q4)*q3.q4
          + 1/12*phi(2,q3)*phi(4,q1)*phi(4,q2)*p1ext.q3
          - 1/6*phi(2,q3)*phi(4,q2)*phi(4,q4)*q3.q4
          + 1/12*phi(2,q3)*phi(5,q1)*phi(5,q2)*p1ext.q3
          - 1/6*phi(2,q3)*phi(5,q2)*phi(5,q4)*q3.q4
          + 1/12*phi(2,q4)*phi(3,q1)*phi(3,q2)*p1ext.q4
          + 1/12*phi(2,q4)*phi(4,q1)*phi(4,q2)*p1ext.q4
          + 1/12*phi(2,q4)*phi(5,q1)*phi(5,q2)*p1ext.q4
          );

   MM8x22SP44Mp2Right =

       + F^-2 * (
          + 1/48*phi(1,p1)*phi(1,p2)*phi(2,p3)*mdd
          + 1/48*phi(1,p1)*phi(1,p2)*phi(2,p3)*muu
          - 1/12*phi(1,p1)*phi(1,p2)*phi(2,p3)*p1ext.p3
          + 1/48*phi(1,p1)*phi(1,p2)*phi(2,p4)*mdd
          + 1/48*phi(1,p1)*phi(1,p2)*phi(2,p4)*muu
          - 1/12*phi(1,p1)*phi(1,p2)*phi(2,p4)*p1ext.p4
          + 1/6*phi(1,p1)*phi(1,p3)*phi(2,p2)*p1ext.p3
          - 1/6*phi(1,p1)*phi(1,p3)*phi(2,p4)*p3.p4
          + 1/12*phi(1,p3)*phi(1,p4)*phi(2,p1)*p3.p4
          + 1/12*phi(1,p3)*phi(1,p4)*phi(2,p2)*p3.p4
          + 1/96*phi(2,p1)*phi(2,p2)*phi(2,p3)*mdd
          + 1/96*phi(2,p1)*phi(2,p2)*phi(2,p3)*muu
          + 1/96*phi(2,p1)*phi(2,p2)*phi(2,p4)*mdd
          + 1/96*phi(2,p1)*phi(2,p2)*phi(2,p4)*muu
          + 1/96*phi(2,p1)*phi(2,p3)*phi(2,p4)*mdd
          + 1/96*phi(2,p1)*phi(2,p3)*phi(2,p4)*muu
          + 1/6*phi(2,p1)*phi(3,p2)*phi(3,p4)*p1ext.p4
          + 1/48*phi(2,p1)*phi(3,p3)*phi(3,p4)*mdd
          + 1/48*phi(2,p1)*phi(3,p3)*phi(3,p4)*muu
          + 1/12*phi(2,p1)*phi(3,p3)*phi(3,p4)*p3.p4
          + 1/6*phi(2,p1)*phi(4,p2)*phi(4,p4)*p1ext.p4
          + 1/48*phi(2,p1)*phi(4,p3)*phi(4,p4)*mdd
          + 1/48*phi(2,p1)*phi(4,p3)*phi(4,p4)*muu
          + 1/12*phi(2,p1)*phi(4,p3)*phi(4,p4)*p3.p4
          + 1/6*phi(2,p1)*phi(5,p2)*phi(5,p4)*p1ext.p4
          + 1/48*phi(2,p1)*phi(5,p3)*phi(5,p4)*mdd
          + 1/48*phi(2,p1)*phi(5,p3)*phi(5,p4)*muu
          + 1/12*phi(2,p1)*phi(5,p3)*phi(5,p4)*p3.p4
          + 1/96*phi(2,p2)*phi(2,p3)*phi(2,p4)*mdd
          + 1/96*phi(2,p2)*phi(2,p3)*phi(2,p4)*muu
          + 1/48*phi(2,p2)*phi(3,p3)*phi(3,p4)*mdd
          + 1/48*phi(2,p2)*phi(3,p3)*phi(3,p4)*muu
          + 1/12*phi(2,p2)*phi(3,p3)*phi(3,p4)*p3.p4
          + 1/48*phi(2,p2)*phi(4,p3)*phi(4,p4)*mdd
          + 1/48*phi(2,p2)*phi(4,p3)*phi(4,p4)*muu
          + 1/12*phi(2,p2)*phi(4,p3)*phi(4,p4)*p3.p4
          + 1/48*phi(2,p2)*phi(5,p3)*phi(5,p4)*mdd
          + 1/48*phi(2,p2)*phi(5,p3)*phi(5,p4)*muu
          + 1/12*phi(2,p2)*phi(5,p3)*phi(5,p4)*p3.p4
          - 1/12*phi(2,p3)*phi(3,p1)*phi(3,p2)*p1ext.p3
          - 1/6*phi(2,p3)*phi(3,p2)*phi(3,p4)*p3.p4
          - 1/12*phi(2,p3)*phi(4,p1)*phi(4,p2)*p1ext.p3
          - 1/6*phi(2,p3)*phi(4,p2)*phi(4,p4)*p3.p4
          - 1/12*phi(2,p3)*phi(5,p1)*phi(5,p2)*p1ext.p3
          - 1/6*phi(2,p3)*phi(5,p2)*phi(5,p4)*p3.p4
          - 1/12*phi(2,p4)*phi(3,p1)*phi(3,p2)*p1ext.p4
          - 1/12*phi(2,p4)*phi(4,p1)*phi(4,p2)*p1ext.p4
          - 1/12*phi(2,p4)*phi(5,p1)*phi(5,p2)*p1ext.p4
          );

   product =

       + A(mp2)^2*i_*F^-4 * (
          - 2*mp2*SymmetryFactorMass8
          - 2*p1ext.p1ext*SymmetryFactorMass8
          )

       + H(mp2,mp2,mp2,p1ext.p1ext)*i_*F^-4 * (
          - 7/48*mdd^2*SymmetryFactorMass8
          - 7/24*muu*mdd*SymmetryFactorMass8
          - 7/48*muu^2*SymmetryFactorMass8
          );

   MM8x22SP4 =

       + A(mp2)^2*i_*F^-4 * (
          - 2*mp2*SymmetryFactorMass8
          - 2*p1ext.p1ext*SymmetryFactorMass8
          )

       + H(mp2,mp2,mp2,p1ext.p1ext)*i_*F^-4 * (
          - 7/48*mdd^2*SymmetryFactorMass8
          - 7/24*muu*mdd*SymmetryFactorMass8
          - 7/48*muu^2*SymmetryFactorMass8
          );

