
   ComplexUnitFactor = 0;

   MM6x33SO42Mp4 = 0;

   MM6x33SO44Mp2 = 0;

   product =

       + A(muu)*i_*F^-4 * (
          + 16*muu*mdd*L4*SymmetryFactorMass6
          + 8*muu^2*L5*SymmetryFactorMass6
          + 16*muu^2*L4*SymmetryFactorMass6
          )

       + A(mdd)*i_*F^-4 * (
          + 8*mdd^2*L5*SymmetryFactorMass6
          + 16*mdd^2*L4*SymmetryFactorMass6
          + 16*muu*mdd*L4*SymmetryFactorMass6
          )

       + A(mp2)*i_*F^-4 * (
          - 32/3*mdd*mp2*L5*SymmetryFactorMass6
          - 128/3*mdd*mp2*L4*SymmetryFactorMass6
          + 16/3*mdd^2*L8*SymmetryFactorMass6
          + 64/3*mdd^2*L6*SymmetryFactorMass6
          + 7/3*mdd^2*L5*SymmetryFactorMass6
          + 28/3*mdd^2*L4*SymmetryFactorMass6
          - 32/3*muu*mp2*L5*SymmetryFactorMass6
          - 128/3*muu*mp2*L4*SymmetryFactorMass6
          + 32/3*muu*mdd*L8*SymmetryFactorMass6
          + 128/3*muu*mdd*L6*SymmetryFactorMass6
          + 14/3*muu*mdd*L5*SymmetryFactorMass6
          + 56/3*muu*mdd*L4*SymmetryFactorMass6
          + 16/3*muu^2*L8*SymmetryFactorMass6
          + 64/3*muu^2*L6*SymmetryFactorMass6
          + 7/3*muu^2*L5*SymmetryFactorMass6
          + 28/3*muu^2*L4*SymmetryFactorMass6
          - 16/3*p1ext.p1ext*mdd*L5*SymmetryFactorMass6
          - 64/3*p1ext.p1ext*mdd*L4*SymmetryFactorMass6
          - 16/3*p1ext.p1ext*muu*L5*SymmetryFactorMass6
          - 64/3*p1ext.p1ext*muu*L4*SymmetryFactorMass6
          )

       + B(muu,muu,0)*i_*F^-4 * (
          - 32*muu^2*mdd*L6*SymmetryFactorMass6
          + 16*muu^2*mdd*L4*SymmetryFactorMass6
          - 16*muu^3*L8*SymmetryFactorMass6
          - 32*muu^3*L6*SymmetryFactorMass6
          + 8*muu^3*L5*SymmetryFactorMass6
          + 16*muu^3*L4*SymmetryFactorMass6
          )

       + B(mdd,mdd,0)*i_*F^-4 * (
          - 16*mdd^3*L8*SymmetryFactorMass6
          - 32*mdd^3*L6*SymmetryFactorMass6
          + 8*mdd^3*L5*SymmetryFactorMass6
          + 16*mdd^3*L4*SymmetryFactorMass6
          - 32*muu*mdd^2*L6*SymmetryFactorMass6
          + 16*muu*mdd^2*L4*SymmetryFactorMass6
          )

       + B(mp2,mp2,0)*i_*F^-4 * (
          - 16/3*mdd*mp2^2*L5*SymmetryFactorMass6
          - 64/3*mdd*mp2^2*L4*SymmetryFactorMass6
          + 16/3*mdd^2*mp2*L8*SymmetryFactorMass6
          + 64/3*mdd^2*mp2*L6*SymmetryFactorMass6
          + 7/3*mdd^2*mp2*L5*SymmetryFactorMass6
          + 28/3*mdd^2*mp2*L4*SymmetryFactorMass6
          - 10/3*mdd^3*L8*SymmetryFactorMass6
          - 4*mdd^3*L7*SymmetryFactorMass6
          - 28/3*mdd^3*L6*SymmetryFactorMass6
          - 16/3*muu*mp2^2*L5*SymmetryFactorMass6
          - 64/3*muu*mp2^2*L4*SymmetryFactorMass6
          + 32/3*muu*mdd*mp2*L8*SymmetryFactorMass6
          + 128/3*muu*mdd*mp2*L6*SymmetryFactorMass6
          + 14/3*muu*mdd*mp2*L5*SymmetryFactorMass6
          + 56/3*muu*mdd*mp2*L4*SymmetryFactorMass6
          - 6*muu*mdd^2*L8*SymmetryFactorMass6
          + 4*muu*mdd^2*L7*SymmetryFactorMass6
          - 28*muu*mdd^2*L6*SymmetryFactorMass6
          + 16/3*muu^2*mp2*L8*SymmetryFactorMass6
          + 64/3*muu^2*mp2*L6*SymmetryFactorMass6
          + 7/3*muu^2*mp2*L5*SymmetryFactorMass6
          + 28/3*muu^2*mp2*L4*SymmetryFactorMass6
          - 6*muu^2*mdd*L8*SymmetryFactorMass6
          + 4*muu^2*mdd*L7*SymmetryFactorMass6
          - 28*muu^2*mdd*L6*SymmetryFactorMass6
          - 10/3*muu^3*L8*SymmetryFactorMass6
          - 4*muu^3*L7*SymmetryFactorMass6
          - 28/3*muu^3*L6*SymmetryFactorMass6
          - 16/3*p1ext.p1ext*mdd*mp2*L5*SymmetryFactorMass6
          - 64/3*p1ext.p1ext*mdd*mp2*L4*SymmetryFactorMass6
          + 16/3*p1ext.p1ext*mdd^2*L8*SymmetryFactorMass6
          + 64/3*p1ext.p1ext*mdd^2*L6*SymmetryFactorMass6
          - 16/3*p1ext.p1ext*muu*mp2*L5*SymmetryFactorMass6
          - 64/3*p1ext.p1ext*muu*mp2*L4*SymmetryFactorMass6
          + 32/3*p1ext.p1ext*muu*mdd*L8*SymmetryFactorMass6
          + 128/3*p1ext.p1ext*muu*mdd*L6*SymmetryFactorMass6
          + 16/3*p1ext.p1ext*muu^2*L8*SymmetryFactorMass6
          + 64/3*p1ext.p1ext*muu^2*L6*SymmetryFactorMass6
          );

   MM6x33SO4 =

       + A(muu)*i_*F^-4 * (
          + 16*muu*mdd*L4*SymmetryFactorMass6
          + 8*muu^2*L5*SymmetryFactorMass6
          + 16*muu^2*L4*SymmetryFactorMass6
          )

       + A(mdd)*i_*F^-4 * (
          + 8*mdd^2*L5*SymmetryFactorMass6
          + 16*mdd^2*L4*SymmetryFactorMass6
          + 16*muu*mdd*L4*SymmetryFactorMass6
          )

       + A(mp2)*i_*F^-4 * (
          - 32/3*mdd*mp2*L5*SymmetryFactorMass6
          - 128/3*mdd*mp2*L4*SymmetryFactorMass6
          + 16/3*mdd^2*L8*SymmetryFactorMass6
          + 64/3*mdd^2*L6*SymmetryFactorMass6
          + 7/3*mdd^2*L5*SymmetryFactorMass6
          + 28/3*mdd^2*L4*SymmetryFactorMass6
          - 32/3*muu*mp2*L5*SymmetryFactorMass6
          - 128/3*muu*mp2*L4*SymmetryFactorMass6
          + 32/3*muu*mdd*L8*SymmetryFactorMass6
          + 128/3*muu*mdd*L6*SymmetryFactorMass6
          + 14/3*muu*mdd*L5*SymmetryFactorMass6
          + 56/3*muu*mdd*L4*SymmetryFactorMass6
          + 16/3*muu^2*L8*SymmetryFactorMass6
          + 64/3*muu^2*L6*SymmetryFactorMass6
          + 7/3*muu^2*L5*SymmetryFactorMass6
          + 28/3*muu^2*L4*SymmetryFactorMass6
          - 16/3*p1ext.p1ext*mdd*L5*SymmetryFactorMass6
          - 64/3*p1ext.p1ext*mdd*L4*SymmetryFactorMass6
          - 16/3*p1ext.p1ext*muu*L5*SymmetryFactorMass6
          - 64/3*p1ext.p1ext*muu*L4*SymmetryFactorMass6
          )

       + B(muu,muu,0)*i_*F^-4 * (
          - 32*muu^2*mdd*L6*SymmetryFactorMass6
          + 16*muu^2*mdd*L4*SymmetryFactorMass6
          - 16*muu^3*L8*SymmetryFactorMass6
          - 32*muu^3*L6*SymmetryFactorMass6
          + 8*muu^3*L5*SymmetryFactorMass6
          + 16*muu^3*L4*SymmetryFactorMass6
          )

       + B(mdd,mdd,0)*i_*F^-4 * (
          - 16*mdd^3*L8*SymmetryFactorMass6
          - 32*mdd^3*L6*SymmetryFactorMass6
          + 8*mdd^3*L5*SymmetryFactorMass6
          + 16*mdd^3*L4*SymmetryFactorMass6
          - 32*muu*mdd^2*L6*SymmetryFactorMass6
          + 16*muu*mdd^2*L4*SymmetryFactorMass6
          )

       + B(mp2,mp2,0)*i_*F^-4 * (
          - 16/3*mdd*mp2^2*L5*SymmetryFactorMass6
          - 64/3*mdd*mp2^2*L4*SymmetryFactorMass6
          + 16/3*mdd^2*mp2*L8*SymmetryFactorMass6
          + 64/3*mdd^2*mp2*L6*SymmetryFactorMass6
          + 7/3*mdd^2*mp2*L5*SymmetryFactorMass6
          + 28/3*mdd^2*mp2*L4*SymmetryFactorMass6
          - 10/3*mdd^3*L8*SymmetryFactorMass6
          - 4*mdd^3*L7*SymmetryFactorMass6
          - 28/3*mdd^3*L6*SymmetryFactorMass6
          - 16/3*muu*mp2^2*L5*SymmetryFactorMass6
          - 64/3*muu*mp2^2*L4*SymmetryFactorMass6
          + 32/3*muu*mdd*mp2*L8*SymmetryFactorMass6
          + 128/3*muu*mdd*mp2*L6*SymmetryFactorMass6
          + 14/3*muu*mdd*mp2*L5*SymmetryFactorMass6
          + 56/3*muu*mdd*mp2*L4*SymmetryFactorMass6
          - 6*muu*mdd^2*L8*SymmetryFactorMass6
          + 4*muu*mdd^2*L7*SymmetryFactorMass6
          - 28*muu*mdd^2*L6*SymmetryFactorMass6
          + 16/3*muu^2*mp2*L8*SymmetryFactorMass6
          + 64/3*muu^2*mp2*L6*SymmetryFactorMass6
          + 7/3*muu^2*mp2*L5*SymmetryFactorMass6
          + 28/3*muu^2*mp2*L4*SymmetryFactorMass6
          - 6*muu^2*mdd*L8*SymmetryFactorMass6
          + 4*muu^2*mdd*L7*SymmetryFactorMass6
          - 28*muu^2*mdd*L6*SymmetryFactorMass6
          - 10/3*muu^3*L8*SymmetryFactorMass6
          - 4*muu^3*L7*SymmetryFactorMass6
          - 28/3*muu^3*L6*SymmetryFactorMass6
          - 16/3*p1ext.p1ext*mdd*mp2*L5*SymmetryFactorMass6
          - 64/3*p1ext.p1ext*mdd*mp2*L4*SymmetryFactorMass6
          + 16/3*p1ext.p1ext*mdd^2*L8*SymmetryFactorMass6
          + 64/3*p1ext.p1ext*mdd^2*L6*SymmetryFactorMass6
          - 16/3*p1ext.p1ext*muu*mp2*L5*SymmetryFactorMass6
          - 64/3*p1ext.p1ext*muu*mp2*L4*SymmetryFactorMass6
          + 32/3*p1ext.p1ext*muu*mdd*L8*SymmetryFactorMass6
          + 128/3*p1ext.p1ext*muu*mdd*L6*SymmetryFactorMass6
          + 16/3*p1ext.p1ext*muu^2*L8*SymmetryFactorMass6
          + 64/3*p1ext.p1ext*muu^2*L6*SymmetryFactorMass6
          );

