
   ComplexUnitFactor = 0;

   MM5x33SO4Upper = 0;

   MM5x33SO4Lower = 0;

   product =

       + A(muu)^2*i_*F^-4 * (
          + 1/3*muu*SymmetryFactorMass5
          )

       + A(muu)*A(mp2)*i_*F^-4 * (
          - 4/9*mp2*SymmetryFactorMass5
          + 1/6*mdd*SymmetryFactorMass5
          + 1/2*muu*SymmetryFactorMass5
          - 2/9*p1ext.p1ext*SymmetryFactorMass5
          )

       + A(muu)*B(mp2,mp2,0)*i_*F^-4 * (
          - 2/9*mp2^2*SymmetryFactorMass5
          + 1/6*mdd*mp2*SymmetryFactorMass5
          - 1/36*mdd^2*SymmetryFactorMass5
          + 1/6*muu*mp2*SymmetryFactorMass5
          - 13/72*muu*mdd*SymmetryFactorMass5
          - 11/72*muu^2*SymmetryFactorMass5
          - 2/9*p1ext.p1ext*mp2*SymmetryFactorMass5
          + 1/9*p1ext.p1ext*mdd*SymmetryFactorMass5
          + 1/9*p1ext.p1ext*muu*SymmetryFactorMass5
          )

       + A(mdd)^2*i_*F^-4 * (
          + 1/3*mdd*SymmetryFactorMass5
          )

       + A(mdd)*A(mp2)*i_*F^-4 * (
          - 4/9*mp2*SymmetryFactorMass5
          + 1/2*mdd*SymmetryFactorMass5
          + 1/6*muu*SymmetryFactorMass5
          - 2/9*p1ext.p1ext*SymmetryFactorMass5
          )

       + A(mdd)*B(mp2,mp2,0)*i_*F^-4 * (
          - 2/9*mp2^2*SymmetryFactorMass5
          + 1/6*mdd*mp2*SymmetryFactorMass5
          - 11/72*mdd^2*SymmetryFactorMass5
          + 1/6*muu*mp2*SymmetryFactorMass5
          - 13/72*muu*mdd*SymmetryFactorMass5
          - 1/36*muu^2*SymmetryFactorMass5
          - 2/9*p1ext.p1ext*mp2*SymmetryFactorMass5
          + 1/9*p1ext.p1ext*mdd*SymmetryFactorMass5
          + 1/9*p1ext.p1ext*muu*SymmetryFactorMass5
          )

       + A(mp2)^2*i_*F^-4 * (
          - 4/3*mp2*SymmetryFactorMass5
          + 8/9*mdd*SymmetryFactorMass5
          + 8/9*muu*SymmetryFactorMass5
          - 4/9*p1ext.p1ext*SymmetryFactorMass5
          )

       + A(mp2)*B(muu,muu,0)*i_*F^-4 * (
          + 1/3*muu*mp2*SymmetryFactorMass5
          - 1/6*muu*mdd*SymmetryFactorMass5
          - 5/12*muu^2*SymmetryFactorMass5
          )

       + A(mp2)*B(mdd,mdd,0)*i_*F^-4 * (
          + 1/3*mdd*mp2*SymmetryFactorMass5
          - 5/12*mdd^2*SymmetryFactorMass5
          - 1/6*muu*mdd*SymmetryFactorMass5
          )

       + A(mp2)*B(mp2,mp2,0)*i_*F^-4 * (
          - 8/9*mp2^2*SymmetryFactorMass5
          + 7/6*mdd*mp2*SymmetryFactorMass5
          - 65/288*mdd^2*SymmetryFactorMass5
          + 7/6*muu*mp2*SymmetryFactorMass5
          - 65/144*muu*mdd*SymmetryFactorMass5
          - 65/288*muu^2*SymmetryFactorMass5
          - 8/9*p1ext.p1ext*mp2*SymmetryFactorMass5
          + 11/18*p1ext.p1ext*mdd*SymmetryFactorMass5
          + 11/18*p1ext.p1ext*muu*SymmetryFactorMass5
          );

   MM5x33SO4 =

       + A(muu)^2*i_*F^-4 * (
          + 1/3*muu*SymmetryFactorMass5
          )

       + A(muu)*A(mp2)*i_*F^-4 * (
          - 4/9*mp2*SymmetryFactorMass5
          + 1/6*mdd*SymmetryFactorMass5
          + 1/2*muu*SymmetryFactorMass5
          - 2/9*p1ext.p1ext*SymmetryFactorMass5
          )

       + A(muu)*B(mp2,mp2,0)*i_*F^-4 * (
          - 2/9*mp2^2*SymmetryFactorMass5
          + 1/6*mdd*mp2*SymmetryFactorMass5
          - 1/36*mdd^2*SymmetryFactorMass5
          + 1/6*muu*mp2*SymmetryFactorMass5
          - 13/72*muu*mdd*SymmetryFactorMass5
          - 11/72*muu^2*SymmetryFactorMass5
          - 2/9*p1ext.p1ext*mp2*SymmetryFactorMass5
          + 1/9*p1ext.p1ext*mdd*SymmetryFactorMass5
          + 1/9*p1ext.p1ext*muu*SymmetryFactorMass5
          )

       + A(mdd)^2*i_*F^-4 * (
          + 1/3*mdd*SymmetryFactorMass5
          )

       + A(mdd)*A(mp2)*i_*F^-4 * (
          - 4/9*mp2*SymmetryFactorMass5
          + 1/2*mdd*SymmetryFactorMass5
          + 1/6*muu*SymmetryFactorMass5
          - 2/9*p1ext.p1ext*SymmetryFactorMass5
          )

       + A(mdd)*B(mp2,mp2,0)*i_*F^-4 * (
          - 2/9*mp2^2*SymmetryFactorMass5
          + 1/6*mdd*mp2*SymmetryFactorMass5
          - 11/72*mdd^2*SymmetryFactorMass5
          + 1/6*muu*mp2*SymmetryFactorMass5
          - 13/72*muu*mdd*SymmetryFactorMass5
          - 1/36*muu^2*SymmetryFactorMass5
          - 2/9*p1ext.p1ext*mp2*SymmetryFactorMass5
          + 1/9*p1ext.p1ext*mdd*SymmetryFactorMass5
          + 1/9*p1ext.p1ext*muu*SymmetryFactorMass5
          )

       + A(mp2)^2*i_*F^-4 * (
          - 4/3*mp2*SymmetryFactorMass5
          + 8/9*mdd*SymmetryFactorMass5
          + 8/9*muu*SymmetryFactorMass5
          - 4/9*p1ext.p1ext*SymmetryFactorMass5
          )

       + A(mp2)*B(muu,muu,0)*i_*F^-4 * (
          + 1/3*muu*mp2*SymmetryFactorMass5
          - 1/6*muu*mdd*SymmetryFactorMass5
          - 5/12*muu^2*SymmetryFactorMass5
          )

       + A(mp2)*B(mdd,mdd,0)*i_*F^-4 * (
          + 1/3*mdd*mp2*SymmetryFactorMass5
          - 5/12*mdd^2*SymmetryFactorMass5
          - 1/6*muu*mdd*SymmetryFactorMass5
          )

       + A(mp2)*B(mp2,mp2,0)*i_*F^-4 * (
          - 8/9*mp2^2*SymmetryFactorMass5
          + 7/6*mdd*mp2*SymmetryFactorMass5
          - 65/288*mdd^2*SymmetryFactorMass5
          + 7/6*muu*mp2*SymmetryFactorMass5
          - 65/144*muu*mdd*SymmetryFactorMass5
          - 65/288*muu^2*SymmetryFactorMass5
          - 8/9*p1ext.p1ext*mp2*SymmetryFactorMass5
          + 11/18*p1ext.p1ext*mdd*SymmetryFactorMass5
          + 11/18*p1ext.p1ext*muu*SymmetryFactorMass5
          );

