
   ComplexUnitFactor =

       + i_ * (
          - 1
          );

   MM8x33SO44Mp2Left =

       + F^-2 * (
          + 1/48*phi(1,p1)*phi(1,p2)*phi(3,p3)*mdd
          + 1/48*phi(1,p1)*phi(1,p2)*phi(3,p3)*muu
          + 1/12*phi(1,p1)*phi(1,p2)*phi(3,p3)*p1ext.p3
          + 1/48*phi(1,p1)*phi(1,p2)*phi(3,p4)*mdd
          + 1/48*phi(1,p1)*phi(1,p2)*phi(3,p4)*muu
          + 1/12*phi(1,p1)*phi(1,p2)*phi(3,p4)*p1ext.p4
          - 1/6*phi(1,p1)*phi(1,p3)*phi(3,p2)*p1ext.p3
          - 1/6*phi(1,p1)*phi(1,p3)*phi(3,p4)*p3.p4
          + 1/3*phi(1,p1)*phi(4,p2)*phi(6,p4)*p1ext.p4*sqrt2^-1
          - 1/3*phi(1,p1)*phi(4,p2)*phi(8,p4)*p1ext.p4*sqrt2^-1
          + 1/6*phi(1,p1)*phi(4,p3)*phi(6,p4)*sqrt2^-1*muu
          - 1/6*phi(1,p1)*phi(4,p3)*phi(6,p4)*p3.p4*sqrt2^-1
          - 1/6*phi(1,p1)*phi(4,p3)*phi(8,p4)*sqrt2^-1*mdd
          + 1/6*phi(1,p1)*phi(4,p3)*phi(8,p4)*p3.p4*sqrt2^-1
          - 1/6*phi(1,p1)*phi(4,p4)*phi(6,p2)*p1ext.p4*sqrt2^-1
          + 1/6*phi(1,p1)*phi(4,p4)*phi(8,p2)*p1ext.p4*sqrt2^-1
          + 1/3*phi(1,p1)*phi(5,p2)*phi(7,p4)*p1ext.p4*sqrt2^-1
          - 1/3*phi(1,p1)*phi(5,p2)*phi(9,p4)*p1ext.p4*sqrt2^-1
          + 1/6*phi(1,p1)*phi(5,p3)*phi(7,p4)*sqrt2^-1*muu
          - 1/6*phi(1,p1)*phi(5,p3)*phi(7,p4)*p3.p4*sqrt2^-1
          - 1/6*phi(1,p1)*phi(5,p3)*phi(9,p4)*sqrt2^-1*mdd
          + 1/6*phi(1,p1)*phi(5,p3)*phi(9,p4)*p3.p4*sqrt2^-1
          - 1/6*phi(1,p1)*phi(5,p4)*phi(7,p2)*p1ext.p4*sqrt2^-1
          + 1/6*phi(1,p1)*phi(5,p4)*phi(9,p2)*p1ext.p4*sqrt2^-1
          + 1/12*phi(1,p3)*phi(1,p4)*phi(3,p1)*p3.p4
          + 1/12*phi(1,p3)*phi(1,p4)*phi(3,p2)*p3.p4
          - 1/6*phi(1,p3)*phi(4,p1)*phi(6,p2)*p1ext.p3*sqrt2^-1
          + 1/6*phi(1,p3)*phi(4,p1)*phi(8,p2)*p1ext.p3*sqrt2^-1
          - 1/6*phi(1,p3)*phi(4,p2)*phi(6,p4)*p3.p4*sqrt2^-1
          + 1/6*phi(1,p3)*phi(4,p2)*phi(8,p4)*p3.p4*sqrt2^-1
          + 1/3*phi(1,p3)*phi(4,p4)*phi(6,p2)*p3.p4*sqrt2^-1
          - 1/3*phi(1,p3)*phi(4,p4)*phi(8,p2)*p3.p4*sqrt2^-1
          - 1/6*phi(1,p3)*phi(5,p1)*phi(7,p2)*p1ext.p3*sqrt2^-1
          + 1/6*phi(1,p3)*phi(5,p1)*phi(9,p2)*p1ext.p3*sqrt2^-1
          - 1/6*phi(1,p3)*phi(5,p2)*phi(7,p4)*p3.p4*sqrt2^-1
          + 1/6*phi(1,p3)*phi(5,p2)*phi(9,p4)*p3.p4*sqrt2^-1
          + 1/3*phi(1,p3)*phi(5,p4)*phi(7,p2)*p3.p4*sqrt2^-1
          - 1/3*phi(1,p3)*phi(5,p4)*phi(9,p2)*p3.p4*sqrt2^-1
          + 1/48*phi(2,p1)*phi(2,p2)*phi(3,p3)*mdd
          + 1/48*phi(2,p1)*phi(2,p2)*phi(3,p3)*muu
          + 1/12*phi(2,p1)*phi(2,p2)*phi(3,p3)*p1ext.p3
          + 1/48*phi(2,p1)*phi(2,p2)*phi(3,p4)*mdd
          + 1/48*phi(2,p1)*phi(2,p2)*phi(3,p4)*muu
          + 1/12*phi(2,p1)*phi(2,p2)*phi(3,p4)*p1ext.p4
          - 1/6*phi(2,p1)*phi(2,p3)*phi(3,p2)*p1ext.p3
          - 1/6*phi(2,p1)*phi(2,p3)*phi(3,p4)*p3.p4
          - 1/3*phi(2,p1)*phi(4,p2)*phi(7,p4)*p1ext.p4*sqrt2^-1
          - 1/3*phi(2,p1)*phi(4,p2)*phi(9,p4)*p1ext.p4*sqrt2^-1
          - 1/6*phi(2,p1)*phi(4,p3)*phi(7,p4)*sqrt2^-1*muu
          + 1/6*phi(2,p1)*phi(4,p3)*phi(7,p4)*p3.p4*sqrt2^-1
          - 1/6*phi(2,p1)*phi(4,p3)*phi(9,p4)*sqrt2^-1*mdd
          + 1/6*phi(2,p1)*phi(4,p3)*phi(9,p4)*p3.p4*sqrt2^-1
          + 1/6*phi(2,p1)*phi(4,p4)*phi(7,p2)*p1ext.p4*sqrt2^-1
          + 1/6*phi(2,p1)*phi(4,p4)*phi(9,p2)*p1ext.p4*sqrt2^-1
          + 1/3*phi(2,p1)*phi(5,p2)*phi(6,p4)*p1ext.p4*sqrt2^-1
          + 1/3*phi(2,p1)*phi(5,p2)*phi(8,p4)*p1ext.p4*sqrt2^-1
          + 1/6*phi(2,p1)*phi(5,p3)*phi(6,p4)*sqrt2^-1*muu
          - 1/6*phi(2,p1)*phi(5,p3)*phi(6,p4)*p3.p4*sqrt2^-1
          + 1/6*phi(2,p1)*phi(5,p3)*phi(8,p4)*sqrt2^-1*mdd
          - 1/6*phi(2,p1)*phi(5,p3)*phi(8,p4)*p3.p4*sqrt2^-1
          - 1/6*phi(2,p1)*phi(5,p4)*phi(6,p2)*p1ext.p4*sqrt2^-1
          - 1/6*phi(2,p1)*phi(5,p4)*phi(8,p2)*p1ext.p4*sqrt2^-1
          + 1/12*phi(2,p3)*phi(2,p4)*phi(3,p1)*p3.p4
          + 1/12*phi(2,p3)*phi(2,p4)*phi(3,p2)*p3.p4
          + 1/6*phi(2,p3)*phi(4,p1)*phi(7,p2)*p1ext.p3*sqrt2^-1
          + 1/6*phi(2,p3)*phi(4,p1)*phi(9,p2)*p1ext.p3*sqrt2^-1
          + 1/6*phi(2,p3)*phi(4,p2)*phi(7,p4)*p3.p4*sqrt2^-1
          + 1/6*phi(2,p3)*phi(4,p2)*phi(9,p4)*p3.p4*sqrt2^-1
          - 1/3*phi(2,p3)*phi(4,p4)*phi(7,p2)*p3.p4*sqrt2^-1
          - 1/3*phi(2,p3)*phi(4,p4)*phi(9,p2)*p3.p4*sqrt2^-1
          - 1/6*phi(2,p3)*phi(5,p1)*phi(6,p2)*p1ext.p3*sqrt2^-1
          - 1/6*phi(2,p3)*phi(5,p1)*phi(8,p2)*p1ext.p3*sqrt2^-1
          - 1/6*phi(2,p3)*phi(5,p2)*phi(6,p4)*p3.p4*sqrt2^-1
          - 1/6*phi(2,p3)*phi(5,p2)*phi(8,p4)*p3.p4*sqrt2^-1
          + 1/3*phi(2,p3)*phi(5,p4)*phi(6,p2)*p3.p4*sqrt2^-1
          + 1/3*phi(2,p3)*phi(5,p4)*phi(8,p2)*p3.p4*sqrt2^-1
          + 1/96*phi(3,p1)*phi(3,p2)*phi(3,p3)*mdd
          + 1/96*phi(3,p1)*phi(3,p2)*phi(3,p3)*muu
          + 1/96*phi(3,p1)*phi(3,p2)*phi(3,p4)*mdd
          + 1/96*phi(3,p1)*phi(3,p2)*phi(3,p4)*muu
          + 1/96*phi(3,p1)*phi(3,p3)*phi(3,p4)*mdd
          + 1/96*phi(3,p1)*phi(3,p3)*phi(3,p4)*muu
          - 1/6*phi(3,p1)*phi(4,p2)*phi(4,p4)*p1ext.p4
          + 1/48*phi(3,p1)*phi(4,p3)*phi(4,p4)*mdd
          + 1/48*phi(3,p1)*phi(4,p3)*phi(4,p4)*muu
          + 1/12*phi(3,p1)*phi(4,p3)*phi(4,p4)*p3.p4
          - 1/6*phi(3,p1)*phi(5,p2)*phi(5,p4)*p1ext.p4
          + 1/48*phi(3,p1)*phi(5,p3)*phi(5,p4)*mdd
          + 1/48*phi(3,p1)*phi(5,p3)*phi(5,p4)*muu
          + 1/12*phi(3,p1)*phi(5,p3)*phi(5,p4)*p3.p4
          + 1/8*phi(3,p1)*phi(6,p3)*phi(6,p4)*muu
          + 1/8*phi(3,p1)*phi(7,p3)*phi(7,p4)*muu
          + 1/8*phi(3,p1)*phi(8,p3)*phi(8,p4)*mdd
          + 1/8*phi(3,p1)*phi(9,p3)*phi(9,p4)*mdd
          + 1/96*phi(3,p2)*phi(3,p3)*phi(3,p4)*mdd
          + 1/96*phi(3,p2)*phi(3,p3)*phi(3,p4)*muu
          + 1/48*phi(3,p2)*phi(4,p3)*phi(4,p4)*mdd
          + 1/48*phi(3,p2)*phi(4,p3)*phi(4,p4)*muu
          + 1/12*phi(3,p2)*phi(4,p3)*phi(4,p4)*p3.p4
          + 1/48*phi(3,p2)*phi(5,p3)*phi(5,p4)*mdd
          + 1/48*phi(3,p2)*phi(5,p3)*phi(5,p4)*muu
          + 1/12*phi(3,p2)*phi(5,p3)*phi(5,p4)*p3.p4
          + 1/8*phi(3,p2)*phi(6,p3)*phi(6,p4)*muu
          + 1/8*phi(3,p2)*phi(7,p3)*phi(7,p4)*muu
          + 1/8*phi(3,p2)*phi(8,p3)*phi(8,p4)*mdd
          + 1/8*phi(3,p2)*phi(9,p3)*phi(9,p4)*mdd
          + 1/12*phi(3,p3)*phi(4,p1)*phi(4,p2)*p1ext.p3
          - 1/6*phi(3,p3)*phi(4,p2)*phi(4,p4)*p3.p4
          + 1/12*phi(3,p3)*phi(5,p1)*phi(5,p2)*p1ext.p3
          - 1/6*phi(3,p3)*phi(5,p2)*phi(5,p4)*p3.p4
          + 1/12*phi(3,p4)*phi(4,p1)*phi(4,p2)*p1ext.p4
          + 1/12*phi(3,p4)*phi(5,p1)*phi(5,p2)*p1ext.p4
          );

   MM8x33SO44Mp2Right =

       + F^-2 * (
          + 1/48*phi(1,q1)*phi(1,q2)*phi(3,q3)*mdd
          + 1/48*phi(1,q1)*phi(1,q2)*phi(3,q3)*muu
          - 1/12*phi(1,q1)*phi(1,q2)*phi(3,q3)*p1ext.q3
          + 1/48*phi(1,q1)*phi(1,q2)*phi(3,q4)*mdd
          + 1/48*phi(1,q1)*phi(1,q2)*phi(3,q4)*muu
          - 1/12*phi(1,q1)*phi(1,q2)*phi(3,q4)*p1ext.q4
          + 1/6*phi(1,q1)*phi(1,q3)*phi(3,q2)*p1ext.q3
          - 1/6*phi(1,q1)*phi(1,q3)*phi(3,q4)*q3.q4
          - 1/3*phi(1,q1)*phi(4,q2)*phi(6,q4)*p1ext.q4*sqrt2^-1
          + 1/3*phi(1,q1)*phi(4,q2)*phi(8,q4)*p1ext.q4*sqrt2^-1
          + 1/6*phi(1,q1)*phi(4,q3)*phi(6,q4)*sqrt2^-1*muu
          - 1/6*phi(1,q1)*phi(4,q3)*phi(6,q4)*q3.q4*sqrt2^-1
          - 1/6*phi(1,q1)*phi(4,q3)*phi(8,q4)*sqrt2^-1*mdd
          + 1/6*phi(1,q1)*phi(4,q3)*phi(8,q4)*q3.q4*sqrt2^-1
          + 1/6*phi(1,q1)*phi(4,q4)*phi(6,q2)*p1ext.q4*sqrt2^-1
          - 1/6*phi(1,q1)*phi(4,q4)*phi(8,q2)*p1ext.q4*sqrt2^-1
          - 1/3*phi(1,q1)*phi(5,q2)*phi(7,q4)*p1ext.q4*sqrt2^-1
          + 1/3*phi(1,q1)*phi(5,q2)*phi(9,q4)*p1ext.q4*sqrt2^-1
          + 1/6*phi(1,q1)*phi(5,q3)*phi(7,q4)*sqrt2^-1*muu
          - 1/6*phi(1,q1)*phi(5,q3)*phi(7,q4)*q3.q4*sqrt2^-1
          - 1/6*phi(1,q1)*phi(5,q3)*phi(9,q4)*sqrt2^-1*mdd
          + 1/6*phi(1,q1)*phi(5,q3)*phi(9,q4)*q3.q4*sqrt2^-1
          + 1/6*phi(1,q1)*phi(5,q4)*phi(7,q2)*p1ext.q4*sqrt2^-1
          - 1/6*phi(1,q1)*phi(5,q4)*phi(9,q2)*p1ext.q4*sqrt2^-1
          + 1/12*phi(1,q3)*phi(1,q4)*phi(3,q1)*q3.q4
          + 1/12*phi(1,q3)*phi(1,q4)*phi(3,q2)*q3.q4
          + 1/6*phi(1,q3)*phi(4,q1)*phi(6,q2)*p1ext.q3*sqrt2^-1
          - 1/6*phi(1,q3)*phi(4,q1)*phi(8,q2)*p1ext.q3*sqrt2^-1
          - 1/6*phi(1,q3)*phi(4,q2)*phi(6,q4)*q3.q4*sqrt2^-1
          + 1/6*phi(1,q3)*phi(4,q2)*phi(8,q4)*q3.q4*sqrt2^-1
          + 1/3*phi(1,q3)*phi(4,q4)*phi(6,q2)*q3.q4*sqrt2^-1
          - 1/3*phi(1,q3)*phi(4,q4)*phi(8,q2)*q3.q4*sqrt2^-1
          + 1/6*phi(1,q3)*phi(5,q1)*phi(7,q2)*p1ext.q3*sqrt2^-1
          - 1/6*phi(1,q3)*phi(5,q1)*phi(9,q2)*p1ext.q3*sqrt2^-1
          - 1/6*phi(1,q3)*phi(5,q2)*phi(7,q4)*q3.q4*sqrt2^-1
          + 1/6*phi(1,q3)*phi(5,q2)*phi(9,q4)*q3.q4*sqrt2^-1
          + 1/3*phi(1,q3)*phi(5,q4)*phi(7,q2)*q3.q4*sqrt2^-1
          - 1/3*phi(1,q3)*phi(5,q4)*phi(9,q2)*q3.q4*sqrt2^-1
          + 1/48*phi(2,q1)*phi(2,q2)*phi(3,q3)*mdd
          + 1/48*phi(2,q1)*phi(2,q2)*phi(3,q3)*muu
          - 1/12*phi(2,q1)*phi(2,q2)*phi(3,q3)*p1ext.q3
          + 1/48*phi(2,q1)*phi(2,q2)*phi(3,q4)*mdd
          + 1/48*phi(2,q1)*phi(2,q2)*phi(3,q4)*muu
          - 1/12*phi(2,q1)*phi(2,q2)*phi(3,q4)*p1ext.q4
          + 1/6*phi(2,q1)*phi(2,q3)*phi(3,q2)*p1ext.q3
          - 1/6*phi(2,q1)*phi(2,q3)*phi(3,q4)*q3.q4
          + 1/3*phi(2,q1)*phi(4,q2)*phi(7,q4)*p1ext.q4*sqrt2^-1
          + 1/3*phi(2,q1)*phi(4,q2)*phi(9,q4)*p1ext.q4*sqrt2^-1
          - 1/6*phi(2,q1)*phi(4,q3)*phi(7,q4)*sqrt2^-1*muu
          + 1/6*phi(2,q1)*phi(4,q3)*phi(7,q4)*q3.q4*sqrt2^-1
          - 1/6*phi(2,q1)*phi(4,q3)*phi(9,q4)*sqrt2^-1*mdd
          + 1/6*phi(2,q1)*phi(4,q3)*phi(9,q4)*q3.q4*sqrt2^-1
          - 1/6*phi(2,q1)*phi(4,q4)*phi(7,q2)*p1ext.q4*sqrt2^-1
          - 1/6*phi(2,q1)*phi(4,q4)*phi(9,q2)*p1ext.q4*sqrt2^-1
          - 1/3*phi(2,q1)*phi(5,q2)*phi(6,q4)*p1ext.q4*sqrt2^-1
          - 1/3*phi(2,q1)*phi(5,q2)*phi(8,q4)*p1ext.q4*sqrt2^-1
          + 1/6*phi(2,q1)*phi(5,q3)*phi(6,q4)*sqrt2^-1*muu
          - 1/6*phi(2,q1)*phi(5,q3)*phi(6,q4)*q3.q4*sqrt2^-1
          + 1/6*phi(2,q1)*phi(5,q3)*phi(8,q4)*sqrt2^-1*mdd
          - 1/6*phi(2,q1)*phi(5,q3)*phi(8,q4)*q3.q4*sqrt2^-1
          + 1/6*phi(2,q1)*phi(5,q4)*phi(6,q2)*p1ext.q4*sqrt2^-1
          + 1/6*phi(2,q1)*phi(5,q4)*phi(8,q2)*p1ext.q4*sqrt2^-1
          + 1/12*phi(2,q3)*phi(2,q4)*phi(3,q1)*q3.q4
          + 1/12*phi(2,q3)*phi(2,q4)*phi(3,q2)*q3.q4
          - 1/6*phi(2,q3)*phi(4,q1)*phi(7,q2)*p1ext.q3*sqrt2^-1
          - 1/6*phi(2,q3)*phi(4,q1)*phi(9,q2)*p1ext.q3*sqrt2^-1
          + 1/6*phi(2,q3)*phi(4,q2)*phi(7,q4)*q3.q4*sqrt2^-1
          + 1/6*phi(2,q3)*phi(4,q2)*phi(9,q4)*q3.q4*sqrt2^-1
          - 1/3*phi(2,q3)*phi(4,q4)*phi(7,q2)*q3.q4*sqrt2^-1
          - 1/3*phi(2,q3)*phi(4,q4)*phi(9,q2)*q3.q4*sqrt2^-1
          + 1/6*phi(2,q3)*phi(5,q1)*phi(6,q2)*p1ext.q3*sqrt2^-1
          + 1/6*phi(2,q3)*phi(5,q1)*phi(8,q2)*p1ext.q3*sqrt2^-1
          - 1/6*phi(2,q3)*phi(5,q2)*phi(6,q4)*q3.q4*sqrt2^-1
          - 1/6*phi(2,q3)*phi(5,q2)*phi(8,q4)*q3.q4*sqrt2^-1
          + 1/3*phi(2,q3)*phi(5,q4)*phi(6,q2)*q3.q4*sqrt2^-1
          + 1/3*phi(2,q3)*phi(5,q4)*phi(8,q2)*q3.q4*sqrt2^-1
          + 1/96*phi(3,q1)*phi(3,q2)*phi(3,q3)*mdd
          + 1/96*phi(3,q1)*phi(3,q2)*phi(3,q3)*muu
          + 1/96*phi(3,q1)*phi(3,q2)*phi(3,q4)*mdd
          + 1/96*phi(3,q1)*phi(3,q2)*phi(3,q4)*muu
          + 1/96*phi(3,q1)*phi(3,q3)*phi(3,q4)*mdd
          + 1/96*phi(3,q1)*phi(3,q3)*phi(3,q4)*muu
          + 1/6*phi(3,q1)*phi(4,q2)*phi(4,q4)*p1ext.q4
          + 1/48*phi(3,q1)*phi(4,q3)*phi(4,q4)*mdd
          + 1/48*phi(3,q1)*phi(4,q3)*phi(4,q4)*muu
          + 1/12*phi(3,q1)*phi(4,q3)*phi(4,q4)*q3.q4
          + 1/6*phi(3,q1)*phi(5,q2)*phi(5,q4)*p1ext.q4
          + 1/48*phi(3,q1)*phi(5,q3)*phi(5,q4)*mdd
          + 1/48*phi(3,q1)*phi(5,q3)*phi(5,q4)*muu
          + 1/12*phi(3,q1)*phi(5,q3)*phi(5,q4)*q3.q4
          + 1/8*phi(3,q1)*phi(6,q3)*phi(6,q4)*muu
          + 1/8*phi(3,q1)*phi(7,q3)*phi(7,q4)*muu
          + 1/8*phi(3,q1)*phi(8,q3)*phi(8,q4)*mdd
          + 1/8*phi(3,q1)*phi(9,q3)*phi(9,q4)*mdd
          + 1/96*phi(3,q2)*phi(3,q3)*phi(3,q4)*mdd
          + 1/96*phi(3,q2)*phi(3,q3)*phi(3,q4)*muu
          + 1/48*phi(3,q2)*phi(4,q3)*phi(4,q4)*mdd
          + 1/48*phi(3,q2)*phi(4,q3)*phi(4,q4)*muu
          + 1/12*phi(3,q2)*phi(4,q3)*phi(4,q4)*q3.q4
          + 1/48*phi(3,q2)*phi(5,q3)*phi(5,q4)*mdd
          + 1/48*phi(3,q2)*phi(5,q3)*phi(5,q4)*muu
          + 1/12*phi(3,q2)*phi(5,q3)*phi(5,q4)*q3.q4
          + 1/8*phi(3,q2)*phi(6,q3)*phi(6,q4)*muu
          + 1/8*phi(3,q2)*phi(7,q3)*phi(7,q4)*muu
          + 1/8*phi(3,q2)*phi(8,q3)*phi(8,q4)*mdd
          + 1/8*phi(3,q2)*phi(9,q3)*phi(9,q4)*mdd
          - 1/12*phi(3,q3)*phi(4,q1)*phi(4,q2)*p1ext.q3
          - 1/6*phi(3,q3)*phi(4,q2)*phi(4,q4)*q3.q4
          - 1/12*phi(3,q3)*phi(5,q1)*phi(5,q2)*p1ext.q3
          - 1/6*phi(3,q3)*phi(5,q2)*phi(5,q4)*q3.q4
          - 1/12*phi(3,q4)*phi(4,q1)*phi(4,q2)*p1ext.q4
          - 1/12*phi(3,q4)*phi(5,q1)*phi(5,q2)*p1ext.q4
          );

   product =

       + i_*F^-4 * (
          - 16/9*HH1(muu,mp2,mp2,p1ext.p1ext)*p1ext.p1ext*sqrt2^-2*mp2
          + 8/3*HH1(muu,mp2,mp2,p1ext.p1ext)*p1ext.p1ext*sqrt2^-2*muu
          + 16/9*HH1(muu,mp2,mp2,p1ext.p1ext)*p1ext.p1ext^2*sqrt2^-2
          - 16/9*HH1(mdd,mp2,mp2,p1ext.p1ext)*p1ext.p1ext*sqrt2^-2*mp2
          + 8/3*HH1(mdd,mp2,mp2,p1ext.p1ext)*p1ext.p1ext*sqrt2^-2*mdd
          + 16/9*HH1(mdd,mp2,mp2,p1ext.p1ext)*p1ext.p1ext^2*sqrt2^-2
          + 16/9*HH1(mp2,mp2,muu,p1ext.p1ext)*p1ext.p1ext*sqrt2^-2*mp2
          - 8/3*HH1(mp2,mp2,muu,p1ext.p1ext)*p1ext.p1ext*sqrt2^-2*muu
          - 16/9*HH1(mp2,mp2,muu,p1ext.p1ext)*p1ext.p1ext^2*sqrt2^-2
          + 16/9*HH1(mp2,mp2,mdd,p1ext.p1ext)*p1ext.p1ext*sqrt2^-2*mp2
          - 8/3*HH1(mp2,mp2,mdd,p1ext.p1ext)*p1ext.p1ext*sqrt2^-2*mdd
          - 16/9*HH1(mp2,mp2,mdd,p1ext.p1ext)*p1ext.p1ext^2*sqrt2^-2
          - 4*H21(muu,mp2,mp2,p1ext.p1ext)*p1ext.p1ext^2*sqrt2^-2
          - 4*H21(mdd,mp2,mp2,p1ext.p1ext)*p1ext.p1ext^2*sqrt2^-2
          - 2*H21(mp2,mp2,mp2,p1ext.p1ext)*p1ext.p1ext^2
          - 4*H22(muu,mp2,mp2,p1ext.p1ext)*p1ext.p1ext*sqrt2^-2
          - 4*H22(mdd,mp2,mp2,p1ext.p1ext)*p1ext.p1ext*sqrt2^-2
          - 2*H22(mp2,mp2,mp2,p1ext.p1ext)*p1ext.p1ext
          )

       + A(muu)*A(mp2)*i_*F^-4 * (
          - 8/9*sqrt2^-2*mp2
          + 10/9*sqrt2^-2*muu
          + 2/3*p1ext.p1ext*sqrt2^-2
          )

       + A(mdd)*A(mp2)*i_*F^-4 * (
          - 8/9*sqrt2^-2*mp2
          + 10/9*sqrt2^-2*mdd
          + 2/3*p1ext.p1ext*sqrt2^-2
          )

       + A(mp2)^2*i_*F^-4 * (
          - 8/9*sqrt2^-2*mdd
          - 8/9*sqrt2^-2*muu
          - 1/3*mp2
          + p1ext.p1ext
          + 8/3*p1ext.p1ext*sqrt2^-2
          )

       + H(muu,muu,mp2,p1ext.p1ext)*i_*F^-4 * (
          - 1/12*muu^2
          )

       + H(muu,mp2,muu,p1ext.p1ext)*i_*F^-4 * (
          - 1/12*muu^2
          )

       + H(muu,mp2,mp2,p1ext.p1ext)*i_*F^-4 * (
          - 4/27*sqrt2^-2*mp2^2
          + 4/9*sqrt2^-2*muu*mp2
          - 1/3*sqrt2^-2*muu^2
          + 8/27*p1ext.p1ext*sqrt2^-2*mp2
          - 4/9*p1ext.p1ext*sqrt2^-2*muu
          - 4/27*p1ext.p1ext^2*sqrt2^-2
          )

       + H(mdd,mdd,mp2,p1ext.p1ext)*i_*F^-4 * (
          - 1/12*mdd^2
          )

       + H(mdd,mp2,mdd,p1ext.p1ext)*i_*F^-4 * (
          - 1/12*mdd^2
          )

       + H(mdd,mp2,mp2,p1ext.p1ext)*i_*F^-4 * (
          - 4/27*sqrt2^-2*mp2^2
          + 4/9*sqrt2^-2*mdd*mp2
          - 1/3*sqrt2^-2*mdd^2
          + 8/27*p1ext.p1ext*sqrt2^-2*mp2
          - 4/9*p1ext.p1ext*sqrt2^-2*mdd
          - 4/27*p1ext.p1ext^2*sqrt2^-2
          )

       + H(mp2,muu,muu,p1ext.p1ext)*i_*F^-4 * (
          - 1/12*muu^2
          )

       + H(mp2,muu,mp2,p1ext.p1ext)*i_*F^-4 * (
          - 4/27*sqrt2^-2*mp2^2
          + 4/9*sqrt2^-2*muu*mp2
          - 1/3*sqrt2^-2*muu^2
          + 8/27*p1ext.p1ext*sqrt2^-2*mp2
          - 4/9*p1ext.p1ext*sqrt2^-2*muu
          - 4/27*p1ext.p1ext^2*sqrt2^-2
          )

       + H(mp2,mdd,mdd,p1ext.p1ext)*i_*F^-4 * (
          - 1/12*mdd^2
          )

       + H(mp2,mdd,mp2,p1ext.p1ext)*i_*F^-4 * (
          - 4/27*sqrt2^-2*mp2^2
          + 4/9*sqrt2^-2*mdd*mp2
          - 1/3*sqrt2^-2*mdd^2
          + 8/27*p1ext.p1ext*sqrt2^-2*mp2
          - 4/9*p1ext.p1ext*sqrt2^-2*mdd
          - 4/27*p1ext.p1ext^2*sqrt2^-2
          )

       + H(mp2,mp2,muu,p1ext.p1ext)*i_*F^-4 * (
          - 4/27*sqrt2^-2*mp2^2
          + 4/9*sqrt2^-2*muu*mp2
          - 1/3*sqrt2^-2*muu^2
          - 16/27*p1ext.p1ext*sqrt2^-2*mp2
          + 8/9*p1ext.p1ext*sqrt2^-2*muu
          + 20/27*p1ext.p1ext^2*sqrt2^-2
          )

       + H(mp2,mp2,mdd,p1ext.p1ext)*i_*F^-4 * (
          - 4/27*sqrt2^-2*mp2^2
          + 4/9*sqrt2^-2*mdd*mp2
          - 1/3*sqrt2^-2*mdd^2
          - 16/27*p1ext.p1ext*sqrt2^-2*mp2
          + 8/9*p1ext.p1ext*sqrt2^-2*mdd
          + 20/27*p1ext.p1ext^2*sqrt2^-2
          )

       + H(mp2,mp2,mp2,p1ext.p1ext)*i_*F^-4 * (
          - 7/288*mdd^2
          - 7/144*muu*mdd
          - 7/288*muu^2
          + 2/9*p1ext.p1ext^2
          );

   MM8x33SO4 =

       + i_*F^-4 * (
          - 16/9*HH1(muu,mp2,mp2,p1ext.p1ext)*p1ext.p1ext*sqrt2^-2*mp2
          + 8/3*HH1(muu,mp2,mp2,p1ext.p1ext)*p1ext.p1ext*sqrt2^-2*muu
          + 16/9*HH1(muu,mp2,mp2,p1ext.p1ext)*p1ext.p1ext^2*sqrt2^-2
          - 16/9*HH1(mdd,mp2,mp2,p1ext.p1ext)*p1ext.p1ext*sqrt2^-2*mp2
          + 8/3*HH1(mdd,mp2,mp2,p1ext.p1ext)*p1ext.p1ext*sqrt2^-2*mdd
          + 16/9*HH1(mdd,mp2,mp2,p1ext.p1ext)*p1ext.p1ext^2*sqrt2^-2
          + 16/9*HH1(mp2,mp2,muu,p1ext.p1ext)*p1ext.p1ext*sqrt2^-2*mp2
          - 8/3*HH1(mp2,mp2,muu,p1ext.p1ext)*p1ext.p1ext*sqrt2^-2*muu
          - 16/9*HH1(mp2,mp2,muu,p1ext.p1ext)*p1ext.p1ext^2*sqrt2^-2
          + 16/9*HH1(mp2,mp2,mdd,p1ext.p1ext)*p1ext.p1ext*sqrt2^-2*mp2
          - 8/3*HH1(mp2,mp2,mdd,p1ext.p1ext)*p1ext.p1ext*sqrt2^-2*mdd
          - 16/9*HH1(mp2,mp2,mdd,p1ext.p1ext)*p1ext.p1ext^2*sqrt2^-2
          - 4*H21(muu,mp2,mp2,p1ext.p1ext)*p1ext.p1ext^2*sqrt2^-2
          - 4*H21(mdd,mp2,mp2,p1ext.p1ext)*p1ext.p1ext^2*sqrt2^-2
          - 2*H21(mp2,mp2,mp2,p1ext.p1ext)*p1ext.p1ext^2
          - 4*H22(muu,mp2,mp2,p1ext.p1ext)*p1ext.p1ext*sqrt2^-2
          - 4*H22(mdd,mp2,mp2,p1ext.p1ext)*p1ext.p1ext*sqrt2^-2
          - 2*H22(mp2,mp2,mp2,p1ext.p1ext)*p1ext.p1ext
          )

       + A(muu)*A(mp2)*i_*F^-4 * (
          - 8/9*sqrt2^-2*mp2
          + 10/9*sqrt2^-2*muu
          + 2/3*p1ext.p1ext*sqrt2^-2
          )

       + A(mdd)*A(mp2)*i_*F^-4 * (
          - 8/9*sqrt2^-2*mp2
          + 10/9*sqrt2^-2*mdd
          + 2/3*p1ext.p1ext*sqrt2^-2
          )

       + A(mp2)^2*i_*F^-4 * (
          - 8/9*sqrt2^-2*mdd
          - 8/9*sqrt2^-2*muu
          - 1/3*mp2
          + p1ext.p1ext
          + 8/3*p1ext.p1ext*sqrt2^-2
          )

       + H(muu,muu,mp2,p1ext.p1ext)*i_*F^-4 * (
          - 1/12*muu^2
          )

       + H(muu,mp2,muu,p1ext.p1ext)*i_*F^-4 * (
          - 1/12*muu^2
          )

       + H(muu,mp2,mp2,p1ext.p1ext)*i_*F^-4 * (
          - 4/27*sqrt2^-2*mp2^2
          + 4/9*sqrt2^-2*muu*mp2
          - 1/3*sqrt2^-2*muu^2
          + 8/27*p1ext.p1ext*sqrt2^-2*mp2
          - 4/9*p1ext.p1ext*sqrt2^-2*muu
          - 4/27*p1ext.p1ext^2*sqrt2^-2
          )

       + H(mdd,mdd,mp2,p1ext.p1ext)*i_*F^-4 * (
          - 1/12*mdd^2
          )

       + H(mdd,mp2,mdd,p1ext.p1ext)*i_*F^-4 * (
          - 1/12*mdd^2
          )

       + H(mdd,mp2,mp2,p1ext.p1ext)*i_*F^-4 * (
          - 4/27*sqrt2^-2*mp2^2
          + 4/9*sqrt2^-2*mdd*mp2
          - 1/3*sqrt2^-2*mdd^2
          + 8/27*p1ext.p1ext*sqrt2^-2*mp2
          - 4/9*p1ext.p1ext*sqrt2^-2*mdd
          - 4/27*p1ext.p1ext^2*sqrt2^-2
          )

       + H(mp2,muu,muu,p1ext.p1ext)*i_*F^-4 * (
          - 1/12*muu^2
          )

       + H(mp2,muu,mp2,p1ext.p1ext)*i_*F^-4 * (
          - 4/27*sqrt2^-2*mp2^2
          + 4/9*sqrt2^-2*muu*mp2
          - 1/3*sqrt2^-2*muu^2
          + 8/27*p1ext.p1ext*sqrt2^-2*mp2
          - 4/9*p1ext.p1ext*sqrt2^-2*muu
          - 4/27*p1ext.p1ext^2*sqrt2^-2
          )

       + H(mp2,mdd,mdd,p1ext.p1ext)*i_*F^-4 * (
          - 1/12*mdd^2
          )

       + H(mp2,mdd,mp2,p1ext.p1ext)*i_*F^-4 * (
          - 4/27*sqrt2^-2*mp2^2
          + 4/9*sqrt2^-2*mdd*mp2
          - 1/3*sqrt2^-2*mdd^2
          + 8/27*p1ext.p1ext*sqrt2^-2*mp2
          - 4/9*p1ext.p1ext*sqrt2^-2*mdd
          - 4/27*p1ext.p1ext^2*sqrt2^-2
          )

       + H(mp2,mp2,muu,p1ext.p1ext)*i_*F^-4 * (
          - 4/27*sqrt2^-2*mp2^2
          + 4/9*sqrt2^-2*muu*mp2
          - 1/3*sqrt2^-2*muu^2
          - 16/27*p1ext.p1ext*sqrt2^-2*mp2
          + 8/9*p1ext.p1ext*sqrt2^-2*muu
          + 20/27*p1ext.p1ext^2*sqrt2^-2
          )

       + H(mp2,mp2,mdd,p1ext.p1ext)*i_*F^-4 * (
          - 4/27*sqrt2^-2*mp2^2
          + 4/9*sqrt2^-2*mdd*mp2
          - 1/3*sqrt2^-2*mdd^2
          - 16/27*p1ext.p1ext*sqrt2^-2*mp2
          + 8/9*p1ext.p1ext*sqrt2^-2*mdd
          + 20/27*p1ext.p1ext^2*sqrt2^-2
          )

       + H(mp2,mp2,mp2,p1ext.p1ext)*i_*F^-4 * (
          - 7/288*mdd^2
          - 7/144*muu*mdd
          - 7/288*muu^2
          + 2/9*p1ext.p1ext^2
          );

