
   MM4x33SO4 =

       + A(muu)^2*i_*F^-4 * (
          - 1/6*muu
          )

       + A(muu)*A(mp2)*i_*F^-4 * (
          + 4/15*mp2
          - 1/60*mdd
          - 71/360*muu
          + 2/45*p1ext.p1ext
          )

       + A(mdd)^2*i_*F^-4 * (
          - 1/6*mdd
          )

       + A(mdd)*A(mp2)*i_*F^-4 * (
          + 4/15*mp2
          - 71/360*mdd
          - 1/60*muu
          + 2/45*p1ext.p1ext
          )

       + A(mp2)^2*i_*F^-4 * (
          + 8/15*mp2
          - 79/960*mdd
          - 79/960*muu
          + 22/45*p1ext.p1ext
          );

