
Time =       0.00 sec    Generated terms =         76
       MM2x33SO4         Terms in output =         76
                         Bytes used      =       4676

Time =       0.00 sec    Generated terms =         76
       MM2x33SO4         Terms in output =         76
                         Bytes used      =       4404

Time =       0.00 sec    Generated terms =         76
       MM2x33SO4         Terms in output =         76
                         Bytes used      =       4404

Time =       0.00 sec    Generated terms =         24
       MM2x33SO4         Terms in output =         24
                         Bytes used      =       1320

Time =       0.00 sec    Generated terms =         24
       MM2x33SO4         Terms in output =         24
                         Bytes used      =       1208

Time =       0.00 sec    Generated terms =         24
       MM2x33SO4         Terms in output =         24
                         Bytes used      =       1208

Time =       0.00 sec    Generated terms =         24
       MM2x33SO4         Terms in output =         24
                         Bytes used      =       1320

Time =       0.00 sec    Generated terms =         24
       MM2x33SO4         Terms in output =         12
                         Bytes used      =        584

Time =       0.00 sec    Generated terms =         12
       MM2x33SO4         Terms in output =         12
                         Bytes used      =        584

Time =       0.00 sec    Generated terms =         12
       MM2x33SO4         Terms in output =         12
                         Bytes used      =        668

   MM2x33SO4 =
       + i_*F^-2*L8 * (  - 8*mdd^2*SymmetryFactorMass2 - 8*muu^2*
         SymmetryFactorMass2 )

       + i_*F^-2*L7 * (  - 16*mdd^2*SymmetryFactorMass2 + 32*muu*mdd*
         SymmetryFactorMass2 - 16*muu^2*SymmetryFactorMass2 )

       + i_*F^-2*L6 * (  - 16*mdd^2*SymmetryFactorMass2 - 32*muu*mdd*
         SymmetryFactorMass2 - 16*muu^2*SymmetryFactorMass2 )

       + i_*F^-2*L5 * ( 4*p1ext.p1ext*mdd*SymmetryFactorMass2 + 4*p1ext.p1ext*
         muu*SymmetryFactorMass2 )

       + i_*F^-2*L4 * ( 16*p1ext.p1ext*mdd*SymmetryFactorMass2 + 16*
         p1ext.p1ext*muu*SymmetryFactorMass2 );

