
   ComplexUnitFactor = 0;

   MM6x33SP42Mp4 = 0;

   MM6x33SP44Mp2 = 0;

   product =

       + A(mp2)*i_*F^-4 * (
          - 16/3*mdd*mp2*L5
          - 64/3*mdd*mp2*L4
          + 8/3*mdd^2*L8
          + 32/3*mdd^2*L6
          + 7/6*mdd^2*L5
          + 14/3*mdd^2*L4
          - 16/3*muu*mp2*L5
          - 64/3*muu*mp2*L4
          + 16/3*muu*mdd*L8
          + 64/3*muu*mdd*L6
          + 7/3*muu*mdd*L5
          + 28/3*muu*mdd*L4
          + 8/3*muu^2*L8
          + 32/3*muu^2*L6
          + 7/6*muu^2*L5
          + 14/3*muu^2*L4
          - 8/3*p1ext.p1ext*mdd*L5
          - 32/3*p1ext.p1ext*mdd*L4
          - 8/3*p1ext.p1ext*muu*L5
          - 32/3*p1ext.p1ext*muu*L4
          )

       + B(mp2,mp2,0)*i_*F^-4 * (
          - 8/3*mdd*mp2^2*L5
          - 32/3*mdd*mp2^2*L4
          + 8/3*mdd^2*mp2*L8
          + 32/3*mdd^2*mp2*L6
          + 7/6*mdd^2*mp2*L5
          + 14/3*mdd^2*mp2*L4
          - 5/3*mdd^3*L8
          - 2*mdd^3*L7
          - 14/3*mdd^3*L6
          - 8/3*muu*mp2^2*L5
          - 32/3*muu*mp2^2*L4
          + 16/3*muu*mdd*mp2*L8
          + 64/3*muu*mdd*mp2*L6
          + 7/3*muu*mdd*mp2*L5
          + 28/3*muu*mdd*mp2*L4
          - 3*muu*mdd^2*L8
          + 2*muu*mdd^2*L7
          - 14*muu*mdd^2*L6
          + 8/3*muu^2*mp2*L8
          + 32/3*muu^2*mp2*L6
          + 7/6*muu^2*mp2*L5
          + 14/3*muu^2*mp2*L4
          - 3*muu^2*mdd*L8
          + 2*muu^2*mdd*L7
          - 14*muu^2*mdd*L6
          - 5/3*muu^3*L8
          - 2*muu^3*L7
          - 14/3*muu^3*L6
          - 8/3*p1ext.p1ext*mdd*mp2*L5
          - 32/3*p1ext.p1ext*mdd*mp2*L4
          + 8/3*p1ext.p1ext*mdd^2*L8
          + 32/3*p1ext.p1ext*mdd^2*L6
          - 8/3*p1ext.p1ext*muu*mp2*L5
          - 32/3*p1ext.p1ext*muu*mp2*L4
          + 16/3*p1ext.p1ext*muu*mdd*L8
          + 64/3*p1ext.p1ext*muu*mdd*L6
          + 8/3*p1ext.p1ext*muu^2*L8
          + 32/3*p1ext.p1ext*muu^2*L6
          );

   MM6x33SP4 =

       + A(mp2)*i_*F^-4 * (
          - 16/3*mdd*mp2*L5
          - 64/3*mdd*mp2*L4
          + 8/3*mdd^2*L8
          + 32/3*mdd^2*L6
          + 7/6*mdd^2*L5
          + 14/3*mdd^2*L4
          - 16/3*muu*mp2*L5
          - 64/3*muu*mp2*L4
          + 16/3*muu*mdd*L8
          + 64/3*muu*mdd*L6
          + 7/3*muu*mdd*L5
          + 28/3*muu*mdd*L4
          + 8/3*muu^2*L8
          + 32/3*muu^2*L6
          + 7/6*muu^2*L5
          + 14/3*muu^2*L4
          - 8/3*p1ext.p1ext*mdd*L5
          - 32/3*p1ext.p1ext*mdd*L4
          - 8/3*p1ext.p1ext*muu*L5
          - 32/3*p1ext.p1ext*muu*L4
          )

       + B(mp2,mp2,0)*i_*F^-4 * (
          - 8/3*mdd*mp2^2*L5
          - 32/3*mdd*mp2^2*L4
          + 8/3*mdd^2*mp2*L8
          + 32/3*mdd^2*mp2*L6
          + 7/6*mdd^2*mp2*L5
          + 14/3*mdd^2*mp2*L4
          - 5/3*mdd^3*L8
          - 2*mdd^3*L7
          - 14/3*mdd^3*L6
          - 8/3*muu*mp2^2*L5
          - 32/3*muu*mp2^2*L4
          + 16/3*muu*mdd*mp2*L8
          + 64/3*muu*mdd*mp2*L6
          + 7/3*muu*mdd*mp2*L5
          + 28/3*muu*mdd*mp2*L4
          - 3*muu*mdd^2*L8
          + 2*muu*mdd^2*L7
          - 14*muu*mdd^2*L6
          + 8/3*muu^2*mp2*L8
          + 32/3*muu^2*mp2*L6
          + 7/6*muu^2*mp2*L5
          + 14/3*muu^2*mp2*L4
          - 3*muu^2*mdd*L8
          + 2*muu^2*mdd*L7
          - 14*muu^2*mdd*L6
          - 5/3*muu^3*L8
          - 2*muu^3*L7
          - 14/3*muu^3*L6
          - 8/3*p1ext.p1ext*mdd*mp2*L5
          - 32/3*p1ext.p1ext*mdd*mp2*L4
          + 8/3*p1ext.p1ext*mdd^2*L8
          + 32/3*p1ext.p1ext*mdd^2*L6
          - 8/3*p1ext.p1ext*muu*mp2*L5
          - 32/3*p1ext.p1ext*muu*mp2*L4
          + 16/3*p1ext.p1ext*muu*mdd*L8
          + 64/3*p1ext.p1ext*muu*mdd*L6
          + 8/3*p1ext.p1ext*muu^2*L8
          + 32/3*p1ext.p1ext*muu^2*L6
          );

