
Time =       0.00 sec    Generated terms =          3
      Diagram1My         Terms in output =          3
                         Bytes used      =        124

Time =       0.00 sec    Generated terms =         10
      Diagram2My         Terms in output =         10
                         Bytes used      =        432

Time =       0.00 sec    Generated terms =         10
      Diagram3My         Terms in output =         10
                         Bytes used      =        488

Time =       0.00 sec    Generated terms =         21
      Diagram4My         Terms in output =         21
                         Bytes used      =       1048

Time =       0.00 sec    Generated terms =         61
      Diagram5My         Terms in output =         61
                         Bytes used      =       3032

Time =       0.00 sec    Generated terms =        119
      Diagram6My         Terms in output =        119
                         Bytes used      =       4684

Time =       0.00 sec    Generated terms =         63
      Diagram7My         Terms in output =         63
                         Bytes used      =       2420

Time =       0.00 sec    Generated terms =        233
      Diagram8My         Terms in output =        233
                         Bytes used      =      14748

Time =       0.00 sec    Generated terms =         35
      Diagram9My         Terms in output =         35
                         Bytes used      =       1244

Time =       0.00 sec    Generated terms =          3
      Diagram1My         Terms in output =          3
                         Bytes used      =        124

Time =       0.00 sec    Generated terms =         10
      Diagram2My         Terms in output =         10
                         Bytes used      =        432

Time =       0.00 sec    Generated terms =         10
      Diagram3My         Terms in output =         10
                         Bytes used      =        488

Time =       0.00 sec    Generated terms =         21
      Diagram4My         Terms in output =         21
                         Bytes used      =       1048

Time =       0.00 sec    Generated terms =         61
      Diagram5My         Terms in output =         61
                         Bytes used      =       3032

Time =       0.00 sec    Generated terms =        119
      Diagram6My         Terms in output =        119
                         Bytes used      =       4684

Time =       0.00 sec    Generated terms =         63
      Diagram7My         Terms in output =         63
                         Bytes used      =       2420

Time =       0.00 sec    Generated terms =        233
      Diagram8My         Terms in output =        233
                         Bytes used      =      14748

Time =       0.00 sec    Generated terms =         35
      Diagram9My         Terms in output =         35
                         Bytes used      =       1244

Time =       0.00 sec    Generated terms =          3
    Diagram1Hans         Terms in output =          3
                         Bytes used      =        124

Time =       0.00 sec    Generated terms =         10
    Diagram2Hans         Terms in output =         10
                         Bytes used      =        432

Time =       0.00 sec    Generated terms =         10
    Diagram3Hans         Terms in output =         10
                         Bytes used      =        488

Time =       0.00 sec    Generated terms =         63
    Diagram4Hans         Terms in output =         63
                         Bytes used      =       2420

Time =       0.00 sec    Generated terms =        119
    Diagram5Hans         Terms in output =        119
                         Bytes used      =       4684

Time =       0.00 sec    Generated terms =         61
    Diagram6Hans         Terms in output =         61
                         Bytes used      =       3032

Time =       0.00 sec    Generated terms =         21
    Diagram7Hans         Terms in output =         21
                         Bytes used      =       1048

Time =       0.00 sec    Generated terms =        233
    Diagram8Hans         Terms in output =        233
                         Bytes used      =      14748

Time =       0.00 sec    Generated terms =         35
    Diagram9Hans         Terms in output =         35
                         Bytes used      =       1244

Time =       0.00 sec    Generated terms =          3
      Diagram1My         Terms in output =          3
                         Bytes used      =        124

Time =       0.00 sec    Generated terms =         10
      Diagram2My         Terms in output =         10
                         Bytes used      =        432

Time =       0.00 sec    Generated terms =         10
      Diagram3My         Terms in output =         10
                         Bytes used      =        488

Time =       0.00 sec    Generated terms =         21
      Diagram4My         Terms in output =         21
                         Bytes used      =       1048

Time =       0.00 sec    Generated terms =         61
      Diagram5My         Terms in output =         61
                         Bytes used      =       3032

Time =       0.00 sec    Generated terms =        119
      Diagram6My         Terms in output =        119
                         Bytes used      =       4684

Time =       0.00 sec    Generated terms =         63
      Diagram7My         Terms in output =         63
                         Bytes used      =       2420

Time =       0.00 sec    Generated terms =        233
      Diagram8My         Terms in output =        233
                         Bytes used      =      14748

Time =       0.00 sec    Generated terms =         35
      Diagram9My         Terms in output =         35
                         Bytes used      =       1244

Time =       0.00 sec    Generated terms =          3
    Diagram1Hans         Terms in output =          3
                         Bytes used      =        124

Time =       0.00 sec    Generated terms =         10
    Diagram2Hans         Terms in output =         10
                         Bytes used      =        432

Time =       0.00 sec    Generated terms =         10
    Diagram3Hans         Terms in output =         10
                         Bytes used      =        488

Time =       0.00 sec    Generated terms =         63
    Diagram4Hans         Terms in output =         63
                         Bytes used      =       2420

Time =       0.00 sec    Generated terms =        119
    Diagram5Hans         Terms in output =        119
                         Bytes used      =       4684

Time =       0.00 sec    Generated terms =         61
    Diagram6Hans         Terms in output =         61
                         Bytes used      =       3032

Time =       0.00 sec    Generated terms =         21
    Diagram7Hans         Terms in output =         21
                         Bytes used      =       1048

Time =       0.00 sec    Generated terms =        233
    Diagram8Hans         Terms in output =        233
                         Bytes used      =      14748

Time =       0.00 sec    Generated terms =         35
    Diagram9Hans         Terms in output =         35
                         Bytes used      =       1244

Time =       0.00 sec    Generated terms =          6
           diff1         Terms in output =          0
                         Bytes used      =          4

Time =       0.00 sec    Generated terms =         20
           diff2         Terms in output =          0
                         Bytes used      =          4

Time =       0.00 sec    Generated terms =         20
           diff3         Terms in output =          0
                         Bytes used      =          4

Time =       0.00 sec    Generated terms =         42
           diff4         Terms in output =          0
                         Bytes used      =          4

Time =       0.01 sec    Generated terms =        122
           diff5         Terms in output =          0
                         Bytes used      =          4

Time =       0.01 sec    Generated terms =        238
           diff6         Terms in output =          0
                         Bytes used      =          4

Time =       0.01 sec    Generated terms =        126
           diff7         Terms in output =          0
                         Bytes used      =          4

Time =       0.01 sec    Generated terms =        466
           diff8         Terms in output =          0
                         Bytes used      =          4

Time =       0.01 sec    Generated terms =         70
           diff9         Terms in output =          0
                         Bytes used      =          4

Time =       0.01 sec    Generated terms =          3
      Diagram1My         Terms in output =          3
                         Bytes used      =        124

Time =       0.01 sec    Generated terms =         10
      Diagram2My         Terms in output =         10
                         Bytes used      =        432

Time =       0.01 sec    Generated terms =         10
      Diagram3My         Terms in output =         10
                         Bytes used      =        488

Time =       0.01 sec    Generated terms =         21
      Diagram4My         Terms in output =         21
                         Bytes used      =       1048

Time =       0.01 sec    Generated terms =         61
      Diagram5My         Terms in output =         61
                         Bytes used      =       3032

Time =       0.01 sec    Generated terms =        119
      Diagram6My         Terms in output =        119
                         Bytes used      =       4684

Time =       0.01 sec    Generated terms =         63
      Diagram7My         Terms in output =         63
                         Bytes used      =       2420

Time =       0.01 sec    Generated terms =        233
      Diagram8My         Terms in output =        233
                         Bytes used      =      14748

Time =       0.01 sec    Generated terms =         35
      Diagram9My         Terms in output =         35
                         Bytes used      =       1244

Time =       0.01 sec    Generated terms =          3
    Diagram1Hans         Terms in output =          3
                         Bytes used      =        124

Time =       0.01 sec    Generated terms =         10
    Diagram2Hans         Terms in output =         10
                         Bytes used      =        432

Time =       0.01 sec    Generated terms =         10
    Diagram3Hans         Terms in output =         10
                         Bytes used      =        488

Time =       0.01 sec    Generated terms =         63
    Diagram4Hans         Terms in output =         63
                         Bytes used      =       2420

Time =       0.01 sec    Generated terms =        119
    Diagram5Hans         Terms in output =        119
                         Bytes used      =       4684

Time =       0.01 sec    Generated terms =         61
    Diagram6Hans         Terms in output =         61
                         Bytes used      =       3032

Time =       0.01 sec    Generated terms =         21
    Diagram7Hans         Terms in output =         21
                         Bytes used      =       1048

Time =       0.01 sec    Generated terms =        233
    Diagram8Hans         Terms in output =        233
                         Bytes used      =      14748

Time =       0.01 sec    Generated terms =         35
    Diagram9Hans         Terms in output =         35
                         Bytes used      =       1244

Time =       0.01 sec    Generated terms =          0
           diff1         Terms in output =          0
                         Bytes used      =          4

Time =       0.01 sec    Generated terms =          0
           diff2         Terms in output =          0
                         Bytes used      =          4

Time =       0.01 sec    Generated terms =          0
           diff3         Terms in output =          0
                         Bytes used      =          4

Time =       0.01 sec    Generated terms =          0
           diff4         Terms in output =          0
                         Bytes used      =          4

Time =       0.01 sec    Generated terms =          0
           diff5         Terms in output =          0
                         Bytes used      =          4

Time =       0.01 sec    Generated terms =          0
           diff6         Terms in output =          0
                         Bytes used      =          4

Time =       0.01 sec    Generated terms =          0
           diff7         Terms in output =          0
                         Bytes used      =          4

Time =       0.01 sec    Generated terms =          0
           diff8         Terms in output =          0
                         Bytes used      =          4

Time =       0.01 sec    Generated terms =          0
           diff9         Terms in output =          0
                         Bytes used      =          4

   diff1 = 0;

   diff2 = 0;

   diff3 = 0;

   diff4 = 0;

   diff5 = 0;

   diff6 = 0;

   diff7 = 0;

   diff8 = 0;

   diff9 = 0;

