
Time =       0.00 sec    Generated terms =         76
       MM2x44SO4         Terms in output =         76
                         Bytes used      =       4676

Time =       0.00 sec    Generated terms =         76
       MM2x44SO4         Terms in output =         76
                         Bytes used      =       4404

Time =       0.00 sec    Generated terms =         76
       MM2x44SO4         Terms in output =         76
                         Bytes used      =       4404

Time =       0.00 sec    Generated terms =         20
       MM2x44SO4         Terms in output =         20
                         Bytes used      =       1176

Time =       0.00 sec    Generated terms =         20
       MM2x44SO4         Terms in output =         20
                         Bytes used      =       1064

Time =       0.00 sec    Generated terms =         20
       MM2x44SO4         Terms in output =         20
                         Bytes used      =       1064

Time =       0.00 sec    Generated terms =         20
       MM2x44SO4         Terms in output =         20
                         Bytes used      =       1176

Time =       0.00 sec    Generated terms =         20
       MM2x44SO4         Terms in output =         10
                         Bytes used      =        512

Time =       0.00 sec    Generated terms =         10
       MM2x44SO4         Terms in output =         10
                         Bytes used      =        512

Time =       0.00 sec    Generated terms =         10
       MM2x44SO4         Terms in output =         10
                         Bytes used      =        568

   MM2x44SO4 =
       + i_*F^-2*L8 * (  - 4*mdd^2*SymmetryFactorMass2 - 8*muu*mdd*
         SymmetryFactorMass2 - 4*muu^2*SymmetryFactorMass2 )

       + i_*F^-2*L6 * (  - 16*mdd^2*SymmetryFactorMass2 - 32*muu*mdd*
         SymmetryFactorMass2 - 16*muu^2*SymmetryFactorMass2 )

       + i_*F^-2*L5 * ( 4*p1ext.p1ext*mdd*SymmetryFactorMass2 + 4*p1ext.p1ext*
         muu*SymmetryFactorMass2 )

       + i_*F^-2*L4 * ( 16*p1ext.p1ext*mdd*SymmetryFactorMass2 + 16*
         p1ext.p1ext*muu*SymmetryFactorMass2 );

