
   ComplexUnitFactor = 0;

   MM5x55SO4Upper = 0;

   MM5x55SO4Lower = 0;

   product =

       + A(muu)^2*i_*F^-4 * (
          + 1/36*mdd
          + 1/36*muu
          - 1/18*p1ext.p1ext
          )

       + A(muu)*A(mp2)*i_*F^-4 * (
          - 1/9*mp2
          + 5/36*mdd
          + 19/72*muu
          - 1/12*p1ext.p1ext
          )

       + A(muu)*B(mp2,mp2,0)*i_*F^-4 * (
          - 1/36*mp2^2
          + 1/12*mdd*mp2
          - 5/144*mdd^2
          + 1/6*muu*mp2
          - 13/144*muu*mdd
          - 1/18*muu^2
          - 1/36*p1ext.p1ext*mp2
          + 1/72*p1ext.p1ext*mdd
          + 7/72*p1ext.p1ext*muu
          )

       + A(mdd)^2*i_*F^-4 * (
          + 1/36*mdd
          + 1/36*muu
          - 1/18*p1ext.p1ext
          )

       + A(mdd)*A(mp2)*i_*F^-4 * (
          - 1/9*mp2
          + 19/72*mdd
          + 5/36*muu
          - 1/12*p1ext.p1ext
          )

       + A(mdd)*B(mp2,mp2,0)*i_*F^-4 * (
          - 1/36*mp2^2
          + 1/6*mdd*mp2
          - 1/18*mdd^2
          + 1/12*muu*mp2
          - 13/144*muu*mdd
          - 5/144*muu^2
          - 1/36*p1ext.p1ext*mp2
          + 7/72*p1ext.p1ext*mdd
          + 1/72*p1ext.p1ext*muu
          )

       + A(mp2)^2*i_*F^-4 * (
          - 1/2*mp2
          + 7/24*mdd
          + 7/24*muu
          - 1/6*p1ext.p1ext
          )

       + A(mp2)*B(muu,muu,0)*i_*F^-4 * (
          + 1/36*mdd*mp2
          - 1/72*mdd^2
          + 1/36*muu*mp2
          - 7/144*muu*mdd
          - 5/144*muu^2
          - 1/18*p1ext.p1ext*mp2
          + 1/36*p1ext.p1ext*mdd
          + 5/72*p1ext.p1ext*muu
          )

       + A(mp2)*B(mdd,mdd,0)*i_*F^-4 * (
          + 1/36*mdd*mp2
          - 5/144*mdd^2
          + 1/36*muu*mp2
          - 7/144*muu*mdd
          - 1/72*muu^2
          - 1/18*p1ext.p1ext*mp2
          + 5/72*p1ext.p1ext*mdd
          + 1/36*p1ext.p1ext*muu
          )

       + A(mp2)*B(mp2,mp2,0)*i_*F^-4 * (
          - 1/3*mp2^2
          + 11/24*mdd*mp2
          - 13/64*mdd^2
          + 11/24*muu*mp2
          - 13/32*muu*mdd
          - 13/64*muu^2
          - 1/3*p1ext.p1ext*mp2
          + 1/8*p1ext.p1ext*mdd
          + 1/8*p1ext.p1ext*muu
          );

   MM5x55SO4 =

       + A(muu)^2*i_*F^-4 * (
          + 1/36*mdd
          + 1/36*muu
          - 1/18*p1ext.p1ext
          )

       + A(muu)*A(mp2)*i_*F^-4 * (
          - 1/9*mp2
          + 5/36*mdd
          + 19/72*muu
          - 1/12*p1ext.p1ext
          )

       + A(muu)*B(mp2,mp2,0)*i_*F^-4 * (
          - 1/36*mp2^2
          + 1/12*mdd*mp2
          - 5/144*mdd^2
          + 1/6*muu*mp2
          - 13/144*muu*mdd
          - 1/18*muu^2
          - 1/36*p1ext.p1ext*mp2
          + 1/72*p1ext.p1ext*mdd
          + 7/72*p1ext.p1ext*muu
          )

       + A(mdd)^2*i_*F^-4 * (
          + 1/36*mdd
          + 1/36*muu
          - 1/18*p1ext.p1ext
          )

       + A(mdd)*A(mp2)*i_*F^-4 * (
          - 1/9*mp2
          + 19/72*mdd
          + 5/36*muu
          - 1/12*p1ext.p1ext
          )

       + A(mdd)*B(mp2,mp2,0)*i_*F^-4 * (
          - 1/36*mp2^2
          + 1/6*mdd*mp2
          - 1/18*mdd^2
          + 1/12*muu*mp2
          - 13/144*muu*mdd
          - 5/144*muu^2
          - 1/36*p1ext.p1ext*mp2
          + 7/72*p1ext.p1ext*mdd
          + 1/72*p1ext.p1ext*muu
          )

       + A(mp2)^2*i_*F^-4 * (
          - 1/2*mp2
          + 7/24*mdd
          + 7/24*muu
          - 1/6*p1ext.p1ext
          )

       + A(mp2)*B(muu,muu,0)*i_*F^-4 * (
          + 1/36*mdd*mp2
          - 1/72*mdd^2
          + 1/36*muu*mp2
          - 7/144*muu*mdd
          - 5/144*muu^2
          - 1/18*p1ext.p1ext*mp2
          + 1/36*p1ext.p1ext*mdd
          + 5/72*p1ext.p1ext*muu
          )

       + A(mp2)*B(mdd,mdd,0)*i_*F^-4 * (
          + 1/36*mdd*mp2
          - 5/144*mdd^2
          + 1/36*muu*mp2
          - 7/144*muu*mdd
          - 1/72*muu^2
          - 1/18*p1ext.p1ext*mp2
          + 5/72*p1ext.p1ext*mdd
          + 1/36*p1ext.p1ext*muu
          )

       + A(mp2)*B(mp2,mp2,0)*i_*F^-4 * (
          - 1/3*mp2^2
          + 11/24*mdd*mp2
          - 13/64*mdd^2
          + 11/24*muu*mp2
          - 13/32*muu*mdd
          - 13/64*muu^2
          - 1/3*p1ext.p1ext*mp2
          + 1/8*p1ext.p1ext*mdd
          + 1/8*p1ext.p1ext*muu
          );

