
   MM4x55SO4 =

       + A(muu)^2*i_*F^-4 * (
          - 1/90*mdd
          + 2/45*muu
          + 1/45*p1ext.p1ext
          )

       + A(muu)*A(mdd)*i_*F^-4 * (
          - 1/180*mdd
          - 1/180*muu
          + 1/15*p1ext.p1ext
          )

       + A(muu)*A(mp2)*i_*F^-4 * (
          + 1/9*mp2
          - 11/144*mdd
          - 1/144*muu
          + 1/6*p1ext.p1ext
          )

       + A(mdd)^2*i_*F^-4 * (
          + 2/45*mdd
          - 1/90*muu
          + 1/45*p1ext.p1ext
          )

       + A(mdd)*A(mp2)*i_*F^-4 * (
          + 1/9*mp2
          - 1/144*mdd
          - 11/144*muu
          + 1/6*p1ext.p1ext
          )

       + A(mp2)^2*i_*F^-4 * (
          + 17/45*mp2
          - 167/960*mdd
          - 167/960*muu
          + 2/15*p1ext.p1ext
          );

