
Time =       0.00 sec    Generated terms =         23
       MM1x55SO4         Terms in output =         23
                         Bytes used      =       1872

Time =       0.00 sec    Generated terms =         23
       MM1x55SO4         Terms in output =         23
                         Bytes used      =       1600

Time =       0.00 sec    Generated terms =         23
       MM1x55SO4         Terms in output =         23
                         Bytes used      =       1600

Time =       0.00 sec    Generated terms =          6
       MM1x55SO4         Terms in output =          6
                         Bytes used      =        448

Time =       0.00 sec    Generated terms =          6
       MM1x55SO4         Terms in output =          6
                         Bytes used      =        336

Time =       0.00 sec    Generated terms =          6
       MM1x55SO4         Terms in output =          6
                         Bytes used      =        336

Time =       0.00 sec    Generated terms =          6
       MM1x55SO4         Terms in output =          6
                         Bytes used      =        448

Time =       0.00 sec    Generated terms =          6
       MM1x55SO4         Terms in output =          3
                         Bytes used      =        148

Time =       0.00 sec    Generated terms =          3
       MM1x55SO4         Terms in output =          3
                         Bytes used      =        124

Time =       0.00 sec    Generated terms =          3
       MM1x55SO4         Terms in output =          3
                         Bytes used      =        132

   MM1x55SO4 =
       + i_ * (  - 1/2*mdd - 1/2*muu + p1ext.p1ext );

