
   ComplexUnitFactor = 0;

   MM5x55SP4Upper = 0;

   MM5x55SP4Lower = 0;

   product =

       + A(mp2)^2*i_*F^-4 * (
          - 4/3*mp2
          + 7/18*mdd
          + 7/18*muu
          - 4/9*p1ext.p1ext
          )

       + A(mp2)*B(mp2,mp2,0)*i_*F^-4 * (
          - 8/9*mp2^2
          + 7/12*mdd*mp2
          - 49/576*mdd^2
          + 7/12*muu*mp2
          - 49/288*muu*mdd
          - 49/576*muu^2
          - 8/9*p1ext.p1ext*mp2
          + 7/36*p1ext.p1ext*mdd
          + 7/36*p1ext.p1ext*muu
          );

   MM5x55SP4 =

       + A(mp2)^2*i_*F^-4 * (
          - 4/3*mp2
          + 7/18*mdd
          + 7/18*muu
          - 4/9*p1ext.p1ext
          )

       + A(mp2)*B(mp2,mp2,0)*i_*F^-4 * (
          - 8/9*mp2^2
          + 7/12*mdd*mp2
          - 49/576*mdd^2
          + 7/12*muu*mp2
          - 49/288*muu*mdd
          - 49/576*muu^2
          - 8/9*p1ext.p1ext*mp2
          + 7/36*p1ext.p1ext*mdd
          + 7/36*p1ext.p1ext*muu
          );

