
   MM4x66SO4 =

       + A(muu)^2*i_*F^-4 * (
          + 7/45*muu
          + 8/45*p1ext.p1ext
          )

       + A(muu)*A(mp2)*i_*F^-4 * (
          + 4/45*mp2
          - 2/45*mdd
          - 17/90*muu
          + 1/5*p1ext.p1ext
          )

       + A(mdd)*A(mp2)*i_*F^-4 * (
          + 2/15*mp2
          - 1/90*mdd
          - 1/30*muu
          + 1/45*p1ext.p1ext
          )

       + A(mp2)^2*i_*F^-4 * (
          + 16/45*mp2
          - 29/360*mdd
          - 337/1440*muu
          + 8/45*p1ext.p1ext
          );

