
Time =       0.00 sec    Generated terms =         76
       MM2x66SO4         Terms in output =         76
                         Bytes used      =       4676

Time =       0.00 sec    Generated terms =         76
       MM2x66SO4         Terms in output =         76
                         Bytes used      =       4404

Time =       0.00 sec    Generated terms =         76
       MM2x66SO4         Terms in output =         76
                         Bytes used      =       4404

Time =       0.00 sec    Generated terms =         12
       MM2x66SO4         Terms in output =         12
                         Bytes used      =        832

Time =       0.00 sec    Generated terms =         12
       MM2x66SO4         Terms in output =         12
                         Bytes used      =        720

Time =       0.00 sec    Generated terms =         12
       MM2x66SO4         Terms in output =         12
                         Bytes used      =        720

Time =       0.00 sec    Generated terms =         12
       MM2x66SO4         Terms in output =         12
                         Bytes used      =        832

Time =       0.00 sec    Generated terms =         12
       MM2x66SO4         Terms in output =          6
                         Bytes used      =        340

Time =       0.00 sec    Generated terms =          6
       MM2x66SO4         Terms in output =          6
                         Bytes used      =        340

Time =       0.00 sec    Generated terms =          6
       MM2x66SO4         Terms in output =          6
                         Bytes used      =        404

   MM2x66SO4 =
       + i_*F^-2*L8 * (  - 16*muu^2*SymmetryFactorMass2 )

       + i_*F^-2*L6 * (  - 32*muu*mdd*SymmetryFactorMass2 - 32*muu^2*
         SymmetryFactorMass2 )

       + i_*F^-2*L5 * ( 8*p1ext.p1ext*muu*SymmetryFactorMass2 )

       + i_*F^-2*L4 * ( 16*p1ext.p1ext*mdd*SymmetryFactorMass2 + 16*
         p1ext.p1ext*muu*SymmetryFactorMass2 );

