
   ComplexUnitFactor = 0;

   MM5x66SO4Upper = 0;

   MM5x66SO4Lower = 0;

   product =

       + A(muu)^2*i_*F^-4 * (
          + 1/9*muu
          - 1/9*p1ext.p1ext
          )

       + A(muu)*A(mp2)*i_*F^-4 * (
          - 2/9*mp2
          + 1/9*mdd
          + 13/36*muu
          - 1/6*p1ext.p1ext
          )

       + A(muu)*B(mp2,mp2,0)*i_*F^-4 * (
          - 1/18*mp2^2
          + 1/18*mdd*mp2
          - 1/72*mdd^2
          + 1/9*muu*mp2
          - 1/18*muu*mdd
          - 1/6*muu^2
          - 1/18*p1ext.p1ext*mp2
          + 1/36*p1ext.p1ext*mdd
          + 1/36*p1ext.p1ext*muu
          )

       + A(mdd)*A(mp2)*i_*F^-4 * (
          - 1/9*mp2
          + 1/18*mdd
          + 1/9*muu
          - 1/18*p1ext.p1ext
          )

       + A(mdd)*B(mp2,mp2,0)*i_*F^-4 * (
          - 1/18*mp2^2
          + 1/18*mdd*mp2
          - 1/72*mdd^2
          + 1/9*muu*mp2
          - 13/72*muu*mdd
          - 1/24*muu^2
          - 1/18*p1ext.p1ext*mp2
          + 1/36*p1ext.p1ext*mdd
          + 1/36*p1ext.p1ext*muu
          )

       + A(mp2)^2*i_*F^-4 * (
          - 1/3*mp2
          + 5/24*mdd
          + 35/72*muu
          - 1/9*p1ext.p1ext
          )

       + A(mp2)*B(muu,muu,0)*i_*F^-4 * (
          + 1/9*muu*mp2
          - 1/18*muu*mdd
          - 5/36*muu^2
          - 1/9*p1ext.p1ext*mp2
          + 1/18*p1ext.p1ext*mdd
          + 5/36*p1ext.p1ext*muu
          )

       + A(mp2)*B(mp2,mp2,0)*i_*F^-4 * (
          - 2/9*mp2^2
          + 19/72*mdd*mp2
          - 11/144*mdd^2
          + 59/72*muu*mp2
          - 109/288*muu*mdd
          - 29/96*muu^2
          - 2/9*p1ext.p1ext*mp2
          + 11/72*p1ext.p1ext*mdd
          + 11/72*p1ext.p1ext*muu
          );

   MM5x66SO4 =

       + A(muu)^2*i_*F^-4 * (
          + 1/9*muu
          - 1/9*p1ext.p1ext
          )

       + A(muu)*A(mp2)*i_*F^-4 * (
          - 2/9*mp2
          + 1/9*mdd
          + 13/36*muu
          - 1/6*p1ext.p1ext
          )

       + A(muu)*B(mp2,mp2,0)*i_*F^-4 * (
          - 1/18*mp2^2
          + 1/18*mdd*mp2
          - 1/72*mdd^2
          + 1/9*muu*mp2
          - 1/18*muu*mdd
          - 1/6*muu^2
          - 1/18*p1ext.p1ext*mp2
          + 1/36*p1ext.p1ext*mdd
          + 1/36*p1ext.p1ext*muu
          )

       + A(mdd)*A(mp2)*i_*F^-4 * (
          - 1/9*mp2
          + 1/18*mdd
          + 1/9*muu
          - 1/18*p1ext.p1ext
          )

       + A(mdd)*B(mp2,mp2,0)*i_*F^-4 * (
          - 1/18*mp2^2
          + 1/18*mdd*mp2
          - 1/72*mdd^2
          + 1/9*muu*mp2
          - 13/72*muu*mdd
          - 1/24*muu^2
          - 1/18*p1ext.p1ext*mp2
          + 1/36*p1ext.p1ext*mdd
          + 1/36*p1ext.p1ext*muu
          )

       + A(mp2)^2*i_*F^-4 * (
          - 1/3*mp2
          + 5/24*mdd
          + 35/72*muu
          - 1/9*p1ext.p1ext
          )

       + A(mp2)*B(muu,muu,0)*i_*F^-4 * (
          + 1/9*muu*mp2
          - 1/18*muu*mdd
          - 5/36*muu^2
          - 1/9*p1ext.p1ext*mp2
          + 1/18*p1ext.p1ext*mdd
          + 5/36*p1ext.p1ext*muu
          )

       + A(mp2)*B(mp2,mp2,0)*i_*F^-4 * (
          - 2/9*mp2^2
          + 19/72*mdd*mp2
          - 11/144*mdd^2
          + 59/72*muu*mp2
          - 109/288*muu*mdd
          - 29/96*muu^2
          - 2/9*p1ext.p1ext*mp2
          + 11/72*p1ext.p1ext*mdd
          + 11/72*p1ext.p1ext*muu
          );

