
   ComplexUnitFactor =

       + i_ * (
          - 1
          );

   MM8x77SO44Mp2Left =

       + F^-2 * (
          + 1/48*phi(1,p1)*phi(1,p2)*phi(7,p3)*mdd
          + 1/16*phi(1,p1)*phi(1,p2)*phi(7,p3)*muu
          + 1/24*phi(1,p1)*phi(1,p2)*phi(7,p3)*p1ext.p3
          + 1/48*phi(1,p1)*phi(1,p2)*phi(7,p4)*mdd
          + 1/16*phi(1,p1)*phi(1,p2)*phi(7,p4)*muu
          + 1/24*phi(1,p1)*phi(1,p2)*phi(7,p4)*p1ext.p4
          + 1/24*phi(1,p1)*phi(1,p2)*phi(9,p4)*mdd
          + 1/24*phi(1,p1)*phi(1,p2)*phi(9,p4)*muu
          - 1/12*phi(1,p1)*phi(1,p2)*phi(9,p4)*p1ext.p4
          - 1/12*phi(1,p1)*phi(1,p3)*phi(7,p2)*p1ext.p3
          - 1/12*phi(1,p1)*phi(1,p3)*phi(7,p4)*p3.p4
          + 1/12*phi(1,p1)*phi(1,p3)*phi(9,p2)*p1ext.p3
          + 1/12*phi(1,p1)*phi(1,p3)*phi(9,p4)*p3.p4
          - 1/12*phi(1,p1)*phi(2,p2)*phi(8,p4)*mdd
          - 1/12*phi(1,p1)*phi(2,p2)*phi(8,p4)*muu
          + 1/6*phi(1,p1)*phi(2,p2)*phi(8,p4)*p1ext.p4
          - 1/4*phi(1,p1)*phi(2,p3)*phi(6,p2)*p1ext.p3
          + 1/4*phi(1,p1)*phi(2,p3)*phi(6,p4)*p3.p4
          - 1/12*phi(1,p1)*phi(2,p3)*phi(8,p2)*p1ext.p3
          - 1/12*phi(1,p1)*phi(2,p3)*phi(8,p4)*p3.p4
          + 1/6*phi(1,p1)*phi(3,p2)*phi(5,p3)*sqrt2^-1*muu
          - 1/6*phi(1,p1)*phi(3,p2)*phi(5,p3)*p1ext.p3*sqrt2^-1
          + 1/3*phi(1,p1)*phi(3,p3)*phi(5,p2)*p1ext.p3*sqrt2^-1
          - 1/6*phi(1,p1)*phi(3,p3)*phi(5,p4)*p3.p4*sqrt2^-1
          + 1/24*phi(1,p3)*phi(1,p4)*phi(7,p1)*p3.p4
          + 1/24*phi(1,p3)*phi(1,p4)*phi(7,p2)*p3.p4
          - 1/12*phi(1,p3)*phi(1,p4)*phi(9,p2)*p3.p4
          + 1/4*phi(1,p3)*phi(2,p1)*phi(6,p2)*p1ext.p3
          - 1/4*phi(1,p3)*phi(2,p1)*phi(6,p4)*p3.p4
          - 1/12*phi(1,p3)*phi(2,p1)*phi(8,p2)*p1ext.p3
          - 1/12*phi(1,p3)*phi(2,p1)*phi(8,p4)*p3.p4
          + 1/6*phi(1,p3)*phi(2,p4)*phi(8,p2)*p3.p4
          - 1/6*phi(1,p3)*phi(3,p1)*phi(5,p2)*p1ext.p3*sqrt2^-1
          + 1/3*phi(1,p3)*phi(3,p1)*phi(5,p4)*p3.p4*sqrt2^-1
          - 1/6*phi(1,p3)*phi(3,p4)*phi(5,p1)*p3.p4*sqrt2^-1
          + 1/48*phi(2,p1)*phi(2,p2)*phi(7,p3)*mdd
          + 1/16*phi(2,p1)*phi(2,p2)*phi(7,p3)*muu
          + 1/24*phi(2,p1)*phi(2,p2)*phi(7,p3)*p1ext.p3
          + 1/48*phi(2,p1)*phi(2,p2)*phi(7,p4)*mdd
          + 1/16*phi(2,p1)*phi(2,p2)*phi(7,p4)*muu
          + 1/24*phi(2,p1)*phi(2,p2)*phi(7,p4)*p1ext.p4
          - 1/24*phi(2,p1)*phi(2,p2)*phi(9,p4)*mdd
          - 1/24*phi(2,p1)*phi(2,p2)*phi(9,p4)*muu
          + 1/12*phi(2,p1)*phi(2,p2)*phi(9,p4)*p1ext.p4
          - 1/12*phi(2,p1)*phi(2,p3)*phi(7,p2)*p1ext.p3
          - 1/12*phi(2,p1)*phi(2,p3)*phi(7,p4)*p3.p4
          - 1/12*phi(2,p1)*phi(2,p3)*phi(9,p2)*p1ext.p3
          - 1/12*phi(2,p1)*phi(2,p3)*phi(9,p4)*p3.p4
          - 1/6*phi(2,p1)*phi(3,p2)*phi(4,p3)*sqrt2^-1*muu
          + 1/6*phi(2,p1)*phi(3,p2)*phi(4,p3)*p1ext.p3*sqrt2^-1
          - 1/3*phi(2,p1)*phi(3,p3)*phi(4,p2)*p1ext.p3*sqrt2^-1
          + 1/6*phi(2,p1)*phi(3,p3)*phi(4,p4)*p3.p4*sqrt2^-1
          + 1/24*phi(2,p3)*phi(2,p4)*phi(7,p1)*p3.p4
          + 1/24*phi(2,p3)*phi(2,p4)*phi(7,p2)*p3.p4
          + 1/12*phi(2,p3)*phi(2,p4)*phi(9,p2)*p3.p4
          + 1/6*phi(2,p3)*phi(3,p1)*phi(4,p2)*p1ext.p3*sqrt2^-1
          - 1/3*phi(2,p3)*phi(3,p1)*phi(4,p4)*p3.p4*sqrt2^-1
          + 1/6*phi(2,p3)*phi(3,p4)*phi(4,p1)*p3.p4*sqrt2^-1
          + 1/8*phi(3,p1)*phi(3,p2)*phi(7,p3)*muu
          + 1/8*phi(3,p1)*phi(3,p2)*phi(7,p4)*muu
          + 1/48*phi(4,p1)*phi(4,p2)*phi(7,p3)*mdd
          + 1/16*phi(4,p1)*phi(4,p2)*phi(7,p3)*muu
          + 1/24*phi(4,p1)*phi(4,p2)*phi(7,p3)*p1ext.p3
          + 1/48*phi(4,p1)*phi(4,p2)*phi(7,p4)*mdd
          + 1/16*phi(4,p1)*phi(4,p2)*phi(7,p4)*muu
          + 1/24*phi(4,p1)*phi(4,p2)*phi(7,p4)*p1ext.p4
          - 1/24*phi(4,p1)*phi(4,p2)*phi(9,p4)*mdd
          - 1/24*phi(4,p1)*phi(4,p2)*phi(9,p4)*muu
          + 1/12*phi(4,p1)*phi(4,p2)*phi(9,p4)*p1ext.p4
          - 1/12*phi(4,p1)*phi(4,p3)*phi(7,p2)*p1ext.p3
          - 1/12*phi(4,p1)*phi(4,p3)*phi(7,p4)*p3.p4
          - 1/12*phi(4,p1)*phi(4,p3)*phi(9,p2)*p1ext.p3
          - 1/12*phi(4,p1)*phi(4,p3)*phi(9,p4)*p3.p4
          + 1/12*phi(4,p1)*phi(5,p2)*phi(8,p4)*mdd
          + 1/12*phi(4,p1)*phi(5,p2)*phi(8,p4)*muu
          - 1/6*phi(4,p1)*phi(5,p2)*phi(8,p4)*p1ext.p4
          + 1/4*phi(4,p1)*phi(5,p3)*phi(6,p2)*p1ext.p3
          - 1/4*phi(4,p1)*phi(5,p3)*phi(6,p4)*p3.p4
          + 1/12*phi(4,p1)*phi(5,p3)*phi(8,p2)*p1ext.p3
          + 1/12*phi(4,p1)*phi(5,p3)*phi(8,p4)*p3.p4
          + 1/24*phi(4,p3)*phi(4,p4)*phi(7,p1)*p3.p4
          + 1/24*phi(4,p3)*phi(4,p4)*phi(7,p2)*p3.p4
          + 1/12*phi(4,p3)*phi(4,p4)*phi(9,p2)*p3.p4
          - 1/4*phi(4,p3)*phi(5,p1)*phi(6,p2)*p1ext.p3
          + 1/4*phi(4,p3)*phi(5,p1)*phi(6,p4)*p3.p4
          + 1/12*phi(4,p3)*phi(5,p1)*phi(8,p2)*p1ext.p3
          + 1/12*phi(4,p3)*phi(5,p1)*phi(8,p4)*p3.p4
          - 1/6*phi(4,p3)*phi(5,p4)*phi(8,p2)*p3.p4
          + 1/48*phi(5,p1)*phi(5,p2)*phi(7,p3)*mdd
          + 1/16*phi(5,p1)*phi(5,p2)*phi(7,p3)*muu
          + 1/24*phi(5,p1)*phi(5,p2)*phi(7,p3)*p1ext.p3
          + 1/48*phi(5,p1)*phi(5,p2)*phi(7,p4)*mdd
          + 1/16*phi(5,p1)*phi(5,p2)*phi(7,p4)*muu
          + 1/24*phi(5,p1)*phi(5,p2)*phi(7,p4)*p1ext.p4
          + 1/24*phi(5,p1)*phi(5,p2)*phi(9,p4)*mdd
          + 1/24*phi(5,p1)*phi(5,p2)*phi(9,p4)*muu
          - 1/12*phi(5,p1)*phi(5,p2)*phi(9,p4)*p1ext.p4
          - 1/12*phi(5,p1)*phi(5,p3)*phi(7,p2)*p1ext.p3
          - 1/12*phi(5,p1)*phi(5,p3)*phi(7,p4)*p3.p4
          + 1/12*phi(5,p1)*phi(5,p3)*phi(9,p2)*p1ext.p3
          + 1/12*phi(5,p1)*phi(5,p3)*phi(9,p4)*p3.p4
          + 1/24*phi(5,p3)*phi(5,p4)*phi(7,p1)*p3.p4
          + 1/24*phi(5,p3)*phi(5,p4)*phi(7,p2)*p3.p4
          - 1/12*phi(5,p3)*phi(5,p4)*phi(9,p2)*p3.p4
          + 1/12*phi(6,p1)*phi(6,p2)*phi(7,p3)*muu
          + 1/6*phi(6,p1)*phi(6,p2)*phi(7,p3)*p1ext.p3
          + 1/12*phi(6,p1)*phi(6,p2)*phi(7,p4)*muu
          + 1/6*phi(6,p1)*phi(6,p2)*phi(7,p4)*p1ext.p4
          - 1/3*phi(6,p1)*phi(6,p3)*phi(7,p2)*p1ext.p3
          - 1/3*phi(6,p1)*phi(6,p3)*phi(7,p4)*p3.p4
          + 1/6*phi(6,p3)*phi(6,p4)*phi(7,p1)*p3.p4
          + 1/6*phi(6,p3)*phi(6,p4)*phi(7,p2)*p3.p4
          + 1/24*phi(7,p1)*phi(7,p2)*phi(7,p3)*muu
          + 1/24*phi(7,p1)*phi(7,p2)*phi(7,p4)*muu
          + 1/24*phi(7,p1)*phi(7,p3)*phi(7,p4)*muu
          + 1/24*phi(7,p2)*phi(7,p3)*phi(7,p4)*muu
          );

   MM8x77SO44Mp2Right =

       + F^-2 * (
          + 1/48*phi(1,q1)*phi(1,q2)*phi(7,q3)*mdd
          + 1/16*phi(1,q1)*phi(1,q2)*phi(7,q3)*muu
          - 1/24*phi(1,q1)*phi(1,q2)*phi(7,q3)*p1ext.q3
          + 1/48*phi(1,q1)*phi(1,q2)*phi(7,q4)*mdd
          + 1/16*phi(1,q1)*phi(1,q2)*phi(7,q4)*muu
          - 1/24*phi(1,q1)*phi(1,q2)*phi(7,q4)*p1ext.q4
          + 1/24*phi(1,q1)*phi(1,q2)*phi(9,q4)*mdd
          + 1/24*phi(1,q1)*phi(1,q2)*phi(9,q4)*muu
          + 1/12*phi(1,q1)*phi(1,q2)*phi(9,q4)*p1ext.q4
          + 1/12*phi(1,q1)*phi(1,q3)*phi(7,q2)*p1ext.q3
          - 1/12*phi(1,q1)*phi(1,q3)*phi(7,q4)*q3.q4
          - 1/12*phi(1,q1)*phi(1,q3)*phi(9,q2)*p1ext.q3
          + 1/12*phi(1,q1)*phi(1,q3)*phi(9,q4)*q3.q4
          - 1/12*phi(1,q1)*phi(2,q2)*phi(8,q4)*mdd
          - 1/12*phi(1,q1)*phi(2,q2)*phi(8,q4)*muu
          - 1/6*phi(1,q1)*phi(2,q2)*phi(8,q4)*p1ext.q4
          + 1/4*phi(1,q1)*phi(2,q3)*phi(6,q2)*p1ext.q3
          + 1/4*phi(1,q1)*phi(2,q3)*phi(6,q4)*q3.q4
          + 1/12*phi(1,q1)*phi(2,q3)*phi(8,q2)*p1ext.q3
          - 1/12*phi(1,q1)*phi(2,q3)*phi(8,q4)*q3.q4
          + 1/6*phi(1,q1)*phi(3,q2)*phi(5,q3)*sqrt2^-1*muu
          + 1/6*phi(1,q1)*phi(3,q2)*phi(5,q3)*p1ext.q3*sqrt2^-1
          - 1/3*phi(1,q1)*phi(3,q3)*phi(5,q2)*p1ext.q3*sqrt2^-1
          - 1/6*phi(1,q1)*phi(3,q3)*phi(5,q4)*q3.q4*sqrt2^-1
          + 1/24*phi(1,q3)*phi(1,q4)*phi(7,q1)*q3.q4
          + 1/24*phi(1,q3)*phi(1,q4)*phi(7,q2)*q3.q4
          - 1/12*phi(1,q3)*phi(1,q4)*phi(9,q2)*q3.q4
          - 1/4*phi(1,q3)*phi(2,q1)*phi(6,q2)*p1ext.q3
          - 1/4*phi(1,q3)*phi(2,q1)*phi(6,q4)*q3.q4
          + 1/12*phi(1,q3)*phi(2,q1)*phi(8,q2)*p1ext.q3
          - 1/12*phi(1,q3)*phi(2,q1)*phi(8,q4)*q3.q4
          + 1/6*phi(1,q3)*phi(2,q4)*phi(8,q2)*q3.q4
          + 1/6*phi(1,q3)*phi(3,q1)*phi(5,q2)*p1ext.q3*sqrt2^-1
          + 1/3*phi(1,q3)*phi(3,q1)*phi(5,q4)*q3.q4*sqrt2^-1
          - 1/6*phi(1,q3)*phi(3,q4)*phi(5,q1)*q3.q4*sqrt2^-1
          + 1/48*phi(2,q1)*phi(2,q2)*phi(7,q3)*mdd
          + 1/16*phi(2,q1)*phi(2,q2)*phi(7,q3)*muu
          - 1/24*phi(2,q1)*phi(2,q2)*phi(7,q3)*p1ext.q3
          + 1/48*phi(2,q1)*phi(2,q2)*phi(7,q4)*mdd
          + 1/16*phi(2,q1)*phi(2,q2)*phi(7,q4)*muu
          - 1/24*phi(2,q1)*phi(2,q2)*phi(7,q4)*p1ext.q4
          - 1/24*phi(2,q1)*phi(2,q2)*phi(9,q4)*mdd
          - 1/24*phi(2,q1)*phi(2,q2)*phi(9,q4)*muu
          - 1/12*phi(2,q1)*phi(2,q2)*phi(9,q4)*p1ext.q4
          + 1/12*phi(2,q1)*phi(2,q3)*phi(7,q2)*p1ext.q3
          - 1/12*phi(2,q1)*phi(2,q3)*phi(7,q4)*q3.q4
          + 1/12*phi(2,q1)*phi(2,q3)*phi(9,q2)*p1ext.q3
          - 1/12*phi(2,q1)*phi(2,q3)*phi(9,q4)*q3.q4
          - 1/6*phi(2,q1)*phi(3,q2)*phi(4,q3)*sqrt2^-1*muu
          - 1/6*phi(2,q1)*phi(3,q2)*phi(4,q3)*p1ext.q3*sqrt2^-1
          + 1/3*phi(2,q1)*phi(3,q3)*phi(4,q2)*p1ext.q3*sqrt2^-1
          + 1/6*phi(2,q1)*phi(3,q3)*phi(4,q4)*q3.q4*sqrt2^-1
          + 1/24*phi(2,q3)*phi(2,q4)*phi(7,q1)*q3.q4
          + 1/24*phi(2,q3)*phi(2,q4)*phi(7,q2)*q3.q4
          + 1/12*phi(2,q3)*phi(2,q4)*phi(9,q2)*q3.q4
          - 1/6*phi(2,q3)*phi(3,q1)*phi(4,q2)*p1ext.q3*sqrt2^-1
          - 1/3*phi(2,q3)*phi(3,q1)*phi(4,q4)*q3.q4*sqrt2^-1
          + 1/6*phi(2,q3)*phi(3,q4)*phi(4,q1)*q3.q4*sqrt2^-1
          + 1/8*phi(3,q1)*phi(3,q2)*phi(7,q3)*muu
          + 1/8*phi(3,q1)*phi(3,q2)*phi(7,q4)*muu
          + 1/48*phi(4,q1)*phi(4,q2)*phi(7,q3)*mdd
          + 1/16*phi(4,q1)*phi(4,q2)*phi(7,q3)*muu
          - 1/24*phi(4,q1)*phi(4,q2)*phi(7,q3)*p1ext.q3
          + 1/48*phi(4,q1)*phi(4,q2)*phi(7,q4)*mdd
          + 1/16*phi(4,q1)*phi(4,q2)*phi(7,q4)*muu
          - 1/24*phi(4,q1)*phi(4,q2)*phi(7,q4)*p1ext.q4
          - 1/24*phi(4,q1)*phi(4,q2)*phi(9,q4)*mdd
          - 1/24*phi(4,q1)*phi(4,q2)*phi(9,q4)*muu
          - 1/12*phi(4,q1)*phi(4,q2)*phi(9,q4)*p1ext.q4
          + 1/12*phi(4,q1)*phi(4,q3)*phi(7,q2)*p1ext.q3
          - 1/12*phi(4,q1)*phi(4,q3)*phi(7,q4)*q3.q4
          + 1/12*phi(4,q1)*phi(4,q3)*phi(9,q2)*p1ext.q3
          - 1/12*phi(4,q1)*phi(4,q3)*phi(9,q4)*q3.q4
          + 1/12*phi(4,q1)*phi(5,q2)*phi(8,q4)*mdd
          + 1/12*phi(4,q1)*phi(5,q2)*phi(8,q4)*muu
          + 1/6*phi(4,q1)*phi(5,q2)*phi(8,q4)*p1ext.q4
          - 1/4*phi(4,q1)*phi(5,q3)*phi(6,q2)*p1ext.q3
          - 1/4*phi(4,q1)*phi(5,q3)*phi(6,q4)*q3.q4
          - 1/12*phi(4,q1)*phi(5,q3)*phi(8,q2)*p1ext.q3
          + 1/12*phi(4,q1)*phi(5,q3)*phi(8,q4)*q3.q4
          + 1/24*phi(4,q3)*phi(4,q4)*phi(7,q1)*q3.q4
          + 1/24*phi(4,q3)*phi(4,q4)*phi(7,q2)*q3.q4
          + 1/12*phi(4,q3)*phi(4,q4)*phi(9,q2)*q3.q4
          + 1/4*phi(4,q3)*phi(5,q1)*phi(6,q2)*p1ext.q3
          + 1/4*phi(4,q3)*phi(5,q1)*phi(6,q4)*q3.q4
          - 1/12*phi(4,q3)*phi(5,q1)*phi(8,q2)*p1ext.q3
          + 1/12*phi(4,q3)*phi(5,q1)*phi(8,q4)*q3.q4
          - 1/6*phi(4,q3)*phi(5,q4)*phi(8,q2)*q3.q4
          + 1/48*phi(5,q1)*phi(5,q2)*phi(7,q3)*mdd
          + 1/16*phi(5,q1)*phi(5,q2)*phi(7,q3)*muu
          - 1/24*phi(5,q1)*phi(5,q2)*phi(7,q3)*p1ext.q3
          + 1/48*phi(5,q1)*phi(5,q2)*phi(7,q4)*mdd
          + 1/16*phi(5,q1)*phi(5,q2)*phi(7,q4)*muu
          - 1/24*phi(5,q1)*phi(5,q2)*phi(7,q4)*p1ext.q4
          + 1/24*phi(5,q1)*phi(5,q2)*phi(9,q4)*mdd
          + 1/24*phi(5,q1)*phi(5,q2)*phi(9,q4)*muu
          + 1/12*phi(5,q1)*phi(5,q2)*phi(9,q4)*p1ext.q4
          + 1/12*phi(5,q1)*phi(5,q3)*phi(7,q2)*p1ext.q3
          - 1/12*phi(5,q1)*phi(5,q3)*phi(7,q4)*q3.q4
          - 1/12*phi(5,q1)*phi(5,q3)*phi(9,q2)*p1ext.q3
          + 1/12*phi(5,q1)*phi(5,q3)*phi(9,q4)*q3.q4
          + 1/24*phi(5,q3)*phi(5,q4)*phi(7,q1)*q3.q4
          + 1/24*phi(5,q3)*phi(5,q4)*phi(7,q2)*q3.q4
          - 1/12*phi(5,q3)*phi(5,q4)*phi(9,q2)*q3.q4
          + 1/12*phi(6,q1)*phi(6,q2)*phi(7,q3)*muu
          - 1/6*phi(6,q1)*phi(6,q2)*phi(7,q3)*p1ext.q3
          + 1/12*phi(6,q1)*phi(6,q2)*phi(7,q4)*muu
          - 1/6*phi(6,q1)*phi(6,q2)*phi(7,q4)*p1ext.q4
          + 1/3*phi(6,q1)*phi(6,q3)*phi(7,q2)*p1ext.q3
          - 1/3*phi(6,q1)*phi(6,q3)*phi(7,q4)*q3.q4
          + 1/6*phi(6,q3)*phi(6,q4)*phi(7,q1)*q3.q4
          + 1/6*phi(6,q3)*phi(6,q4)*phi(7,q2)*q3.q4
          + 1/24*phi(7,q1)*phi(7,q2)*phi(7,q3)*muu
          + 1/24*phi(7,q1)*phi(7,q2)*phi(7,q4)*muu
          + 1/24*phi(7,q1)*phi(7,q3)*phi(7,q4)*muu
          + 1/24*phi(7,q2)*phi(7,q3)*phi(7,q4)*muu
          );

   product =

       + i_*F^-4 * (
          - 2/9*HH1(muu,mp2,mp2,p1ext.p1ext)*p1ext.p1ext*mp2
          + 1/9*HH1(muu,mp2,mp2,p1ext.p1ext)*p1ext.p1ext*mdd
          + 5/9*HH1(muu,mp2,mp2,p1ext.p1ext)*p1ext.p1ext*muu
          - 4/9*HH1(muu,mp2,mp2,p1ext.p1ext)*p1ext.p1ext^2
          - 4/9*HH1(mdd,mp2,mp2,p1ext.p1ext)*p1ext.p1ext*mp2
          + 2/9*HH1(mdd,mp2,mp2,p1ext.p1ext)*p1ext.p1ext*mdd
          - 2/9*HH1(mdd,mp2,mp2,p1ext.p1ext)*p1ext.p1ext*muu
          + 4/9*HH1(mdd,mp2,mp2,p1ext.p1ext)*p1ext.p1ext^2
          + 2/9*HH1(mp2,mp2,muu,p1ext.p1ext)*p1ext.p1ext*mp2
          - 1/9*HH1(mp2,mp2,muu,p1ext.p1ext)*p1ext.p1ext*mdd
          - 5/9*HH1(mp2,mp2,muu,p1ext.p1ext)*p1ext.p1ext*muu
          + 4/9*HH1(mp2,mp2,muu,p1ext.p1ext)*p1ext.p1ext^2
          + 4/9*HH1(mp2,mp2,mdd,p1ext.p1ext)*p1ext.p1ext*mp2
          - 2/9*HH1(mp2,mp2,mdd,p1ext.p1ext)*p1ext.p1ext*mdd
          + 2/9*HH1(mp2,mp2,mdd,p1ext.p1ext)*p1ext.p1ext*muu
          - 4/9*HH1(mp2,mp2,mdd,p1ext.p1ext)*p1ext.p1ext^2
          - 2*H21(muu,muu,muu,p1ext.p1ext)*p1ext.p1ext^2
          - H21(mdd,mp2,mp2,p1ext.p1ext)*p1ext.p1ext^2
          - H21(mp2,muu,mp2,p1ext.p1ext)*p1ext.p1ext^2
          - H21(mp2,mp2,muu,p1ext.p1ext)*p1ext.p1ext^2
          - 2*H21(mp2,mp2,mp2,p1ext.p1ext)*p1ext.p1ext^2*sqrt2^-2
          - 2*H22(muu,muu,muu,p1ext.p1ext)*p1ext.p1ext
          - H22(mdd,mp2,mp2,p1ext.p1ext)*p1ext.p1ext
          - H22(mp2,muu,mp2,p1ext.p1ext)*p1ext.p1ext
          - H22(mp2,mp2,muu,p1ext.p1ext)*p1ext.p1ext
          - 2*H22(mp2,mp2,mp2,p1ext.p1ext)*p1ext.p1ext*sqrt2^-2
          )

       + A(muu)^2*i_*F^-4 * (
          - 1/3*muu
          + p1ext.p1ext
          )

       + A(muu)*A(mp2)*i_*F^-4 * (
          - 1/9*mp2
          + 1/18*mdd
          + 5/6*p1ext.p1ext
          )

       + A(mdd)*A(mp2)*i_*F^-4 * (
          - 2/9*mp2
          + 1/18*mdd
          - 1/9*muu
          + 1/6*p1ext.p1ext
          )

       + A(mp2)^2*i_*F^-4 * (
          - 1/3*sqrt2^-2*mp2
          - 1/18*mdd
          - 1/9*muu
          + 1/2*p1ext.p1ext
          + p1ext.p1ext*sqrt2^-2
          )

       + H(muu,muu,muu,p1ext.p1ext)*i_*F^-4 * (
          - 2/9*muu^2
          + 2/9*p1ext.p1ext^2
          )

       + H(muu,mp2,mp2,p1ext.p1ext)*i_*F^-4 * (
          - 1/54*mp2^2
          + 1/54*mdd*mp2
          - 1/216*mdd^2
          + 5/54*muu*mp2
          - 5/108*muu*mdd
          - 17/108*muu^2
          + 1/27*p1ext.p1ext*mp2
          - 1/54*p1ext.p1ext*mdd
          - 5/54*p1ext.p1ext*muu
          + 4/27*p1ext.p1ext^2
          )

       + H(mdd,mp2,mp2,p1ext.p1ext)*i_*F^-4 * (
          - 1/27*mp2^2
          + 1/27*mdd*mp2
          - 1/108*mdd^2
          - 1/27*muu*mp2
          + 1/54*muu*mdd
          - 1/108*muu^2
          + 2/27*p1ext.p1ext*mp2
          - 1/27*p1ext.p1ext*mdd
          + 1/27*p1ext.p1ext*muu
          - 1/27*p1ext.p1ext^2
          )

       + H(mp2,muu,mp2,p1ext.p1ext)*i_*F^-4 * (
          - 1/54*mp2^2
          + 1/54*mdd*mp2
          - 1/216*mdd^2
          + 5/54*muu*mp2
          - 5/108*muu*mdd
          - 17/108*muu^2
          + 1/27*p1ext.p1ext*mp2
          - 1/54*p1ext.p1ext*mdd
          - 5/54*p1ext.p1ext*muu
          + 4/27*p1ext.p1ext^2
          )

       + H(mp2,mdd,mp2,p1ext.p1ext)*i_*F^-4 * (
          - 1/27*mp2^2
          + 1/27*mdd*mp2
          - 1/108*mdd^2
          - 1/27*muu*mp2
          + 1/54*muu*mdd
          - 1/108*muu^2
          + 2/27*p1ext.p1ext*mp2
          - 1/27*p1ext.p1ext*mdd
          + 1/27*p1ext.p1ext*muu
          - 1/27*p1ext.p1ext^2
          )

       + H(mp2,mp2,muu,p1ext.p1ext)*i_*F^-4 * (
          - 1/54*mp2^2
          + 1/54*mdd*mp2
          - 1/216*mdd^2
          + 5/54*muu*mp2
          - 5/108*muu*mdd
          - 17/108*muu^2
          - 2/27*p1ext.p1ext*mp2
          + 1/27*p1ext.p1ext*mdd
          + 5/27*p1ext.p1ext*muu
          - 2/27*p1ext.p1ext^2
          )

       + H(mp2,mp2,mdd,p1ext.p1ext)*i_*F^-4 * (
          - 1/27*mp2^2
          + 1/27*mdd*mp2
          - 1/108*mdd^2
          - 1/27*muu*mp2
          + 1/54*muu*mdd
          - 1/108*muu^2
          - 4/27*p1ext.p1ext*mp2
          + 2/27*p1ext.p1ext*mdd
          - 2/27*p1ext.p1ext*muu
          + 5/27*p1ext.p1ext^2
          )

       + H(mp2,mp2,mp2,p1ext.p1ext)*i_*F^-4 * (
          - 1/18*sqrt2^-2*muu^2
          + 2/9*p1ext.p1ext^2*sqrt2^-2
          );

   MM8x77SO4 =

       + i_*F^-4 * (
          - 2/9*HH1(muu,mp2,mp2,p1ext.p1ext)*p1ext.p1ext*mp2
          + 1/9*HH1(muu,mp2,mp2,p1ext.p1ext)*p1ext.p1ext*mdd
          + 5/9*HH1(muu,mp2,mp2,p1ext.p1ext)*p1ext.p1ext*muu
          - 4/9*HH1(muu,mp2,mp2,p1ext.p1ext)*p1ext.p1ext^2
          - 4/9*HH1(mdd,mp2,mp2,p1ext.p1ext)*p1ext.p1ext*mp2
          + 2/9*HH1(mdd,mp2,mp2,p1ext.p1ext)*p1ext.p1ext*mdd
          - 2/9*HH1(mdd,mp2,mp2,p1ext.p1ext)*p1ext.p1ext*muu
          + 4/9*HH1(mdd,mp2,mp2,p1ext.p1ext)*p1ext.p1ext^2
          + 2/9*HH1(mp2,mp2,muu,p1ext.p1ext)*p1ext.p1ext*mp2
          - 1/9*HH1(mp2,mp2,muu,p1ext.p1ext)*p1ext.p1ext*mdd
          - 5/9*HH1(mp2,mp2,muu,p1ext.p1ext)*p1ext.p1ext*muu
          + 4/9*HH1(mp2,mp2,muu,p1ext.p1ext)*p1ext.p1ext^2
          + 4/9*HH1(mp2,mp2,mdd,p1ext.p1ext)*p1ext.p1ext*mp2
          - 2/9*HH1(mp2,mp2,mdd,p1ext.p1ext)*p1ext.p1ext*mdd
          + 2/9*HH1(mp2,mp2,mdd,p1ext.p1ext)*p1ext.p1ext*muu
          - 4/9*HH1(mp2,mp2,mdd,p1ext.p1ext)*p1ext.p1ext^2
          - 2*H21(muu,muu,muu,p1ext.p1ext)*p1ext.p1ext^2
          - H21(mdd,mp2,mp2,p1ext.p1ext)*p1ext.p1ext^2
          - H21(mp2,muu,mp2,p1ext.p1ext)*p1ext.p1ext^2
          - H21(mp2,mp2,muu,p1ext.p1ext)*p1ext.p1ext^2
          - 2*H21(mp2,mp2,mp2,p1ext.p1ext)*p1ext.p1ext^2*sqrt2^-2
          - 2*H22(muu,muu,muu,p1ext.p1ext)*p1ext.p1ext
          - H22(mdd,mp2,mp2,p1ext.p1ext)*p1ext.p1ext
          - H22(mp2,muu,mp2,p1ext.p1ext)*p1ext.p1ext
          - H22(mp2,mp2,muu,p1ext.p1ext)*p1ext.p1ext
          - 2*H22(mp2,mp2,mp2,p1ext.p1ext)*p1ext.p1ext*sqrt2^-2
          )

       + A(muu)^2*i_*F^-4 * (
          - 1/3*muu
          + p1ext.p1ext
          )

       + A(muu)*A(mp2)*i_*F^-4 * (
          - 1/9*mp2
          + 1/18*mdd
          + 5/6*p1ext.p1ext
          )

       + A(mdd)*A(mp2)*i_*F^-4 * (
          - 2/9*mp2
          + 1/18*mdd
          - 1/9*muu
          + 1/6*p1ext.p1ext
          )

       + A(mp2)^2*i_*F^-4 * (
          - 1/3*sqrt2^-2*mp2
          - 1/18*mdd
          - 1/9*muu
          + 1/2*p1ext.p1ext
          + p1ext.p1ext*sqrt2^-2
          )

       + H(muu,muu,muu,p1ext.p1ext)*i_*F^-4 * (
          - 2/9*muu^2
          + 2/9*p1ext.p1ext^2
          )

       + H(muu,mp2,mp2,p1ext.p1ext)*i_*F^-4 * (
          - 1/54*mp2^2
          + 1/54*mdd*mp2
          - 1/216*mdd^2
          + 5/54*muu*mp2
          - 5/108*muu*mdd
          - 17/108*muu^2
          + 1/27*p1ext.p1ext*mp2
          - 1/54*p1ext.p1ext*mdd
          - 5/54*p1ext.p1ext*muu
          + 4/27*p1ext.p1ext^2
          )

       + H(mdd,mp2,mp2,p1ext.p1ext)*i_*F^-4 * (
          - 1/27*mp2^2
          + 1/27*mdd*mp2
          - 1/108*mdd^2
          - 1/27*muu*mp2
          + 1/54*muu*mdd
          - 1/108*muu^2
          + 2/27*p1ext.p1ext*mp2
          - 1/27*p1ext.p1ext*mdd
          + 1/27*p1ext.p1ext*muu
          - 1/27*p1ext.p1ext^2
          )

       + H(mp2,muu,mp2,p1ext.p1ext)*i_*F^-4 * (
          - 1/54*mp2^2
          + 1/54*mdd*mp2
          - 1/216*mdd^2
          + 5/54*muu*mp2
          - 5/108*muu*mdd
          - 17/108*muu^2
          + 1/27*p1ext.p1ext*mp2
          - 1/54*p1ext.p1ext*mdd
          - 5/54*p1ext.p1ext*muu
          + 4/27*p1ext.p1ext^2
          )

       + H(mp2,mdd,mp2,p1ext.p1ext)*i_*F^-4 * (
          - 1/27*mp2^2
          + 1/27*mdd*mp2
          - 1/108*mdd^2
          - 1/27*muu*mp2
          + 1/54*muu*mdd
          - 1/108*muu^2
          + 2/27*p1ext.p1ext*mp2
          - 1/27*p1ext.p1ext*mdd
          + 1/27*p1ext.p1ext*muu
          - 1/27*p1ext.p1ext^2
          )

       + H(mp2,mp2,muu,p1ext.p1ext)*i_*F^-4 * (
          - 1/54*mp2^2
          + 1/54*mdd*mp2
          - 1/216*mdd^2
          + 5/54*muu*mp2
          - 5/108*muu*mdd
          - 17/108*muu^2
          - 2/27*p1ext.p1ext*mp2
          + 1/27*p1ext.p1ext*mdd
          + 5/27*p1ext.p1ext*muu
          - 2/27*p1ext.p1ext^2
          )

       + H(mp2,mp2,mdd,p1ext.p1ext)*i_*F^-4 * (
          - 1/27*mp2^2
          + 1/27*mdd*mp2
          - 1/108*mdd^2
          - 1/27*muu*mp2
          + 1/54*muu*mdd
          - 1/108*muu^2
          - 4/27*p1ext.p1ext*mp2
          + 2/27*p1ext.p1ext*mdd
          - 2/27*p1ext.p1ext*muu
          + 5/27*p1ext.p1ext^2
          )

       + H(mp2,mp2,mp2,p1ext.p1ext)*i_*F^-4 * (
          - 1/18*sqrt2^-2*muu^2
          + 2/9*p1ext.p1ext^2*sqrt2^-2
          );

