
   ComplexUnitFactor = 0;

   MM6x77SO42Mp4 = 0;

   MM6x77SO44Mp2 = 0;

   product =

       + A(muu)*i_*F^-4 * (
          + 64/3*muu*mdd*L6*SymmetryFactorMass6
          + 32/3*muu^2*L8*SymmetryFactorMass6
          + 64/3*muu^2*L6*SymmetryFactorMass6
          - 32/3*p1ext.p1ext*mdd*L4*SymmetryFactorMass6
          - 16/3*p1ext.p1ext*muu*L5*SymmetryFactorMass6
          - 32/3*p1ext.p1ext*muu*L4*SymmetryFactorMass6
          )

       + A(mp2)*i_*F^-4 * (
          - 16/3*mdd*mp2*L5*SymmetryFactorMass6
          - 64/3*mdd*mp2*L4*SymmetryFactorMass6
          + 8/3*mdd^2*L8*SymmetryFactorMass6
          + 32/3*mdd^2*L6*SymmetryFactorMass6
          + 4/3*mdd^2*L5*SymmetryFactorMass6
          + 16/3*mdd^2*L4*SymmetryFactorMass6
          - 16/3*muu*mp2*L5*SymmetryFactorMass6
          - 64/3*muu*mp2*L4*SymmetryFactorMass6
          + 16/3*muu*mdd*L8*SymmetryFactorMass6
          + 64/3*muu*mdd*L6*SymmetryFactorMass6
          + 22/3*muu*mdd*L5*SymmetryFactorMass6
          + 88/3*muu*mdd*L4*SymmetryFactorMass6
          + 8/3*muu^2*L8*SymmetryFactorMass6
          + 32/3*muu^2*L6*SymmetryFactorMass6
          + 6*muu^2*L5*SymmetryFactorMass6
          + 24*muu^2*L4*SymmetryFactorMass6
          - 8/3*p1ext.p1ext*mdd*L5*SymmetryFactorMass6
          - 32/3*p1ext.p1ext*mdd*L4*SymmetryFactorMass6
          - 8/3*p1ext.p1ext*muu*L5*SymmetryFactorMass6
          - 32/3*p1ext.p1ext*muu*L4*SymmetryFactorMass6
          )

       + B(muu,muu,0)*i_*F^-4 * (
          - 64/3*muu^2*mdd*L6*SymmetryFactorMass6
          + 32/3*muu^2*mdd*L4*SymmetryFactorMass6
          - 32/3*muu^3*L8*SymmetryFactorMass6
          - 64/3*muu^3*L6*SymmetryFactorMass6
          + 16/3*muu^3*L5*SymmetryFactorMass6
          + 32/3*muu^3*L4*SymmetryFactorMass6
          + 64/3*p1ext.p1ext*muu*mdd*L6*SymmetryFactorMass6
          - 32/3*p1ext.p1ext*muu*mdd*L4*SymmetryFactorMass6
          + 32/3*p1ext.p1ext*muu^2*L8*SymmetryFactorMass6
          + 64/3*p1ext.p1ext*muu^2*L6*SymmetryFactorMass6
          - 16/3*p1ext.p1ext*muu^2*L5*SymmetryFactorMass6
          - 32/3*p1ext.p1ext*muu^2*L4*SymmetryFactorMass6
          )

       + B(mp2,mp2,0)*i_*F^-4 * (
          - 8/3*mdd*mp2^2*L5*SymmetryFactorMass6
          - 32/3*mdd*mp2^2*L4*SymmetryFactorMass6
          + 8/3*mdd^2*mp2*L8*SymmetryFactorMass6
          + 32/3*mdd^2*mp2*L6*SymmetryFactorMass6
          + 4/3*mdd^2*mp2*L5*SymmetryFactorMass6
          + 16/3*mdd^2*mp2*L4*SymmetryFactorMass6
          - 4/3*mdd^3*L8*SymmetryFactorMass6
          - 16/3*mdd^3*L6*SymmetryFactorMass6
          - 8/3*muu*mp2^2*L5*SymmetryFactorMass6
          - 32/3*muu*mp2^2*L4*SymmetryFactorMass6
          + 16/3*muu*mdd*mp2*L8*SymmetryFactorMass6
          + 64/3*muu*mdd*mp2*L6*SymmetryFactorMass6
          + 22/3*muu*mdd*mp2*L5*SymmetryFactorMass6
          + 88/3*muu*mdd*mp2*L4*SymmetryFactorMass6
          - 32/3*muu*mdd^2*L8*SymmetryFactorMass6
          - 8*muu*mdd^2*L7*SymmetryFactorMass6
          - 104/3*muu*mdd^2*L6*SymmetryFactorMass6
          + 8/3*muu^2*mp2*L8*SymmetryFactorMass6
          + 32/3*muu^2*mp2*L6*SymmetryFactorMass6
          + 6*muu^2*mp2*L5*SymmetryFactorMass6
          + 24*muu^2*mp2*L4*SymmetryFactorMass6
          - 28/3*muu^2*mdd*L8*SymmetryFactorMass6
          + 16*muu^2*mdd*L7*SymmetryFactorMass6
          - 160/3*muu^2*mdd*L6*SymmetryFactorMass6
          - 8*muu^3*L8*SymmetryFactorMass6
          - 8*muu^3*L7*SymmetryFactorMass6
          - 24*muu^3*L6*SymmetryFactorMass6
          - 8/3*p1ext.p1ext*mdd*mp2*L5*SymmetryFactorMass6
          - 32/3*p1ext.p1ext*mdd*mp2*L4*SymmetryFactorMass6
          + 8/3*p1ext.p1ext*mdd^2*L8*SymmetryFactorMass6
          + 32/3*p1ext.p1ext*mdd^2*L6*SymmetryFactorMass6
          - 8/3*p1ext.p1ext*muu*mp2*L5*SymmetryFactorMass6
          - 32/3*p1ext.p1ext*muu*mp2*L4*SymmetryFactorMass6
          + 16/3*p1ext.p1ext*muu*mdd*L8*SymmetryFactorMass6
          + 64/3*p1ext.p1ext*muu*mdd*L6*SymmetryFactorMass6
          + 8/3*p1ext.p1ext*muu^2*L8*SymmetryFactorMass6
          + 32/3*p1ext.p1ext*muu^2*L6*SymmetryFactorMass6
          );

   MM6x77SO4 =

       + A(muu)*i_*F^-4 * (
          + 64/3*muu*mdd*L6*SymmetryFactorMass6
          + 32/3*muu^2*L8*SymmetryFactorMass6
          + 64/3*muu^2*L6*SymmetryFactorMass6
          - 32/3*p1ext.p1ext*mdd*L4*SymmetryFactorMass6
          - 16/3*p1ext.p1ext*muu*L5*SymmetryFactorMass6
          - 32/3*p1ext.p1ext*muu*L4*SymmetryFactorMass6
          )

       + A(mp2)*i_*F^-4 * (
          - 16/3*mdd*mp2*L5*SymmetryFactorMass6
          - 64/3*mdd*mp2*L4*SymmetryFactorMass6
          + 8/3*mdd^2*L8*SymmetryFactorMass6
          + 32/3*mdd^2*L6*SymmetryFactorMass6
          + 4/3*mdd^2*L5*SymmetryFactorMass6
          + 16/3*mdd^2*L4*SymmetryFactorMass6
          - 16/3*muu*mp2*L5*SymmetryFactorMass6
          - 64/3*muu*mp2*L4*SymmetryFactorMass6
          + 16/3*muu*mdd*L8*SymmetryFactorMass6
          + 64/3*muu*mdd*L6*SymmetryFactorMass6
          + 22/3*muu*mdd*L5*SymmetryFactorMass6
          + 88/3*muu*mdd*L4*SymmetryFactorMass6
          + 8/3*muu^2*L8*SymmetryFactorMass6
          + 32/3*muu^2*L6*SymmetryFactorMass6
          + 6*muu^2*L5*SymmetryFactorMass6
          + 24*muu^2*L4*SymmetryFactorMass6
          - 8/3*p1ext.p1ext*mdd*L5*SymmetryFactorMass6
          - 32/3*p1ext.p1ext*mdd*L4*SymmetryFactorMass6
          - 8/3*p1ext.p1ext*muu*L5*SymmetryFactorMass6
          - 32/3*p1ext.p1ext*muu*L4*SymmetryFactorMass6
          )

       + B(muu,muu,0)*i_*F^-4 * (
          - 64/3*muu^2*mdd*L6*SymmetryFactorMass6
          + 32/3*muu^2*mdd*L4*SymmetryFactorMass6
          - 32/3*muu^3*L8*SymmetryFactorMass6
          - 64/3*muu^3*L6*SymmetryFactorMass6
          + 16/3*muu^3*L5*SymmetryFactorMass6
          + 32/3*muu^3*L4*SymmetryFactorMass6
          + 64/3*p1ext.p1ext*muu*mdd*L6*SymmetryFactorMass6
          - 32/3*p1ext.p1ext*muu*mdd*L4*SymmetryFactorMass6
          + 32/3*p1ext.p1ext*muu^2*L8*SymmetryFactorMass6
          + 64/3*p1ext.p1ext*muu^2*L6*SymmetryFactorMass6
          - 16/3*p1ext.p1ext*muu^2*L5*SymmetryFactorMass6
          - 32/3*p1ext.p1ext*muu^2*L4*SymmetryFactorMass6
          )

       + B(mp2,mp2,0)*i_*F^-4 * (
          - 8/3*mdd*mp2^2*L5*SymmetryFactorMass6
          - 32/3*mdd*mp2^2*L4*SymmetryFactorMass6
          + 8/3*mdd^2*mp2*L8*SymmetryFactorMass6
          + 32/3*mdd^2*mp2*L6*SymmetryFactorMass6
          + 4/3*mdd^2*mp2*L5*SymmetryFactorMass6
          + 16/3*mdd^2*mp2*L4*SymmetryFactorMass6
          - 4/3*mdd^3*L8*SymmetryFactorMass6
          - 16/3*mdd^3*L6*SymmetryFactorMass6
          - 8/3*muu*mp2^2*L5*SymmetryFactorMass6
          - 32/3*muu*mp2^2*L4*SymmetryFactorMass6
          + 16/3*muu*mdd*mp2*L8*SymmetryFactorMass6
          + 64/3*muu*mdd*mp2*L6*SymmetryFactorMass6
          + 22/3*muu*mdd*mp2*L5*SymmetryFactorMass6
          + 88/3*muu*mdd*mp2*L4*SymmetryFactorMass6
          - 32/3*muu*mdd^2*L8*SymmetryFactorMass6
          - 8*muu*mdd^2*L7*SymmetryFactorMass6
          - 104/3*muu*mdd^2*L6*SymmetryFactorMass6
          + 8/3*muu^2*mp2*L8*SymmetryFactorMass6
          + 32/3*muu^2*mp2*L6*SymmetryFactorMass6
          + 6*muu^2*mp2*L5*SymmetryFactorMass6
          + 24*muu^2*mp2*L4*SymmetryFactorMass6
          - 28/3*muu^2*mdd*L8*SymmetryFactorMass6
          + 16*muu^2*mdd*L7*SymmetryFactorMass6
          - 160/3*muu^2*mdd*L6*SymmetryFactorMass6
          - 8*muu^3*L8*SymmetryFactorMass6
          - 8*muu^3*L7*SymmetryFactorMass6
          - 24*muu^3*L6*SymmetryFactorMass6
          - 8/3*p1ext.p1ext*mdd*mp2*L5*SymmetryFactorMass6
          - 32/3*p1ext.p1ext*mdd*mp2*L4*SymmetryFactorMass6
          + 8/3*p1ext.p1ext*mdd^2*L8*SymmetryFactorMass6
          + 32/3*p1ext.p1ext*mdd^2*L6*SymmetryFactorMass6
          - 8/3*p1ext.p1ext*muu*mp2*L5*SymmetryFactorMass6
          - 32/3*p1ext.p1ext*muu*mp2*L4*SymmetryFactorMass6
          + 16/3*p1ext.p1ext*muu*mdd*L8*SymmetryFactorMass6
          + 64/3*p1ext.p1ext*muu*mdd*L6*SymmetryFactorMass6
          + 8/3*p1ext.p1ext*muu^2*L8*SymmetryFactorMass6
          + 32/3*p1ext.p1ext*muu^2*L6*SymmetryFactorMass6
          );

