
   ComplexUnitFactor = 0;

   MM5x88SO4Upper = 0;

   MM5x88SO4Lower = 0;

   product =

       + A(muu)*A(mp2)*i_*F^-4 * (
          - 2/9*mp2*SymmetryFactorMass5
          + 2/9*mdd*SymmetryFactorMass5
          + 1/9*muu*SymmetryFactorMass5
          - 1/9*p1ext.p1ext*SymmetryFactorMass5
          )

       + A(muu)*B(mp2,mp2,0)*i_*F^-4 * (
          - 1/9*mp2^2*SymmetryFactorMass5
          + 2/9*mdd*mp2*SymmetryFactorMass5
          - 1/12*mdd^2*SymmetryFactorMass5
          + 1/9*muu*mp2*SymmetryFactorMass5
          - 13/36*muu*mdd*SymmetryFactorMass5
          - 1/36*muu^2*SymmetryFactorMass5
          - 1/9*p1ext.p1ext*mp2*SymmetryFactorMass5
          + 1/18*p1ext.p1ext*mdd*SymmetryFactorMass5
          + 1/18*p1ext.p1ext*muu*SymmetryFactorMass5
          )

       + A(mdd)^2*i_*F^-4 * (
          + 2/9*mdd*SymmetryFactorMass5
          - 2/9*p1ext.p1ext*SymmetryFactorMass5
          )

       + A(mdd)*A(mp2)*i_*F^-4 * (
          - 4/9*mp2*SymmetryFactorMass5
          + 13/18*mdd*SymmetryFactorMass5
          + 2/9*muu*SymmetryFactorMass5
          - 1/3*p1ext.p1ext*SymmetryFactorMass5
          )

       + A(mdd)*B(mp2,mp2,0)*i_*F^-4 * (
          - 1/9*mp2^2*SymmetryFactorMass5
          + 2/9*mdd*mp2*SymmetryFactorMass5
          - 1/3*mdd^2*SymmetryFactorMass5
          + 1/9*muu*mp2*SymmetryFactorMass5
          - 1/9*muu*mdd*SymmetryFactorMass5
          - 1/36*muu^2*SymmetryFactorMass5
          - 1/9*p1ext.p1ext*mp2*SymmetryFactorMass5
          + 1/18*p1ext.p1ext*mdd*SymmetryFactorMass5
          + 1/18*p1ext.p1ext*muu*SymmetryFactorMass5
          )

       + A(mp2)^2*i_*F^-4 * (
          - 2/3*mp2*SymmetryFactorMass5
          + 35/36*mdd*SymmetryFactorMass5
          + 5/12*muu*SymmetryFactorMass5
          - 2/9*p1ext.p1ext*SymmetryFactorMass5
          )

       + A(mp2)*B(mdd,mdd,0)*i_*F^-4 * (
          + 2/9*mdd*mp2*SymmetryFactorMass5
          - 5/18*mdd^2*SymmetryFactorMass5
          - 1/9*muu*mdd*SymmetryFactorMass5
          - 2/9*p1ext.p1ext*mp2*SymmetryFactorMass5
          + 5/18*p1ext.p1ext*mdd*SymmetryFactorMass5
          + 1/9*p1ext.p1ext*muu*SymmetryFactorMass5
          )

       + A(mp2)*B(mp2,mp2,0)*i_*F^-4 * (
          - 4/9*mp2^2*SymmetryFactorMass5
          + 59/36*mdd*mp2*SymmetryFactorMass5
          - 29/48*mdd^2*SymmetryFactorMass5
          + 19/36*muu*mp2*SymmetryFactorMass5
          - 109/144*muu*mdd*SymmetryFactorMass5
          - 11/72*muu^2*SymmetryFactorMass5
          - 4/9*p1ext.p1ext*mp2*SymmetryFactorMass5
          + 11/36*p1ext.p1ext*mdd*SymmetryFactorMass5
          + 11/36*p1ext.p1ext*muu*SymmetryFactorMass5
          );

   MM5x88SO4 =

       + A(muu)*A(mp2)*i_*F^-4 * (
          - 2/9*mp2*SymmetryFactorMass5
          + 2/9*mdd*SymmetryFactorMass5
          + 1/9*muu*SymmetryFactorMass5
          - 1/9*p1ext.p1ext*SymmetryFactorMass5
          )

       + A(muu)*B(mp2,mp2,0)*i_*F^-4 * (
          - 1/9*mp2^2*SymmetryFactorMass5
          + 2/9*mdd*mp2*SymmetryFactorMass5
          - 1/12*mdd^2*SymmetryFactorMass5
          + 1/9*muu*mp2*SymmetryFactorMass5
          - 13/36*muu*mdd*SymmetryFactorMass5
          - 1/36*muu^2*SymmetryFactorMass5
          - 1/9*p1ext.p1ext*mp2*SymmetryFactorMass5
          + 1/18*p1ext.p1ext*mdd*SymmetryFactorMass5
          + 1/18*p1ext.p1ext*muu*SymmetryFactorMass5
          )

       + A(mdd)^2*i_*F^-4 * (
          + 2/9*mdd*SymmetryFactorMass5
          - 2/9*p1ext.p1ext*SymmetryFactorMass5
          )

       + A(mdd)*A(mp2)*i_*F^-4 * (
          - 4/9*mp2*SymmetryFactorMass5
          + 13/18*mdd*SymmetryFactorMass5
          + 2/9*muu*SymmetryFactorMass5
          - 1/3*p1ext.p1ext*SymmetryFactorMass5
          )

       + A(mdd)*B(mp2,mp2,0)*i_*F^-4 * (
          - 1/9*mp2^2*SymmetryFactorMass5
          + 2/9*mdd*mp2*SymmetryFactorMass5
          - 1/3*mdd^2*SymmetryFactorMass5
          + 1/9*muu*mp2*SymmetryFactorMass5
          - 1/9*muu*mdd*SymmetryFactorMass5
          - 1/36*muu^2*SymmetryFactorMass5
          - 1/9*p1ext.p1ext*mp2*SymmetryFactorMass5
          + 1/18*p1ext.p1ext*mdd*SymmetryFactorMass5
          + 1/18*p1ext.p1ext*muu*SymmetryFactorMass5
          )

       + A(mp2)^2*i_*F^-4 * (
          - 2/3*mp2*SymmetryFactorMass5
          + 35/36*mdd*SymmetryFactorMass5
          + 5/12*muu*SymmetryFactorMass5
          - 2/9*p1ext.p1ext*SymmetryFactorMass5
          )

       + A(mp2)*B(mdd,mdd,0)*i_*F^-4 * (
          + 2/9*mdd*mp2*SymmetryFactorMass5
          - 5/18*mdd^2*SymmetryFactorMass5
          - 1/9*muu*mdd*SymmetryFactorMass5
          - 2/9*p1ext.p1ext*mp2*SymmetryFactorMass5
          + 5/18*p1ext.p1ext*mdd*SymmetryFactorMass5
          + 1/9*p1ext.p1ext*muu*SymmetryFactorMass5
          )

       + A(mp2)*B(mp2,mp2,0)*i_*F^-4 * (
          - 4/9*mp2^2*SymmetryFactorMass5
          + 59/36*mdd*mp2*SymmetryFactorMass5
          - 29/48*mdd^2*SymmetryFactorMass5
          + 19/36*muu*mp2*SymmetryFactorMass5
          - 109/144*muu*mdd*SymmetryFactorMass5
          - 11/72*muu^2*SymmetryFactorMass5
          - 4/9*p1ext.p1ext*mp2*SymmetryFactorMass5
          + 11/36*p1ext.p1ext*mdd*SymmetryFactorMass5
          + 11/36*p1ext.p1ext*muu*SymmetryFactorMass5
          );

