
   ComplexUnitFactor = 0;

   MM6x88SO42Mp4 = 0;

   MM6x88SO44Mp2 = 0;

   product =

       + A(mdd)*i_*F^-4 * (
          + 16/3*mdd^2*L8
          + 32/3*mdd^2*L6
          + 32/3*muu*mdd*L6
          - 8/3*p1ext.p1ext*mdd*L5
          - 16/3*p1ext.p1ext*mdd*L4
          - 16/3*p1ext.p1ext*muu*L4
          )

       + A(mp2)*i_*F^-4 * (
          - 8/3*mdd*mp2*L5
          - 32/3*mdd*mp2*L4
          + 4/3*mdd^2*L8
          + 16/3*mdd^2*L6
          + 3*mdd^2*L5
          + 12*mdd^2*L4
          - 8/3*muu*mp2*L5
          - 32/3*muu*mp2*L4
          + 8/3*muu*mdd*L8
          + 32/3*muu*mdd*L6
          + 11/3*muu*mdd*L5
          + 44/3*muu*mdd*L4
          + 4/3*muu^2*L8
          + 16/3*muu^2*L6
          + 2/3*muu^2*L5
          + 8/3*muu^2*L4
          - 4/3*p1ext.p1ext*mdd*L5
          - 16/3*p1ext.p1ext*mdd*L4
          - 4/3*p1ext.p1ext*muu*L5
          - 16/3*p1ext.p1ext*muu*L4
          )

       + B(mdd,mdd,0)*i_*F^-4 * (
          - 16/3*mdd^3*L8
          - 32/3*mdd^3*L6
          + 8/3*mdd^3*L5
          + 16/3*mdd^3*L4
          - 32/3*muu*mdd^2*L6
          + 16/3*muu*mdd^2*L4
          + 16/3*p1ext.p1ext*mdd^2*L8
          + 32/3*p1ext.p1ext*mdd^2*L6
          - 8/3*p1ext.p1ext*mdd^2*L5
          - 16/3*p1ext.p1ext*mdd^2*L4
          + 32/3*p1ext.p1ext*muu*mdd*L6
          - 16/3*p1ext.p1ext*muu*mdd*L4
          )

       + B(mp2,mp2,0)*i_*F^-4 * (
          - 4/3*mdd*mp2^2*L5
          - 16/3*mdd*mp2^2*L4
          + 4/3*mdd^2*mp2*L8
          + 16/3*mdd^2*mp2*L6
          + 3*mdd^2*mp2*L5
          + 12*mdd^2*mp2*L4
          - 4*mdd^3*L8
          - 4*mdd^3*L7
          - 12*mdd^3*L6
          - 4/3*muu*mp2^2*L5
          - 16/3*muu*mp2^2*L4
          + 8/3*muu*mdd*mp2*L8
          + 32/3*muu*mdd*mp2*L6
          + 11/3*muu*mdd*mp2*L5
          + 44/3*muu*mdd*mp2*L4
          - 14/3*muu*mdd^2*L8
          + 8*muu*mdd^2*L7
          - 80/3*muu*mdd^2*L6
          + 4/3*muu^2*mp2*L8
          + 16/3*muu^2*mp2*L6
          + 2/3*muu^2*mp2*L5
          + 8/3*muu^2*mp2*L4
          - 16/3*muu^2*mdd*L8
          - 4*muu^2*mdd*L7
          - 52/3*muu^2*mdd*L6
          - 2/3*muu^3*L8
          - 8/3*muu^3*L6
          - 4/3*p1ext.p1ext*mdd*mp2*L5
          - 16/3*p1ext.p1ext*mdd*mp2*L4
          + 4/3*p1ext.p1ext*mdd^2*L8
          + 16/3*p1ext.p1ext*mdd^2*L6
          - 4/3*p1ext.p1ext*muu*mp2*L5
          - 16/3*p1ext.p1ext*muu*mp2*L4
          + 8/3*p1ext.p1ext*muu*mdd*L8
          + 32/3*p1ext.p1ext*muu*mdd*L6
          + 4/3*p1ext.p1ext*muu^2*L8
          + 16/3*p1ext.p1ext*muu^2*L6
          );

   MM6x88SO4 =

       + A(mdd)*i_*F^-4 * (
          + 16/3*mdd^2*L8
          + 32/3*mdd^2*L6
          + 32/3*muu*mdd*L6
          - 8/3*p1ext.p1ext*mdd*L5
          - 16/3*p1ext.p1ext*mdd*L4
          - 16/3*p1ext.p1ext*muu*L4
          )

       + A(mp2)*i_*F^-4 * (
          - 8/3*mdd*mp2*L5
          - 32/3*mdd*mp2*L4
          + 4/3*mdd^2*L8
          + 16/3*mdd^2*L6
          + 3*mdd^2*L5
          + 12*mdd^2*L4
          - 8/3*muu*mp2*L5
          - 32/3*muu*mp2*L4
          + 8/3*muu*mdd*L8
          + 32/3*muu*mdd*L6
          + 11/3*muu*mdd*L5
          + 44/3*muu*mdd*L4
          + 4/3*muu^2*L8
          + 16/3*muu^2*L6
          + 2/3*muu^2*L5
          + 8/3*muu^2*L4
          - 4/3*p1ext.p1ext*mdd*L5
          - 16/3*p1ext.p1ext*mdd*L4
          - 4/3*p1ext.p1ext*muu*L5
          - 16/3*p1ext.p1ext*muu*L4
          )

       + B(mdd,mdd,0)*i_*F^-4 * (
          - 16/3*mdd^3*L8
          - 32/3*mdd^3*L6
          + 8/3*mdd^3*L5
          + 16/3*mdd^3*L4
          - 32/3*muu*mdd^2*L6
          + 16/3*muu*mdd^2*L4
          + 16/3*p1ext.p1ext*mdd^2*L8
          + 32/3*p1ext.p1ext*mdd^2*L6
          - 8/3*p1ext.p1ext*mdd^2*L5
          - 16/3*p1ext.p1ext*mdd^2*L4
          + 32/3*p1ext.p1ext*muu*mdd*L6
          - 16/3*p1ext.p1ext*muu*mdd*L4
          )

       + B(mp2,mp2,0)*i_*F^-4 * (
          - 4/3*mdd*mp2^2*L5
          - 16/3*mdd*mp2^2*L4
          + 4/3*mdd^2*mp2*L8
          + 16/3*mdd^2*mp2*L6
          + 3*mdd^2*mp2*L5
          + 12*mdd^2*mp2*L4
          - 4*mdd^3*L8
          - 4*mdd^3*L7
          - 12*mdd^3*L6
          - 4/3*muu*mp2^2*L5
          - 16/3*muu*mp2^2*L4
          + 8/3*muu*mdd*mp2*L8
          + 32/3*muu*mdd*mp2*L6
          + 11/3*muu*mdd*mp2*L5
          + 44/3*muu*mdd*mp2*L4
          - 14/3*muu*mdd^2*L8
          + 8*muu*mdd^2*L7
          - 80/3*muu*mdd^2*L6
          + 4/3*muu^2*mp2*L8
          + 16/3*muu^2*mp2*L6
          + 2/3*muu^2*mp2*L5
          + 8/3*muu^2*mp2*L4
          - 16/3*muu^2*mdd*L8
          - 4*muu^2*mdd*L7
          - 52/3*muu^2*mdd*L6
          - 2/3*muu^3*L8
          - 8/3*muu^3*L6
          - 4/3*p1ext.p1ext*mdd*mp2*L5
          - 16/3*p1ext.p1ext*mdd*mp2*L4
          + 4/3*p1ext.p1ext*mdd^2*L8
          + 16/3*p1ext.p1ext*mdd^2*L6
          - 4/3*p1ext.p1ext*muu*mp2*L5
          - 16/3*p1ext.p1ext*muu*mp2*L4
          + 8/3*p1ext.p1ext*muu*mdd*L8
          + 32/3*p1ext.p1ext*muu*mdd*L6
          + 4/3*p1ext.p1ext*muu^2*L8
          + 16/3*p1ext.p1ext*muu^2*L6
          );

