
Time =       0.00 sec    Generated terms =         76
       MM2x99SO4         Terms in output =         76
                         Bytes used      =       4676

Time =       0.00 sec    Generated terms =         76
       MM2x99SO4         Terms in output =         76
                         Bytes used      =       4404

Time =       0.00 sec    Generated terms =         76
       MM2x99SO4         Terms in output =         76
                         Bytes used      =       4404

Time =       0.00 sec    Generated terms =         12
       MM2x99SO4         Terms in output =         12
                         Bytes used      =        832

Time =       0.00 sec    Generated terms =         12
       MM2x99SO4         Terms in output =         12
                         Bytes used      =        720

Time =       0.00 sec    Generated terms =         12
       MM2x99SO4         Terms in output =         12
                         Bytes used      =        720

Time =       0.00 sec    Generated terms =         12
       MM2x99SO4         Terms in output =         12
                         Bytes used      =        832

Time =       0.00 sec    Generated terms =         12
       MM2x99SO4         Terms in output =          6
                         Bytes used      =        340

Time =       0.00 sec    Generated terms =          6
       MM2x99SO4         Terms in output =          6
                         Bytes used      =        292

Time =       0.00 sec    Generated terms =          6
       MM2x99SO4         Terms in output =          6
                         Bytes used      =        356

   MM2x99SO4 =
       + i_*F^-2*L8 * (  - 16*mdd^2 )

       + i_*F^-2*L6 * (  - 32*mdd^2 - 32*muu*mdd )

       + i_*F^-2*L5 * ( 8*p1ext.p1ext*mdd )

       + i_*F^-2*L4 * ( 16*p1ext.p1ext*mdd + 16*p1ext.p1ext*muu );

