
   MM7x99SO4 =

       + A(muu)*i_*F^-4 * (
          - 32*muu*mdd*L6
          + 16*muu*mdd*L4
          - 32*p1ext.p1ext*dim^-1*muu*L2
          + 16*p1ext.p1ext*muu*L4
          - 32*p1ext.p1ext*muu*L1
          )

       + A(mdd)*i_*F^-4 * (
          - 128/3*mdd^2*L8
          - 256/3*mdd^2*L6
          + 32/3*mdd^2*L5
          + 64/3*mdd^2*L4
          - 64/3*muu*mdd*L6
          + 16/3*muu*mdd*L4
          - 16*p1ext.p1ext*dim^-1*mdd*L3
          - 48*p1ext.p1ext*dim^-1*mdd*L2
          - 32*p1ext.p1ext*dim^-1*mdd*L1
          - 32*p1ext.p1ext*dim^-1*mdd*L0
          + 32/3*p1ext.p1ext*mdd*L5
          + 64/3*p1ext.p1ext*mdd*L4
          - 16*p1ext.p1ext*mdd*L3
          - 16*p1ext.p1ext*mdd*L2
          - 32*p1ext.p1ext*mdd*L1
          + 16/3*p1ext.p1ext*muu*L4
          )

       + A(mp2)*i_*F^-4 * (
          + 34/3*mdd*mp2*L5
          + 136/3*mdd*mp2*L4
          - 116/3*mdd^2*L8
          - 16*mdd^2*L7
          - 64*mdd^2*L6
          + 4/3*muu*mp2*L5
          + 16/3*muu*mp2*L4
          - 56/3*muu*mdd*L8
          + 16*muu*mdd*L7
          - 208/3*muu*mdd*L6
          - 4/3*muu^2*L8
          - 16/3*muu^2*L6
          - 24*p1ext.p1ext*dim^-1*mp2*L3
          - 80*p1ext.p1ext*dim^-1*mp2*L2
          - 40*p1ext.p1ext*dim^-1*mp2*L0
          - 20*p1ext.p1ext*mp2*L3
          - 80*p1ext.p1ext*mp2*L1
          - 4*p1ext.p1ext*mp2*L0
          + 26/3*p1ext.p1ext*mdd*L5
          + 76/3*p1ext.p1ext*mdd*L4
          + 4*p1ext.p1ext*muu*L5
          + 76/3*p1ext.p1ext*muu*L4
          );

