
Time =       0.00 sec    Generated terms =          3
      Diagram1My         Terms in output =          3
                         Bytes used      =        124

Time =       0.00 sec    Generated terms =         10
      Diagram2My         Terms in output =         10
                         Bytes used      =        432

Time =       0.00 sec    Generated terms =          4
      Diagram3My         Terms in output =          4
                         Bytes used      =        192

Time =       0.00 sec    Generated terms =          4
      Diagram4My         Terms in output =          4
                         Bytes used      =        212

Time =       0.00 sec    Generated terms =         13
      Diagram5My         Terms in output =         13
                         Bytes used      =        664

Time =       0.00 sec    Generated terms =         67
      Diagram6My         Terms in output =         67
                         Bytes used      =       2532

Time =       0.00 sec    Generated terms =         25
      Diagram7My         Terms in output =         25
                         Bytes used      =        964

Time =       0.00 sec    Generated terms =          8
      Diagram8My         Terms in output =          8
                         Bytes used      =        732

Time =       0.00 sec    Generated terms =         35
      Diagram9My         Terms in output =         35
                         Bytes used      =       1244

Time =       0.00 sec    Generated terms =          3
      Diagram1My         Terms in output =          3
                         Bytes used      =        124

Time =       0.00 sec    Generated terms =         10
      Diagram2My         Terms in output =         10
                         Bytes used      =        432

Time =       0.00 sec    Generated terms =          4
      Diagram3My         Terms in output =          4
                         Bytes used      =        192

Time =       0.00 sec    Generated terms =          4
      Diagram4My         Terms in output =          4
                         Bytes used      =        212

Time =       0.00 sec    Generated terms =         13
      Diagram5My         Terms in output =         13
                         Bytes used      =        664

Time =       0.00 sec    Generated terms =         67
      Diagram6My         Terms in output =         67
                         Bytes used      =       2532

Time =       0.00 sec    Generated terms =         25
      Diagram7My         Terms in output =         25
                         Bytes used      =        964

Time =       0.00 sec    Generated terms =          8
      Diagram8My         Terms in output =          8
                         Bytes used      =        732

Time =       0.00 sec    Generated terms =         35
      Diagram9My         Terms in output =         35
                         Bytes used      =       1244

Time =       0.00 sec    Generated terms =          3
    Diagram1Hans         Terms in output =          3
                         Bytes used      =        124

Time =       0.00 sec    Generated terms =         10
    Diagram2Hans         Terms in output =         10
                         Bytes used      =        432

Time =       0.00 sec    Generated terms =          4
    Diagram3Hans         Terms in output =          4
                         Bytes used      =        192

Time =       0.00 sec    Generated terms =         25
    Diagram4Hans         Terms in output =         25
                         Bytes used      =        964

Time =       0.00 sec    Generated terms =         67
    Diagram5Hans         Terms in output =         67
                         Bytes used      =       2532

Time =       0.00 sec    Generated terms =         13
    Diagram6Hans         Terms in output =         13
                         Bytes used      =        664

Time =       0.00 sec    Generated terms =          4
    Diagram7Hans         Terms in output =          4
                         Bytes used      =        212

Time =       0.00 sec    Generated terms =          8
    Diagram8Hans         Terms in output =          8
                         Bytes used      =        732

Time =       0.00 sec    Generated terms =         35
    Diagram9Hans         Terms in output =         35
                         Bytes used      =       1244

Time =       0.00 sec    Generated terms =          3
      Diagram1My         Terms in output =          3
                         Bytes used      =        124

Time =       0.00 sec    Generated terms =         10
      Diagram2My         Terms in output =         10
                         Bytes used      =        432

Time =       0.00 sec    Generated terms =          4
      Diagram3My         Terms in output =          4
                         Bytes used      =        192

Time =       0.00 sec    Generated terms =          4
      Diagram4My         Terms in output =          4
                         Bytes used      =        212

Time =       0.00 sec    Generated terms =         13
      Diagram5My         Terms in output =         13
                         Bytes used      =        664

Time =       0.00 sec    Generated terms =         67
      Diagram6My         Terms in output =         67
                         Bytes used      =       2532

Time =       0.00 sec    Generated terms =         25
      Diagram7My         Terms in output =         25
                         Bytes used      =        964

Time =       0.00 sec    Generated terms =          8
      Diagram8My         Terms in output =          8
                         Bytes used      =        732

Time =       0.00 sec    Generated terms =         35
      Diagram9My         Terms in output =         35
                         Bytes used      =       1244

Time =       0.01 sec    Generated terms =          3
    Diagram1Hans         Terms in output =          3
                         Bytes used      =        124

Time =       0.01 sec    Generated terms =         10
    Diagram2Hans         Terms in output =         10
                         Bytes used      =        432

Time =       0.01 sec    Generated terms =          4
    Diagram3Hans         Terms in output =          4
                         Bytes used      =        192

Time =       0.01 sec    Generated terms =         25
    Diagram4Hans         Terms in output =         25
                         Bytes used      =        964

Time =       0.01 sec    Generated terms =         67
    Diagram5Hans         Terms in output =         67
                         Bytes used      =       2532

Time =       0.01 sec    Generated terms =         13
    Diagram6Hans         Terms in output =         13
                         Bytes used      =        664

Time =       0.01 sec    Generated terms =          4
    Diagram7Hans         Terms in output =          4
                         Bytes used      =        212

Time =       0.01 sec    Generated terms =          8
    Diagram8Hans         Terms in output =          8
                         Bytes used      =        732

Time =       0.01 sec    Generated terms =         35
    Diagram9Hans         Terms in output =         35
                         Bytes used      =       1244

Time =       0.01 sec    Generated terms =          6
           diff1         Terms in output =          0
                         Bytes used      =          4

Time =       0.01 sec    Generated terms =         20
           diff2         Terms in output =          0
                         Bytes used      =          4

Time =       0.01 sec    Generated terms =          8
           diff3         Terms in output =          0
                         Bytes used      =          4

Time =       0.01 sec    Generated terms =          8
           diff4         Terms in output =          0
                         Bytes used      =          4

Time =       0.01 sec    Generated terms =         26
           diff5         Terms in output =          0
                         Bytes used      =          4

Time =       0.01 sec    Generated terms =        134
           diff6         Terms in output =          0
                         Bytes used      =          4

Time =       0.01 sec    Generated terms =         50
           diff7         Terms in output =          0
                         Bytes used      =          4

Time =       0.01 sec    Generated terms =         16
           diff8         Terms in output =          0
                         Bytes used      =          4

Time =       0.01 sec    Generated terms =         70
           diff9         Terms in output =          0
                         Bytes used      =          4

Time =       0.01 sec    Generated terms =          3
      Diagram1My         Terms in output =          3
                         Bytes used      =        124

Time =       0.01 sec    Generated terms =         10
      Diagram2My         Terms in output =         10
                         Bytes used      =        432

Time =       0.01 sec    Generated terms =          4
      Diagram3My         Terms in output =          4
                         Bytes used      =        192

Time =       0.01 sec    Generated terms =          4
      Diagram4My         Terms in output =          4
                         Bytes used      =        212

Time =       0.01 sec    Generated terms =         13
      Diagram5My         Terms in output =         13
                         Bytes used      =        664

Time =       0.01 sec    Generated terms =         67
      Diagram6My         Terms in output =         67
                         Bytes used      =       2532

Time =       0.01 sec    Generated terms =         25
      Diagram7My         Terms in output =         25
                         Bytes used      =        964

Time =       0.01 sec    Generated terms =          8
      Diagram8My         Terms in output =          8
                         Bytes used      =        732

Time =       0.01 sec    Generated terms =         35
      Diagram9My         Terms in output =         35
                         Bytes used      =       1244

Time =       0.01 sec    Generated terms =          3
    Diagram1Hans         Terms in output =          3
                         Bytes used      =        124

Time =       0.01 sec    Generated terms =         10
    Diagram2Hans         Terms in output =         10
                         Bytes used      =        432

Time =       0.01 sec    Generated terms =          4
    Diagram3Hans         Terms in output =          4
                         Bytes used      =        192

Time =       0.01 sec    Generated terms =         25
    Diagram4Hans         Terms in output =         25
                         Bytes used      =        964

Time =       0.01 sec    Generated terms =         67
    Diagram5Hans         Terms in output =         67
                         Bytes used      =       2532

Time =       0.01 sec    Generated terms =         13
    Diagram6Hans         Terms in output =         13
                         Bytes used      =        664

Time =       0.01 sec    Generated terms =          4
    Diagram7Hans         Terms in output =          4
                         Bytes used      =        212

Time =       0.01 sec    Generated terms =          8
    Diagram8Hans         Terms in output =          8
                         Bytes used      =        732

Time =       0.01 sec    Generated terms =         35
    Diagram9Hans         Terms in output =         35
                         Bytes used      =       1244

Time =       0.01 sec    Generated terms =          0
           diff1         Terms in output =          0
                         Bytes used      =          4

Time =       0.01 sec    Generated terms =          0
           diff2         Terms in output =          0
                         Bytes used      =          4

Time =       0.01 sec    Generated terms =          0
           diff3         Terms in output =          0
                         Bytes used      =          4

Time =       0.01 sec    Generated terms =          0
           diff4         Terms in output =          0
                         Bytes used      =          4

Time =       0.01 sec    Generated terms =          0
           diff5         Terms in output =          0
                         Bytes used      =          4

Time =       0.01 sec    Generated terms =          0
           diff6         Terms in output =          0
                         Bytes used      =          4

Time =       0.01 sec    Generated terms =          0
           diff7         Terms in output =          0
                         Bytes used      =          4

Time =       0.01 sec    Generated terms =          0
           diff8         Terms in output =          0
                         Bytes used      =          4

Time =       0.01 sec    Generated terms =          0
           diff9         Terms in output =          0
                         Bytes used      =          4

   diff1 = 0;

   diff2 = 0;

   diff3 = 0;

   diff4 = 0;

   diff5 = 0;

   diff6 = 0;

   diff7 = 0;

   diff8 = 0;

   diff9 = 0;

