
Time =       0.00 sec    Generated terms =          2
      Diagram1My         Terms in output =          2
                         Bytes used      =         96

Time =       0.00 sec    Generated terms =          6
      Diagram2My         Terms in output =          6
                         Bytes used      =        292

Time =       0.00 sec    Generated terms =          6
      Diagram3My         Terms in output =          6
                         Bytes used      =        312

Time =       0.00 sec    Generated terms =         14
      Diagram4My         Terms in output =         14
                         Bytes used      =        724

Time =       0.00 sec    Generated terms =         47
      Diagram5My         Terms in output =         47
                         Bytes used      =       2392

Time =       0.00 sec    Generated terms =         75
      Diagram6My         Terms in output =         75
                         Bytes used      =       3064

Time =       0.00 sec    Generated terms =         43
      Diagram7My         Terms in output =         43
                         Bytes used      =       1768

Time =       0.00 sec    Generated terms =        104
      Diagram8My         Terms in output =        104
                         Bytes used      =       6500

Time =       0.00 sec    Generated terms =         22
      Diagram9My         Terms in output =         22
                         Bytes used      =        852

Time =       0.00 sec    Generated terms =          2
      Diagram1My         Terms in output =          2
                         Bytes used      =         96

Time =       0.00 sec    Generated terms =          6
      Diagram2My         Terms in output =          6
                         Bytes used      =        292

Time =       0.00 sec    Generated terms =          6
      Diagram3My         Terms in output =          6
                         Bytes used      =        312

Time =       0.00 sec    Generated terms =         14
      Diagram4My         Terms in output =         14
                         Bytes used      =        724

Time =       0.00 sec    Generated terms =         47
      Diagram5My         Terms in output =         47
                         Bytes used      =       2392

Time =       0.00 sec    Generated terms =         75
      Diagram6My         Terms in output =         75
                         Bytes used      =       3064

Time =       0.00 sec    Generated terms =         43
      Diagram7My         Terms in output =         43
                         Bytes used      =       1768

Time =       0.00 sec    Generated terms =        104
      Diagram8My         Terms in output =        104
                         Bytes used      =       6500

Time =       0.00 sec    Generated terms =         22
      Diagram9My         Terms in output =         22
                         Bytes used      =        852

Time =       0.00 sec    Generated terms =          2
    Diagram1Hans         Terms in output =          2
                         Bytes used      =         96

Time =       0.00 sec    Generated terms =          6
    Diagram2Hans         Terms in output =          6
                         Bytes used      =        292

Time =       0.00 sec    Generated terms =          6
    Diagram3Hans         Terms in output =          6
                         Bytes used      =        312

Time =       0.00 sec    Generated terms =         43
    Diagram4Hans         Terms in output =         43
                         Bytes used      =       1768

Time =       0.00 sec    Generated terms =         75
    Diagram5Hans         Terms in output =         75
                         Bytes used      =       3064

Time =       0.00 sec    Generated terms =         47
    Diagram6Hans         Terms in output =         47
                         Bytes used      =       2392

Time =       0.00 sec    Generated terms =         14
    Diagram7Hans         Terms in output =         14
                         Bytes used      =        724

Time =       0.00 sec    Generated terms =        104
    Diagram8Hans         Terms in output =        104
                         Bytes used      =       6500

Time =       0.00 sec    Generated terms =         22
    Diagram9Hans         Terms in output =         22
                         Bytes used      =        852

Time =       0.00 sec    Generated terms =          2
      Diagram1My         Terms in output =          2
                         Bytes used      =         96

Time =       0.00 sec    Generated terms =          6
      Diagram2My         Terms in output =          6
                         Bytes used      =        292

Time =       0.00 sec    Generated terms =          6
      Diagram3My         Terms in output =          6
                         Bytes used      =        312

Time =       0.00 sec    Generated terms =         14
      Diagram4My         Terms in output =         14
                         Bytes used      =        724

Time =       0.00 sec    Generated terms =         47
      Diagram5My         Terms in output =         47
                         Bytes used      =       2392

Time =       0.00 sec    Generated terms =         75
      Diagram6My         Terms in output =         75
                         Bytes used      =       3064

Time =       0.00 sec    Generated terms =         43
      Diagram7My         Terms in output =         43
                         Bytes used      =       1768

Time =       0.00 sec    Generated terms =        104
      Diagram8My         Terms in output =        104
                         Bytes used      =       6500

Time =       0.00 sec    Generated terms =         22
      Diagram9My         Terms in output =         22
                         Bytes used      =        852

Time =       0.00 sec    Generated terms =          2
    Diagram1Hans         Terms in output =          2
                         Bytes used      =         96

Time =       0.00 sec    Generated terms =          6
    Diagram2Hans         Terms in output =          6
                         Bytes used      =        292

Time =       0.00 sec    Generated terms =          6
    Diagram3Hans         Terms in output =          6
                         Bytes used      =        312

Time =       0.00 sec    Generated terms =         43
    Diagram4Hans         Terms in output =         43
                         Bytes used      =       1768

Time =       0.00 sec    Generated terms =         75
    Diagram5Hans         Terms in output =         75
                         Bytes used      =       3064

Time =       0.00 sec    Generated terms =         47
    Diagram6Hans         Terms in output =         47
                         Bytes used      =       2392

Time =       0.00 sec    Generated terms =         14
    Diagram7Hans         Terms in output =         14
                         Bytes used      =        724

Time =       0.00 sec    Generated terms =        104
    Diagram8Hans         Terms in output =        104
                         Bytes used      =       6500

Time =       0.00 sec    Generated terms =         22
    Diagram9Hans         Terms in output =         22
                         Bytes used      =        852

Time =       0.00 sec    Generated terms =          4
           diff1         Terms in output =          0
                         Bytes used      =          4

Time =       0.00 sec    Generated terms =         12
           diff2         Terms in output =          0
                         Bytes used      =          4

Time =       0.00 sec    Generated terms =         12
           diff3         Terms in output =          0
                         Bytes used      =          4

Time =       0.00 sec    Generated terms =         28
           diff4         Terms in output =          0
                         Bytes used      =          4

Time =       0.00 sec    Generated terms =         94
           diff5         Terms in output =          0
                         Bytes used      =          4

Time =       0.00 sec    Generated terms =        150
           diff6         Terms in output =          0
                         Bytes used      =          4

Time =       0.00 sec    Generated terms =         86
           diff7         Terms in output =          0
                         Bytes used      =          4

Time =       0.00 sec    Generated terms =        208
           diff8         Terms in output =          0
                         Bytes used      =          4

Time =       0.00 sec    Generated terms =         44
           diff9         Terms in output =          0
                         Bytes used      =          4

Time =       0.01 sec    Generated terms =          2
      Diagram1My         Terms in output =          2
                         Bytes used      =         96

Time =       0.01 sec    Generated terms =          6
      Diagram2My         Terms in output =          6
                         Bytes used      =        292

Time =       0.01 sec    Generated terms =          6
      Diagram3My         Terms in output =          6
                         Bytes used      =        312

Time =       0.01 sec    Generated terms =         14
      Diagram4My         Terms in output =         14
                         Bytes used      =        724

Time =       0.01 sec    Generated terms =         47
      Diagram5My         Terms in output =         47
                         Bytes used      =       2392

Time =       0.01 sec    Generated terms =         75
      Diagram6My         Terms in output =         75
                         Bytes used      =       3064

Time =       0.01 sec    Generated terms =         43
      Diagram7My         Terms in output =         43
                         Bytes used      =       1768

Time =       0.01 sec    Generated terms =        104
      Diagram8My         Terms in output =        104
                         Bytes used      =       6500

Time =       0.01 sec    Generated terms =         22
      Diagram9My         Terms in output =         22
                         Bytes used      =        852

Time =       0.01 sec    Generated terms =          2
    Diagram1Hans         Terms in output =          2
                         Bytes used      =         96

Time =       0.01 sec    Generated terms =          6
    Diagram2Hans         Terms in output =          6
                         Bytes used      =        292

Time =       0.01 sec    Generated terms =          6
    Diagram3Hans         Terms in output =          6
                         Bytes used      =        312

Time =       0.01 sec    Generated terms =         43
    Diagram4Hans         Terms in output =         43
                         Bytes used      =       1768

Time =       0.01 sec    Generated terms =         75
    Diagram5Hans         Terms in output =         75
                         Bytes used      =       3064

Time =       0.01 sec    Generated terms =         47
    Diagram6Hans         Terms in output =         47
                         Bytes used      =       2392

Time =       0.01 sec    Generated terms =         14
    Diagram7Hans         Terms in output =         14
                         Bytes used      =        724

Time =       0.01 sec    Generated terms =        104
    Diagram8Hans         Terms in output =        104
                         Bytes used      =       6500

Time =       0.01 sec    Generated terms =         22
    Diagram9Hans         Terms in output =         22
                         Bytes used      =        852

Time =       0.01 sec    Generated terms =          0
           diff1         Terms in output =          0
                         Bytes used      =          4

Time =       0.01 sec    Generated terms =          0
           diff2         Terms in output =          0
                         Bytes used      =          4

Time =       0.01 sec    Generated terms =          0
           diff3         Terms in output =          0
                         Bytes used      =          4

Time =       0.01 sec    Generated terms =          0
           diff4         Terms in output =          0
                         Bytes used      =          4

Time =       0.01 sec    Generated terms =          0
           diff5         Terms in output =          0
                         Bytes used      =          4

Time =       0.01 sec    Generated terms =          0
           diff6         Terms in output =          0
                         Bytes used      =          4

Time =       0.01 sec    Generated terms =          0
           diff7         Terms in output =          0
                         Bytes used      =          4

Time =       0.01 sec    Generated terms =          0
           diff8         Terms in output =          0
                         Bytes used      =          4

Time =       0.01 sec    Generated terms =          0
           diff9         Terms in output =          0
                         Bytes used      =          4

   diff1 = 0;

   diff2 = 0;

   diff3 = 0;

   diff4 = 0;

   diff5 = 0;

   diff6 = 0;

   diff7 = 0;

   diff8 = 0;

   diff9 = 0;

