
Time =       0.00 sec    Generated terms =          3
      Diagram1My         Terms in output =          3
                         Bytes used      =        124

Time =       0.00 sec    Generated terms =         12
      Diagram2My         Terms in output =         12
                         Bytes used      =        488

Time =       0.00 sec    Generated terms =          6
      Diagram3My         Terms in output =          6
                         Bytes used      =        304

Time =       0.00 sec    Generated terms =         14
      Diagram4My         Terms in output =         14
                         Bytes used      =        716

Time =       0.00 sec    Generated terms =         47
      Diagram5My         Terms in output =         47
                         Bytes used      =       2412

Time =       0.00 sec    Generated terms =         76
      Diagram6My         Terms in output =         76
                         Bytes used      =       3104

Time =       0.00 sec    Generated terms =         57
      Diagram7My         Terms in output =         57
                         Bytes used      =       2180

Time =       0.00 sec    Generated terms =         75
      Diagram8My         Terms in output =         75
                         Bytes used      =       5700

Time =       0.00 sec    Generated terms =         43
      Diagram9My         Terms in output =         43
                         Bytes used      =       1468

Time =       0.00 sec    Generated terms =          3
      Diagram1My         Terms in output =          3
                         Bytes used      =        124

Time =       0.00 sec    Generated terms =         12
      Diagram2My         Terms in output =         12
                         Bytes used      =        488

Time =       0.00 sec    Generated terms =          6
      Diagram3My         Terms in output =          6
                         Bytes used      =        304

Time =       0.00 sec    Generated terms =         14
      Diagram4My         Terms in output =         14
                         Bytes used      =        716

Time =       0.00 sec    Generated terms =         47
      Diagram5My         Terms in output =         47
                         Bytes used      =       2412

Time =       0.00 sec    Generated terms =         76
      Diagram6My         Terms in output =         76
                         Bytes used      =       3104

Time =       0.00 sec    Generated terms =         57
      Diagram7My         Terms in output =         57
                         Bytes used      =       2180

Time =       0.00 sec    Generated terms =         75
      Diagram8My         Terms in output =         75
                         Bytes used      =       5700

Time =       0.00 sec    Generated terms =         43
      Diagram9My         Terms in output =         43
                         Bytes used      =       1468

Time =       0.00 sec    Generated terms =          3
    Diagram1Hans         Terms in output =          3
                         Bytes used      =        124

Time =       0.00 sec    Generated terms =         12
    Diagram2Hans         Terms in output =         12
                         Bytes used      =        488

Time =       0.00 sec    Generated terms =          6
    Diagram3Hans         Terms in output =          6
                         Bytes used      =        304

Time =       0.00 sec    Generated terms =         57
    Diagram4Hans         Terms in output =         57
                         Bytes used      =       2180

Time =       0.00 sec    Generated terms =         76
    Diagram5Hans         Terms in output =         76
                         Bytes used      =       3104

Time =       0.00 sec    Generated terms =         47
    Diagram6Hans         Terms in output =         47
                         Bytes used      =       2412

Time =       0.00 sec    Generated terms =         14
    Diagram7Hans         Terms in output =         14
                         Bytes used      =        716

Time =       0.00 sec    Generated terms =         75
    Diagram8Hans         Terms in output =         75
                         Bytes used      =       5700

Time =       0.00 sec    Generated terms =         43
    Diagram9Hans         Terms in output =         43
                         Bytes used      =       1468

Time =       0.00 sec    Generated terms =          3
      Diagram1My         Terms in output =          3
                         Bytes used      =        124

Time =       0.00 sec    Generated terms =         12
      Diagram2My         Terms in output =         12
                         Bytes used      =        488

Time =       0.00 sec    Generated terms =          6
      Diagram3My         Terms in output =          6
                         Bytes used      =        304

Time =       0.00 sec    Generated terms =         14
      Diagram4My         Terms in output =         14
                         Bytes used      =        716

Time =       0.00 sec    Generated terms =         47
      Diagram5My         Terms in output =         47
                         Bytes used      =       2412

Time =       0.00 sec    Generated terms =         76
      Diagram6My         Terms in output =         76
                         Bytes used      =       3104

Time =       0.00 sec    Generated terms =         57
      Diagram7My         Terms in output =         57
                         Bytes used      =       2180

Time =       0.00 sec    Generated terms =         75
      Diagram8My         Terms in output =         75
                         Bytes used      =       5700

Time =       0.00 sec    Generated terms =         43
      Diagram9My         Terms in output =         43
                         Bytes used      =       1468

Time =       0.00 sec    Generated terms =          3
    Diagram1Hans         Terms in output =          3
                         Bytes used      =        124

Time =       0.00 sec    Generated terms =         12
    Diagram2Hans         Terms in output =         12
                         Bytes used      =        488

Time =       0.00 sec    Generated terms =          6
    Diagram3Hans         Terms in output =          6
                         Bytes used      =        304

Time =       0.00 sec    Generated terms =         57
    Diagram4Hans         Terms in output =         57
                         Bytes used      =       2180

Time =       0.00 sec    Generated terms =         76
    Diagram5Hans         Terms in output =         76
                         Bytes used      =       3104

Time =       0.00 sec    Generated terms =         47
    Diagram6Hans         Terms in output =         47
                         Bytes used      =       2412

Time =       0.00 sec    Generated terms =         14
    Diagram7Hans         Terms in output =         14
                         Bytes used      =        716

Time =       0.00 sec    Generated terms =         75
    Diagram8Hans         Terms in output =         75
                         Bytes used      =       5700

Time =       0.00 sec    Generated terms =         43
    Diagram9Hans         Terms in output =         43
                         Bytes used      =       1468

Time =       0.00 sec    Generated terms =          6
           diff1         Terms in output =          0
                         Bytes used      =          4

Time =       0.00 sec    Generated terms =         24
           diff2         Terms in output =          0
                         Bytes used      =          4

Time =       0.00 sec    Generated terms =         12
           diff3         Terms in output =          0
                         Bytes used      =          4

Time =       0.00 sec    Generated terms =         28
           diff4         Terms in output =          0
                         Bytes used      =          4

Time =       0.00 sec    Generated terms =         94
           diff5         Terms in output =          0
                         Bytes used      =          4

Time =       0.00 sec    Generated terms =        152
           diff6         Terms in output =          0
                         Bytes used      =          4

Time =       0.00 sec    Generated terms =        114
           diff7         Terms in output =          0
                         Bytes used      =          4

Time =       0.00 sec    Generated terms =        150
           diff8         Terms in output =          0
                         Bytes used      =          4

Time =       0.00 sec    Generated terms =         86
           diff9         Terms in output =          0
                         Bytes used      =          4

Time =       0.00 sec    Generated terms =          3
      Diagram1My         Terms in output =          3
                         Bytes used      =        124

Time =       0.01 sec    Generated terms =         12
      Diagram2My         Terms in output =         12
                         Bytes used      =        488

Time =       0.01 sec    Generated terms =          6
      Diagram3My         Terms in output =          6
                         Bytes used      =        304

Time =       0.01 sec    Generated terms =         14
      Diagram4My         Terms in output =         14
                         Bytes used      =        716

Time =       0.01 sec    Generated terms =         47
      Diagram5My         Terms in output =         47
                         Bytes used      =       2412

Time =       0.01 sec    Generated terms =         76
      Diagram6My         Terms in output =         76
                         Bytes used      =       3104

Time =       0.01 sec    Generated terms =         57
      Diagram7My         Terms in output =         57
                         Bytes used      =       2180

Time =       0.01 sec    Generated terms =         75
      Diagram8My         Terms in output =         75
                         Bytes used      =       5700

Time =       0.01 sec    Generated terms =         43
      Diagram9My         Terms in output =         43
                         Bytes used      =       1468

Time =       0.01 sec    Generated terms =          3
    Diagram1Hans         Terms in output =          3
                         Bytes used      =        124

Time =       0.01 sec    Generated terms =         12
    Diagram2Hans         Terms in output =         12
                         Bytes used      =        488

Time =       0.01 sec    Generated terms =          6
    Diagram3Hans         Terms in output =          6
                         Bytes used      =        304

Time =       0.01 sec    Generated terms =         57
    Diagram4Hans         Terms in output =         57
                         Bytes used      =       2180

Time =       0.01 sec    Generated terms =         76
    Diagram5Hans         Terms in output =         76
                         Bytes used      =       3104

Time =       0.01 sec    Generated terms =         47
    Diagram6Hans         Terms in output =         47
                         Bytes used      =       2412

Time =       0.01 sec    Generated terms =         14
    Diagram7Hans         Terms in output =         14
                         Bytes used      =        716

Time =       0.01 sec    Generated terms =         75
    Diagram8Hans         Terms in output =         75
                         Bytes used      =       5700

Time =       0.01 sec    Generated terms =         43
    Diagram9Hans         Terms in output =         43
                         Bytes used      =       1468

Time =       0.01 sec    Generated terms =          0
           diff1         Terms in output =          0
                         Bytes used      =          4

Time =       0.01 sec    Generated terms =          0
           diff2         Terms in output =          0
                         Bytes used      =          4

Time =       0.01 sec    Generated terms =          0
           diff3         Terms in output =          0
                         Bytes used      =          4

Time =       0.01 sec    Generated terms =          0
           diff4         Terms in output =          0
                         Bytes used      =          4

Time =       0.01 sec    Generated terms =          0
           diff5         Terms in output =          0
                         Bytes used      =          4

Time =       0.01 sec    Generated terms =          0
           diff6         Terms in output =          0
                         Bytes used      =          4

Time =       0.01 sec    Generated terms =          0
           diff7         Terms in output =          0
                         Bytes used      =          4

Time =       0.01 sec    Generated terms =          0
           diff8         Terms in output =          0
                         Bytes used      =          4

Time =       0.01 sec    Generated terms =          0
           diff9         Terms in output =          0
                         Bytes used      =          4

   diff1 = 0;

   diff2 = 0;

   diff3 = 0;

   diff4 = 0;

   diff5 = 0;

   diff6 = 0;

   diff7 = 0;

   diff8 = 0;

   diff9 = 0;

