TFORM 5.0.0 (Jan 27 2026, v5.0.0) 6 workers      Run: Tue Mar 17 13:27:19 2026
    * makes the full vertices in terms of the phi fields
    *Daniil: this code gets rid of traces from the Lagrangian
    #include symbols.hf
    * symbols etc needed for the SU(4)/SO(4) and SU(4)/Sp(4) case
    #define MAXINDEX "20"
    s dim;
    dimension dim;
    s sqrt2,aa,aa1,...,aa10;
    index mu,nu,al,be,ro;
    set lorentz:mu,nu,al,be,ro;
    cfunction tr;
    cfunction M,Chi,a,sext,M1,...,M10;
    set matrixfields:M,Chi,a,sext;
    cfunction phi,phiV,phiA,phiS,phiP;
    set phiset:phi,phiV,phiA,phiS,phiP;
    
    index <f1=4>,...,<f`MAXINDEX'=4>;
    set quarkindex:f1,...,f`MAXINDEX';
    symbol, <b1>,...,<b`MAXINDEX'>;
    set flavour:<b1>,...,<b`MAXINDEX'>;
    symbol i1,...,i15;
    
    s F,B0,muu,mdd,mp2,mk2,me2;
    symbol eps,epsb,epsb2,epsb1,lambda2,lambda1,log4pi,
        pi,pi16,pi162;
    cfunction delt,deltm,prop;
    vector qext,q1ext,q2ext,q3ext,q4ext,q5ext,p1ext,p2ext,p3ext,p4ext;
    vector aext1,aext2,vext1,vext2,vext3;
    vector PP,QQ,RR,SS;
    vector PPM,QQM,RRM,SSM;* (only used in procedure so beware)
    vector p0,...,p8;
    set pp:p0,...,p8;
    vector q0,...,q8;
    set qq:q0,...,q8;
    vector r0,...,r8;
    set rr:r0,...,r8;
    vector v0,v1,v2,v3;
    set vvv:v0,v1,v2,v3;
    vector w0,w1,w2,w3;
    set www:w0,w1,w2,w3;
    vector a0,a1,a2,a3;
    set aaa:a0,a1,a2,a3;
    
    symbol KK1,...,KK115;
    symbol L0,L1,L2,L3,L4,L5,L6,L7,L8,L9,L10,H1,H2;
    set Li:L0,L1,L2,L3,L4,L5,L6,L7,L8,L9,L10,H1,H2;
    vector QQP,QRS,QRS1,QRS2,QRS3;* dummy vectors, use only in procedures
    cfunction A,B,B1,B21,B22,B31,B32,C,C12,C22,C24,H,HH1,H21,H22,H23,H24,VV;
    set INTEGRALS:A,B,B1,B21,B22,B31,B32,C,C12,C22,C24,H,HH1,H21,H22,H23,H24,VV;
    #define MAXTRACE "10"
    
    * we comment this on if use the bash file
    
    * choose your vertex
    * SP4 or SO4
    
    *we comment this out if use the bash file
    
    *choose e.g. for Sp4
    *#define SX4 "SP4" 
    
    * type of vertex, choose e.g. 2Mp2
    *#define VERTEX "2Mp2" 
    
    
    *Global expression for the terms in the Lagrangian. *Here we call the procedure 
    file; 
    *These procedures do not have any arguments
    
    #include Lagrangians/vertex`VERTEX'.prc
    #procedure vertex4Mp4()
    (
           + L8*F^-4 * (
              + 2/3*tr(Chi,Chi,M,M,M,M)
              + 8/3*tr(Chi,M,Chi,M,M,M)
              + 2*tr(Chi,M,M,Chi,M,M)
              )
    
           + L7*F^-4 * (
              + 16/3*tr(Chi,M)*tr(Chi,M,M,M)
              )
    
           + L6*F^-4 * (
              + 4/3*tr(Chi)*tr(Chi,M,M,M,M)
              + 4*tr(Chi,M,M)^2
              )
    
           + L5*F^-4 * (
              - 4/3*tr(Chi,M(mu),M(mu),M,M)
              + 2/3*tr(Chi,M(mu),M,M(mu),M)
              - 2/3*tr(Chi,M(mu),M,M,M(mu))
              - 2*tr(Chi,M,M(mu),M(mu),M)
              + 2/3*tr(Chi,M,M(mu),M,M(mu))
              - 4/3*tr(Chi,M,M,M(mu),M(mu))
              )
    
           + L4*F^-4 * (
              - 4*tr(Chi,M,M)*tr(M(mu),M(mu))
              + 4/3*tr(M,M(mu),M,M(mu))*tr(Chi)
              - 4/3*tr(M,M,M(mu),M(mu))*tr(Chi)
              )
    
           + L3*F^-4 * (
              + 4*tr(M(mu),M(mu),M(nu),M(nu))
              )
    
           + L2*F^-4 * (
              + 4*tr(M(mu),M(nu))^2
              )
    
           + L1*F^-4 * (
              + 4*tr(M(mu),M(mu))*tr(M(nu),M(nu))
              )
    
           + L0*F^-4 * (
              + 4*tr(M(mu),M(nu),M(mu),M(nu))
              )
    )
    #endprocedure
    G vertex`VERTEX'`SX4' = 
    #call vertex`VERTEX'
     ;
    
    *counting the number of elements in a trace
    *in symbols.hf we have (a set matrixfields which has Chi and so on ) ;
    id tr(?a)= tr(0,aa,?a);
    repeat;
      id tr(aa1?,?a,aa,M?matrixfields(?b),?c) = tr(aa1+1,?a,M(?b),aa,?c);
      id tr(?a,aa) = tr(?a);
    endrepeat;
    .sort

Time =       0.00 sec    Generated terms =         19
   vertex4Mp4SO4         Terms in output =         19
                         Bytes used      =       2412
    ********************************************************************************
    **************************
    * testing code now commented out
    ********************************************************************************
    **************************
    * L V2 = V`VERTEX';
    * .sort
    * hide V1;
    * .sort
    * * brute force, could probably be done smarter
    * id tr(0) = 4;
    * id tr(1,M1?(?a)) = sum_(f1,1,4,M(?a,f1,f1));
    * id tr(2,M1?(?a1),M2?(?a2)) = sum_(f1,1,4,sum_(f2,1,4,M1(?a1,f1,f2)*M2(?a2,f2,f
    1)));
    * id tr(3,M1?(?a1),M2?(?a2),M3?(?a3)) = sum_(f1,1,4,sum_(f2,1,4,sum_(f3,1,4,
    *   M1(?a1,f1,f2)*M2(?a2,f2,f3)*M3(?a3,f3,f1))));
    * id tr(4,M1?(?a1),M2?(?a2),M3?(?a3),M4?(?a4)) = sum_(f1,1,4,sum_(f2,1,4,sum_(f3
    ,1,4,sum_(f4,1,4,
    *   M1(?a1,f1,f2)*M2(?a2,f2,f3)*M3(?a3,f3,f4)*M4(?a4,f4,f1)))));
    * id tr(5,M1?(?a1),M2?(?a2),M3?(?a3),M4?(?a4),M5?(?a5)) = sum_(f1,1,4,sum_(f2,1,
    4,sum_(f3,1,4,sum_(f4,1,4,sum_(f5,1,4,
    *   M1(?a1,f1,f2)*M2(?a2,f2,f3)*M3(?a3,f3,f4)*M4(?a4,f4,f5)*M5(?a5,f5,f1))))));
    
    * #include setMChiSP4.hf
    * .sort
    * hide V2;
    * .sort
    * unhide V`VERTEX';
    *.sort
    ********************************************************************************
    ***************************
    * worked out in general for all possible size traces
    id tr(0) = 4;  
    
    * put in maximum number of elements in traces here
    #do i=1,`MAXTRACE'
    id tr(`i',<M1?(?a1)>,...,<M`i'?(?a`i')>) = 
    #do j=1,`i'
      sum_(f`j',1,4,
    #enddo
      1
    #do j=1,{`i'-1}
       *M`i'(?a`i',f`i',f1)
    #do j=1,`i'
      )
    #enddo
     ;
    #enddo
    .sort

Time =       0.00 sec    Generated terms =      34816
   vertex4Mp4SO4         Terms in output =      21174
                         Bytes used      =    1355648
    
    *just a error in case not all the traces were eliminated;
    if (match(tr(?a))) exit "traces left, increase MAXTRACE=`MAXTRACE' happened for 
    vertex`VERTEX'`SX4'";
    
    *now we read the header files with the elements of the matrix M. 
    *So we get in the end just terms of the expanded Lagrangian  with fields phi.
    #include setMChi`SX4'.hf
    
    id Chi(?a,1,1) = muu;
    id Chi(?a,2,2) = mdd;
    id Chi(?a,3,3) = muu;
    id Chi(?a,4,4) = mdd;
    id Chi(?a) = 0;
    
    id M(?a,1,1) = phi(?a,3)/2; 
    id M(?a,1,2) = (phi(?a,1)-i_*phi(?a,2))/2; 
    id M(?a,1,3) = (phi(?a,6)+i_*phi(?a,7))/sqrt2;
    id M(?a,1,4) = (phi(?a,4)+i_*phi(?a,5))/2;
    id M(?a,2,1) = (phi(?a,1)+i_*phi(?a,2))/2; 
    id M(?a,2,2) = -phi(?a,3)/2; 
    id M(?a,2,3) = (+phi(?a,4)+i_*phi(?a,5))/2;
    id M(?a,2,4) = (phi(?a,8)+i_*phi(?a,9))/sqrt2;
    id M(?a,3,1) = (phi(?a,6)-i_*phi(?a,7))/sqrt2;
    id M(?a,3,2) = (phi(?a,4)-i_*phi(?a,5))/2;
    id M(?a,3,3) = phi(?a,3)/2; 
    id M(?a,3,4) = (phi(?a,1)+i_*phi(?a,2))/2; 
    id M(?a,4,1) = (phi(?a,4)-i_*phi(?a,5))/2;
    id M(?a,4,2) = (phi(?a,8)-i_*phi(?a,9))/sqrt2;
    id M(?a,4,3) = (phi(?a,1)-i_*phi(?a,2))/2; 
    id M(?a,4,4) = -phi(?a,3)/2; 
    
    id a(?a,1,1) = phiA(?a,3)/2; 
    id a(?a,1,2) = (phiA(?a,1)-i_*phiA(?a,2))/2; 
    id a(?a,1,3) = (phiA(?a,6)+i_*phiA(?a,7))/sqrt2;
    id a(?a,1,4) = (phiA(?a,4)+i_*phiA(?a,5))/2;
    id a(?a,2,1) = (phiA(?a,1)+i_*phiA(?a,2))/2; 
    id a(?a,2,2) = -phiA(?a,3)/2; 
    id a(?a,2,3) = (+phiA(?a,4)+i_*phiA(?a,5))/2;
    id a(?a,2,4) = (phiA(?a,8)+i_*phiA(?a,9))/sqrt2;
    id a(?a,3,1) = (phiA(?a,6)-i_*phiA(?a,7))/sqrt2;
    id a(?a,3,2) = (phiA(?a,4)-i_*phiA(?a,5))/2;
    id a(?a,3,3) = phiA(?a,3)/2; 
    id a(?a,3,4) = (phiA(?a,1)+i_*phiA(?a,2))/2; 
    id a(?a,4,1) = (phiA(?a,4)-i_*phiA(?a,5))/2;
    id a(?a,4,2) = (phiA(?a,8)-i_*phiA(?a,9))/sqrt2;
    id a(?a,4,3) = (phiA(?a,1)-i_*phiA(?a,2))/2; 
    id a(?a,4,4) = -phiA(?a,3)/2; 
    
    id sext(?a,1,1) = phiS(?a,1);
    id sext(?a,2,2) = phiS(?a,2);
    id sext(?a,3,3) = phiS(?a,1);
    id sext(?a,4,4) = phiS(?a,2);
    id sext(?a) = 0;
    
    
    
    id 1/sqrt2^2 = 1/2;
    .sort

Time =       0.00 sec    Generated terms =      41496
   vertex4Mp4SO4         Terms in output =       1672
                         Bytes used      =      79776
    
    * the testing code
    *L V3 = V`VERTEX'-V2;
    
    *Bracket phi i.e. factor Phi
    b phi;
    print;
    .store

Time =       0.00 sec    Generated terms =       1672
   vertex4Mp4SO4         Terms in output =       1672
                         Bytes used      =      86196

   vertex4Mp4SO4 =
       + phi(mu,1)^2*phi(nu,1)^2 * ( F^-4*L3 + 4*F^-4*L2 + 4*F^-4*L1 + F^-4*L0
          )

       + phi(mu,1)^2*phi(nu,2)^2 * ( F^-4*L3 + 4*F^-4*L1 - F^-4*L0 )

       + phi(mu,1)^2*phi(nu,3)^2 * ( F^-4*L3 + 4*F^-4*L1 - F^-4*L0 )

       + phi(mu,1)^2*phi(nu,4)^2 * ( F^-4*L3 + 4*F^-4*L1 + F^-4*L0 )

       + phi(mu,1)^2*phi(nu,5)^2 * ( F^-4*L3 + 4*F^-4*L1 + F^-4*L0 )

       + phi(mu,1)^2*phi(nu,6)^2 * ( F^-4*L3 + 4*F^-4*L1 )

       + phi(mu,1)^2*phi(nu,6)*phi(nu,8) * ( 2*F^-4*L0 )

       + phi(mu,1)^2*phi(nu,7)^2 * ( F^-4*L3 + 4*F^-4*L1 )

       + phi(mu,1)^2*phi(nu,7)*phi(nu,9) * ( 2*F^-4*L0 )

       + phi(mu,1)^2*phi(nu,8)^2 * ( F^-4*L3 + 4*F^-4*L1 )

       + phi(mu,1)^2*phi(nu,9)^2 * ( F^-4*L3 + 4*F^-4*L1 )

       + phi(mu,1)*phi(mu,2)*phi(nu,1)*phi(nu,2) * ( 8*F^-4*L2 + 4*F^-4*L0 )

       + phi(mu,1)*phi(mu,2)*phi(nu,6)*phi(nu,9) * ( 4*F^-4*L0 )

       + phi(mu,1)*phi(mu,2)*phi(nu,7)*phi(nu,8) * (  - 4*F^-4*L0 )

       + phi(mu,1)*phi(mu,3)*phi(nu,1)*phi(nu,3) * ( 8*F^-4*L2 + 4*F^-4*L0 )

       + phi(mu,1)*phi(mu,3)*phi(nu,4)*phi(nu,6) * ( 4*sqrt2^-1*F^-4*L0 )

       + phi(mu,1)*phi(mu,3)*phi(nu,4)*phi(nu,8) * (  - 4*sqrt2^-1*F^-4*L0 )

       + phi(mu,1)*phi(mu,3)*phi(nu,5)*phi(nu,7) * ( 4*sqrt2^-1*F^-4*L0 )

       + phi(mu,1)*phi(mu,3)*phi(nu,5)*phi(nu,9) * (  - 4*sqrt2^-1*F^-4*L0 )

       + phi(mu,1)*phi(mu,4)*phi(nu,1)*phi(nu,4) * ( 4*F^-4*L3 + 8*F^-4*L2 + 4
         *F^-4*L0 )

       + phi(mu,1)*phi(mu,4)*phi(nu,3)*phi(nu,6) * ( 4*sqrt2^-1*F^-4*L3 - 4*
         sqrt2^-1*F^-4*L0 )

       + phi(mu,1)*phi(mu,4)*phi(nu,3)*phi(nu,8) * (  - 4*sqrt2^-1*F^-4*L3 + 4
         *sqrt2^-1*F^-4*L0 )

       + phi(mu,1)*phi(mu,5)*phi(nu,1)*phi(nu,5) * ( 4*F^-4*L3 + 8*F^-4*L2 + 4
         *F^-4*L0 )

       + phi(mu,1)*phi(mu,5)*phi(nu,3)*phi(nu,7) * ( 4*sqrt2^-1*F^-4*L3 - 4*
         sqrt2^-1*F^-4*L0 )

       + phi(mu,1)*phi(mu,5)*phi(nu,3)*phi(nu,9) * (  - 4*sqrt2^-1*F^-4*L3 + 4
         *sqrt2^-1*F^-4*L0 )

       + phi(mu,1)*phi(mu,6)*phi(nu,1)*phi(nu,6) * ( 2*F^-4*L3 + 8*F^-4*L2 + 4
         *F^-4*L0 )

       + phi(mu,1)*phi(mu,6)*phi(nu,1)*phi(nu,8) * ( 2*F^-4*L3 )

       + phi(mu,1)*phi(mu,6)*phi(nu,2)*phi(nu,7) * (  - 2*F^-4*L3 + 4*F^-4*L0
          )

       + phi(mu,1)*phi(mu,6)*phi(nu,2)*phi(nu,9) * ( 2*F^-4*L3 )

       + phi(mu,1)*phi(mu,6)*phi(nu,3)*phi(nu,4) * ( 4*sqrt2^-1*F^-4*L0 )

       + phi(mu,1)*phi(mu,7)*phi(nu,1)*phi(nu,7) * ( 2*F^-4*L3 + 8*F^-4*L2 + 4
         *F^-4*L0 )

       + phi(mu,1)*phi(mu,7)*phi(nu,1)*phi(nu,9) * ( 2*F^-4*L3 )

       + phi(mu,1)*phi(mu,7)*phi(nu,2)*phi(nu,6) * ( 2*F^-4*L3 - 4*F^-4*L0 )

       + phi(mu,1)*phi(mu,7)*phi(nu,2)*phi(nu,8) * (  - 2*F^-4*L3 )

       + phi(mu,1)*phi(mu,7)*phi(nu,3)*phi(nu,5) * ( 4*sqrt2^-1*F^-4*L0 )

       + phi(mu,1)*phi(mu,8)*phi(nu,1)*phi(nu,6) * ( 2*F^-4*L3 )

       + phi(mu,1)*phi(mu,8)*phi(nu,1)*phi(nu,8) * ( 2*F^-4*L3 + 8*F^-4*L2 + 4
         *F^-4*L0 )

       + phi(mu,1)*phi(mu,8)*phi(nu,2)*phi(nu,7) * (  - 2*F^-4*L3 )

       + phi(mu,1)*phi(mu,8)*phi(nu,2)*phi(nu,9) * ( 2*F^-4*L3 - 4*F^-4*L0 )

       + phi(mu,1)*phi(mu,8)*phi(nu,3)*phi(nu,4) * (  - 4*sqrt2^-1*F^-4*L0 )

       + phi(mu,1)*phi(mu,9)*phi(nu,1)*phi(nu,7) * ( 2*F^-4*L3 )

       + phi(mu,1)*phi(mu,9)*phi(nu,1)*phi(nu,9) * ( 2*F^-4*L3 + 8*F^-4*L2 + 4
         *F^-4*L0 )

       + phi(mu,1)*phi(mu,9)*phi(nu,2)*phi(nu,6) * ( 2*F^-4*L3 )

       + phi(mu,1)*phi(mu,9)*phi(nu,2)*phi(nu,8) * (  - 2*F^-4*L3 + 4*F^-4*L0
          )

       + phi(mu,1)*phi(mu,9)*phi(nu,3)*phi(nu,5) * (  - 4*sqrt2^-1*F^-4*L0 )

       + phi(mu,2)^2*phi(nu,1)^2 * ( F^-4*L3 + 4*F^-4*L1 - F^-4*L0 )

       + phi(mu,2)^2*phi(nu,2)^2 * ( F^-4*L3 + 4*F^-4*L2 + 4*F^-4*L1 + F^-4*L0
          )

       + phi(mu,2)^2*phi(nu,3)^2 * ( F^-4*L3 + 4*F^-4*L1 - F^-4*L0 )

       + phi(mu,2)^2*phi(nu,4)^2 * ( F^-4*L3 + 4*F^-4*L1 + F^-4*L0 )

       + phi(mu,2)^2*phi(nu,5)^2 * ( F^-4*L3 + 4*F^-4*L1 + F^-4*L0 )

       + phi(mu,2)^2*phi(nu,6)^2 * ( F^-4*L3 + 4*F^-4*L1 )

       + phi(mu,2)^2*phi(nu,6)*phi(nu,8) * (  - 2*F^-4*L0 )

       + phi(mu,2)^2*phi(nu,7)^2 * ( F^-4*L3 + 4*F^-4*L1 )

       + phi(mu,2)^2*phi(nu,7)*phi(nu,9) * (  - 2*F^-4*L0 )

       + phi(mu,2)^2*phi(nu,8)^2 * ( F^-4*L3 + 4*F^-4*L1 )

       + phi(mu,2)^2*phi(nu,9)^2 * ( F^-4*L3 + 4*F^-4*L1 )

       + phi(mu,2)*phi(mu,3)*phi(nu,2)*phi(nu,3) * ( 8*F^-4*L2 + 4*F^-4*L0 )

       + phi(mu,2)*phi(mu,3)*phi(nu,4)*phi(nu,7) * (  - 4*sqrt2^-1*F^-4*L0 )

       + phi(mu,2)*phi(mu,3)*phi(nu,4)*phi(nu,9) * (  - 4*sqrt2^-1*F^-4*L0 )

       + phi(mu,2)*phi(mu,3)*phi(nu,5)*phi(nu,6) * ( 4*sqrt2^-1*F^-4*L0 )

       + phi(mu,2)*phi(mu,3)*phi(nu,5)*phi(nu,8) * ( 4*sqrt2^-1*F^-4*L0 )

       + phi(mu,2)*phi(mu,4)*phi(nu,2)*phi(nu,4) * ( 4*F^-4*L3 + 8*F^-4*L2 + 4
         *F^-4*L0 )

       + phi(mu,2)*phi(mu,4)*phi(nu,3)*phi(nu,7) * (  - 4*sqrt2^-1*F^-4*L3 + 4
         *sqrt2^-1*F^-4*L0 )

       + phi(mu,2)*phi(mu,4)*phi(nu,3)*phi(nu,9) * (  - 4*sqrt2^-1*F^-4*L3 + 4
         *sqrt2^-1*F^-4*L0 )

       + phi(mu,2)*phi(mu,5)*phi(nu,2)*phi(nu,5) * ( 4*F^-4*L3 + 8*F^-4*L2 + 4
         *F^-4*L0 )

       + phi(mu,2)*phi(mu,5)*phi(nu,3)*phi(nu,6) * ( 4*sqrt2^-1*F^-4*L3 - 4*
         sqrt2^-1*F^-4*L0 )

       + phi(mu,2)*phi(mu,5)*phi(nu,3)*phi(nu,8) * ( 4*sqrt2^-1*F^-4*L3 - 4*
         sqrt2^-1*F^-4*L0 )

       + phi(mu,2)*phi(mu,6)*phi(nu,1)*phi(nu,7) * ( 2*F^-4*L3 - 4*F^-4*L0 )

       + phi(mu,2)*phi(mu,6)*phi(nu,1)*phi(nu,9) * ( 2*F^-4*L3 )

       + phi(mu,2)*phi(mu,6)*phi(nu,2)*phi(nu,6) * ( 2*F^-4*L3 + 8*F^-4*L2 + 4
         *F^-4*L0 )

       + phi(mu,2)*phi(mu,6)*phi(nu,2)*phi(nu,8) * (  - 2*F^-4*L3 )

       + phi(mu,2)*phi(mu,6)*phi(nu,3)*phi(nu,5) * ( 4*sqrt2^-1*F^-4*L0 )

       + phi(mu,2)*phi(mu,7)*phi(nu,1)*phi(nu,6) * (  - 2*F^-4*L3 + 4*F^-4*L0
          )

       + phi(mu,2)*phi(mu,7)*phi(nu,1)*phi(nu,8) * (  - 2*F^-4*L3 )

       + phi(mu,2)*phi(mu,7)*phi(nu,2)*phi(nu,7) * ( 2*F^-4*L3 + 8*F^-4*L2 + 4
         *F^-4*L0 )

       + phi(mu,2)*phi(mu,7)*phi(nu,2)*phi(nu,9) * (  - 2*F^-4*L3 )

       + phi(mu,2)*phi(mu,7)*phi(nu,3)*phi(nu,4) * (  - 4*sqrt2^-1*F^-4*L0 )

       + phi(mu,2)*phi(mu,8)*phi(nu,1)*phi(nu,7) * (  - 2*F^-4*L3 )

       + phi(mu,2)*phi(mu,8)*phi(nu,1)*phi(nu,9) * (  - 2*F^-4*L3 + 4*F^-4*L0
          )

       + phi(mu,2)*phi(mu,8)*phi(nu,2)*phi(nu,6) * (  - 2*F^-4*L3 )

       + phi(mu,2)*phi(mu,8)*phi(nu,2)*phi(nu,8) * ( 2*F^-4*L3 + 8*F^-4*L2 + 4
         *F^-4*L0 )

       + phi(mu,2)*phi(mu,8)*phi(nu,3)*phi(nu,5) * ( 4*sqrt2^-1*F^-4*L0 )

       + phi(mu,2)*phi(mu,9)*phi(nu,1)*phi(nu,6) * ( 2*F^-4*L3 )

       + phi(mu,2)*phi(mu,9)*phi(nu,1)*phi(nu,8) * ( 2*F^-4*L3 - 4*F^-4*L0 )

       + phi(mu,2)*phi(mu,9)*phi(nu,2)*phi(nu,7) * (  - 2*F^-4*L3 )

       + phi(mu,2)*phi(mu,9)*phi(nu,2)*phi(nu,9) * ( 2*F^-4*L3 + 8*F^-4*L2 + 4
         *F^-4*L0 )

       + phi(mu,2)*phi(mu,9)*phi(nu,3)*phi(nu,4) * (  - 4*sqrt2^-1*F^-4*L0 )

       + phi(mu,3)^2*phi(nu,1)^2 * ( F^-4*L3 + 4*F^-4*L1 - F^-4*L0 )

       + phi(mu,3)^2*phi(nu,2)^2 * ( F^-4*L3 + 4*F^-4*L1 - F^-4*L0 )

       + phi(mu,3)^2*phi(nu,3)^2 * ( F^-4*L3 + 4*F^-4*L2 + 4*F^-4*L1 + F^-4*L0
          )

       + phi(mu,3)^2*phi(nu,4)^2 * ( F^-4*L3 + 4*F^-4*L1 - F^-4*L0 )

       + phi(mu,3)^2*phi(nu,5)^2 * ( F^-4*L3 + 4*F^-4*L1 - F^-4*L0 )

       + phi(mu,3)^2*phi(nu,6)^2 * ( F^-4*L3 + 4*F^-4*L1 + F^-4*L0 )

       + phi(mu,3)^2*phi(nu,7)^2 * ( F^-4*L3 + 4*F^-4*L1 + F^-4*L0 )

       + phi(mu,3)^2*phi(nu,8)^2 * ( F^-4*L3 + 4*F^-4*L1 + F^-4*L0 )

       + phi(mu,3)^2*phi(nu,9)^2 * ( F^-4*L3 + 4*F^-4*L1 + F^-4*L0 )

       + phi(mu,3)*phi(mu,4)*phi(nu,1)*phi(nu,6) * ( 4*sqrt2^-1*F^-4*L0 )

       + phi(mu,3)*phi(mu,4)*phi(nu,1)*phi(nu,8) * (  - 4*sqrt2^-1*F^-4*L0 )

       + phi(mu,3)*phi(mu,4)*phi(nu,2)*phi(nu,7) * (  - 4*sqrt2^-1*F^-4*L0 )

       + phi(mu,3)*phi(mu,4)*phi(nu,2)*phi(nu,9) * (  - 4*sqrt2^-1*F^-4*L0 )

       + phi(mu,3)*phi(mu,4)*phi(nu,3)*phi(nu,4) * ( 8*F^-4*L2 + 4*F^-4*L0 )

       + phi(mu,3)*phi(mu,5)*phi(nu,1)*phi(nu,7) * ( 4*sqrt2^-1*F^-4*L0 )

       + phi(mu,3)*phi(mu,5)*phi(nu,1)*phi(nu,9) * (  - 4*sqrt2^-1*F^-4*L0 )

       + phi(mu,3)*phi(mu,5)*phi(nu,2)*phi(nu,6) * ( 4*sqrt2^-1*F^-4*L0 )

       + phi(mu,3)*phi(mu,5)*phi(nu,2)*phi(nu,8) * ( 4*sqrt2^-1*F^-4*L0 )

       + phi(mu,3)*phi(mu,5)*phi(nu,3)*phi(nu,5) * ( 8*F^-4*L2 + 4*F^-4*L0 )

       + phi(mu,3)*phi(mu,6)*phi(nu,1)*phi(nu,4) * ( 4*sqrt2^-1*F^-4*L3 - 4*
         sqrt2^-1*F^-4*L0 )

       + phi(mu,3)*phi(mu,6)*phi(nu,2)*phi(nu,5) * ( 4*sqrt2^-1*F^-4*L3 - 4*
         sqrt2^-1*F^-4*L0 )

       + phi(mu,3)*phi(mu,6)*phi(nu,3)*phi(nu,6) * ( 4*F^-4*L3 + 8*F^-4*L2 + 4
         *F^-4*L0 )

       + phi(mu,3)*phi(mu,7)*phi(nu,1)*phi(nu,5) * ( 4*sqrt2^-1*F^-4*L3 - 4*
         sqrt2^-1*F^-4*L0 )

       + phi(mu,3)*phi(mu,7)*phi(nu,2)*phi(nu,4) * (  - 4*sqrt2^-1*F^-4*L3 + 4
         *sqrt2^-1*F^-4*L0 )

       + phi(mu,3)*phi(mu,7)*phi(nu,3)*phi(nu,7) * ( 4*F^-4*L3 + 8*F^-4*L2 + 4
         *F^-4*L0 )

       + phi(mu,3)*phi(mu,8)*phi(nu,1)*phi(nu,4) * (  - 4*sqrt2^-1*F^-4*L3 + 4
         *sqrt2^-1*F^-4*L0 )

       + phi(mu,3)*phi(mu,8)*phi(nu,2)*phi(nu,5) * ( 4*sqrt2^-1*F^-4*L3 - 4*
         sqrt2^-1*F^-4*L0 )

       + phi(mu,3)*phi(mu,8)*phi(nu,3)*phi(nu,8) * ( 4*F^-4*L3 + 8*F^-4*L2 + 4
         *F^-4*L0 )

       + phi(mu,3)*phi(mu,9)*phi(nu,1)*phi(nu,5) * (  - 4*sqrt2^-1*F^-4*L3 + 4
         *sqrt2^-1*F^-4*L0 )

       + phi(mu,3)*phi(mu,9)*phi(nu,2)*phi(nu,4) * (  - 4*sqrt2^-1*F^-4*L3 + 4
         *sqrt2^-1*F^-4*L0 )

       + phi(mu,3)*phi(mu,9)*phi(nu,3)*phi(nu,9) * ( 4*F^-4*L3 + 8*F^-4*L2 + 4
         *F^-4*L0 )

       + phi(mu,4)^2*phi(nu,1)^2 * ( F^-4*L3 + 4*F^-4*L1 + F^-4*L0 )

       + phi(mu,4)^2*phi(nu,2)^2 * ( F^-4*L3 + 4*F^-4*L1 + F^-4*L0 )

       + phi(mu,4)^2*phi(nu,3)^2 * ( F^-4*L3 + 4*F^-4*L1 - F^-4*L0 )

       + phi(mu,4)^2*phi(nu,4)^2 * ( F^-4*L3 + 4*F^-4*L2 + 4*F^-4*L1 + F^-4*L0
          )

       + phi(mu,4)^2*phi(nu,5)^2 * ( F^-4*L3 + 4*F^-4*L1 - F^-4*L0 )

       + phi(mu,4)^2*phi(nu,6)^2 * ( F^-4*L3 + 4*F^-4*L1 )

       + phi(mu,4)^2*phi(nu,6)*phi(nu,8) * ( 2*F^-4*L0 )

       + phi(mu,4)^2*phi(nu,7)^2 * ( F^-4*L3 + 4*F^-4*L1 )

       + phi(mu,4)^2*phi(nu,7)*phi(nu,9) * (  - 2*F^-4*L0 )

       + phi(mu,4)^2*phi(nu,8)^2 * ( F^-4*L3 + 4*F^-4*L1 )

       + phi(mu,4)^2*phi(nu,9)^2 * ( F^-4*L3 + 4*F^-4*L1 )

       + phi(mu,4)*phi(mu,5)*phi(nu,4)*phi(nu,5) * ( 8*F^-4*L2 + 4*F^-4*L0 )

       + phi(mu,4)*phi(mu,5)*phi(nu,6)*phi(nu,9) * ( 4*F^-4*L0 )

       + phi(mu,4)*phi(mu,5)*phi(nu,7)*phi(nu,8) * ( 4*F^-4*L0 )

       + phi(mu,4)*phi(mu,6)*phi(nu,1)*phi(nu,3) * ( 4*sqrt2^-1*F^-4*L0 )

       + phi(mu,4)*phi(mu,6)*phi(nu,4)*phi(nu,6) * ( 2*F^-4*L3 + 8*F^-4*L2 + 4
         *F^-4*L0 )

       + phi(mu,4)*phi(mu,6)*phi(nu,4)*phi(nu,8) * ( 2*F^-4*L3 )

       + phi(mu,4)*phi(mu,6)*phi(nu,5)*phi(nu,7) * ( 2*F^-4*L3 - 4*F^-4*L0 )

       + phi(mu,4)*phi(mu,6)*phi(nu,5)*phi(nu,9) * ( 2*F^-4*L3 )

       + phi(mu,4)*phi(mu,7)*phi(nu,2)*phi(nu,3) * (  - 4*sqrt2^-1*F^-4*L0 )

       + phi(mu,4)*phi(mu,7)*phi(nu,4)*phi(nu,7) * ( 2*F^-4*L3 + 8*F^-4*L2 + 4
         *F^-4*L0 )

       + phi(mu,4)*phi(mu,7)*phi(nu,4)*phi(nu,9) * (  - 2*F^-4*L3 )

       + phi(mu,4)*phi(mu,7)*phi(nu,5)*phi(nu,6) * (  - 2*F^-4*L3 + 4*F^-4*L0
          )

       + phi(mu,4)*phi(mu,7)*phi(nu,5)*phi(nu,8) * ( 2*F^-4*L3 )

       + phi(mu,4)*phi(mu,8)*phi(nu,1)*phi(nu,3) * (  - 4*sqrt2^-1*F^-4*L0 )

       + phi(mu,4)*phi(mu,8)*phi(nu,4)*phi(nu,6) * ( 2*F^-4*L3 )

       + phi(mu,4)*phi(mu,8)*phi(nu,4)*phi(nu,8) * ( 2*F^-4*L3 + 8*F^-4*L2 + 4
         *F^-4*L0 )

       + phi(mu,4)*phi(mu,8)*phi(nu,5)*phi(nu,7) * ( 2*F^-4*L3 )

       + phi(mu,4)*phi(mu,8)*phi(nu,5)*phi(nu,9) * ( 2*F^-4*L3 - 4*F^-4*L0 )

       + phi(mu,4)*phi(mu,9)*phi(nu,2)*phi(nu,3) * (  - 4*sqrt2^-1*F^-4*L0 )

       + phi(mu,4)*phi(mu,9)*phi(nu,4)*phi(nu,7) * (  - 2*F^-4*L3 )

       + phi(mu,4)*phi(mu,9)*phi(nu,4)*phi(nu,9) * ( 2*F^-4*L3 + 8*F^-4*L2 + 4
         *F^-4*L0 )

       + phi(mu,4)*phi(mu,9)*phi(nu,5)*phi(nu,6) * ( 2*F^-4*L3 )

       + phi(mu,4)*phi(mu,9)*phi(nu,5)*phi(nu,8) * (  - 2*F^-4*L3 + 4*F^-4*L0
          )

       + phi(mu,5)^2*phi(nu,1)^2 * ( F^-4*L3 + 4*F^-4*L1 + F^-4*L0 )

       + phi(mu,5)^2*phi(nu,2)^2 * ( F^-4*L3 + 4*F^-4*L1 + F^-4*L0 )

       + phi(mu,5)^2*phi(nu,3)^2 * ( F^-4*L3 + 4*F^-4*L1 - F^-4*L0 )

       + phi(mu,5)^2*phi(nu,4)^2 * ( F^-4*L3 + 4*F^-4*L1 - F^-4*L0 )

       + phi(mu,5)^2*phi(nu,5)^2 * ( F^-4*L3 + 4*F^-4*L2 + 4*F^-4*L1 + F^-4*L0
          )

       + phi(mu,5)^2*phi(nu,6)^2 * ( F^-4*L3 + 4*F^-4*L1 )

       + phi(mu,5)^2*phi(nu,6)*phi(nu,8) * (  - 2*F^-4*L0 )

       + phi(mu,5)^2*phi(nu,7)^2 * ( F^-4*L3 + 4*F^-4*L1 )

       + phi(mu,5)^2*phi(nu,7)*phi(nu,9) * ( 2*F^-4*L0 )

       + phi(mu,5)^2*phi(nu,8)^2 * ( F^-4*L3 + 4*F^-4*L1 )

       + phi(mu,5)^2*phi(nu,9)^2 * ( F^-4*L3 + 4*F^-4*L1 )

       + phi(mu,5)*phi(mu,6)*phi(nu,2)*phi(nu,3) * ( 4*sqrt2^-1*F^-4*L0 )

       + phi(mu,5)*phi(mu,6)*phi(nu,4)*phi(nu,7) * (  - 2*F^-4*L3 + 4*F^-4*L0
          )

       + phi(mu,5)*phi(mu,6)*phi(nu,4)*phi(nu,9) * ( 2*F^-4*L3 )

       + phi(mu,5)*phi(mu,6)*phi(nu,5)*phi(nu,6) * ( 2*F^-4*L3 + 8*F^-4*L2 + 4
         *F^-4*L0 )

       + phi(mu,5)*phi(mu,6)*phi(nu,5)*phi(nu,8) * (  - 2*F^-4*L3 )

       + phi(mu,5)*phi(mu,7)*phi(nu,1)*phi(nu,3) * ( 4*sqrt2^-1*F^-4*L0 )

       + phi(mu,5)*phi(mu,7)*phi(nu,4)*phi(nu,6) * ( 2*F^-4*L3 - 4*F^-4*L0 )

       + phi(mu,5)*phi(mu,7)*phi(nu,4)*phi(nu,8) * ( 2*F^-4*L3 )

       + phi(mu,5)*phi(mu,7)*phi(nu,5)*phi(nu,7) * ( 2*F^-4*L3 + 8*F^-4*L2 + 4
         *F^-4*L0 )

       + phi(mu,5)*phi(mu,7)*phi(nu,5)*phi(nu,9) * ( 2*F^-4*L3 )

       + phi(mu,5)*phi(mu,8)*phi(nu,2)*phi(nu,3) * ( 4*sqrt2^-1*F^-4*L0 )

       + phi(mu,5)*phi(mu,8)*phi(nu,4)*phi(nu,7) * ( 2*F^-4*L3 )

       + phi(mu,5)*phi(mu,8)*phi(nu,4)*phi(nu,9) * (  - 2*F^-4*L3 + 4*F^-4*L0
          )

       + phi(mu,5)*phi(mu,8)*phi(nu,5)*phi(nu,6) * (  - 2*F^-4*L3 )

       + phi(mu,5)*phi(mu,8)*phi(nu,5)*phi(nu,8) * ( 2*F^-4*L3 + 8*F^-4*L2 + 4
         *F^-4*L0 )

       + phi(mu,5)*phi(mu,9)*phi(nu,1)*phi(nu,3) * (  - 4*sqrt2^-1*F^-4*L0 )

       + phi(mu,5)*phi(mu,9)*phi(nu,4)*phi(nu,6) * ( 2*F^-4*L3 )

       + phi(mu,5)*phi(mu,9)*phi(nu,4)*phi(nu,8) * ( 2*F^-4*L3 - 4*F^-4*L0 )

       + phi(mu,5)*phi(mu,9)*phi(nu,5)*phi(nu,7) * ( 2*F^-4*L3 )

       + phi(mu,5)*phi(mu,9)*phi(nu,5)*phi(nu,9) * ( 2*F^-4*L3 + 8*F^-4*L2 + 4
         *F^-4*L0 )

       + phi(mu,6)^2*phi(nu,1)^2 * ( F^-4*L3 + 4*F^-4*L1 )

       + phi(mu,6)^2*phi(nu,2)^2 * ( F^-4*L3 + 4*F^-4*L1 )

       + phi(mu,6)^2*phi(nu,3)^2 * ( F^-4*L3 + 4*F^-4*L1 + F^-4*L0 )

       + phi(mu,6)^2*phi(nu,4)^2 * ( F^-4*L3 + 4*F^-4*L1 )

       + phi(mu,6)^2*phi(nu,5)^2 * ( F^-4*L3 + 4*F^-4*L1 )

       + phi(mu,6)^2*phi(nu,6)^2 * ( 2*F^-4*L3 + 4*F^-4*L2 + 4*F^-4*L1 + 2*
         F^-4*L0 )

       + phi(mu,6)^2*phi(nu,7)^2 * ( 2*F^-4*L3 + 4*F^-4*L1 - 2*F^-4*L0 )

       + phi(mu,6)^2*phi(nu,8)^2 * ( 4*F^-4*L1 )

       + phi(mu,6)^2*phi(nu,9)^2 * ( 4*F^-4*L1 )

       + phi(mu,6)*phi(mu,7)*phi(nu,6)*phi(nu,7) * ( 8*F^-4*L2 + 8*F^-4*L0 )

       + phi(mu,6)*phi(mu,8)*phi(nu,1)^2 * ( 2*F^-4*L0 )

       + phi(mu,6)*phi(mu,8)*phi(nu,2)^2 * (  - 2*F^-4*L0 )

       + phi(mu,6)*phi(mu,8)*phi(nu,4)^2 * ( 2*F^-4*L0 )

       + phi(mu,6)*phi(mu,8)*phi(nu,5)^2 * (  - 2*F^-4*L0 )

       + phi(mu,6)*phi(mu,8)*phi(nu,6)*phi(nu,8) * ( 8*F^-4*L2 )

       + phi(mu,6)*phi(mu,9)*phi(nu,1)*phi(nu,2) * ( 4*F^-4*L0 )

       + phi(mu,6)*phi(mu,9)*phi(nu,4)*phi(nu,5) * ( 4*F^-4*L0 )

       + phi(mu,6)*phi(mu,9)*phi(nu,6)*phi(nu,9) * ( 8*F^-4*L2 )

       + phi(mu,7)^2*phi(nu,1)^2 * ( F^-4*L3 + 4*F^-4*L1 )

       + phi(mu,7)^2*phi(nu,2)^2 * ( F^-4*L3 + 4*F^-4*L1 )

       + phi(mu,7)^2*phi(nu,3)^2 * ( F^-4*L3 + 4*F^-4*L1 + F^-4*L0 )

       + phi(mu,7)^2*phi(nu,4)^2 * ( F^-4*L3 + 4*F^-4*L1 )

       + phi(mu,7)^2*phi(nu,5)^2 * ( F^-4*L3 + 4*F^-4*L1 )

       + phi(mu,7)^2*phi(nu,6)^2 * ( 2*F^-4*L3 + 4*F^-4*L1 - 2*F^-4*L0 )

       + phi(mu,7)^2*phi(nu,7)^2 * ( 2*F^-4*L3 + 4*F^-4*L2 + 4*F^-4*L1 + 2*
         F^-4*L0 )

       + phi(mu,7)^2*phi(nu,8)^2 * ( 4*F^-4*L1 )

       + phi(mu,7)^2*phi(nu,9)^2 * ( 4*F^-4*L1 )

       + phi(mu,7)*phi(mu,8)*phi(nu,1)*phi(nu,2) * (  - 4*F^-4*L0 )

       + phi(mu,7)*phi(mu,8)*phi(nu,4)*phi(nu,5) * ( 4*F^-4*L0 )

       + phi(mu,7)*phi(mu,8)*phi(nu,7)*phi(nu,8) * ( 8*F^-4*L2 )

       + phi(mu,7)*phi(mu,9)*phi(nu,1)^2 * ( 2*F^-4*L0 )

       + phi(mu,7)*phi(mu,9)*phi(nu,2)^2 * (  - 2*F^-4*L0 )

       + phi(mu,7)*phi(mu,9)*phi(nu,4)^2 * (  - 2*F^-4*L0 )

       + phi(mu,7)*phi(mu,9)*phi(nu,5)^2 * ( 2*F^-4*L0 )

       + phi(mu,7)*phi(mu,9)*phi(nu,7)*phi(nu,9) * ( 8*F^-4*L2 )

       + phi(mu,8)^2*phi(nu,1)^2 * ( F^-4*L3 + 4*F^-4*L1 )

       + phi(mu,8)^2*phi(nu,2)^2 * ( F^-4*L3 + 4*F^-4*L1 )

       + phi(mu,8)^2*phi(nu,3)^2 * ( F^-4*L3 + 4*F^-4*L1 + F^-4*L0 )

       + phi(mu,8)^2*phi(nu,4)^2 * ( F^-4*L3 + 4*F^-4*L1 )

       + phi(mu,8)^2*phi(nu,5)^2 * ( F^-4*L3 + 4*F^-4*L1 )

       + phi(mu,8)^2*phi(nu,6)^2 * ( 4*F^-4*L1 )

       + phi(mu,8)^2*phi(nu,7)^2 * ( 4*F^-4*L1 )

       + phi(mu,8)^2*phi(nu,8)^2 * ( 2*F^-4*L3 + 4*F^-4*L2 + 4*F^-4*L1 + 2*
         F^-4*L0 )

       + phi(mu,8)^2*phi(nu,9)^2 * ( 2*F^-4*L3 + 4*F^-4*L1 - 2*F^-4*L0 )

       + phi(mu,8)*phi(mu,9)*phi(nu,8)*phi(nu,9) * ( 8*F^-4*L2 + 8*F^-4*L0 )

       + phi(mu,9)^2*phi(nu,1)^2 * ( F^-4*L3 + 4*F^-4*L1 )

       + phi(mu,9)^2*phi(nu,2)^2 * ( F^-4*L3 + 4*F^-4*L1 )

       + phi(mu,9)^2*phi(nu,3)^2 * ( F^-4*L3 + 4*F^-4*L1 + F^-4*L0 )

       + phi(mu,9)^2*phi(nu,4)^2 * ( F^-4*L3 + 4*F^-4*L1 )

       + phi(mu,9)^2*phi(nu,5)^2 * ( F^-4*L3 + 4*F^-4*L1 )

       + phi(mu,9)^2*phi(nu,6)^2 * ( 4*F^-4*L1 )

       + phi(mu,9)^2*phi(nu,7)^2 * ( 4*F^-4*L1 )

       + phi(mu,9)^2*phi(nu,8)^2 * ( 2*F^-4*L3 + 4*F^-4*L1 - 2*F^-4*L0 )

       + phi(mu,9)^2*phi(nu,9)^2 * ( 2*F^-4*L3 + 4*F^-4*L2 + 4*F^-4*L1 + 2*
         F^-4*L0 )

       + phi(1)^2*phi(mu,1)^2 * (  - 1/2*F^-4*mdd*L5 - 2*F^-4*mdd*L4 - 1/2*
         F^-4*muu*L5 - 2*F^-4*muu*L4 )

       + phi(1)^2*phi(mu,2)^2 * (  - 5/6*F^-4*mdd*L5 - 10/3*F^-4*mdd*L4 - 5/6*
         F^-4*muu*L5 - 10/3*F^-4*muu*L4 )

       + phi(1)^2*phi(mu,3)^2 * (  - 5/6*F^-4*mdd*L5 - 10/3*F^-4*mdd*L4 - 5/6*
         F^-4*muu*L5 - 10/3*F^-4*muu*L4 )

       + phi(1)^2*phi(mu,4)^2 * (  - 1/2*F^-4*mdd*L5 - 2*F^-4*mdd*L4 - 1/2*
         F^-4*muu*L5 - 2*F^-4*muu*L4 )

       + phi(1)^2*phi(mu,5)^2 * (  - 1/2*F^-4*mdd*L5 - 2*F^-4*mdd*L4 - 1/2*
         F^-4*muu*L5 - 2*F^-4*muu*L4 )

       + phi(1)^2*phi(mu,6)^2 * (  - 1/2*F^-4*mdd*L5 - 8/3*F^-4*mdd*L4 - 5/6*
         F^-4*muu*L5 - 8/3*F^-4*muu*L4 )

       + phi(1)^2*phi(mu,6)*phi(mu,8) * ( 1/3*F^-4*mdd*L5 + 4/3*F^-4*mdd*L4 + 
         1/3*F^-4*muu*L5 + 4/3*F^-4*muu*L4 )

       + phi(1)^2*phi(mu,7)^2 * (  - 1/2*F^-4*mdd*L5 - 8/3*F^-4*mdd*L4 - 5/6*
         F^-4*muu*L5 - 8/3*F^-4*muu*L4 )

       + phi(1)^2*phi(mu,7)*phi(mu,9) * ( 1/3*F^-4*mdd*L5 + 4/3*F^-4*mdd*L4 + 
         1/3*F^-4*muu*L5 + 4/3*F^-4*muu*L4 )

       + phi(1)^2*phi(mu,8)^2 * (  - 5/6*F^-4*mdd*L5 - 8/3*F^-4*mdd*L4 - 1/2*
         F^-4*muu*L5 - 8/3*F^-4*muu*L4 )

       + phi(1)^2*phi(mu,9)^2 * (  - 5/6*F^-4*mdd*L5 - 8/3*F^-4*mdd*L4 - 1/2*
         F^-4*muu*L5 - 8/3*F^-4*muu*L4 )

       + phi(1)^4 * ( 1/3*F^-4*mdd^2*L8 + 4/3*F^-4*mdd^2*L6 + 2/3*F^-4*muu*mdd
         *L8 + 8/3*F^-4*muu*mdd*L6 + 1/3*F^-4*muu^2*L8 + 4/3*F^-4*muu^2*L6 )

       + phi(1)^2*phi(2)^2 * ( 2/3*F^-4*mdd^2*L8 + 8/3*F^-4*mdd^2*L6 + 4/3*
         F^-4*muu*mdd*L8 + 16/3*F^-4*muu*mdd*L6 + 2/3*F^-4*muu^2*L8 + 8/3*F^-4
         *muu^2*L6 )

       + phi(1)^2*phi(3)^2 * ( F^-4*mdd^2*L8 + 4/3*F^-4*mdd^2*L7 + 8/3*F^-4*
         mdd^2*L6 + 2/3*F^-4*muu*mdd*L8 - 8/3*F^-4*muu*mdd*L7 + 16/3*F^-4*muu*
         mdd*L6 + F^-4*muu^2*L8 + 4/3*F^-4*muu^2*L7 + 8/3*F^-4*muu^2*L6 )

       + phi(1)^2*phi(4)^2 * ( 2*F^-4*mdd^2*L8 + 4*F^-4*mdd^2*L6 + 4*F^-4*muu*
         mdd*L8 + 8*F^-4*muu*mdd*L6 + 2*F^-4*muu^2*L8 + 4*F^-4*muu^2*L6 )

       + phi(1)^2*phi(5)^2 * ( 2*F^-4*mdd^2*L8 + 4*F^-4*mdd^2*L6 + 4*F^-4*muu*
         mdd*L8 + 8*F^-4*muu*mdd*L6 + 2*F^-4*muu^2*L8 + 4*F^-4*muu^2*L6 )

       + phi(1)^2*phi(6)^2 * ( 1/6*F^-4*mdd^2*L8 + 2/3*F^-4*mdd^2*L6 + 7/3*
         F^-4*muu*mdd*L8 + 20/3*F^-4*muu*mdd*L6 + 17/6*F^-4*muu^2*L8 + 6*F^-4*
         muu^2*L6 )

       + phi(1)^2*phi(6)*phi(8) * ( F^-4*mdd^2*L8 + 4/3*F^-4*mdd^2*L6 + 10/3*
         F^-4*muu*mdd*L8 + 8/3*F^-4*muu*mdd*L6 + F^-4*muu^2*L8 + 4/3*F^-4*
         muu^2*L6 )

       + phi(1)^2*phi(7)^2 * ( 1/6*F^-4*mdd^2*L8 + 2/3*F^-4*mdd^2*L6 + 7/3*
         F^-4*muu*mdd*L8 + 20/3*F^-4*muu*mdd*L6 + 17/6*F^-4*muu^2*L8 + 6*F^-4*
         muu^2*L6 )

       + phi(1)^2*phi(7)*phi(9) * ( F^-4*mdd^2*L8 + 4/3*F^-4*mdd^2*L6 + 10/3*
         F^-4*muu*mdd*L8 + 8/3*F^-4*muu*mdd*L6 + F^-4*muu^2*L8 + 4/3*F^-4*
         muu^2*L6 )

       + phi(1)^2*phi(8)^2 * ( 17/6*F^-4*mdd^2*L8 + 6*F^-4*mdd^2*L6 + 7/3*F^-4
         *muu*mdd*L8 + 20/3*F^-4*muu*mdd*L6 + 1/6*F^-4*muu^2*L8 + 2/3*F^-4*
         muu^2*L6 )

       + phi(1)^2*phi(9)^2 * ( 17/6*F^-4*mdd^2*L8 + 6*F^-4*mdd^2*L6 + 7/3*F^-4
         *muu*mdd*L8 + 20/3*F^-4*muu*mdd*L6 + 1/6*F^-4*muu^2*L8 + 2/3*F^-4*
         muu^2*L6 )

       + phi(1)*phi(2)*phi(mu,1)*phi(mu,2) * ( 2/3*F^-4*mdd*L5 + 8/3*F^-4*mdd*
         L4 + 2/3*F^-4*muu*L5 + 8/3*F^-4*muu*L4 )

       + phi(1)*phi(2)*phi(mu,6)*phi(mu,9) * ( 2/3*F^-4*mdd*L5 + 8/3*F^-4*mdd*
         L4 + 2/3*F^-4*muu*L5 + 8/3*F^-4*muu*L4 )

       + phi(1)*phi(2)*phi(mu,7)*phi(mu,8) * (  - 2/3*F^-4*mdd*L5 - 8/3*F^-4*
         mdd*L4 - 2/3*F^-4*muu*L5 - 8/3*F^-4*muu*L4 )

       + phi(1)*phi(2)*phi(6)*phi(9) * ( 2*F^-4*mdd^2*L8 + 8/3*F^-4*mdd^2*L6
          + 20/3*F^-4*muu*mdd*L8 + 16/3*F^-4*muu*mdd*L6 + 2*F^-4*muu^2*L8 + 8/
         3*F^-4*muu^2*L6 )

       + phi(1)*phi(2)*phi(7)*phi(8) * (  - 2*F^-4*mdd^2*L8 - 8/3*F^-4*mdd^2*
         L6 - 20/3*F^-4*muu*mdd*L8 - 16/3*F^-4*muu*mdd*L6 - 2*F^-4*muu^2*L8 - 
         8/3*F^-4*muu^2*L6 )

       + phi(1)*phi(3)*phi(mu,1)*phi(mu,3) * ( 2/3*F^-4*mdd*L5 + 8/3*F^-4*mdd*
         L4 + 2/3*F^-4*muu*L5 + 8/3*F^-4*muu*L4 )

       + phi(1)*phi(3)*phi(mu,4)*phi(mu,6) * ( 4/3*sqrt2^-1*F^-4*mdd*L5 + 8/3*
         sqrt2^-1*F^-4*mdd*L4 + 8/3*sqrt2^-1*F^-4*muu*L4 )

       + phi(1)*phi(3)*phi(mu,4)*phi(mu,8) * (  - 8/3*sqrt2^-1*F^-4*mdd*L4 - 4/
         3*sqrt2^-1*F^-4*muu*L5 - 8/3*sqrt2^-1*F^-4*muu*L4 )

       + phi(1)*phi(3)*phi(mu,5)*phi(mu,7) * ( 4/3*sqrt2^-1*F^-4*mdd*L5 + 8/3*
         sqrt2^-1*F^-4*mdd*L4 + 8/3*sqrt2^-1*F^-4*muu*L4 )

       + phi(1)*phi(3)*phi(mu,5)*phi(mu,9) * (  - 8/3*sqrt2^-1*F^-4*mdd*L4 - 4/
         3*sqrt2^-1*F^-4*muu*L5 - 8/3*sqrt2^-1*F^-4*muu*L4 )

       + phi(1)*phi(3)*phi(4)*phi(6) * (  - 4/3*sqrt2^-1*F^-4*mdd^2*L8 - 16/3*
         sqrt2^-1*F^-4*mdd^2*L7 + 8/3*sqrt2^-1*F^-4*muu*mdd*L8 - 16/3*sqrt2^-1
         *F^-4*muu*mdd*L7 + 16/3*sqrt2^-1*F^-4*muu*mdd*L6 + 28/3*sqrt2^-1*F^-4
         *muu^2*L8 + 32/3*sqrt2^-1*F^-4*muu^2*L7 + 16/3*sqrt2^-1*F^-4*muu^2*L6
          )

       + phi(1)*phi(3)*phi(4)*phi(8) * (  - 28/3*sqrt2^-1*F^-4*mdd^2*L8 - 32/3
         *sqrt2^-1*F^-4*mdd^2*L7 - 16/3*sqrt2^-1*F^-4*mdd^2*L6 - 8/3*sqrt2^-1*
         F^-4*muu*mdd*L8 + 16/3*sqrt2^-1*F^-4*muu*mdd*L7 - 16/3*sqrt2^-1*F^-4*
         muu*mdd*L6 + 4/3*sqrt2^-1*F^-4*muu^2*L8 + 16/3*sqrt2^-1*F^-4*muu^2*L7
          )

       + phi(1)*phi(3)*phi(5)*phi(7) * (  - 4/3*sqrt2^-1*F^-4*mdd^2*L8 - 16/3*
         sqrt2^-1*F^-4*mdd^2*L7 + 8/3*sqrt2^-1*F^-4*muu*mdd*L8 - 16/3*sqrt2^-1
         *F^-4*muu*mdd*L7 + 16/3*sqrt2^-1*F^-4*muu*mdd*L6 + 28/3*sqrt2^-1*F^-4
         *muu^2*L8 + 32/3*sqrt2^-1*F^-4*muu^2*L7 + 16/3*sqrt2^-1*F^-4*muu^2*L6
          )

       + phi(1)*phi(3)*phi(5)*phi(9) * (  - 28/3*sqrt2^-1*F^-4*mdd^2*L8 - 32/3
         *sqrt2^-1*F^-4*mdd^2*L7 - 16/3*sqrt2^-1*F^-4*mdd^2*L6 - 8/3*sqrt2^-1*
         F^-4*muu*mdd*L8 + 16/3*sqrt2^-1*F^-4*muu*mdd*L7 - 16/3*sqrt2^-1*F^-4*
         muu*mdd*L6 + 4/3*sqrt2^-1*F^-4*muu^2*L8 + 16/3*sqrt2^-1*F^-4*muu^2*L7
          )

       + phi(1)*phi(4)*phi(mu,1)*phi(mu,4) * (  - 2*F^-4*mdd*L5 - 2*F^-4*muu*
         L5 )

       + phi(1)*phi(4)*phi(mu,3)*phi(mu,6) * (  - 8/3*sqrt2^-1*F^-4*mdd*L5 - 
         16/3*sqrt2^-1*F^-4*mdd*L4 - 4*sqrt2^-1*F^-4*muu*L5 - 16/3*sqrt2^-1*
         F^-4*muu*L4 )

       + phi(1)*phi(4)*phi(mu,3)*phi(mu,8) * ( 4*sqrt2^-1*F^-4*mdd*L5 + 16/3*
         sqrt2^-1*F^-4*mdd*L4 + 8/3*sqrt2^-1*F^-4*muu*L5 + 16/3*sqrt2^-1*F^-4*
         muu*L4 )

       + phi(1)*phi(5)*phi(mu,1)*phi(mu,5) * (  - 2*F^-4*mdd*L5 - 2*F^-4*muu*
         L5 )

       + phi(1)*phi(5)*phi(mu,3)*phi(mu,7) * (  - 8/3*sqrt2^-1*F^-4*mdd*L5 - 
         16/3*sqrt2^-1*F^-4*mdd*L4 - 4*sqrt2^-1*F^-4*muu*L5 - 16/3*sqrt2^-1*
         F^-4*muu*L4 )

       + phi(1)*phi(5)*phi(mu,3)*phi(mu,9) * ( 4*sqrt2^-1*F^-4*mdd*L5 + 16/3*
         sqrt2^-1*F^-4*mdd*L4 + 8/3*sqrt2^-1*F^-4*muu*L5 + 16/3*sqrt2^-1*F^-4*
         muu*L4 )

       + phi(1)*phi(6)*phi(mu,1)*phi(mu,6) * (  - 1/3*F^-4*mdd*L5 + 4/3*F^-4*
         mdd*L4 - F^-4*muu*L5 + 4/3*F^-4*muu*L4 )

       + phi(1)*phi(6)*phi(mu,1)*phi(mu,8) * (  - F^-4*mdd*L5 - 4/3*F^-4*mdd*
         L4 - 5/3*F^-4*muu*L5 - 4/3*F^-4*muu*L4 )

       + phi(1)*phi(6)*phi(mu,2)*phi(mu,7) * ( F^-4*mdd*L5 + 4*F^-4*mdd*L4 + 3
         *F^-4*muu*L5 + 4*F^-4*muu*L4 )

       + phi(1)*phi(6)*phi(mu,2)*phi(mu,9) * (  - F^-4*mdd*L5 - 4/3*F^-4*mdd*
         L4 - 5/3*F^-4*muu*L5 - 4/3*F^-4*muu*L4 )

       + phi(1)*phi(6)*phi(mu,3)*phi(mu,4) * ( 2/3*sqrt2^-1*F^-4*mdd*L5 + 8/3*
         sqrt2^-1*F^-4*mdd*L4 + 2/3*sqrt2^-1*F^-4*muu*L5 + 8/3*sqrt2^-1*F^-4*
         muu*L4 )

       + phi(1)*phi(7)*phi(mu,1)*phi(mu,7) * (  - 1/3*F^-4*mdd*L5 + 4/3*F^-4*
         mdd*L4 - F^-4*muu*L5 + 4/3*F^-4*muu*L4 )

       + phi(1)*phi(7)*phi(mu,1)*phi(mu,9) * (  - F^-4*mdd*L5 - 4/3*F^-4*mdd*
         L4 - 5/3*F^-4*muu*L5 - 4/3*F^-4*muu*L4 )

       + phi(1)*phi(7)*phi(mu,2)*phi(mu,6) * (  - F^-4*mdd*L5 - 4*F^-4*mdd*L4
          - 3*F^-4*muu*L5 - 4*F^-4*muu*L4 )

       + phi(1)*phi(7)*phi(mu,2)*phi(mu,8) * ( F^-4*mdd*L5 + 4/3*F^-4*mdd*L4
          + 5/3*F^-4*muu*L5 + 4/3*F^-4*muu*L4 )

       + phi(1)*phi(7)*phi(mu,3)*phi(mu,5) * ( 2/3*sqrt2^-1*F^-4*mdd*L5 + 8/3*
         sqrt2^-1*F^-4*mdd*L4 + 2/3*sqrt2^-1*F^-4*muu*L5 + 8/3*sqrt2^-1*F^-4*
         muu*L4 )

       + phi(1)*phi(8)*phi(mu,1)*phi(mu,6) * (  - 5/3*F^-4*mdd*L5 - 4/3*F^-4*
         mdd*L4 - F^-4*muu*L5 - 4/3*F^-4*muu*L4 )

       + phi(1)*phi(8)*phi(mu,1)*phi(mu,8) * (  - F^-4*mdd*L5 + 4/3*F^-4*mdd*
         L4 - 1/3*F^-4*muu*L5 + 4/3*F^-4*muu*L4 )

       + phi(1)*phi(8)*phi(mu,2)*phi(mu,7) * ( 5/3*F^-4*mdd*L5 + 4/3*F^-4*mdd*
         L4 + F^-4*muu*L5 + 4/3*F^-4*muu*L4 )

       + phi(1)*phi(8)*phi(mu,2)*phi(mu,9) * (  - 3*F^-4*mdd*L5 - 4*F^-4*mdd*
         L4 - F^-4*muu*L5 - 4*F^-4*muu*L4 )

       + phi(1)*phi(8)*phi(mu,3)*phi(mu,4) * (  - 2/3*sqrt2^-1*F^-4*mdd*L5 - 8/
         3*sqrt2^-1*F^-4*mdd*L4 - 2/3*sqrt2^-1*F^-4*muu*L5 - 8/3*sqrt2^-1*F^-4
         *muu*L4 )

       + phi(1)*phi(9)*phi(mu,1)*phi(mu,7) * (  - 5/3*F^-4*mdd*L5 - 4/3*F^-4*
         mdd*L4 - F^-4*muu*L5 - 4/3*F^-4*muu*L4 )

       + phi(1)*phi(9)*phi(mu,1)*phi(mu,9) * (  - F^-4*mdd*L5 + 4/3*F^-4*mdd*
         L4 - 1/3*F^-4*muu*L5 + 4/3*F^-4*muu*L4 )

       + phi(1)*phi(9)*phi(mu,2)*phi(mu,6) * (  - 5/3*F^-4*mdd*L5 - 4/3*F^-4*
         mdd*L4 - F^-4*muu*L5 - 4/3*F^-4*muu*L4 )

       + phi(1)*phi(9)*phi(mu,2)*phi(mu,8) * ( 3*F^-4*mdd*L5 + 4*F^-4*mdd*L4
          + F^-4*muu*L5 + 4*F^-4*muu*L4 )

       + phi(1)*phi(9)*phi(mu,3)*phi(mu,5) * (  - 2/3*sqrt2^-1*F^-4*mdd*L5 - 8/
         3*sqrt2^-1*F^-4*mdd*L4 - 2/3*sqrt2^-1*F^-4*muu*L5 - 8/3*sqrt2^-1*F^-4
         *muu*L4 )

       + phi(2)^2*phi(mu,1)^2 * (  - 5/6*F^-4*mdd*L5 - 10/3*F^-4*mdd*L4 - 5/6*
         F^-4*muu*L5 - 10/3*F^-4*muu*L4 )

       + phi(2)^2*phi(mu,2)^2 * (  - 1/2*F^-4*mdd*L5 - 2*F^-4*mdd*L4 - 1/2*
         F^-4*muu*L5 - 2*F^-4*muu*L4 )

       + phi(2)^2*phi(mu,3)^2 * (  - 5/6*F^-4*mdd*L5 - 10/3*F^-4*mdd*L4 - 5/6*
         F^-4*muu*L5 - 10/3*F^-4*muu*L4 )

       + phi(2)^2*phi(mu,4)^2 * (  - 1/2*F^-4*mdd*L5 - 2*F^-4*mdd*L4 - 1/2*
         F^-4*muu*L5 - 2*F^-4*muu*L4 )

       + phi(2)^2*phi(mu,5)^2 * (  - 1/2*F^-4*mdd*L5 - 2*F^-4*mdd*L4 - 1/2*
         F^-4*muu*L5 - 2*F^-4*muu*L4 )

       + phi(2)^2*phi(mu,6)^2 * (  - 1/2*F^-4*mdd*L5 - 8/3*F^-4*mdd*L4 - 5/6*
         F^-4*muu*L5 - 8/3*F^-4*muu*L4 )

       + phi(2)^2*phi(mu,6)*phi(mu,8) * (  - 1/3*F^-4*mdd*L5 - 4/3*F^-4*mdd*L4
          - 1/3*F^-4*muu*L5 - 4/3*F^-4*muu*L4 )

       + phi(2)^2*phi(mu,7)^2 * (  - 1/2*F^-4*mdd*L5 - 8/3*F^-4*mdd*L4 - 5/6*
         F^-4*muu*L5 - 8/3*F^-4*muu*L4 )

       + phi(2)^2*phi(mu,7)*phi(mu,9) * (  - 1/3*F^-4*mdd*L5 - 4/3*F^-4*mdd*L4
          - 1/3*F^-4*muu*L5 - 4/3*F^-4*muu*L4 )

       + phi(2)^2*phi(mu,8)^2 * (  - 5/6*F^-4*mdd*L5 - 8/3*F^-4*mdd*L4 - 1/2*
         F^-4*muu*L5 - 8/3*F^-4*muu*L4 )

       + phi(2)^2*phi(mu,9)^2 * (  - 5/6*F^-4*mdd*L5 - 8/3*F^-4*mdd*L4 - 1/2*
         F^-4*muu*L5 - 8/3*F^-4*muu*L4 )

       + phi(2)^4 * ( 1/3*F^-4*mdd^2*L8 + 4/3*F^-4*mdd^2*L6 + 2/3*F^-4*muu*mdd
         *L8 + 8/3*F^-4*muu*mdd*L6 + 1/3*F^-4*muu^2*L8 + 4/3*F^-4*muu^2*L6 )

       + phi(2)^2*phi(3)^2 * ( F^-4*mdd^2*L8 + 4/3*F^-4*mdd^2*L7 + 8/3*F^-4*
         mdd^2*L6 + 2/3*F^-4*muu*mdd*L8 - 8/3*F^-4*muu*mdd*L7 + 16/3*F^-4*muu*
         mdd*L6 + F^-4*muu^2*L8 + 4/3*F^-4*muu^2*L7 + 8/3*F^-4*muu^2*L6 )

       + phi(2)^2*phi(4)^2 * ( 2*F^-4*mdd^2*L8 + 4*F^-4*mdd^2*L6 + 4*F^-4*muu*
         mdd*L8 + 8*F^-4*muu*mdd*L6 + 2*F^-4*muu^2*L8 + 4*F^-4*muu^2*L6 )

       + phi(2)^2*phi(5)^2 * ( 2*F^-4*mdd^2*L8 + 4*F^-4*mdd^2*L6 + 4*F^-4*muu*
         mdd*L8 + 8*F^-4*muu*mdd*L6 + 2*F^-4*muu^2*L8 + 4*F^-4*muu^2*L6 )

       + phi(2)^2*phi(6)^2 * ( 1/6*F^-4*mdd^2*L8 + 2/3*F^-4*mdd^2*L6 + 7/3*
         F^-4*muu*mdd*L8 + 20/3*F^-4*muu*mdd*L6 + 17/6*F^-4*muu^2*L8 + 6*F^-4*
         muu^2*L6 )

       + phi(2)^2*phi(6)*phi(8) * (  - F^-4*mdd^2*L8 - 4/3*F^-4*mdd^2*L6 - 10/
         3*F^-4*muu*mdd*L8 - 8/3*F^-4*muu*mdd*L6 - F^-4*muu^2*L8 - 4/3*F^-4*
         muu^2*L6 )

       + phi(2)^2*phi(7)^2 * ( 1/6*F^-4*mdd^2*L8 + 2/3*F^-4*mdd^2*L6 + 7/3*
         F^-4*muu*mdd*L8 + 20/3*F^-4*muu*mdd*L6 + 17/6*F^-4*muu^2*L8 + 6*F^-4*
         muu^2*L6 )

       + phi(2)^2*phi(7)*phi(9) * (  - F^-4*mdd^2*L8 - 4/3*F^-4*mdd^2*L6 - 10/
         3*F^-4*muu*mdd*L8 - 8/3*F^-4*muu*mdd*L6 - F^-4*muu^2*L8 - 4/3*F^-4*
         muu^2*L6 )

       + phi(2)^2*phi(8)^2 * ( 17/6*F^-4*mdd^2*L8 + 6*F^-4*mdd^2*L6 + 7/3*F^-4
         *muu*mdd*L8 + 20/3*F^-4*muu*mdd*L6 + 1/6*F^-4*muu^2*L8 + 2/3*F^-4*
         muu^2*L6 )

       + phi(2)^2*phi(9)^2 * ( 17/6*F^-4*mdd^2*L8 + 6*F^-4*mdd^2*L6 + 7/3*F^-4
         *muu*mdd*L8 + 20/3*F^-4*muu*mdd*L6 + 1/6*F^-4*muu^2*L8 + 2/3*F^-4*
         muu^2*L6 )

       + phi(2)*phi(3)*phi(mu,2)*phi(mu,3) * ( 2/3*F^-4*mdd*L5 + 8/3*F^-4*mdd*
         L4 + 2/3*F^-4*muu*L5 + 8/3*F^-4*muu*L4 )

       + phi(2)*phi(3)*phi(mu,4)*phi(mu,7) * (  - 4/3*sqrt2^-1*F^-4*mdd*L5 - 8/
         3*sqrt2^-1*F^-4*mdd*L4 - 8/3*sqrt2^-1*F^-4*muu*L4 )

       + phi(2)*phi(3)*phi(mu,4)*phi(mu,9) * (  - 8/3*sqrt2^-1*F^-4*mdd*L4 - 4/
         3*sqrt2^-1*F^-4*muu*L5 - 8/3*sqrt2^-1*F^-4*muu*L4 )

       + phi(2)*phi(3)*phi(mu,5)*phi(mu,6) * ( 4/3*sqrt2^-1*F^-4*mdd*L5 + 8/3*
         sqrt2^-1*F^-4*mdd*L4 + 8/3*sqrt2^-1*F^-4*muu*L4 )

       + phi(2)*phi(3)*phi(mu,5)*phi(mu,8) * ( 8/3*sqrt2^-1*F^-4*mdd*L4 + 4/3*
         sqrt2^-1*F^-4*muu*L5 + 8/3*sqrt2^-1*F^-4*muu*L4 )

       + phi(2)*phi(3)*phi(4)*phi(7) * ( 4/3*sqrt2^-1*F^-4*mdd^2*L8 + 16/3*
         sqrt2^-1*F^-4*mdd^2*L7 - 8/3*sqrt2^-1*F^-4*muu*mdd*L8 + 16/3*sqrt2^-1
         *F^-4*muu*mdd*L7 - 16/3*sqrt2^-1*F^-4*muu*mdd*L6 - 28/3*sqrt2^-1*F^-4
         *muu^2*L8 - 32/3*sqrt2^-1*F^-4*muu^2*L7 - 16/3*sqrt2^-1*F^-4*muu^2*L6
          )

       + phi(2)*phi(3)*phi(4)*phi(9) * (  - 28/3*sqrt2^-1*F^-4*mdd^2*L8 - 32/3
         *sqrt2^-1*F^-4*mdd^2*L7 - 16/3*sqrt2^-1*F^-4*mdd^2*L6 - 8/3*sqrt2^-1*
         F^-4*muu*mdd*L8 + 16/3*sqrt2^-1*F^-4*muu*mdd*L7 - 16/3*sqrt2^-1*F^-4*
         muu*mdd*L6 + 4/3*sqrt2^-1*F^-4*muu^2*L8 + 16/3*sqrt2^-1*F^-4*muu^2*L7
          )

       + phi(2)*phi(3)*phi(5)*phi(6) * (  - 4/3*sqrt2^-1*F^-4*mdd^2*L8 - 16/3*
         sqrt2^-1*F^-4*mdd^2*L7 + 8/3*sqrt2^-1*F^-4*muu*mdd*L8 - 16/3*sqrt2^-1
         *F^-4*muu*mdd*L7 + 16/3*sqrt2^-1*F^-4*muu*mdd*L6 + 28/3*sqrt2^-1*F^-4
         *muu^2*L8 + 32/3*sqrt2^-1*F^-4*muu^2*L7 + 16/3*sqrt2^-1*F^-4*muu^2*L6
          )

       + phi(2)*phi(3)*phi(5)*phi(8) * ( 28/3*sqrt2^-1*F^-4*mdd^2*L8 + 32/3*
         sqrt2^-1*F^-4*mdd^2*L7 + 16/3*sqrt2^-1*F^-4*mdd^2*L6 + 8/3*sqrt2^-1*
         F^-4*muu*mdd*L8 - 16/3*sqrt2^-1*F^-4*muu*mdd*L7 + 16/3*sqrt2^-1*F^-4*
         muu*mdd*L6 - 4/3*sqrt2^-1*F^-4*muu^2*L8 - 16/3*sqrt2^-1*F^-4*muu^2*L7
          )

       + phi(2)*phi(4)*phi(mu,2)*phi(mu,4) * (  - 2*F^-4*mdd*L5 - 2*F^-4*muu*
         L5 )

       + phi(2)*phi(4)*phi(mu,3)*phi(mu,7) * ( 8/3*sqrt2^-1*F^-4*mdd*L5 + 16/3
         *sqrt2^-1*F^-4*mdd*L4 + 4*sqrt2^-1*F^-4*muu*L5 + 16/3*sqrt2^-1*F^-4*
         muu*L4 )

       + phi(2)*phi(4)*phi(mu,3)*phi(mu,9) * ( 4*sqrt2^-1*F^-4*mdd*L5 + 16/3*
         sqrt2^-1*F^-4*mdd*L4 + 8/3*sqrt2^-1*F^-4*muu*L5 + 16/3*sqrt2^-1*F^-4*
         muu*L4 )

       + phi(2)*phi(5)*phi(mu,2)*phi(mu,5) * (  - 2*F^-4*mdd*L5 - 2*F^-4*muu*
         L5 )

       + phi(2)*phi(5)*phi(mu,3)*phi(mu,6) * (  - 8/3*sqrt2^-1*F^-4*mdd*L5 - 
         16/3*sqrt2^-1*F^-4*mdd*L4 - 4*sqrt2^-1*F^-4*muu*L5 - 16/3*sqrt2^-1*
         F^-4*muu*L4 )

       + phi(2)*phi(5)*phi(mu,3)*phi(mu,8) * (  - 4*sqrt2^-1*F^-4*mdd*L5 - 16/
         3*sqrt2^-1*F^-4*mdd*L4 - 8/3*sqrt2^-1*F^-4*muu*L5 - 16/3*sqrt2^-1*
         F^-4*muu*L4 )

       + phi(2)*phi(6)*phi(mu,1)*phi(mu,7) * (  - F^-4*mdd*L5 - 4*F^-4*mdd*L4
          - 3*F^-4*muu*L5 - 4*F^-4*muu*L4 )

       + phi(2)*phi(6)*phi(mu,1)*phi(mu,9) * (  - F^-4*mdd*L5 - 4/3*F^-4*mdd*
         L4 - 5/3*F^-4*muu*L5 - 4/3*F^-4*muu*L4 )

       + phi(2)*phi(6)*phi(mu,2)*phi(mu,6) * (  - 1/3*F^-4*mdd*L5 + 4/3*F^-4*
         mdd*L4 - F^-4*muu*L5 + 4/3*F^-4*muu*L4 )

       + phi(2)*phi(6)*phi(mu,2)*phi(mu,8) * ( F^-4*mdd*L5 + 4/3*F^-4*mdd*L4
          + 5/3*F^-4*muu*L5 + 4/3*F^-4*muu*L4 )

       + phi(2)*phi(6)*phi(mu,3)*phi(mu,5) * ( 2/3*sqrt2^-1*F^-4*mdd*L5 + 8/3*
         sqrt2^-1*F^-4*mdd*L4 + 2/3*sqrt2^-1*F^-4*muu*L5 + 8/3*sqrt2^-1*F^-4*
         muu*L4 )

       + phi(2)*phi(7)*phi(mu,1)*phi(mu,6) * ( F^-4*mdd*L5 + 4*F^-4*mdd*L4 + 3
         *F^-4*muu*L5 + 4*F^-4*muu*L4 )

       + phi(2)*phi(7)*phi(mu,1)*phi(mu,8) * ( F^-4*mdd*L5 + 4/3*F^-4*mdd*L4
          + 5/3*F^-4*muu*L5 + 4/3*F^-4*muu*L4 )

       + phi(2)*phi(7)*phi(mu,2)*phi(mu,7) * (  - 1/3*F^-4*mdd*L5 + 4/3*F^-4*
         mdd*L4 - F^-4*muu*L5 + 4/3*F^-4*muu*L4 )

       + phi(2)*phi(7)*phi(mu,2)*phi(mu,9) * ( F^-4*mdd*L5 + 4/3*F^-4*mdd*L4
          + 5/3*F^-4*muu*L5 + 4/3*F^-4*muu*L4 )

       + phi(2)*phi(7)*phi(mu,3)*phi(mu,4) * (  - 2/3*sqrt2^-1*F^-4*mdd*L5 - 8/
         3*sqrt2^-1*F^-4*mdd*L4 - 2/3*sqrt2^-1*F^-4*muu*L5 - 8/3*sqrt2^-1*F^-4
         *muu*L4 )

       + phi(2)*phi(8)*phi(mu,1)*phi(mu,7) * ( 5/3*F^-4*mdd*L5 + 4/3*F^-4*mdd*
         L4 + F^-4*muu*L5 + 4/3*F^-4*muu*L4 )

       + phi(2)*phi(8)*phi(mu,1)*phi(mu,9) * ( 3*F^-4*mdd*L5 + 4*F^-4*mdd*L4
          + F^-4*muu*L5 + 4*F^-4*muu*L4 )

       + phi(2)*phi(8)*phi(mu,2)*phi(mu,6) * ( 5/3*F^-4*mdd*L5 + 4/3*F^-4*mdd*
         L4 + F^-4*muu*L5 + 4/3*F^-4*muu*L4 )

       + phi(2)*phi(8)*phi(mu,2)*phi(mu,8) * (  - F^-4*mdd*L5 + 4/3*F^-4*mdd*
         L4 - 1/3*F^-4*muu*L5 + 4/3*F^-4*muu*L4 )

       + phi(2)*phi(8)*phi(mu,3)*phi(mu,5) * ( 2/3*sqrt2^-1*F^-4*mdd*L5 + 8/3*
         sqrt2^-1*F^-4*mdd*L4 + 2/3*sqrt2^-1*F^-4*muu*L5 + 8/3*sqrt2^-1*F^-4*
         muu*L4 )

       + phi(2)*phi(9)*phi(mu,1)*phi(mu,6) * (  - 5/3*F^-4*mdd*L5 - 4/3*F^-4*
         mdd*L4 - F^-4*muu*L5 - 4/3*F^-4*muu*L4 )

       + phi(2)*phi(9)*phi(mu,1)*phi(mu,8) * (  - 3*F^-4*mdd*L5 - 4*F^-4*mdd*
         L4 - F^-4*muu*L5 - 4*F^-4*muu*L4 )

       + phi(2)*phi(9)*phi(mu,2)*phi(mu,7) * ( 5/3*F^-4*mdd*L5 + 4/3*F^-4*mdd*
         L4 + F^-4*muu*L5 + 4/3*F^-4*muu*L4 )

       + phi(2)*phi(9)*phi(mu,2)*phi(mu,9) * (  - F^-4*mdd*L5 + 4/3*F^-4*mdd*
         L4 - 1/3*F^-4*muu*L5 + 4/3*F^-4*muu*L4 )

       + phi(2)*phi(9)*phi(mu,3)*phi(mu,4) * (  - 2/3*sqrt2^-1*F^-4*mdd*L5 - 8/
         3*sqrt2^-1*F^-4*mdd*L4 - 2/3*sqrt2^-1*F^-4*muu*L5 - 8/3*sqrt2^-1*F^-4
         *muu*L4 )

       + phi(3)^2*phi(mu,1)^2 * (  - 5/6*F^-4*mdd*L5 - 10/3*F^-4*mdd*L4 - 5/6*
         F^-4*muu*L5 - 10/3*F^-4*muu*L4 )

       + phi(3)^2*phi(mu,2)^2 * (  - 5/6*F^-4*mdd*L5 - 10/3*F^-4*mdd*L4 - 5/6*
         F^-4*muu*L5 - 10/3*F^-4*muu*L4 )

       + phi(3)^2*phi(mu,3)^2 * (  - 1/2*F^-4*mdd*L5 - 2*F^-4*mdd*L4 - 1/2*
         F^-4*muu*L5 - 2*F^-4*muu*L4 )

       + phi(3)^2*phi(mu,4)^2 * (  - 5/6*F^-4*mdd*L5 - 10/3*F^-4*mdd*L4 - 5/6*
         F^-4*muu*L5 - 10/3*F^-4*muu*L4 )

       + phi(3)^2*phi(mu,5)^2 * (  - 5/6*F^-4*mdd*L5 - 10/3*F^-4*mdd*L4 - 5/6*
         F^-4*muu*L5 - 10/3*F^-4*muu*L4 )

       + phi(3)^2*phi(mu,6)^2 * (  - 2*F^-4*mdd*L4 - F^-4*muu*L5 - 2*F^-4*muu*
         L4 )

       + phi(3)^2*phi(mu,7)^2 * (  - 2*F^-4*mdd*L4 - F^-4*muu*L5 - 2*F^-4*muu*
         L4 )

       + phi(3)^2*phi(mu,8)^2 * (  - F^-4*mdd*L5 - 2*F^-4*mdd*L4 - 2*F^-4*muu*
         L4 )

       + phi(3)^2*phi(mu,9)^2 * (  - F^-4*mdd*L5 - 2*F^-4*mdd*L4 - 2*F^-4*muu*
         L4 )

       + phi(3)^4 * ( 2/3*F^-4*mdd^2*L8 + 4/3*F^-4*mdd^2*L7 + 4/3*F^-4*mdd^2*
         L6 - 8/3*F^-4*muu*mdd*L7 + 8/3*F^-4*muu*mdd*L6 + 2/3*F^-4*muu^2*L8 + 
         4/3*F^-4*muu^2*L7 + 4/3*F^-4*muu^2*L6 )

       + phi(3)^2*phi(4)^2 * ( F^-4*mdd^2*L8 + 4/3*F^-4*mdd^2*L7 + 8/3*F^-4*
         mdd^2*L6 + 2/3*F^-4*muu*mdd*L8 - 8/3*F^-4*muu*mdd*L7 + 16/3*F^-4*muu*
         mdd*L6 + F^-4*muu^2*L8 + 4/3*F^-4*muu^2*L7 + 8/3*F^-4*muu^2*L6 )

       + phi(3)^2*phi(5)^2 * ( F^-4*mdd^2*L8 + 4/3*F^-4*mdd^2*L7 + 8/3*F^-4*
         mdd^2*L6 + 2/3*F^-4*muu*mdd*L8 - 8/3*F^-4*muu*mdd*L7 + 16/3*F^-4*muu*
         mdd*L6 + F^-4*muu^2*L8 + 4/3*F^-4*muu^2*L7 + 8/3*F^-4*muu^2*L6 )

       + phi(3)^2*phi(6)^2 * (  - 8*F^-4*muu*mdd*L7 + 8*F^-4*muu*mdd*L6 + 8*
         F^-4*muu^2*L8 + 8*F^-4*muu^2*L7 + 8*F^-4*muu^2*L6 )

       + phi(3)^2*phi(7)^2 * (  - 8*F^-4*muu*mdd*L7 + 8*F^-4*muu*mdd*L6 + 8*
         F^-4*muu^2*L8 + 8*F^-4*muu^2*L7 + 8*F^-4*muu^2*L6 )

       + phi(3)^2*phi(8)^2 * ( 8*F^-4*mdd^2*L8 + 8*F^-4*mdd^2*L7 + 8*F^-4*
         mdd^2*L6 - 8*F^-4*muu*mdd*L7 + 8*F^-4*muu*mdd*L6 )

       + phi(3)^2*phi(9)^2 * ( 8*F^-4*mdd^2*L8 + 8*F^-4*mdd^2*L7 + 8*F^-4*
         mdd^2*L6 - 8*F^-4*muu*mdd*L7 + 8*F^-4*muu*mdd*L6 )

       + phi(3)*phi(4)*phi(mu,1)*phi(mu,6) * ( 4/3*sqrt2^-1*F^-4*mdd*L5 + 8/3*
         sqrt2^-1*F^-4*mdd*L4 + 8/3*sqrt2^-1*F^-4*muu*L4 )

       + phi(3)*phi(4)*phi(mu,1)*phi(mu,8) * (  - 8/3*sqrt2^-1*F^-4*mdd*L4 - 4/
         3*sqrt2^-1*F^-4*muu*L5 - 8/3*sqrt2^-1*F^-4*muu*L4 )

       + phi(3)*phi(4)*phi(mu,2)*phi(mu,7) * (  - 4/3*sqrt2^-1*F^-4*mdd*L5 - 8/
         3*sqrt2^-1*F^-4*mdd*L4 - 8/3*sqrt2^-1*F^-4*muu*L4 )

       + phi(3)*phi(4)*phi(mu,2)*phi(mu,9) * (  - 8/3*sqrt2^-1*F^-4*mdd*L4 - 4/
         3*sqrt2^-1*F^-4*muu*L5 - 8/3*sqrt2^-1*F^-4*muu*L4 )

       + phi(3)*phi(4)*phi(mu,3)*phi(mu,4) * ( 2/3*F^-4*mdd*L5 + 8/3*F^-4*mdd*
         L4 + 2/3*F^-4*muu*L5 + 8/3*F^-4*muu*L4 )

       + phi(3)*phi(5)*phi(mu,1)*phi(mu,7) * ( 4/3*sqrt2^-1*F^-4*mdd*L5 + 8/3*
         sqrt2^-1*F^-4*mdd*L4 + 8/3*sqrt2^-1*F^-4*muu*L4 )

       + phi(3)*phi(5)*phi(mu,1)*phi(mu,9) * (  - 8/3*sqrt2^-1*F^-4*mdd*L4 - 4/
         3*sqrt2^-1*F^-4*muu*L5 - 8/3*sqrt2^-1*F^-4*muu*L4 )

       + phi(3)*phi(5)*phi(mu,2)*phi(mu,6) * ( 4/3*sqrt2^-1*F^-4*mdd*L5 + 8/3*
         sqrt2^-1*F^-4*mdd*L4 + 8/3*sqrt2^-1*F^-4*muu*L4 )

       + phi(3)*phi(5)*phi(mu,2)*phi(mu,8) * ( 8/3*sqrt2^-1*F^-4*mdd*L4 + 4/3*
         sqrt2^-1*F^-4*muu*L5 + 8/3*sqrt2^-1*F^-4*muu*L4 )

       + phi(3)*phi(5)*phi(mu,3)*phi(mu,5) * ( 2/3*F^-4*mdd*L5 + 8/3*F^-4*mdd*
         L4 + 2/3*F^-4*muu*L5 + 8/3*F^-4*muu*L4 )

       + phi(3)*phi(6)*phi(mu,1)*phi(mu,4) * (  - 4/3*sqrt2^-1*F^-4*mdd*L5 - 
         16/3*sqrt2^-1*F^-4*mdd*L4 - 16/3*sqrt2^-1*F^-4*muu*L5 - 16/3*sqrt2^-1
         *F^-4*muu*L4 )

       + phi(3)*phi(6)*phi(mu,2)*phi(mu,5) * (  - 4/3*sqrt2^-1*F^-4*mdd*L5 - 
         16/3*sqrt2^-1*F^-4*mdd*L4 - 16/3*sqrt2^-1*F^-4*muu*L5 - 16/3*sqrt2^-1
         *F^-4*muu*L4 )

       + phi(3)*phi(6)*phi(mu,3)*phi(mu,6) * (  - 4*F^-4*muu*L5 )

       + phi(3)*phi(7)*phi(mu,1)*phi(mu,5) * (  - 4/3*sqrt2^-1*F^-4*mdd*L5 - 
         16/3*sqrt2^-1*F^-4*mdd*L4 - 16/3*sqrt2^-1*F^-4*muu*L5 - 16/3*sqrt2^-1
         *F^-4*muu*L4 )

       + phi(3)*phi(7)*phi(mu,2)*phi(mu,4) * ( 4/3*sqrt2^-1*F^-4*mdd*L5 + 16/3
         *sqrt2^-1*F^-4*mdd*L4 + 16/3*sqrt2^-1*F^-4*muu*L5 + 16/3*sqrt2^-1*
         F^-4*muu*L4 )

       + phi(3)*phi(7)*phi(mu,3)*phi(mu,7) * (  - 4*F^-4*muu*L5 )

       + phi(3)*phi(8)*phi(mu,1)*phi(mu,4) * ( 16/3*sqrt2^-1*F^-4*mdd*L5 + 16/
         3*sqrt2^-1*F^-4*mdd*L4 + 4/3*sqrt2^-1*F^-4*muu*L5 + 16/3*sqrt2^-1*
         F^-4*muu*L4 )

       + phi(3)*phi(8)*phi(mu,2)*phi(mu,5) * (  - 16/3*sqrt2^-1*F^-4*mdd*L5 - 
         16/3*sqrt2^-1*F^-4*mdd*L4 - 4/3*sqrt2^-1*F^-4*muu*L5 - 16/3*sqrt2^-1*
         F^-4*muu*L4 )

       + phi(3)*phi(8)*phi(mu,3)*phi(mu,8) * (  - 4*F^-4*mdd*L5 )

       + phi(3)*phi(9)*phi(mu,1)*phi(mu,5) * ( 16/3*sqrt2^-1*F^-4*mdd*L5 + 16/
         3*sqrt2^-1*F^-4*mdd*L4 + 4/3*sqrt2^-1*F^-4*muu*L5 + 16/3*sqrt2^-1*
         F^-4*muu*L4 )

       + phi(3)*phi(9)*phi(mu,2)*phi(mu,4) * ( 16/3*sqrt2^-1*F^-4*mdd*L5 + 16/
         3*sqrt2^-1*F^-4*mdd*L4 + 4/3*sqrt2^-1*F^-4*muu*L5 + 16/3*sqrt2^-1*
         F^-4*muu*L4 )

       + phi(3)*phi(9)*phi(mu,3)*phi(mu,9) * (  - 4*F^-4*mdd*L5 )

       + phi(4)^2*phi(mu,1)^2 * (  - 1/2*F^-4*mdd*L5 - 2*F^-4*mdd*L4 - 1/2*
         F^-4*muu*L5 - 2*F^-4*muu*L4 )

       + phi(4)^2*phi(mu,2)^2 * (  - 1/2*F^-4*mdd*L5 - 2*F^-4*mdd*L4 - 1/2*
         F^-4*muu*L5 - 2*F^-4*muu*L4 )

       + phi(4)^2*phi(mu,3)^2 * (  - 5/6*F^-4*mdd*L5 - 10/3*F^-4*mdd*L4 - 5/6*
         F^-4*muu*L5 - 10/3*F^-4*muu*L4 )

       + phi(4)^2*phi(mu,4)^2 * (  - 1/2*F^-4*mdd*L5 - 2*F^-4*mdd*L4 - 1/2*
         F^-4*muu*L5 - 2*F^-4*muu*L4 )

       + phi(4)^2*phi(mu,5)^2 * (  - 5/6*F^-4*mdd*L5 - 10/3*F^-4*mdd*L4 - 5/6*
         F^-4*muu*L5 - 10/3*F^-4*muu*L4 )

       + phi(4)^2*phi(mu,6)^2 * (  - 1/2*F^-4*mdd*L5 - 8/3*F^-4*mdd*L4 - 5/6*
         F^-4*muu*L5 - 8/3*F^-4*muu*L4 )

       + phi(4)^2*phi(mu,6)*phi(mu,8) * ( 1/3*F^-4*mdd*L5 + 4/3*F^-4*mdd*L4 + 
         1/3*F^-4*muu*L5 + 4/3*F^-4*muu*L4 )

       + phi(4)^2*phi(mu,7)^2 * (  - 1/2*F^-4*mdd*L5 - 8/3*F^-4*mdd*L4 - 5/6*
         F^-4*muu*L5 - 8/3*F^-4*muu*L4 )

       + phi(4)^2*phi(mu,7)*phi(mu,9) * (  - 1/3*F^-4*mdd*L5 - 4/3*F^-4*mdd*L4
          - 1/3*F^-4*muu*L5 - 4/3*F^-4*muu*L4 )

       + phi(4)^2*phi(mu,8)^2 * (  - 5/6*F^-4*mdd*L5 - 8/3*F^-4*mdd*L4 - 1/2*
         F^-4*muu*L5 - 8/3*F^-4*muu*L4 )

       + phi(4)^2*phi(mu,9)^2 * (  - 5/6*F^-4*mdd*L5 - 8/3*F^-4*mdd*L4 - 1/2*
         F^-4*muu*L5 - 8/3*F^-4*muu*L4 )

       + phi(4)^4 * ( 1/3*F^-4*mdd^2*L8 + 4/3*F^-4*mdd^2*L6 + 2/3*F^-4*muu*mdd
         *L8 + 8/3*F^-4*muu*mdd*L6 + 1/3*F^-4*muu^2*L8 + 4/3*F^-4*muu^2*L6 )

       + phi(4)^2*phi(5)^2 * ( 2/3*F^-4*mdd^2*L8 + 8/3*F^-4*mdd^2*L6 + 4/3*
         F^-4*muu*mdd*L8 + 16/3*F^-4*muu*mdd*L6 + 2/3*F^-4*muu^2*L8 + 8/3*F^-4
         *muu^2*L6 )

       + phi(4)^2*phi(6)^2 * ( 1/6*F^-4*mdd^2*L8 + 2/3*F^-4*mdd^2*L6 + 7/3*
         F^-4*muu*mdd*L8 + 20/3*F^-4*muu*mdd*L6 + 17/6*F^-4*muu^2*L8 + 6*F^-4*
         muu^2*L6 )

       + phi(4)^2*phi(6)*phi(8) * ( F^-4*mdd^2*L8 + 4/3*F^-4*mdd^2*L6 + 10/3*
         F^-4*muu*mdd*L8 + 8/3*F^-4*muu*mdd*L6 + F^-4*muu^2*L8 + 4/3*F^-4*
         muu^2*L6 )

       + phi(4)^2*phi(7)^2 * ( 1/6*F^-4*mdd^2*L8 + 2/3*F^-4*mdd^2*L6 + 7/3*
         F^-4*muu*mdd*L8 + 20/3*F^-4*muu*mdd*L6 + 17/6*F^-4*muu^2*L8 + 6*F^-4*
         muu^2*L6 )

       + phi(4)^2*phi(7)*phi(9) * (  - F^-4*mdd^2*L8 - 4/3*F^-4*mdd^2*L6 - 10/
         3*F^-4*muu*mdd*L8 - 8/3*F^-4*muu*mdd*L6 - F^-4*muu^2*L8 - 4/3*F^-4*
         muu^2*L6 )

       + phi(4)^2*phi(8)^2 * ( 17/6*F^-4*mdd^2*L8 + 6*F^-4*mdd^2*L6 + 7/3*F^-4
         *muu*mdd*L8 + 20/3*F^-4*muu*mdd*L6 + 1/6*F^-4*muu^2*L8 + 2/3*F^-4*
         muu^2*L6 )

       + phi(4)^2*phi(9)^2 * ( 17/6*F^-4*mdd^2*L8 + 6*F^-4*mdd^2*L6 + 7/3*F^-4
         *muu*mdd*L8 + 20/3*F^-4*muu*mdd*L6 + 1/6*F^-4*muu^2*L8 + 2/3*F^-4*
         muu^2*L6 )

       + phi(4)*phi(5)*phi(mu,4)*phi(mu,5) * ( 2/3*F^-4*mdd*L5 + 8/3*F^-4*mdd*
         L4 + 2/3*F^-4*muu*L5 + 8/3*F^-4*muu*L4 )

       + phi(4)*phi(5)*phi(mu,6)*phi(mu,9) * ( 2/3*F^-4*mdd*L5 + 8/3*F^-4*mdd*
         L4 + 2/3*F^-4*muu*L5 + 8/3*F^-4*muu*L4 )

       + phi(4)*phi(5)*phi(mu,7)*phi(mu,8) * ( 2/3*F^-4*mdd*L5 + 8/3*F^-4*mdd*
         L4 + 2/3*F^-4*muu*L5 + 8/3*F^-4*muu*L4 )

       + phi(4)*phi(5)*phi(6)*phi(9) * ( 2*F^-4*mdd^2*L8 + 8/3*F^-4*mdd^2*L6
          + 20/3*F^-4*muu*mdd*L8 + 16/3*F^-4*muu*mdd*L6 + 2*F^-4*muu^2*L8 + 8/
         3*F^-4*muu^2*L6 )

       + phi(4)*phi(5)*phi(7)*phi(8) * ( 2*F^-4*mdd^2*L8 + 8/3*F^-4*mdd^2*L6
          + 20/3*F^-4*muu*mdd*L8 + 16/3*F^-4*muu*mdd*L6 + 2*F^-4*muu^2*L8 + 8/
         3*F^-4*muu^2*L6 )

       + phi(4)*phi(6)*phi(mu,1)*phi(mu,3) * ( 2/3*sqrt2^-1*F^-4*mdd*L5 + 8/3*
         sqrt2^-1*F^-4*mdd*L4 + 2/3*sqrt2^-1*F^-4*muu*L5 + 8/3*sqrt2^-1*F^-4*
         muu*L4 )

       + phi(4)*phi(6)*phi(mu,4)*phi(mu,6) * (  - 1/3*F^-4*mdd*L5 + 4/3*F^-4*
         mdd*L4 - F^-4*muu*L5 + 4/3*F^-4*muu*L4 )

       + phi(4)*phi(6)*phi(mu,4)*phi(mu,8) * (  - F^-4*mdd*L5 - 4/3*F^-4*mdd*
         L4 - 5/3*F^-4*muu*L5 - 4/3*F^-4*muu*L4 )

       + phi(4)*phi(6)*phi(mu,5)*phi(mu,7) * (  - F^-4*mdd*L5 - 4*F^-4*mdd*L4
          - 3*F^-4*muu*L5 - 4*F^-4*muu*L4 )

       + phi(4)*phi(6)*phi(mu,5)*phi(mu,9) * (  - F^-4*mdd*L5 - 4/3*F^-4*mdd*
         L4 - 5/3*F^-4*muu*L5 - 4/3*F^-4*muu*L4 )

       + phi(4)*phi(7)*phi(mu,2)*phi(mu,3) * (  - 2/3*sqrt2^-1*F^-4*mdd*L5 - 8/
         3*sqrt2^-1*F^-4*mdd*L4 - 2/3*sqrt2^-1*F^-4*muu*L5 - 8/3*sqrt2^-1*F^-4
         *muu*L4 )

       + phi(4)*phi(7)*phi(mu,4)*phi(mu,7) * (  - 1/3*F^-4*mdd*L5 + 4/3*F^-4*
         mdd*L4 - F^-4*muu*L5 + 4/3*F^-4*muu*L4 )

       + phi(4)*phi(7)*phi(mu,4)*phi(mu,9) * ( F^-4*mdd*L5 + 4/3*F^-4*mdd*L4
          + 5/3*F^-4*muu*L5 + 4/3*F^-4*muu*L4 )

       + phi(4)*phi(7)*phi(mu,5)*phi(mu,6) * ( F^-4*mdd*L5 + 4*F^-4*mdd*L4 + 3
         *F^-4*muu*L5 + 4*F^-4*muu*L4 )

       + phi(4)*phi(7)*phi(mu,5)*phi(mu,8) * (  - F^-4*mdd*L5 - 4/3*F^-4*mdd*
         L4 - 5/3*F^-4*muu*L5 - 4/3*F^-4*muu*L4 )

       + phi(4)*phi(8)*phi(mu,1)*phi(mu,3) * (  - 2/3*sqrt2^-1*F^-4*mdd*L5 - 8/
         3*sqrt2^-1*F^-4*mdd*L4 - 2/3*sqrt2^-1*F^-4*muu*L5 - 8/3*sqrt2^-1*F^-4
         *muu*L4 )

       + phi(4)*phi(8)*phi(mu,4)*phi(mu,6) * (  - 5/3*F^-4*mdd*L5 - 4/3*F^-4*
         mdd*L4 - F^-4*muu*L5 - 4/3*F^-4*muu*L4 )

       + phi(4)*phi(8)*phi(mu,4)*phi(mu,8) * (  - F^-4*mdd*L5 + 4/3*F^-4*mdd*
         L4 - 1/3*F^-4*muu*L5 + 4/3*F^-4*muu*L4 )

       + phi(4)*phi(8)*phi(mu,5)*phi(mu,7) * (  - 5/3*F^-4*mdd*L5 - 4/3*F^-4*
         mdd*L4 - F^-4*muu*L5 - 4/3*F^-4*muu*L4 )

       + phi(4)*phi(8)*phi(mu,5)*phi(mu,9) * (  - 3*F^-4*mdd*L5 - 4*F^-4*mdd*
         L4 - F^-4*muu*L5 - 4*F^-4*muu*L4 )

       + phi(4)*phi(9)*phi(mu,2)*phi(mu,3) * (  - 2/3*sqrt2^-1*F^-4*mdd*L5 - 8/
         3*sqrt2^-1*F^-4*mdd*L4 - 2/3*sqrt2^-1*F^-4*muu*L5 - 8/3*sqrt2^-1*F^-4
         *muu*L4 )

       + phi(4)*phi(9)*phi(mu,4)*phi(mu,7) * ( 5/3*F^-4*mdd*L5 + 4/3*F^-4*mdd*
         L4 + F^-4*muu*L5 + 4/3*F^-4*muu*L4 )

       + phi(4)*phi(9)*phi(mu,4)*phi(mu,9) * (  - F^-4*mdd*L5 + 4/3*F^-4*mdd*
         L4 - 1/3*F^-4*muu*L5 + 4/3*F^-4*muu*L4 )

       + phi(4)*phi(9)*phi(mu,5)*phi(mu,6) * (  - 5/3*F^-4*mdd*L5 - 4/3*F^-4*
         mdd*L4 - F^-4*muu*L5 - 4/3*F^-4*muu*L4 )

       + phi(4)*phi(9)*phi(mu,5)*phi(mu,8) * ( 3*F^-4*mdd*L5 + 4*F^-4*mdd*L4
          + F^-4*muu*L5 + 4*F^-4*muu*L4 )

       + phi(5)^2*phi(mu,1)^2 * (  - 1/2*F^-4*mdd*L5 - 2*F^-4*mdd*L4 - 1/2*
         F^-4*muu*L5 - 2*F^-4*muu*L4 )

       + phi(5)^2*phi(mu,2)^2 * (  - 1/2*F^-4*mdd*L5 - 2*F^-4*mdd*L4 - 1/2*
         F^-4*muu*L5 - 2*F^-4*muu*L4 )

       + phi(5)^2*phi(mu,3)^2 * (  - 5/6*F^-4*mdd*L5 - 10/3*F^-4*mdd*L4 - 5/6*
         F^-4*muu*L5 - 10/3*F^-4*muu*L4 )

       + phi(5)^2*phi(mu,4)^2 * (  - 5/6*F^-4*mdd*L5 - 10/3*F^-4*mdd*L4 - 5/6*
         F^-4*muu*L5 - 10/3*F^-4*muu*L4 )

       + phi(5)^2*phi(mu,5)^2 * (  - 1/2*F^-4*mdd*L5 - 2*F^-4*mdd*L4 - 1/2*
         F^-4*muu*L5 - 2*F^-4*muu*L4 )

       + phi(5)^2*phi(mu,6)^2 * (  - 1/2*F^-4*mdd*L5 - 8/3*F^-4*mdd*L4 - 5/6*
         F^-4*muu*L5 - 8/3*F^-4*muu*L4 )

       + phi(5)^2*phi(mu,6)*phi(mu,8) * (  - 1/3*F^-4*mdd*L5 - 4/3*F^-4*mdd*L4
          - 1/3*F^-4*muu*L5 - 4/3*F^-4*muu*L4 )

       + phi(5)^2*phi(mu,7)^2 * (  - 1/2*F^-4*mdd*L5 - 8/3*F^-4*mdd*L4 - 5/6*
         F^-4*muu*L5 - 8/3*F^-4*muu*L4 )

       + phi(5)^2*phi(mu,7)*phi(mu,9) * ( 1/3*F^-4*mdd*L5 + 4/3*F^-4*mdd*L4 + 
         1/3*F^-4*muu*L5 + 4/3*F^-4*muu*L4 )

       + phi(5)^2*phi(mu,8)^2 * (  - 5/6*F^-4*mdd*L5 - 8/3*F^-4*mdd*L4 - 1/2*
         F^-4*muu*L5 - 8/3*F^-4*muu*L4 )

       + phi(5)^2*phi(mu,9)^2 * (  - 5/6*F^-4*mdd*L5 - 8/3*F^-4*mdd*L4 - 1/2*
         F^-4*muu*L5 - 8/3*F^-4*muu*L4 )

       + phi(5)^4 * ( 1/3*F^-4*mdd^2*L8 + 4/3*F^-4*mdd^2*L6 + 2/3*F^-4*muu*mdd
         *L8 + 8/3*F^-4*muu*mdd*L6 + 1/3*F^-4*muu^2*L8 + 4/3*F^-4*muu^2*L6 )

       + phi(5)^2*phi(6)^2 * ( 1/6*F^-4*mdd^2*L8 + 2/3*F^-4*mdd^2*L6 + 7/3*
         F^-4*muu*mdd*L8 + 20/3*F^-4*muu*mdd*L6 + 17/6*F^-4*muu^2*L8 + 6*F^-4*
         muu^2*L6 )

       + phi(5)^2*phi(6)*phi(8) * (  - F^-4*mdd^2*L8 - 4/3*F^-4*mdd^2*L6 - 10/
         3*F^-4*muu*mdd*L8 - 8/3*F^-4*muu*mdd*L6 - F^-4*muu^2*L8 - 4/3*F^-4*
         muu^2*L6 )

       + phi(5)^2*phi(7)^2 * ( 1/6*F^-4*mdd^2*L8 + 2/3*F^-4*mdd^2*L6 + 7/3*
         F^-4*muu*mdd*L8 + 20/3*F^-4*muu*mdd*L6 + 17/6*F^-4*muu^2*L8 + 6*F^-4*
         muu^2*L6 )

       + phi(5)^2*phi(7)*phi(9) * ( F^-4*mdd^2*L8 + 4/3*F^-4*mdd^2*L6 + 10/3*
         F^-4*muu*mdd*L8 + 8/3*F^-4*muu*mdd*L6 + F^-4*muu^2*L8 + 4/3*F^-4*
         muu^2*L6 )

       + phi(5)^2*phi(8)^2 * ( 17/6*F^-4*mdd^2*L8 + 6*F^-4*mdd^2*L6 + 7/3*F^-4
         *muu*mdd*L8 + 20/3*F^-4*muu*mdd*L6 + 1/6*F^-4*muu^2*L8 + 2/3*F^-4*
         muu^2*L6 )

       + phi(5)^2*phi(9)^2 * ( 17/6*F^-4*mdd^2*L8 + 6*F^-4*mdd^2*L6 + 7/3*F^-4
         *muu*mdd*L8 + 20/3*F^-4*muu*mdd*L6 + 1/6*F^-4*muu^2*L8 + 2/3*F^-4*
         muu^2*L6 )

       + phi(5)*phi(6)*phi(mu,2)*phi(mu,3) * ( 2/3*sqrt2^-1*F^-4*mdd*L5 + 8/3*
         sqrt2^-1*F^-4*mdd*L4 + 2/3*sqrt2^-1*F^-4*muu*L5 + 8/3*sqrt2^-1*F^-4*
         muu*L4 )

       + phi(5)*phi(6)*phi(mu,4)*phi(mu,7) * ( F^-4*mdd*L5 + 4*F^-4*mdd*L4 + 3
         *F^-4*muu*L5 + 4*F^-4*muu*L4 )

       + phi(5)*phi(6)*phi(mu,4)*phi(mu,9) * (  - F^-4*mdd*L5 - 4/3*F^-4*mdd*
         L4 - 5/3*F^-4*muu*L5 - 4/3*F^-4*muu*L4 )

       + phi(5)*phi(6)*phi(mu,5)*phi(mu,6) * (  - 1/3*F^-4*mdd*L5 + 4/3*F^-4*
         mdd*L4 - F^-4*muu*L5 + 4/3*F^-4*muu*L4 )

       + phi(5)*phi(6)*phi(mu,5)*phi(mu,8) * ( F^-4*mdd*L5 + 4/3*F^-4*mdd*L4
          + 5/3*F^-4*muu*L5 + 4/3*F^-4*muu*L4 )

       + phi(5)*phi(7)*phi(mu,1)*phi(mu,3) * ( 2/3*sqrt2^-1*F^-4*mdd*L5 + 8/3*
         sqrt2^-1*F^-4*mdd*L4 + 2/3*sqrt2^-1*F^-4*muu*L5 + 8/3*sqrt2^-1*F^-4*
         muu*L4 )

       + phi(5)*phi(7)*phi(mu,4)*phi(mu,6) * (  - F^-4*mdd*L5 - 4*F^-4*mdd*L4
          - 3*F^-4*muu*L5 - 4*F^-4*muu*L4 )

       + phi(5)*phi(7)*phi(mu,4)*phi(mu,8) * (  - F^-4*mdd*L5 - 4/3*F^-4*mdd*
         L4 - 5/3*F^-4*muu*L5 - 4/3*F^-4*muu*L4 )

       + phi(5)*phi(7)*phi(mu,5)*phi(mu,7) * (  - 1/3*F^-4*mdd*L5 + 4/3*F^-4*
         mdd*L4 - F^-4*muu*L5 + 4/3*F^-4*muu*L4 )

       + phi(5)*phi(7)*phi(mu,5)*phi(mu,9) * (  - F^-4*mdd*L5 - 4/3*F^-4*mdd*
         L4 - 5/3*F^-4*muu*L5 - 4/3*F^-4*muu*L4 )

       + phi(5)*phi(8)*phi(mu,2)*phi(mu,3) * ( 2/3*sqrt2^-1*F^-4*mdd*L5 + 8/3*
         sqrt2^-1*F^-4*mdd*L4 + 2/3*sqrt2^-1*F^-4*muu*L5 + 8/3*sqrt2^-1*F^-4*
         muu*L4 )

       + phi(5)*phi(8)*phi(mu,4)*phi(mu,7) * (  - 5/3*F^-4*mdd*L5 - 4/3*F^-4*
         mdd*L4 - F^-4*muu*L5 - 4/3*F^-4*muu*L4 )

       + phi(5)*phi(8)*phi(mu,4)*phi(mu,9) * ( 3*F^-4*mdd*L5 + 4*F^-4*mdd*L4
          + F^-4*muu*L5 + 4*F^-4*muu*L4 )

       + phi(5)*phi(8)*phi(mu,5)*phi(mu,6) * ( 5/3*F^-4*mdd*L5 + 4/3*F^-4*mdd*
         L4 + F^-4*muu*L5 + 4/3*F^-4*muu*L4 )

       + phi(5)*phi(8)*phi(mu,5)*phi(mu,8) * (  - F^-4*mdd*L5 + 4/3*F^-4*mdd*
         L4 - 1/3*F^-4*muu*L5 + 4/3*F^-4*muu*L4 )

       + phi(5)*phi(9)*phi(mu,1)*phi(mu,3) * (  - 2/3*sqrt2^-1*F^-4*mdd*L5 - 8/
         3*sqrt2^-1*F^-4*mdd*L4 - 2/3*sqrt2^-1*F^-4*muu*L5 - 8/3*sqrt2^-1*F^-4
         *muu*L4 )

       + phi(5)*phi(9)*phi(mu,4)*phi(mu,6) * (  - 5/3*F^-4*mdd*L5 - 4/3*F^-4*
         mdd*L4 - F^-4*muu*L5 - 4/3*F^-4*muu*L4 )

       + phi(5)*phi(9)*phi(mu,4)*phi(mu,8) * (  - 3*F^-4*mdd*L5 - 4*F^-4*mdd*
         L4 - F^-4*muu*L5 - 4*F^-4*muu*L4 )

       + phi(5)*phi(9)*phi(mu,5)*phi(mu,7) * (  - 5/3*F^-4*mdd*L5 - 4/3*F^-4*
         mdd*L4 - F^-4*muu*L5 - 4/3*F^-4*muu*L4 )

       + phi(5)*phi(9)*phi(mu,5)*phi(mu,9) * (  - F^-4*mdd*L5 + 4/3*F^-4*mdd*
         L4 - 1/3*F^-4*muu*L5 + 4/3*F^-4*muu*L4 )

       + phi(6)^2*phi(mu,1)^2 * (  - 1/6*F^-4*mdd*L5 - 2/3*F^-4*mdd*L4 - 7/6*
         F^-4*muu*L5 - 14/3*F^-4*muu*L4 )

       + phi(6)^2*phi(mu,2)^2 * (  - 1/6*F^-4*mdd*L5 - 2/3*F^-4*mdd*L4 - 7/6*
         F^-4*muu*L5 - 14/3*F^-4*muu*L4 )

       + phi(6)^2*phi(mu,3)^2 * (  - F^-4*muu*L5 - 4*F^-4*muu*L4 )

       + phi(6)^2*phi(mu,4)^2 * (  - 1/6*F^-4*mdd*L5 - 2/3*F^-4*mdd*L4 - 7/6*
         F^-4*muu*L5 - 14/3*F^-4*muu*L4 )

       + phi(6)^2*phi(mu,5)^2 * (  - 1/6*F^-4*mdd*L5 - 2/3*F^-4*mdd*L4 - 7/6*
         F^-4*muu*L5 - 14/3*F^-4*muu*L4 )

       + phi(6)^2*phi(mu,6)^2 * (  - 2*F^-4*muu*L5 - 4*F^-4*muu*L4 )

       + phi(6)^2*phi(mu,7)^2 * (  - 8/3*F^-4*mdd*L4 - 10/3*F^-4*muu*L5 - 20/3
         *F^-4*muu*L4 )

       + phi(6)^2*phi(mu,8)^2 * (  - 4*F^-4*muu*L4 )

       + phi(6)^2*phi(mu,9)^2 * (  - 4*F^-4*muu*L4 )

       + phi(6)^4 * ( 4/3*F^-4*muu*mdd*L6 + 8/3*F^-4*muu^2*L8 + 16/3*F^-4*
         muu^2*L6 )

       + phi(6)^2*phi(7)^2 * ( 8/3*F^-4*muu*mdd*L6 + 16/3*F^-4*muu^2*L8 + 32/3
         *F^-4*muu^2*L6 )

       + phi(6)^2*phi(8)^2 * ( 8*F^-4*muu*mdd*L6 )

       + phi(6)^2*phi(9)^2 * ( 8*F^-4*muu*mdd*L6 )

       + phi(6)*phi(7)*phi(mu,6)*phi(mu,7) * ( 16/3*F^-4*mdd*L4 + 8/3*F^-4*muu
         *L5 + 16/3*F^-4*muu*L4 )

       + phi(6)*phi(8)*phi(mu,1)^2 * ( 1/3*F^-4*mdd*L5 + 4/3*F^-4*mdd*L4 + 1/3
         *F^-4*muu*L5 + 4/3*F^-4*muu*L4 )

       + phi(6)*phi(8)*phi(mu,2)^2 * (  - 1/3*F^-4*mdd*L5 - 4/3*F^-4*mdd*L4 - 
         1/3*F^-4*muu*L5 - 4/3*F^-4*muu*L4 )

       + phi(6)*phi(8)*phi(mu,4)^2 * ( 1/3*F^-4*mdd*L5 + 4/3*F^-4*mdd*L4 + 1/3
         *F^-4*muu*L5 + 4/3*F^-4*muu*L4 )

       + phi(6)*phi(8)*phi(mu,5)^2 * (  - 1/3*F^-4*mdd*L5 - 4/3*F^-4*mdd*L4 - 
         1/3*F^-4*muu*L5 - 4/3*F^-4*muu*L4 )

       + phi(6)*phi(9)*phi(mu,1)*phi(mu,2) * ( 2/3*F^-4*mdd*L5 + 8/3*F^-4*mdd*
         L4 + 2/3*F^-4*muu*L5 + 8/3*F^-4*muu*L4 )

       + phi(6)*phi(9)*phi(mu,4)*phi(mu,5) * ( 2/3*F^-4*mdd*L5 + 8/3*F^-4*mdd*
         L4 + 2/3*F^-4*muu*L5 + 8/3*F^-4*muu*L4 )

       + phi(7)^2*phi(mu,1)^2 * (  - 1/6*F^-4*mdd*L5 - 2/3*F^-4*mdd*L4 - 7/6*
         F^-4*muu*L5 - 14/3*F^-4*muu*L4 )

       + phi(7)^2*phi(mu,2)^2 * (  - 1/6*F^-4*mdd*L5 - 2/3*F^-4*mdd*L4 - 7/6*
         F^-4*muu*L5 - 14/3*F^-4*muu*L4 )

       + phi(7)^2*phi(mu,3)^2 * (  - F^-4*muu*L5 - 4*F^-4*muu*L4 )

       + phi(7)^2*phi(mu,4)^2 * (  - 1/6*F^-4*mdd*L5 - 2/3*F^-4*mdd*L4 - 7/6*
         F^-4*muu*L5 - 14/3*F^-4*muu*L4 )

       + phi(7)^2*phi(mu,5)^2 * (  - 1/6*F^-4*mdd*L5 - 2/3*F^-4*mdd*L4 - 7/6*
         F^-4*muu*L5 - 14/3*F^-4*muu*L4 )

       + phi(7)^2*phi(mu,6)^2 * (  - 8/3*F^-4*mdd*L4 - 10/3*F^-4*muu*L5 - 20/3
         *F^-4*muu*L4 )

       + phi(7)^2*phi(mu,7)^2 * (  - 2*F^-4*muu*L5 - 4*F^-4*muu*L4 )

       + phi(7)^2*phi(mu,8)^2 * (  - 4*F^-4*muu*L4 )

       + phi(7)^2*phi(mu,9)^2 * (  - 4*F^-4*muu*L4 )

       + phi(7)^4 * ( 4/3*F^-4*muu*mdd*L6 + 8/3*F^-4*muu^2*L8 + 16/3*F^-4*
         muu^2*L6 )

       + phi(7)^2*phi(8)^2 * ( 8*F^-4*muu*mdd*L6 )

       + phi(7)^2*phi(9)^2 * ( 8*F^-4*muu*mdd*L6 )

       + phi(7)*phi(8)*phi(mu,1)*phi(mu,2) * (  - 2/3*F^-4*mdd*L5 - 8/3*F^-4*
         mdd*L4 - 2/3*F^-4*muu*L5 - 8/3*F^-4*muu*L4 )

       + phi(7)*phi(8)*phi(mu,4)*phi(mu,5) * ( 2/3*F^-4*mdd*L5 + 8/3*F^-4*mdd*
         L4 + 2/3*F^-4*muu*L5 + 8/3*F^-4*muu*L4 )

       + phi(7)*phi(9)*phi(mu,1)^2 * ( 1/3*F^-4*mdd*L5 + 4/3*F^-4*mdd*L4 + 1/3
         *F^-4*muu*L5 + 4/3*F^-4*muu*L4 )

       + phi(7)*phi(9)*phi(mu,2)^2 * (  - 1/3*F^-4*mdd*L5 - 4/3*F^-4*mdd*L4 - 
         1/3*F^-4*muu*L5 - 4/3*F^-4*muu*L4 )

       + phi(7)*phi(9)*phi(mu,4)^2 * (  - 1/3*F^-4*mdd*L5 - 4/3*F^-4*mdd*L4 - 
         1/3*F^-4*muu*L5 - 4/3*F^-4*muu*L4 )

       + phi(7)*phi(9)*phi(mu,5)^2 * ( 1/3*F^-4*mdd*L5 + 4/3*F^-4*mdd*L4 + 1/3
         *F^-4*muu*L5 + 4/3*F^-4*muu*L4 )

       + phi(8)^2*phi(mu,1)^2 * (  - 7/6*F^-4*mdd*L5 - 14/3*F^-4*mdd*L4 - 1/6*
         F^-4*muu*L5 - 2/3*F^-4*muu*L4 )

       + phi(8)^2*phi(mu,2)^2 * (  - 7/6*F^-4*mdd*L5 - 14/3*F^-4*mdd*L4 - 1/6*
         F^-4*muu*L5 - 2/3*F^-4*muu*L4 )

       + phi(8)^2*phi(mu,3)^2 * (  - F^-4*mdd*L5 - 4*F^-4*mdd*L4 )

       + phi(8)^2*phi(mu,4)^2 * (  - 7/6*F^-4*mdd*L5 - 14/3*F^-4*mdd*L4 - 1/6*
         F^-4*muu*L5 - 2/3*F^-4*muu*L4 )

       + phi(8)^2*phi(mu,5)^2 * (  - 7/6*F^-4*mdd*L5 - 14/3*F^-4*mdd*L4 - 1/6*
         F^-4*muu*L5 - 2/3*F^-4*muu*L4 )

       + phi(8)^2*phi(mu,6)^2 * (  - 4*F^-4*mdd*L4 )

       + phi(8)^2*phi(mu,7)^2 * (  - 4*F^-4*mdd*L4 )

       + phi(8)^2*phi(mu,8)^2 * (  - 2*F^-4*mdd*L5 - 4*F^-4*mdd*L4 )

       + phi(8)^2*phi(mu,9)^2 * (  - 10/3*F^-4*mdd*L5 - 20/3*F^-4*mdd*L4 - 8/3
         *F^-4*muu*L4 )

       + phi(8)^4 * ( 8/3*F^-4*mdd^2*L8 + 16/3*F^-4*mdd^2*L6 + 4/3*F^-4*muu*
         mdd*L6 )

       + phi(8)^2*phi(9)^2 * ( 16/3*F^-4*mdd^2*L8 + 32/3*F^-4*mdd^2*L6 + 8/3*
         F^-4*muu*mdd*L6 )

       + phi(8)*phi(9)*phi(mu,8)*phi(mu,9) * ( 8/3*F^-4*mdd*L5 + 16/3*F^-4*mdd
         *L4 + 16/3*F^-4*muu*L4 )

       + phi(9)^2*phi(mu,1)^2 * (  - 7/6*F^-4*mdd*L5 - 14/3*F^-4*mdd*L4 - 1/6*
         F^-4*muu*L5 - 2/3*F^-4*muu*L4 )

       + phi(9)^2*phi(mu,2)^2 * (  - 7/6*F^-4*mdd*L5 - 14/3*F^-4*mdd*L4 - 1/6*
         F^-4*muu*L5 - 2/3*F^-4*muu*L4 )

       + phi(9)^2*phi(mu,3)^2 * (  - F^-4*mdd*L5 - 4*F^-4*mdd*L4 )

       + phi(9)^2*phi(mu,4)^2 * (  - 7/6*F^-4*mdd*L5 - 14/3*F^-4*mdd*L4 - 1/6*
         F^-4*muu*L5 - 2/3*F^-4*muu*L4 )

       + phi(9)^2*phi(mu,5)^2 * (  - 7/6*F^-4*mdd*L5 - 14/3*F^-4*mdd*L4 - 1/6*
         F^-4*muu*L5 - 2/3*F^-4*muu*L4 )

       + phi(9)^2*phi(mu,6)^2 * (  - 4*F^-4*mdd*L4 )

       + phi(9)^2*phi(mu,7)^2 * (  - 4*F^-4*mdd*L4 )

       + phi(9)^2*phi(mu,8)^2 * (  - 10/3*F^-4*mdd*L5 - 20/3*F^-4*mdd*L4 - 8/3
         *F^-4*muu*L4 )

       + phi(9)^2*phi(mu,9)^2 * (  - 2*F^-4*mdd*L5 - 4*F^-4*mdd*L4 )

       + phi(9)^4 * ( 8/3*F^-4*mdd^2*L8 + 16/3*F^-4*mdd^2*L6 + 4/3*F^-4*muu*
         mdd*L6 );

    save Saved_Lagrangians/vertex`VERTEX'`SX4'.sav vertex`VERTEX'`SX4';
    .end
  0.01 sec + 0.19 sec: 0.20 sec out of 0.04 sec
